Archive member included because of file (symbol)

/afs/inf.ed.ac.uk/user/s11/s1119414/SLIP/gcc-arm-none-eabi-4_8-2014q2/bin/../lib/gcc/arm-none-eabi/4.8.4/../../../../arm-none-eabi/lib/armv6-m/libc.a(lib_a-exit.o)
                              /afs/inf.ed.ac.uk/user/s11/s1119414/SLIP/gcc-arm-none-eabi-4_8-2014q2/bin/../lib/gcc/arm-none-eabi/4.8.4/../../../../arm-none-eabi/lib/armv6-m/crt0.o (exit)
/afs/inf.ed.ac.uk/user/s11/s1119414/SLIP/gcc-arm-none-eabi-4_8-2014q2/bin/../lib/gcc/arm-none-eabi/4.8.4/../../../../arm-none-eabi/lib/armv6-m/libc.a(lib_a-impure.o)
                              /afs/inf.ed.ac.uk/user/s11/s1119414/SLIP/gcc-arm-none-eabi-4_8-2014q2/bin/../lib/gcc/arm-none-eabi/4.8.4/../../../../arm-none-eabi/lib/armv6-m/libc.a(lib_a-exit.o) (_global_impure_ptr)
/afs/inf.ed.ac.uk/user/s11/s1119414/SLIP/gcc-arm-none-eabi-4_8-2014q2/bin/../lib/gcc/arm-none-eabi/4.8.4/../../../../arm-none-eabi/lib/armv6-m/libc.a(lib_a-init.o)
                              /afs/inf.ed.ac.uk/user/s11/s1119414/SLIP/gcc-arm-none-eabi-4_8-2014q2/bin/../lib/gcc/arm-none-eabi/4.8.4/../../../../arm-none-eabi/lib/armv6-m/crt0.o (__libc_init_array)
/afs/inf.ed.ac.uk/user/s11/s1119414/SLIP/gcc-arm-none-eabi-4_8-2014q2/bin/../lib/gcc/arm-none-eabi/4.8.4/../../../../arm-none-eabi/lib/armv6-m/libc.a(lib_a-memset.o)
                              /afs/inf.ed.ac.uk/user/s11/s1119414/SLIP/gcc-arm-none-eabi-4_8-2014q2/bin/../lib/gcc/arm-none-eabi/4.8.4/../../../../arm-none-eabi/lib/armv6-m/crt0.o (memset)
/afs/inf.ed.ac.uk/user/s11/s1119414/SLIP/gcc-arm-none-eabi-4_8-2014q2/bin/../lib/gcc/arm-none-eabi/4.8.4/../../../../arm-none-eabi/lib/armv6-m/libc.a(lib_a-sprintf.o)
                              _build/main.o (sprintf)
/afs/inf.ed.ac.uk/user/s11/s1119414/SLIP/gcc-arm-none-eabi-4_8-2014q2/bin/../lib/gcc/arm-none-eabi/4.8.4/../../../../arm-none-eabi/lib/armv6-m/libc.a(lib_a-svfprintf.o)
                              /afs/inf.ed.ac.uk/user/s11/s1119414/SLIP/gcc-arm-none-eabi-4_8-2014q2/bin/../lib/gcc/arm-none-eabi/4.8.4/../../../../arm-none-eabi/lib/armv6-m/libc.a(lib_a-sprintf.o) (_svfprintf_r)
/afs/inf.ed.ac.uk/user/s11/s1119414/SLIP/gcc-arm-none-eabi-4_8-2014q2/bin/../lib/gcc/arm-none-eabi/4.8.4/../../../../arm-none-eabi/lib/armv6-m/libc.a(lib_a-__call_atexit.o)
                              /afs/inf.ed.ac.uk/user/s11/s1119414/SLIP/gcc-arm-none-eabi-4_8-2014q2/bin/../lib/gcc/arm-none-eabi/4.8.4/../../../../arm-none-eabi/lib/armv6-m/libc.a(lib_a-exit.o) (__call_exitprocs)
/afs/inf.ed.ac.uk/user/s11/s1119414/SLIP/gcc-arm-none-eabi-4_8-2014q2/bin/../lib/gcc/arm-none-eabi/4.8.4/../../../../arm-none-eabi/lib/armv6-m/libc.a(lib_a-atexit.o)
                              /afs/inf.ed.ac.uk/user/s11/s1119414/SLIP/gcc-arm-none-eabi-4_8-2014q2/bin/../lib/gcc/arm-none-eabi/4.8.4/../../../../arm-none-eabi/lib/armv6-m/libc.a(lib_a-__call_atexit.o) (atexit)
/afs/inf.ed.ac.uk/user/s11/s1119414/SLIP/gcc-arm-none-eabi-4_8-2014q2/bin/../lib/gcc/arm-none-eabi/4.8.4/../../../../arm-none-eabi/lib/armv6-m/libc.a(lib_a-dtoa.o)
                              /afs/inf.ed.ac.uk/user/s11/s1119414/SLIP/gcc-arm-none-eabi-4_8-2014q2/bin/../lib/gcc/arm-none-eabi/4.8.4/../../../../arm-none-eabi/lib/armv6-m/libc.a(lib_a-svfprintf.o) (_dtoa_r)
/afs/inf.ed.ac.uk/user/s11/s1119414/SLIP/gcc-arm-none-eabi-4_8-2014q2/bin/../lib/gcc/arm-none-eabi/4.8.4/../../../../arm-none-eabi/lib/armv6-m/libc.a(lib_a-fini.o)
                              /afs/inf.ed.ac.uk/user/s11/s1119414/SLIP/gcc-arm-none-eabi-4_8-2014q2/bin/../lib/gcc/arm-none-eabi/4.8.4/../../../../arm-none-eabi/lib/armv6-m/libc.a(lib_a-__call_atexit.o) (__libc_fini_array)
/afs/inf.ed.ac.uk/user/s11/s1119414/SLIP/gcc-arm-none-eabi-4_8-2014q2/bin/../lib/gcc/arm-none-eabi/4.8.4/../../../../arm-none-eabi/lib/armv6-m/libc.a(lib_a-locale.o)
                              /afs/inf.ed.ac.uk/user/s11/s1119414/SLIP/gcc-arm-none-eabi-4_8-2014q2/bin/../lib/gcc/arm-none-eabi/4.8.4/../../../../arm-none-eabi/lib/armv6-m/libc.a(lib_a-svfprintf.o) (_localeconv_r)
/afs/inf.ed.ac.uk/user/s11/s1119414/SLIP/gcc-arm-none-eabi-4_8-2014q2/bin/../lib/gcc/arm-none-eabi/4.8.4/../../../../arm-none-eabi/lib/armv6-m/libc.a(lib_a-mallocr.o)
                              /afs/inf.ed.ac.uk/user/s11/s1119414/SLIP/gcc-arm-none-eabi-4_8-2014q2/bin/../lib/gcc/arm-none-eabi/4.8.4/../../../../arm-none-eabi/lib/armv6-m/libc.a(lib_a-svfprintf.o) (_malloc_r)
/afs/inf.ed.ac.uk/user/s11/s1119414/SLIP/gcc-arm-none-eabi-4_8-2014q2/bin/../lib/gcc/arm-none-eabi/4.8.4/../../../../arm-none-eabi/lib/armv6-m/libc.a(lib_a-memchr-stub.o)
                              /afs/inf.ed.ac.uk/user/s11/s1119414/SLIP/gcc-arm-none-eabi-4_8-2014q2/bin/../lib/gcc/arm-none-eabi/4.8.4/../../../../arm-none-eabi/lib/armv6-m/libc.a(lib_a-svfprintf.o) (memchr)
/afs/inf.ed.ac.uk/user/s11/s1119414/SLIP/gcc-arm-none-eabi-4_8-2014q2/bin/../lib/gcc/arm-none-eabi/4.8.4/../../../../arm-none-eabi/lib/armv6-m/libc.a(lib_a-memcpy-stub.o)
[...]
Memory Configuration

Name             Origin             Length             Attributes
FLASH            0x00000000         0x00040000         xr
RAM              0x20000000         0x00004000         xrw
*default*        0x00000000         0xffffffff

Linker script and memory map

LOAD /afs/inf.ed.ac.uk/user/s11/s1119414/SLIP/gcc-arm-none-eabi-4_8-2014q2/bin/../lib/gcc/arm-none-eabi/4.8.4/armv6-m/crti.o
LOAD /afs/inf.ed.ac.uk/user/s11/s1119414/SLIP/gcc-arm-none-eabi-4_8-2014q2/bin/../lib/gcc/arm-none-eabi/4.8.4/armv6-m/crtbegin.o
LOAD /afs/inf.ed.ac.uk/user/s11/s1119414/SLIP/gcc-arm-none-eabi-4_8-2014q2/bin/../lib/gcc/arm-none-eabi/4.8.4/../../../../arm-none-eabi/lib/armv6-m/crt0.o
LOAD _build/startup_nrf51.os
LOAD _build/system_nrf51.o
LOAD _build/libjanek.o
LOAD _build/main.o
LOAD _build/nrf_delay.o
LOAD _build/simple_uart.o
LOAD _build/twi_sw_master.o
START GROUP
LOAD /afs/inf.ed.ac.uk/user/s11/s1119414/SLIP/gcc-arm-none-eabi-4_8-2014q2/bin/../lib/gcc/arm-none-eabi/4.8.4/armv6-m/libgcc.a
LOAD /afs/inf.ed.ac.uk/user/s11/s1119414/SLIP/gcc-arm-none-eabi-4_8-2014q2/bin/../lib/gcc/arm-none-eabi/4.8.4/../../../../arm-none-eabi/lib/armv6-m/libc.a
END GROUP
LOAD /afs/inf.ed.ac.uk/user/s11/s1119414/SLIP/gcc-arm-none-eabi-4_8-2014q2/bin/../lib/gcc/arm-none-eabi/4.8.4/armv6-m/crtend.o
LOAD /afs/inf.ed.ac.uk/user/s11/s1119414/SLIP/gcc-arm-none-eabi-4_8-2014q2/bin/../lib/gcc/arm-none-eabi/4.8.4/armv6-m/crtn.o
START GROUP
LOAD /afs/inf.ed.ac.uk/user/s11/s1119414/SLIP/gcc-arm-none-eabi-4_8-2014q2/bin/../lib/gcc/arm-none-eabi/4.8.4/armv6-m/libgcc.a
LOAD /afs/inf.ed.ac.uk/user/s11/s1119414/SLIP/gcc-arm-none-eabi-4_8-2014q2/bin/../lib/gcc/arm-none-eabi/4.8.4/../../../../arm-none-eabi/lib/armv6-m/libc.a
LOAD /afs/inf.ed.ac.uk/user/s11/s1119414/SLIP/gcc-arm-none-eabi-4_8-2014q2/bin/../lib/gcc/arm-none-eabi/4.8.4/../../../../arm-none-eabi/lib/armv6-m/libm.a
LOAD /afs/inf.ed.ac.uk/user/s11/s1119414/SLIP/gcc-arm-none-eabi-4_8-2014q2/bin/../lib/gcc/arm-none-eabi/4.8.4/../../../../arm-none-eabi/lib/armv6-m/libnosys.a
END GROUP

.text           0x00000000     0x826c
 *(.isr_vector)
 .isr_vector    0x00000000       0xc0 _build/startup_nrf51.os
                0x00000000                __Vectors
 *(.text*)
 .text          0x000000c0        0x0 /afs/inf.ed.ac.uk/user/s11/s1119414/SLIP/gcc-arm-none-eabi-4_8-2014q2/bin/../lib/gcc/arm-none-eabi/4.8.4/armv6-m/crti.o
 .text          0x000000c0       0x60 /afs/inf.ed.ac.uk/user/s11/s1119414/SLIP/gcc-arm-none-eabi-4_8-2014q2/bin/../lib/gcc/arm-none-eabi/4.8.4/armv6-m/crtbegin.o
 .text          0x00000120       0x78 /afs/inf.ed.ac.uk/user/s11/s1119414/SLIP/gcc-arm-none-eabi-4_8-2014q2/bin/../lib/gcc/arm-none-eabi/4.8.4/../../../../arm-none-eabi/lib/armv6-m/crt0.o
                0x00000120                _mainCRTStartup
                0x00000120                _start
 .text          0x00000198       0x7c _build/startup_nrf51.os
                0x00000198                Reset_Handler
                0x000001d8                NMI_Handler
                0x000001da                HardFault_Handler
                0x000001dc                SVC_Handler
                0x000001de                PendSV_Handler
                0x000001e0                SysTick_Handler
                0x000001e2                Default_Handler
                0x000001e2                DEF_IRQHandler
                0x000001e4                POWER_CLOCK_IRQHandler
                0x000001e6                RADIO_IRQHandler
                0x000001e8                UART0_IRQHandler
                0x000001ea                SPI0_TWI0_IRQHandler
                0x000001ec                SPI1_TWI1_IRQHandler
                0x000001ee                GPIOTE_IRQHandler
                0x000001f0                ADC_IRQHandler
                0x000001f2                TIMER0_IRQHandler
                0x000001f4                TIMER1_IRQHandler
                0x000001f6                TIMER2_IRQHandler
                0x000001f8                RTC0_IRQHandler
                0x000001fa                TEMP_IRQHandler
                0x000001fc                RNG_IRQHandler
                0x000001fe                ECB_IRQHandler
                0x00000200                CCM_AAR_IRQHandler
                0x00000202                WDT_IRQHandler
                0x00000204                RTC1_IRQHandler
                0x00000206                QDEC_IRQHandler
                0x00000208                SWI0_IRQHandler
                0x0000020a                SWI1_IRQHandler
                0x0000020c                SWI2_IRQHandler
                0x0000020e                SWI3_IRQHandler
                0x00000210                SWI4_IRQHandler
                0x00000212                SWI5_IRQHandler
 .text          0x00000214       0xa0 _build/system_nrf51.o
                0x00000214                SystemCoreClockUpdate
                0x00000224                SystemInit
 .text          0x000002b4      0x138 _build/libjanek.o
                0x000002b4                MMA_init
                0x000002f0                MMA_getdata
                0x00000314                TMP_getdata
                0x00000324                ADS_setconf
                0x00000348                ADS_getdata
                0x00000358                LED_init
                0x00000374                LED_set
                0x00000390                LED_get
                0x000003a0                CHRG_init
                0x000003c0                CHRG_getstate
 .text          0x000003ec       0x18 _build/main.o
                0x000003ec                app_error_handler
 .text.startup  0x00000404       0xb4 _build/main.o
                0x00000404                main
 .text          0x000004b8       0x40 _build/nrf_delay.o
                0x000004b8                nrf_delay_ms
 .text          0x000004f8      0x13c _build/simple_uart.o
                0x000004f8                simple_uart_get
                0x00000518                simple_uart_get_with_timeout
                0x00000570                simple_uart_put
                0x00000590                simple_uart_putstring
                0x000005a8                simple_uart_config
 .text          0x00000634      0x2cc _build/twi_sw_master.o
                0x000007ac                twi_master_init
                0x0000083c                twi_master_transfer
 .text          0x00000900        0x0 /afs/inf.ed.ac.uk/user/s11/s1119414/SLIP/gcc-arm-none-eabi-4_8-2014q2/bin/../lib/gcc/arm-none-eabi/4.8.4/../../../../arm-none-eabi/lib/armv6-m/libc.a(lib_a-exit.o)
 .text.exit     0x00000900       0x20 /afs/inf.ed.ac.uk/user/s11/s1119414/SLIP/gcc-arm-none-eabi-4_8-2014q2/bin/../lib/gcc/arm-none-eabi/4.8.4/../../../../arm-none-eabi/lib/armv6-m/libc.a(lib_a-exit.o)
                0x00000900                exit
 .text          0x00000920        0x0 /afs/inf.ed.ac.uk/user/s11/s1119414/SLIP/gcc-arm-none-eabi-4_8-2014q2/bin/../lib/gcc/arm-none-eabi/4.8.4/../../../../arm-none-eabi/lib/armv6-m/libc.a(lib_a-impure.o)
 .text          0x00000920        0x0 /afs/inf.ed.ac.uk/user/s11/s1119414/SLIP/gcc-arm-none-eabi-4_8-2014q2/bin/../lib/gcc/arm-none-eabi/4.8.4/../../../../arm-none-eabi/lib/armv6-m/libc.a(lib_a-init.o)
 .text.__libc_init_array
                0x00000920       0x48 /afs/inf.ed.ac.uk/user/s11/s1119414/SLIP/gcc-arm-none-eabi-4_8-2014q2/bin/../lib/gcc/arm-none-eabi/4.8.4/../../../../arm-none-eabi/lib/armv6-m/libc.a(lib_a-init.o)
                0x00000920                __libc_init_array
 .text          0x00000968        0x0 /afs/inf.ed.ac.uk/user/s11/s1119414/SLIP/gcc-arm-none-eabi-4_8-2014q2/bin/../lib/gcc/arm-none-eabi/4.8.4/../../../../arm-none-eabi/lib/armv6-m/libc.a(lib_a-memset.o)
 .text.memset   0x00000968       0x9c /afs/inf.ed.ac.uk/user/s11/s1119414/SLIP/gcc-arm-none-eabi-4_8-2014q2/bin/../lib/gcc/arm-none-eabi/4.8.4/../../../../arm-none-eabi/lib/armv6-m/libc.a(lib_a-memset.o)
                0x00000968                memset
 .text          0x00000a04        0x0 /afs/inf.ed.ac.uk/user/s11/s1119414/SLIP/gcc-arm-none-eabi-4_8-2014q2/bin/../lib/gcc/arm-none-eabi/4.8.4/../../../../arm-none-eabi/lib/armv6-m/libc.a(lib_a-sprintf.o)
 .text._sprintf_r
                0x00000a04       0x40 /afs/inf.ed.ac.uk/user/s11/s1119414/SLIP/gcc-arm-none-eabi-4_8-2014q2/bin/../lib/gcc/arm-none-eabi/4.8.4/../../../../arm-none-eabi/lib/armv6-m/libc.a(lib_a-sprintf.o)
                0x00000a04                _sprintf_r
 .text.sprintf  0x00000a44       0x44 /afs/inf.ed.ac.uk/user/s11/s1119414/SLIP/gcc-arm-none-eabi-4_8-2014q2/bin/../lib/gcc/arm-none-eabi/4.8.4/../../../../arm-none-eabi/lib/armv6-m/libc.a(lib_a-sprintf.o)
                0x00000a44                sprintf
 .text          0x00000a88        0x0 /afs/inf.ed.ac.uk/user/s11/s1119414/SLIP/gcc-arm-none-eabi-4_8-2014q2/bin/../lib/gcc/arm-none-eabi/4.8.4/../../../../arm-none-eabi/lib/armv6-m/libc.a(lib_a-svfprintf.o)
 .text._svfprintf_r
                0x00000a88     0x15c8 /afs/inf.ed.ac.uk/user/s11/s1119414/SLIP/gcc-arm-none-eabi-4_8-2014q2/bin/../lib/gcc/arm-none-eabi/4.8.4/../../../../arm-none-eabi/lib/armv6-m/libc.a(lib_a-svfprintf.o)
                0x00000a88                _svfprintf_r
 .text          0x00002050        0x0 /afs/inf.ed.ac.uk/user/s11/s1119414/SLIP/gcc-arm-none-eabi-4_8-2014q2/bin/../lib/gcc/arm-none-eabi/4.8.4/../../../../arm-none-eabi/lib/armv6-m/libc.a(lib_a-__call_atexit.o)
 .text.startup.register_fini
                0x00002050       0x18 /afs/inf.ed.ac.uk/user/s11/s1119414/SLIP/gcc-arm-none-eabi-4_8-2014q2/bin/../lib/gcc/arm-none-eabi/4.8.4/../../../../arm-none-eabi/lib/armv6-m/libc.a(lib_a-__call_atexit.o)
 .text.__call_exitprocs
                0x00002068      0x118 /afs/inf.ed.ac.uk/user/s11/s1119414/SLIP/gcc-arm-none-eabi-4_8-2014q2/bin/../lib/gcc/arm-none-eabi/4.8.4/../../../../arm-none-eabi/lib/armv6-m/libc.a(lib_a-__call_atexit.o)
                0x00002068                __call_exitprocs
 .text          0x00002180        0x0 /afs/inf.ed.ac.uk/user/s11/s1119414/SLIP/gcc-arm-none-eabi-4_8-2014q2/bin/../lib/gcc/arm-none-eabi/4.8.4/../../../../arm-none-eabi/lib/armv6-m/libc.a(lib_a-atexit.o)
 .text.atexit   0x00002180       0x10 /afs/inf.ed.ac.uk/user/s11/s1119414/SLIP/gcc-arm-none-eabi-4_8-2014q2/bin/../lib/gcc/arm-none-eabi/4.8.4/../../../../arm-none-eabi/lib/armv6-m/libc.a(lib_a-atexit.o)
                0x00002180                atexit
 .text          0x00002190        0x0 /afs/inf.ed.ac.uk/user/s11/s1119414/SLIP/gcc-arm-none-eabi-4_8-2014q2/bin/../lib/gcc/arm-none-eabi/4.8.4/../../../../arm-none-eabi/lib/armv6-m/libc.a(lib_a-dtoa.o)
 .text.quorem   0x00002190      0x150 /afs/inf.ed.ac.uk/user/s11/s1119414/SLIP/gcc-arm-none-eabi-4_8-2014q2/bin/../lib/gcc/arm-none-eabi/4.8.4/../../../../arm-none-eabi/lib/armv6-m/libc.a(lib_a-dtoa.o)
 .text._dtoa_r  0x000022e0      0xf38 /afs/inf.ed.ac.uk/user/s11/s1119414/SLIP/gcc-arm-none-eabi-4_8-2014q2/bin/../lib/gcc/arm-none-eabi/4.8.4/../../../../arm-none-eabi/lib/armv6-m/libc.a(lib_a-dtoa.o)
                0x000022e0                _dtoa_r
 .text          0x00003218        0x0 /afs/inf.ed.ac.uk/user/s11/s1119414/SLIP/gcc-arm-none-eabi-4_8-2014q2/bin/../lib/gcc/arm-none-eabi/4.8.4/../../../../arm-none-eabi/lib/armv6-m/libc.a(lib_a-fini.o)
 .text.__libc_fini_array
                0x00003218       0x30 /afs/inf.ed.ac.uk/user/s11/s1119414/SLIP/gcc-arm-none-eabi-4_8-2014q2/bin/../lib/gcc/arm-none-eabi/4.8.4/../../../../arm-none-eabi/lib/armv6-m/libc.a(lib_a-fini.o)
                0x00003218                __libc_fini_array
 .text          0x00003248        0x0 /afs/inf.ed.ac.uk/user/s11/s1119414/SLIP/gcc-arm-none-eabi-4_8-2014q2/bin/../lib/gcc/arm-none-eabi/4.8.4/../../../../arm-none-eabi/lib/armv6-m/libc.a(lib_a-locale.o)
 .text._setlocale_r
                0x00003248       0x44 /afs/inf.ed.ac.uk/user/s11/s1119414/SLIP/gcc-arm-none-eabi-4_8-2014q2/bin/../lib/gcc/arm-none-eabi/4.8.4/../../../../arm-none-eabi/lib/armv6-m/libc.a(lib_a-locale.o)
                0x00003248                _setlocale_r
 .text.__locale_charset
                0x0000328c        0x8 /afs/inf.ed.ac.uk/user/s11/s1119414/SLIP/gcc-arm-none-eabi-4_8-2014q2/bin/../lib/gcc/arm-none-eabi/4.8.4/../../../../arm-none-eabi/lib/armv6-m/libc.a(lib_a-locale.o)
                0x0000328c                __locale_charset
 .text.__locale_mb_cur_max
                0x00003294        0xc /afs/inf.ed.ac.uk/user/s11/s1119414/SLIP/gcc-arm-none-eabi-4_8-2014q2/bin/../lib/gcc/arm-none-eabi/4.8.4/../../../../arm-none-eabi/lib/armv6-m/libc.a(lib_a-locale.o)
                0x00003294                __locale_mb_cur_max
 .text.__locale_msgcharset
                0x000032a0        0x8 /afs/inf.ed.ac.uk/user/s11/s1119414/SLIP/gcc-arm-none-eabi-4_8-2014q2/bin/../lib/gcc/arm-none-eabi/4.8.4/../../../../arm-none-eabi/lib/armv6-m/libc.a(lib_a-locale.o)
                0x000032a0                __locale_msgcharset
 .text.__locale_cjk_lang
                0x000032a8        0x4 /afs/inf.ed.ac.uk/user/s11/s1119414/SLIP/gcc-arm-none-eabi-4_8-2014q2/bin/../lib/gcc/arm-none-eabi/4.8.4/../../../../arm-none-eabi/lib/armv6-m/libc.a(lib_a-locale.o)
                0x000032a8                __locale_cjk_lang
 .text._localeconv_r
                0x000032ac        0x8 /afs/inf.ed.ac.uk/user/s11/s1119414/SLIP/gcc-arm-none-eabi-4_8-2014q2/bin/../lib/gcc/arm-none-eabi/4.8.4/../../../../arm-none-eabi/lib/armv6-m/libc.a(lib_a-locale.o)
                0x000032ac                _localeconv_r
 .text.setlocale
                0x000032b4       0x18 /afs/inf.ed.ac.uk/user/s11/s1119414/SLIP/gcc-arm-none-eabi-4_8-2014q2/bin/../lib/gcc/arm-none-eabi/4.8.4/../../../../arm-none-eabi/lib/armv6-m/libc.a(lib_a-locale.o)
                0x000032b4                setlocale
 .text.localeconv
                0x000032cc        0x8 /afs/inf.ed.ac.uk/user/s11/s1119414/SLIP/gcc-arm-none-eabi-4_8-2014q2/bin/../lib/gcc/arm-none-eabi/4.8.4/../../../../arm-none-eabi/lib/armv6-m/libc.a(lib_a-locale.o)
                0x000032cc                localeconv
 .text          0x000032d4        0x0 /afs/inf.ed.ac.uk/user/s11/s1119414/SLIP/gcc-arm-none-eabi-4_8-2014q2/bin/../lib/gcc/arm-none-eabi/4.8.4/../../../../arm-none-eabi/lib/armv6-m/libc.a(lib_a-mallocr.o)
 .text._malloc_r
                0x000032d4      0x50c /afs/inf.ed.ac.uk/user/s11/s1119414/SLIP/gcc-arm-none-eabi-4_8-2014q2/bin/../lib/gcc/arm-none-eabi/4.8.4/../../../../arm-none-eabi/lib/armv6-m/libc.a(lib_a-mallocr.o)
                0x000032d4                _malloc_r
 .text          0x000037e0        0x0 /afs/inf.ed.ac.uk/user/s11/s1119414/SLIP/gcc-arm-none-eabi-4_8-2014q2/bin/../lib/gcc/arm-none-eabi/4.8.4/../../../../arm-none-eabi/lib/armv6-m/libc.a(lib_a-memchr-stub.o)
 .text.memchr   0x000037e0       0x84 /afs/inf.ed.ac.uk/user/s11/s1119414/SLIP/gcc-arm-none-eabi-4_8-2014q2/bin/../lib/gcc/arm-none-eabi/4.8.4/../../../../arm-none-eabi/lib/armv6-m/libc.a(lib_a-memchr-stub.o)
                0x000037e0                memchr
 .text          0x00003864        0x0 /afs/inf.ed.ac.uk/user/s11/s1119414/SLIP/gcc-arm-none-eabi-4_8-2014q2/bin/../lib/gcc/arm-none-eabi/4.8.4/../../../../arm-none-eabi/lib/armv6-m/libc.a(lib_a-memcpy-stub.o)
 .text.memcpy   0x00003864       0x84 /afs/inf.ed.ac.uk/user/s11/s1119414/SLIP/gcc-arm-none-eabi-4_8-2014q2/bin/../lib/gcc/arm-none-eabi/4.8.4/../../../../arm-none-eabi/lib/armv6-m/libc.a(lib_a-memcpy-stub.o)
                0x00003864                memcpy
 .text          0x000038e8        0x0 /afs/inf.ed.ac.uk/user/s11/s1119414/SLIP/gcc-arm-none-eabi-4_8-2014q2/bin/../lib/gcc/arm-none-eabi/4.8.4/../../../../arm-none-eabi/lib/armv6-m/libc.a(lib_a-mlock.o)
 .text.__malloc_lock
                0x000038e8        0x4 /afs/inf.ed.ac.uk/user/s11/s1119414/SLIP/gcc-arm-none-eabi-4_8-2014q2/bin/../lib/gcc/arm-none-eabi/4.8.4/../../../../arm-none-eabi/lib/armv6-m/libc.a(lib_a-mlock.o)
                0x000038e8                __malloc_lock
 .text.__malloc_unlock
                0x000038ec        0x4 /afs/inf.ed.ac.uk/user/s11/s1119414/SLIP/gcc-arm-none-eabi-4_8-2014q2/bin/../lib/gcc/arm-none-eabi/4.8.4/../../../../arm-none-eabi/lib/armv6-m/libc.a(lib_a-mlock.o)
                0x000038ec                __malloc_unlock
 .text          0x000038f0        0x0 /afs/inf.ed.ac.uk/user/s11/s1119414/SLIP/gcc-arm-none-eabi-4_8-2014q2/bin/../lib/gcc/arm-none-eabi/4.8.4/../../../../arm-none-eabi/lib/armv6-m/libc.a(lib_a-mprec.o)
 .text._Balloc  0x000038f0       0x50 /afs/inf.ed.ac.uk/user/s11/s1119414/SLIP/gcc-arm-none-eabi-4_8-2014q2/bin/../lib/gcc/arm-none-eabi/4.8.4/../../../../arm-none-eabi/lib/armv6-m/libc.a(lib_a-mprec.o)
                0x000038f0                _Balloc
 .text._Bfree   0x00003940       0x14 /afs/inf.ed.ac.uk/user/s11/s1119414/SLIP/gcc-arm-none-eabi-4_8-2014q2/bin/../lib/gcc/arm-none-eabi/4.8.4/../../../../arm-none-eabi/lib/armv6-m/libc.a(lib_a-mprec.o)
                0x00003940                _Bfree
 .text.__multadd
                0x00003954       0xa8 /afs/inf.ed.ac.uk/user/s11/s1119414/SLIP/gcc-arm-none-eabi-4_8-2014q2/bin/../lib/gcc/arm-none-eabi/4.8.4/../../../../arm-none-eabi/lib/armv6-m/libc.a(lib_a-mprec.o)
                0x00003954                __multadd
 .text.__s2b    0x000039fc       0x98 /afs/inf.ed.ac.uk/user/s11/s1119414/SLIP/gcc-arm-none-eabi-4_8-2014q2/bin/../lib/gcc/arm-none-eabi/4.8.4/../../../../arm-none-eabi/lib/armv6-m/libc.a(lib_a-mprec.o)
                0x000039fc                __s2b
 .text.__hi0bits
                0x00003a94       0x3c /afs/inf.ed.ac.uk/user/s11/s1119414/SLIP/gcc-arm-none-eabi-4_8-2014q2/bin/../lib/gcc/arm-none-eabi/4.8.4/../../../../arm-none-eabi/lib/armv6-m/libc.a(lib_a-mprec.o)
                0x00003a94                __hi0bits
 .text.__lo0bits
                0x00003ad0       0x5c /afs/inf.ed.ac.uk/user/s11/s1119414/SLIP/gcc-arm-none-eabi-4_8-2014q2/bin/../lib/gcc/arm-none-eabi/4.8.4/../../../../arm-none-eabi/lib/armv6-m/libc.a(lib_a-mprec.o)
                0x00003ad0                __lo0bits
 .text.__i2b    0x00003b2c       0x14 /afs/inf.ed.ac.uk/user/s11/s1119414/SLIP/gcc-arm-none-eabi-4_8-2014q2/bin/../lib/gcc/arm-none-eabi/4.8.4/../../../../arm-none-eabi/lib/armv6-m/libc.a(lib_a-mprec.o)
                0x00003b2c                __i2b
 .text.__multiply
                0x00003b40      0x144 /afs/inf.ed.ac.uk/user/s11/s1119414/SLIP/gcc-arm-none-eabi-4_8-2014q2/bin/../lib/gcc/arm-none-eabi/4.8.4/../../../../arm-none-eabi/lib/armv6-m/libc.a(lib_a-mprec.o)
                0x00003b40                __multiply
 .text.__pow5mult
                0x00003c84       0xb8 /afs/inf.ed.ac.uk/user/s11/s1119414/SLIP/gcc-arm-none-eabi-4_8-2014q2/bin/../lib/gcc/arm-none-eabi/4.8.4/../../../../arm-none-eabi/lib/armv6-m/libc.a(lib_a-mprec.o)
                0x00003c84                __pow5mult
 .text.__lshift
                0x00003d3c       0xc0 /afs/inf.ed.ac.uk/user/s11/s1119414/SLIP/gcc-arm-none-eabi-4_8-2014q2/bin/../lib/gcc/arm-none-eabi/4.8.4/../../../../arm-none-eabi/lib/armv6-m/libc.a(lib_a-mprec.o)
                0x00003d3c                __lshift
 .text.__mcmp   0x00003dfc       0x38 /afs/inf.ed.ac.uk/user/s11/s1119414/SLIP/gcc-arm-none-eabi-4_8-2014q2/bin/../lib/gcc/arm-none-eabi/4.8.4/../../../../arm-none-eabi/lib/armv6-m/libc.a(lib_a-mprec.o)
                0x00003dfc                __mcmp
 .text.__mdiff  0x00003e34       0xe8 /afs/inf.ed.ac.uk/user/s11/s1119414/SLIP/gcc-arm-none-eabi-4_8-2014q2/bin/../lib/gcc/arm-none-eabi/4.8.4/../../../../arm-none-eabi/lib/armv6-m/libc.a(lib_a-mprec.o)
                0x00003e34                __mdiff
 .text.__ulp    0x00003f1c       0x44 /afs/inf.ed.ac.uk/user/s11/s1119414/SLIP/gcc-arm-none-eabi-4_8-2014q2/bin/../lib/gcc/arm-none-eabi/4.8.4/../../../../arm-none-eabi/lib/armv6-m/libc.a(lib_a-mprec.o)
                0x00003f1c                __ulp
 .text.__b2d    0x00003f60       0xac /afs/inf.ed.ac.uk/user/s11/s1119414/SLIP/gcc-arm-none-eabi-4_8-2014q2/bin/../lib/gcc/arm-none-eabi/4.8.4/../../../../arm-none-eabi/lib/armv6-m/libc.a(lib_a-mprec.o)
                0x00003f60                __b2d
 .text.__d2b    0x0000400c       0xbc /afs/inf.ed.ac.uk/user/s11/s1119414/SLIP/gcc-arm-none-eabi-4_8-2014q2/bin/../lib/gcc/arm-none-eabi/4.8.4/../../../../arm-none-eabi/lib/armv6-m/libc.a(lib_a-mprec.o)
                0x0000400c                __d2b
 .text.__ratio  0x000040c8       0x70 /afs/inf.ed.ac.uk/user/s11/s1119414/SLIP/gcc-arm-none-eabi-4_8-2014q2/bin/../lib/gcc/arm-none-eabi/4.8.4/../../../../arm-none-eabi/lib/armv6-m/libc.a(lib_a-mprec.o)
                0x000040c8                __ratio
 .text._mprec_log10
                0x00004138       0x40 /afs/inf.ed.ac.uk/user/s11/s1119414/SLIP/gcc-arm-none-eabi-4_8-2014q2/bin/../lib/gcc/arm-none-eabi/4.8.4/../../../../arm-none-eabi/lib/armv6-m/libc.a(lib_a-mprec.o)
                0x00004138                _mprec_log10
 .text.__copybits
                0x00004178       0x40 /afs/inf.ed.ac.uk/user/s11/s1119414/SLIP/gcc-arm-none-eabi-4_8-2014q2/bin/../lib/gcc/arm-none-eabi/4.8.4/../../../../arm-none-eabi/lib/armv6-m/libc.a(lib_a-mprec.o)
                0x00004178                __copybits
 .text.__any_on
                0x000041b8       0x60 /afs/inf.ed.ac.uk/user/s11/s1119414/SLIP/gcc-arm-none-eabi-4_8-2014q2/bin/../lib/gcc/arm-none-eabi/4.8.4/../../../../arm-none-eabi/lib/armv6-m/libc.a(lib_a-mprec.o)
                0x000041b8                __any_on
 .text          0x00004218        0x0 /afs/inf.ed.ac.uk/user/s11/s1119414/SLIP/gcc-arm-none-eabi-4_8-2014q2/bin/../lib/gcc/arm-none-eabi/4.8.4/../../../../arm-none-eabi/lib/armv6-m/libc.a(lib_a-s_fpclassify.o)
 .text.__fpclassifyd
                0x00004218       0x60 /afs/inf.ed.ac.uk/user/s11/s1119414/SLIP/gcc-arm-none-eabi-4_8-2014q2/bin/../lib/gcc/arm-none-eabi/4.8.4/../../../../arm-none-eabi/lib/armv6-m/libc.a(lib_a-s_fpclassify.o)
                0x00004218                __fpclassifyd
 .text          0x00004278        0x0 /afs/inf.ed.ac.uk/user/s11/s1119414/SLIP/gcc-arm-none-eabi-4_8-2014q2/bin/../lib/gcc/arm-none-eabi/4.8.4/../../../../arm-none-eabi/lib/armv6-m/libc.a(lib_a-sbrkr.o)
 .text._sbrk_r  0x00004278       0x24 /afs/inf.ed.ac.uk/user/s11/s1119414/SLIP/gcc-arm-none-eabi-4_8-2014q2/bin/../lib/gcc/arm-none-eabi/4.8.4/../../../../arm-none-eabi/lib/armv6-m/libc.a(lib_a-sbrkr.o)
                0x00004278                _sbrk_r
 .text          0x0000429c       0x14 /afs/inf.ed.ac.uk/user/s11/s1119414/SLIP/gcc-arm-none-eabi-4_8-2014q2/bin/../lib/gcc/arm-none-eabi/4.8.4/../../../../arm-none-eabi/lib/armv6-m/libc.a(lib_a-strcmp.o)
                0x0000429c                strcmp
 .text          0x000042b0        0x0 /afs/inf.ed.ac.uk/user/s11/s1119414/SLIP/gcc-arm-none-eabi-4_8-2014q2/bin/../lib/gcc/arm-none-eabi/4.8.4/../../../../arm-none-eabi/lib/armv6-m/libc.a(lib_a-strlen.o)
 .text.strlen   0x000042b0       0x10 /afs/inf.ed.ac.uk/user/s11/s1119414/SLIP/gcc-arm-none-eabi-4_8-2014q2/bin/../lib/gcc/arm-none-eabi/4.8.4/../../../../arm-none-eabi/lib/armv6-m/libc.a(lib_a-strlen.o)
                0x000042b0                strlen
 .text          0x000042c0        0x0 /afs/inf.ed.ac.uk/user/s11/s1119414/SLIP/gcc-arm-none-eabi-4_8-2014q2/bin/../lib/gcc/arm-none-eabi/4.8.4/../../../../arm-none-eabi/lib/armv6-m/libc.a(lib_a-svfiprintf.o)
 .text.__ssprint_r
                0x000042c0      0x12c /afs/inf.ed.ac.uk/user/s11/s1119414/SLIP/gcc-arm-none-eabi-4_8-2014q2/bin/../lib/gcc/arm-none-eabi/4.8.4/../../../../arm-none-eabi/lib/armv6-m/libc.a(lib_a-svfiprintf.o)
                0x000042c0                __ssprint_r
 .text._svfiprintf_r
                0x000043ec      0xac4 /afs/inf.ed.ac.uk/user/s11/s1119414/SLIP/gcc-arm-none-eabi-4_8-2014q2/bin/../lib/gcc/arm-none-eabi/4.8.4/../../../../arm-none-eabi/lib/armv6-m/libc.a(lib_a-svfiprintf.o)
                0x000043ec                _svfiprintf_r
 .text          0x00004eb0        0x0 /afs/inf.ed.ac.uk/user/s11/s1119414/SLIP/gcc-arm-none-eabi-4_8-2014q2/bin/../lib/gcc/arm-none-eabi/4.8.4/../../../../arm-none-eabi/lib/armv6-m/libc.a(lib_a-__atexit.o)
 .text.__register_exitproc
                0x00004eb0       0xc0 /afs/inf.ed.ac.uk/user/s11/s1119414/SLIP/gcc-arm-none-eabi-4_8-2014q2/bin/../lib/gcc/arm-none-eabi/4.8.4/../../../../arm-none-eabi/lib/armv6-m/libc.a(lib_a-__atexit.o)
                0x00004eb0                __register_exitproc
 .text          0x00004f70        0x0 /afs/inf.ed.ac.uk/user/s11/s1119414/SLIP/gcc-arm-none-eabi-4_8-2014q2/bin/../lib/gcc/arm-none-eabi/4.8.4/../../../../arm-none-eabi/lib/armv6-m/libc.a(lib_a-callocr.o)
 .text._calloc_r
                0x00004f70       0x60 /afs/inf.ed.ac.uk/user/s11/s1119414/SLIP/gcc-arm-none-eabi-4_8-2014q2/bin/../lib/gcc/arm-none-eabi/4.8.4/../../../../arm-none-eabi/lib/armv6-m/libc.a(lib_a-callocr.o)
                0x00004f70                _calloc_r
 .text          0x00004fd0        0x0 /afs/inf.ed.ac.uk/user/s11/s1119414/SLIP/gcc-arm-none-eabi-4_8-2014q2/bin/../lib/gcc/arm-none-eabi/4.8.4/../../../../arm-none-eabi/lib/armv6-m/libc.a(lib_a-freer.o)
 .text._malloc_trim_r
                0x00004fd0       0xa0 /afs/inf.ed.ac.uk/user/s11/s1119414/SLIP/gcc-arm-none-eabi-4_8-2014q2/bin/../lib/gcc/arm-none-eabi/4.8.4/../../../../arm-none-eabi/lib/armv6-m/libc.a(lib_a-freer.o)
                0x00004fd0                _malloc_trim_r
 .text._free_r  0x00005070      0x190 /afs/inf.ed.ac.uk/user/s11/s1119414/SLIP/gcc-arm-none-eabi-4_8-2014q2/bin/../lib/gcc/arm-none-eabi/4.8.4/../../../../arm-none-eabi/lib/armv6-m/libc.a(lib_a-freer.o)
                0x00005070                _free_r
 .text          0x00005200        0x0 /afs/inf.ed.ac.uk/user/s11/s1119414/SLIP/gcc-arm-none-eabi-4_8-2014q2/bin/../lib/gcc/arm-none-eabi/4.8.4/../../../../arm-none-eabi/lib/armv6-m/libc.a(lib_a-memmove.o)
 .text.memmove  0x00005200       0xa4 /afs/inf.ed.ac.uk/user/s11/s1119414/SLIP/gcc-arm-none-eabi-4_8-2014q2/bin/../lib/gcc/arm-none-eabi/4.8.4/../../../../arm-none-eabi/lib/armv6-m/libc.a(lib_a-memmove.o)
                0x00005200                memmove
 .text          0x000052a4        0x0 /afs/inf.ed.ac.uk/user/s11/s1119414/SLIP/gcc-arm-none-eabi-4_8-2014q2/bin/../lib/gcc/arm-none-eabi/4.8.4/../../../../arm-none-eabi/lib/armv6-m/libc.a(lib_a-reallocr.o)
 .text._realloc_r
                0x000052a4      0x360 /afs/inf.ed.ac.uk/user/s11/s1119414/SLIP/gcc-arm-none-eabi-4_8-2014q2/bin/../lib/gcc/arm-none-eabi/4.8.4/../../../../arm-none-eabi/lib/armv6-m/libc.a(lib_a-reallocr.o)
                0x000052a4                _realloc_r
 .text          0x00005604        0x0 /afs/inf.ed.ac.uk/user/s11/s1119414/SLIP/gcc-arm-none-eabi-4_8-2014q2/bin/../lib/gcc/arm-none-eabi/4.8.4/../../../../arm-none-eabi/lib/armv6-m/libc.a(lib_a-reent.o)
 .text.cleanup_glue
                0x00005604       0x1c /afs/inf.ed.ac.uk/user/s11/s1119414/SLIP/gcc-arm-none-eabi-4_8-2014q2/bin/../lib/gcc/arm-none-eabi/4.8.4/../../../../arm-none-eabi/lib/armv6-m/libc.a(lib_a-reent.o)
                0x00005604                cleanup_glue
 .text._reclaim_reent
                0x00005620       0xa0 /afs/inf.ed.ac.uk/user/s11/s1119414/SLIP/gcc-arm-none-eabi-4_8-2014q2/bin/../lib/gcc/arm-none-eabi/4.8.4/../../../../arm-none-eabi/lib/armv6-m/libc.a(lib_a-reent.o)
                0x00005620                _reclaim_reent
 .text          0x000056c0       0x9c /afs/inf.ed.ac.uk/user/s11/s1119414/SLIP/gcc-arm-none-eabi-4_8-2014q2/bin/../lib/gcc/arm-none-eabi/4.8.4/armv6-m/libgcc.a(_udivsi3.o)
                0x000056c0                __udivsi3
                0x000056c0                __aeabi_uidiv
                0x00005748                __aeabi_uidivmod
 .text          0x0000575c       0xc0 /afs/inf.ed.ac.uk/user/s11/s1119414/SLIP/gcc-arm-none-eabi-4_8-2014q2/bin/../lib/gcc/arm-none-eabi/4.8.4/armv6-m/libgcc.a(_divsi3.o)
                0x0000575c                __aeabi_idiv
                0x0000575c                __divsi3
                0x00005808                __aeabi_idivmod
 .text          0x0000581c        0x4 /afs/inf.ed.ac.uk/user/s11/s1119414/SLIP/gcc-arm-none-eabi-4_8-2014q2/bin/../lib/gcc/arm-none-eabi/4.8.4/armv6-m/libgcc.a(_dvmd_tls.o)
                0x0000581c                __aeabi_ldiv0
                0x0000581c                __aeabi_idiv0
 .text          0x00005820       0x7c /afs/inf.ed.ac.uk/user/s11/s1119414/SLIP/gcc-arm-none-eabi-4_8-2014q2/bin/../lib/gcc/arm-none-eabi/4.8.4/armv6-m/libgcc.a(_arm_cmpdf2.o)
                0x00005820                __aeabi_cdrcmple
                0x00005830                __aeabi_cdcmple
                0x00005830                __aeabi_cdcmpeq
                0x00005840                __aeabi_dcmpeq
                0x0000584c                __aeabi_dcmplt
                0x00005860                __aeabi_dcmple
                0x00005874                __aeabi_dcmpgt
                0x00005888                __aeabi_dcmpge
 .text          0x0000589c       0x40 /afs/inf.ed.ac.uk/user/s11/s1119414/SLIP/gcc-arm-none-eabi-4_8-2014q2/bin/../lib/gcc/arm-none-eabi/4.8.4/armv6-m/libgcc.a(_aeabi_uldivmod.o)
                0x0000589c                __aeabi_uldivmod
 .text          0x000058dc       0x6c /afs/inf.ed.ac.uk/user/s11/s1119414/SLIP/gcc-arm-none-eabi-4_8-2014q2/bin/../lib/gcc/arm-none-eabi/4.8.4/armv6-m/libgcc.a(bpabi.o)
                0x000058dc                __gnu_ldivmod_helper
                0x00005914                __gnu_uldivmod_helper
 .text          0x00005948      0x644 /afs/inf.ed.ac.uk/user/s11/s1119414/SLIP/gcc-arm-none-eabi-4_8-2014q2/bin/../lib/gcc/arm-none-eabi/4.8.4/armv6-m/libgcc.a(adddf3.o)
                0x00005948                __aeabi_dadd
 .text          0x00005f8c      0x648 /afs/inf.ed.ac.uk/user/s11/s1119414/SLIP/gcc-arm-none-eabi-4_8-2014q2/bin/../lib/gcc/arm-none-eabi/4.8.4/armv6-m/libgcc.a(divdf3.o)
                0x00005f8c                __aeabi_ddiv
 .text          0x000065d4       0x94 /afs/inf.ed.ac.uk/user/s11/s1119414/SLIP/gcc-arm-none-eabi-4_8-2014q2/bin/../lib/gcc/arm-none-eabi/4.8.4/armv6-m/libgcc.a(eqdf2.o)
                0x000065d4                __eqdf2
                0x000065d4                __nedf2
 .text          0x00006668       0xfc /afs/inf.ed.ac.uk/user/s11/s1119414/SLIP/gcc-arm-none-eabi-4_8-2014q2/bin/../lib/gcc/arm-none-eabi/4.8.4/armv6-m/libgcc.a(gedf2.o)
                0x00006668                __gtdf2
                0x00006668                __gedf2
 .text          0x00006764       0xfc /afs/inf.ed.ac.uk/user/s11/s1119414/SLIP/gcc-arm-none-eabi-4_8-2014q2/bin/../lib/gcc/arm-none-eabi/4.8.4/armv6-m/libgcc.a(ledf2.o)
                0x00006764                __ltdf2
                0x00006764                __ledf2
 .text          0x00006860      0x520 /afs/inf.ed.ac.uk/user/s11/s1119414/SLIP/gcc-arm-none-eabi-4_8-2014q2/bin/../lib/gcc/arm-none-eabi/4.8.4/armv6-m/libgcc.a(muldf3.o)
                0x00006860                __aeabi_dmul
 .text          0x00006d80      0x668 /afs/inf.ed.ac.uk/user/s11/s1119414/SLIP/gcc-arm-none-eabi-4_8-2014q2/bin/../lib/gcc/arm-none-eabi/4.8.4/armv6-m/libgcc.a(subdf3.o)
                0x00006d80                __aeabi_dsub
 .text          0x000073e8       0x68 /afs/inf.ed.ac.uk/user/s11/s1119414/SLIP/gcc-arm-none-eabi-4_8-2014q2/bin/../lib/gcc/arm-none-eabi/4.8.4/armv6-m/libgcc.a(fixdfsi.o)
                0x000073e8                __aeabi_d2iz
 .text          0x00007450       0x7c /afs/inf.ed.ac.uk/user/s11/s1119414/SLIP/gcc-arm-none-eabi-4_8-2014q2/bin/../lib/gcc/arm-none-eabi/4.8.4/armv6-m/libgcc.a(floatsidf.o)
                0x00007450                __aeabi_i2d
 .text          0x000074cc       0x68 /afs/inf.ed.ac.uk/user/s11/s1119414/SLIP/gcc-arm-none-eabi-4_8-2014q2/bin/../lib/gcc/arm-none-eabi/4.8.4/armv6-m/libgcc.a(floatunsidf.o)
                0x000074cc                __aeabi_ui2d
 .text          0x00007534       0x3c /afs/inf.ed.ac.uk/user/s11/s1119414/SLIP/gcc-arm-none-eabi-4_8-2014q2/bin/../lib/gcc/arm-none-eabi/4.8.4/armv6-m/libgcc.a(_clzsi2.o)
                0x00007534                __clzsi2
 .text          0x00007570       0x44 /afs/inf.ed.ac.uk/user/s11/s1119414/SLIP/gcc-arm-none-eabi-4_8-2014q2/bin/../lib/gcc/arm-none-eabi/4.8.4/armv6-m/libgcc.a(_muldi3.o)
                0x00007570                __aeabi_lmul
                0x00007570                __muldi3
 .text          0x000075b4      0x3b8 /afs/inf.ed.ac.uk/user/s11/s1119414/SLIP/gcc-arm-none-eabi-4_8-2014q2/bin/../lib/gcc/arm-none-eabi/4.8.4/armv6-m/libgcc.a(_divdi3.o)
                0x000075b4                __divdi3
 .text          0x0000796c      0x384 /afs/inf.ed.ac.uk/user/s11/s1119414/SLIP/gcc-arm-none-eabi-4_8-2014q2/bin/../lib/gcc/arm-none-eabi/4.8.4/armv6-m/libgcc.a(_udivdi3.o)
                0x0000796c                __udivdi3
 .text          0x00007cf0        0x0 /afs/inf.ed.ac.uk/user/s11/s1119414/SLIP/gcc-arm-none-eabi-4_8-2014q2/bin/../lib/gcc/arm-none-eabi/4.8.4/armv6-m/crtend.o
 .text          0x00007cf0        0x0 /afs/inf.ed.ac.uk/user/s11/s1119414/SLIP/gcc-arm-none-eabi-4_8-2014q2/bin/../lib/gcc/arm-none-eabi/4.8.4/armv6-m/crtn.o
 .text          0x00007cf0        0x0 /afs/inf.ed.ac.uk/user/s11/s1119414/SLIP/gcc-arm-none-eabi-4_8-2014q2/bin/../lib/gcc/arm-none-eabi/4.8.4/../../../../arm-none-eabi/lib/armv6-m/libnosys.a(sbrk.o)
 .text._sbrk    0x00007cf0       0x34 /afs/inf.ed.ac.uk/user/s11/s1119414/SLIP/gcc-arm-none-eabi-4_8-2014q2/bin/../lib/gcc/arm-none-eabi/4.8.4/../../../../arm-none-eabi/lib/armv6-m/libnosys.a(sbrk.o)
                0x00007cf0                _sbrk
 .text          0x00007d24        0x0 /afs/inf.ed.ac.uk/user/s11/s1119414/SLIP/gcc-arm-none-eabi-4_8-2014q2/bin/../lib/gcc/arm-none-eabi/4.8.4/../../../../arm-none-eabi/lib/armv6-m/libnosys.a(_exit.o)
 .text._exit    0x00007d24        0x4 /afs/inf.ed.ac.uk/user/s11/s1119414/SLIP/gcc-arm-none-eabi-4_8-2014q2/bin/../lib/gcc/arm-none-eabi/4.8.4/../../../../arm-none-eabi/lib/armv6-m/libnosys.a(_exit.o)
                0x00007d24                _exit
 *(.init)
 .init          0x00007d28        0x4 /afs/inf.ed.ac.uk/user/s11/s1119414/SLIP/gcc-arm-none-eabi-4_8-2014q2/bin/../lib/gcc/arm-none-eabi/4.8.4/armv6-m/crti.o
                0x00007d28                _init
 .init          0x00007d2c        0x8 /afs/inf.ed.ac.uk/user/s11/s1119414/SLIP/gcc-arm-none-eabi-4_8-2014q2/bin/../lib/gcc/arm-none-eabi/4.8.4/armv6-m/crtn.o
 *(.fini)
 .fini          0x00007d34        0x4 /afs/inf.ed.ac.uk/user/s11/s1119414/SLIP/gcc-arm-none-eabi-4_8-2014q2/bin/../lib/gcc/arm-none-eabi/4.8.4/armv6-m/crti.o
                0x00007d34                _fini
 .fini          0x00007d38        0x8 /afs/inf.ed.ac.uk/user/s11/s1119414/SLIP/gcc-arm-none-eabi-4_8-2014q2/bin/../lib/gcc/arm-none-eabi/4.8.4/armv6-m/crtn.o
 *crtbegin.o(.ctors)
 *crtbegin?.o(.ctors)
 *(EXCLUDE_FILE(*crtend.o *crtend?.o) .ctors)
 *(SORT(.ctors.*))
 *(.ctors)
 *crtbegin.o(.dtors)
 *crtbegin?.o(.dtors)
 *(EXCLUDE_FILE(*crtend.o *crtend?.o) .dtors)
 *(SORT(.dtors.*))
 *(.dtors)
 *(.rodata*)
 .rodata.str1.1
                0x00007d40       0x13 _build/main.o
 *fill*         0x00007d53        0x1 
 .rodata.str1.4
                0x00007d54        0x2 /afs/inf.ed.ac.uk/user/s11/s1119414/SLIP/gcc-arm-none-eabi-4_8-2014q2/bin/../lib/gcc/arm-none-eabi/4.8.4/../../../../arm-none-eabi/lib/armv6-m/libc.a(lib_a-impure.o)
                                  0x4 (size before relaxing)
 *fill*         0x00007d56        0x2 
 .rodata._global_impure_ptr
                0x00007d58        0x4 /afs/inf.ed.ac.uk/user/s11/s1119414/SLIP/gcc-arm-none-eabi-4_8-2014q2/bin/../lib/gcc/arm-none-eabi/4.8.4/../../../../arm-none-eabi/lib/armv6-m/libc.a(lib_a-impure.o)
                0x00007d58                _global_impure_ptr
 .rodata._svfprintf_r
                0x00007d5c      0x164 /afs/inf.ed.ac.uk/user/s11/s1119414/SLIP/gcc-arm-none-eabi-4_8-2014q2/bin/../lib/gcc/arm-none-eabi/4.8.4/../../../../arm-none-eabi/lib/armv6-m/libc.a(lib_a-svfprintf.o)
 .rodata.zeroes.6763
                0x00007ec0       0x10 /afs/inf.ed.ac.uk/user/s11/s1119414/SLIP/gcc-arm-none-eabi-4_8-2014q2/bin/../lib/gcc/arm-none-eabi/4.8.4/../../../../arm-none-eabi/lib/armv6-m/libc.a(lib_a-svfprintf.o)
 .rodata.str1.4
                0x00007ed0       0x42 /afs/inf.ed.ac.uk/user/s11/s1119414/SLIP/gcc-arm-none-eabi-4_8-2014q2/bin/../lib/gcc/arm-none-eabi/4.8.4/../../../../arm-none-eabi/lib/armv6-m/libc.a(lib_a-svfprintf.o)
                                 0x44 (size before relaxing)
 *fill*         0x00007f12        0x2 
 .rodata.blanks.6762
                0x00007f14       0x10 /afs/inf.ed.ac.uk/user/s11/s1119414/SLIP/gcc-arm-none-eabi-4_8-2014q2/bin/../lib/gcc/arm-none-eabi/4.8.4/../../../../arm-none-eabi/lib/armv6-m/libc.a(lib_a-svfprintf.o)
 .rodata.str1.4
                0x00007f24       0x10 /afs/inf.ed.ac.uk/user/s11/s1119414/SLIP/gcc-arm-none-eabi-4_8-2014q2/bin/../lib/gcc/arm-none-eabi/4.8.4/../../../../arm-none-eabi/lib/armv6-m/libc.a(lib_a-dtoa.o)
                                 0x14 (size before relaxing)
 .rodata.str1.4
                0x00007f34        0xc /afs/inf.ed.ac.uk/user/s11/s1119414/SLIP/gcc-arm-none-eabi-4_8-2014q2/bin/../lib/gcc/arm-none-eabi/4.8.4/../../../../arm-none-eabi/lib/armv6-m/libc.a(lib_a-locale.o)
                                 0x14 (size before relaxing)
 .rodata.__mprec_tens
                0x00007f40       0xc8 /afs/inf.ed.ac.uk/user/s11/s1119414/SLIP/gcc-arm-none-eabi-4_8-2014q2/bin/../lib/gcc/arm-none-eabi/4.8.4/../../../../arm-none-eabi/lib/armv6-m/libc.a(lib_a-mprec.o)
                0x00007f40                __mprec_tens
 .rodata.__mprec_bigtens
                0x00008008       0x28 /afs/inf.ed.ac.uk/user/s11/s1119414/SLIP/gcc-arm-none-eabi-4_8-2014q2/bin/../lib/gcc/arm-none-eabi/4.8.4/../../../../arm-none-eabi/lib/armv6-m/libc.a(lib_a-mprec.o)
                0x00008008                __mprec_bigtens
 .rodata.__mprec_tinytens
                0x00008030       0x28 /afs/inf.ed.ac.uk/user/s11/s1119414/SLIP/gcc-arm-none-eabi-4_8-2014q2/bin/../lib/gcc/arm-none-eabi/4.8.4/../../../../arm-none-eabi/lib/armv6-m/libc.a(lib_a-mprec.o)
                0x00008030                __mprec_tinytens
 .rodata.p05.5269
                0x00008058        0xc /afs/inf.ed.ac.uk/user/s11/s1119414/SLIP/gcc-arm-none-eabi-4_8-2014q2/bin/../lib/gcc/arm-none-eabi/4.8.4/../../../../arm-none-eabi/lib/armv6-m/libc.a(lib_a-mprec.o)
 .rodata._svfiprintf_r
                0x00008064      0x164 /afs/inf.ed.ac.uk/user/s11/s1119414/SLIP/gcc-arm-none-eabi-4_8-2014q2/bin/../lib/gcc/arm-none-eabi/4.8.4/../../../../arm-none-eabi/lib/armv6-m/libc.a(lib_a-svfiprintf.o)
 .rodata.zeroes.6707
                0x000081c8       0x10 /afs/inf.ed.ac.uk/user/s11/s1119414/SLIP/gcc-arm-none-eabi-4_8-2014q2/bin/../lib/gcc/arm-none-eabi/4.8.4/../../../../arm-none-eabi/lib/armv6-m/libc.a(lib_a-svfiprintf.o)
 .rodata.str1.4
                0x00000000       0x30 /afs/inf.ed.ac.uk/user/s11/s1119414/SLIP/gcc-arm-none-eabi-4_8-2014q2/bin/../lib/gcc/arm-none-eabi/4.8.4/../../../../arm-none-eabi/lib/armv6-m/libc.a(lib_a-svfiprintf.o)
 .rodata.blanks.6706
                0x000081d8       0x10 /afs/inf.ed.ac.uk/user/s11/s1119414/SLIP/gcc-arm-none-eabi-4_8-2014q2/bin/../lib/gcc/arm-none-eabi/4.8.4/../../../../arm-none-eabi/lib/armv6-m/libc.a(lib_a-svfiprintf.o)
 .rodata        0x000081e8       0x40 /afs/inf.ed.ac.uk/user/s11/s1119414/SLIP/gcc-arm-none-eabi-4_8-2014q2/bin/../lib/gcc/arm-none-eabi/4.8.4/armv6-m/libgcc.a(divdf3.o)
 .rodata        0x00008228       0x40 /afs/inf.ed.ac.uk/user/s11/s1119414/SLIP/gcc-arm-none-eabi-4_8-2014q2/bin/../lib/gcc/arm-none-eabi/4.8.4/armv6-m/libgcc.a(muldf3.o)
 *(.eh_frame*)
 .eh_frame      0x00008268        0x0 /afs/inf.ed.ac.uk/user/s11/s1119414/SLIP/gcc-arm-none-eabi-4_8-2014q2/bin/../lib/gcc/arm-none-eabi/4.8.4/armv6-m/crtbegin.o
 .eh_frame      0x00008268        0x4 /afs/inf.ed.ac.uk/user/s11/s1119414/SLIP/gcc-arm-none-eabi-4_8-2014q2/bin/../lib/gcc/arm-none-eabi/4.8.4/armv6-m/crtend.o

.glue_7         0x0000826c        0x0
 .glue_7        0x00000000        0x0 linker stubs

.glue_7t        0x0000826c        0x0
 .glue_7t       0x00000000        0x0 linker stubs

.vfp11_veneer   0x0000826c        0x0
 .vfp11_veneer  0x00000000        0x0 linker stubs

.v4_bx          0x0000826c        0x0
 .v4_bx         0x00000000        0x0 linker stubs

.iplt           0x0000826c        0x0
 .iplt          0x00000000        0x0 /afs/inf.ed.ac.uk/user/s11/s1119414/SLIP/gcc-arm-none-eabi-4_8-2014q2/bin/../lib/gcc/arm-none-eabi/4.8.4/armv6-m/crtbegin.o

.ARM.extab      0x0000826c        0x0
 *(.ARM.extab* .gnu.linkonce.armextab.*)
 .ARM.extab     0x0000826c        0x0 /afs/inf.ed.ac.uk/user/s11/s1119414/SLIP/gcc-arm-none-eabi-4_8-2014q2/bin/../lib/gcc/arm-none-eabi/4.8.4/../../../../arm-none-eabi/lib/armv6-m/crt0.o
 .ARM.extab     0x0000826c        0x0 /afs/inf.ed.ac.uk/user/s11/s1119414/SLIP/gcc-arm-none-eabi-4_8-2014q2/bin/../lib/gcc/arm-none-eabi/4.8.4/armv6-m/libgcc.a(_divdi3.o)
 .ARM.extab     0x0000826c        0x0 /afs/inf.ed.ac.uk/user/s11/s1119414/SLIP/gcc-arm-none-eabi-4_8-2014q2/bin/../lib/gcc/arm-none-eabi/4.8.4/armv6-m/libgcc.a(_udivdi3.o)
                0x0000826c                __exidx_start = .

.ARM.exidx      0x0000826c        0x8
 *(.ARM.exidx* .gnu.linkonce.armexidx.*)
 .ARM.exidx     0x0000826c        0x8 /afs/inf.ed.ac.uk/user/s11/s1119414/SLIP/gcc-arm-none-eabi-4_8-2014q2/bin/../lib/gcc/arm-none-eabi/4.8.4/../../../../arm-none-eabi/lib/armv6-m/crt0.o
 .ARM.exidx     0x00008274        0x0 /afs/inf.ed.ac.uk/user/s11/s1119414/SLIP/gcc-arm-none-eabi-4_8-2014q2/bin/../lib/gcc/arm-none-eabi/4.8.4/armv6-m/libgcc.a(_divdi3.o)
                                  0x8 (size before relaxing)
 .ARM.exidx     0x00008274        0x0 /afs/inf.ed.ac.uk/user/s11/s1119414/SLIP/gcc-arm-none-eabi-4_8-2014q2/bin/../lib/gcc/arm-none-eabi/4.8.4/armv6-m/libgcc.a(_udivdi3.o)
                                  0x8 (size before relaxing)
                0x00008274                __exidx_end = .
                0x00008274                __etext = .

.rel.dyn        0x00008274        0x0
 .rel.iplt      0x00000000        0x0 /afs/inf.ed.ac.uk/user/s11/s1119414/SLIP/gcc-arm-none-eabi-4_8-2014q2/bin/../lib/gcc/arm-none-eabi/4.8.4/armv6-m/crtbegin.o

.data           0x20000000      0x8d4 load address 0x00008274
                0x20000000                __data_start__ = .
 *(vtable)
 *(.data*)
 .data          0x20000000        0x0 /afs/inf.ed.ac.uk/user/s11/s1119414/SLIP/gcc-arm-none-eabi-4_8-2014q2/bin/../lib/gcc/arm-none-eabi/4.8.4/armv6-m/crti.o
 .data          0x20000000        0x4 /afs/inf.ed.ac.uk/user/s11/s1119414/SLIP/gcc-arm-none-eabi-4_8-2014q2/bin/../lib/gcc/arm-none-eabi/4.8.4/armv6-m/crtbegin.o
                0x20000000                __dso_handle
 .data          0x20000004        0x0 /afs/inf.ed.ac.uk/user/s11/s1119414/SLIP/gcc-arm-none-eabi-4_8-2014q2/bin/../lib/gcc/arm-none-eabi/4.8.4/../../../../arm-none-eabi/lib/armv6-m/crt0.o
 .data          0x20000004        0x0 _build/startup_nrf51.os
 .data          0x20000004        0x4 _build/system_nrf51.o
                0x20000004                SystemCoreClock
 .data          0x20000008        0x7 _build/libjanek.o
                0x2000000e                ADS_conf
 .data          0x2000000f        0x0 _build/main.o
 .data          0x2000000f        0x0 _build/nrf_delay.o
 .data          0x2000000f        0x0 _build/simple_uart.o
 .data          0x2000000f        0x0 _build/twi_sw_master.o
 .data          0x2000000f        0x0 /afs/inf.ed.ac.uk/user/s11/s1119414/SLIP/gcc-arm-none-eabi-4_8-2014q2/bin/../lib/gcc/arm-none-eabi/4.8.4/../../../../arm-none-eabi/lib/armv6-m/libc.a(lib_a-exit.o)
 .data          0x2000000f        0x0 /afs/inf.ed.ac.uk/user/s11/s1119414/SLIP/gcc-arm-none-eabi-4_8-2014q2/bin/../lib/gcc/arm-none-eabi/4.8.4/../../../../arm-none-eabi/lib/armv6-m/libc.a(lib_a-impure.o)
 *fill*         0x2000000f        0x1 
 .data.impure_data
                0x20000010      0x428 /afs/inf.ed.ac.uk/user/s11/s1119414/SLIP/gcc-arm-none-eabi-4_8-2014q2/bin/../lib/gcc/arm-none-eabi/4.8.4/../../../../arm-none-eabi/lib/armv6-m/libc.a(lib_a-impure.o)
 .data._impure_ptr
                0x20000438        0x4 /afs/inf.ed.ac.uk/user/s11/s1119414/SLIP/gcc-arm-none-eabi-4_8-2014q2/bin/../lib/gcc/arm-none-eabi/4.8.4/../../../../arm-none-eabi/lib/armv6-m/libc.a(lib_a-impure.o)
                0x20000438                _impure_ptr
 .data          0x2000043c        0x0 /afs/inf.ed.ac.uk/user/s11/s1119414/SLIP/gcc-arm-none-eabi-4_8-2014q2/bin/../lib/gcc/arm-none-eabi/4.8.4/../../../../arm-none-eabi/lib/armv6-m/libc.a(lib_a-init.o)
 .data          0x2000043c        0x0 /afs/inf.ed.ac.uk/user/s11/s1119414/SLIP/gcc-arm-none-eabi-4_8-2014q2/bin/../lib/gcc/arm-none-eabi/4.8.4/../../../../arm-none-eabi/lib/armv6-m/libc.a(lib_a-memset.o)
 .data          0x2000043c        0x0 /afs/inf.ed.ac.uk/user/s11/s1119414/SLIP/gcc-arm-none-eabi-4_8-2014q2/bin/../lib/gcc/arm-none-eabi/4.8.4/../../../../arm-none-eabi/lib/armv6-m/libc.a(lib_a-sprintf.o)
 .data          0x2000043c        0x0 /afs/inf.ed.ac.uk/user/s11/s1119414/SLIP/gcc-arm-none-eabi-4_8-2014q2/bin/../lib/gcc/arm-none-eabi/4.8.4/../../../../arm-none-eabi/lib/armv6-m/libc.a(lib_a-svfprintf.o)
 .data          0x2000043c        0x0 /afs/inf.ed.ac.uk/user/s11/s1119414/SLIP/gcc-arm-none-eabi-4_8-2014q2/bin/../lib/gcc/arm-none-eabi/4.8.4/../../../../arm-none-eabi/lib/armv6-m/libc.a(lib_a-__call_atexit.o)
 .data          0x2000043c        0x0 /afs/inf.ed.ac.uk/user/s11/s1119414/SLIP/gcc-arm-none-eabi-4_8-2014q2/bin/../lib/gcc/arm-none-eabi/4.8.4/../../../../arm-none-eabi/lib/armv6-m/libc.a(lib_a-atexit.o)
 .data          0x2000043c        0x0 /afs/inf.ed.ac.uk/user/s11/s1119414/SLIP/gcc-arm-none-eabi-4_8-2014q2/bin/../lib/gcc/arm-none-eabi/4.8.4/../../../../arm-none-eabi/lib/armv6-m/libc.a(lib_a-dtoa.o)
 .data          0x2000043c        0x0 /afs/inf.ed.ac.uk/user/s11/s1119414/SLIP/gcc-arm-none-eabi-4_8-2014q2/bin/../lib/gcc/arm-none-eabi/4.8.4/../../../../arm-none-eabi/lib/armv6-m/libc.a(lib_a-fini.o)
 .data          0x2000043c        0x0 /afs/inf.ed.ac.uk/user/s11/s1119414/SLIP/gcc-arm-none-eabi-4_8-2014q2/bin/../lib/gcc/arm-none-eabi/4.8.4/../../../../arm-none-eabi/lib/armv6-m/libc.a(lib_a-locale.o)
 .data.lc_message_charset
                0x2000043c       0x20 /afs/inf.ed.ac.uk/user/s11/s1119414/SLIP/gcc-arm-none-eabi-4_8-2014q2/bin/../lib/gcc/arm-none-eabi/4.8.4/../../../../arm-none-eabi/lib/armv6-m/libc.a(lib_a-locale.o)
 .data.lconv    0x2000045c       0x38 /afs/inf.ed.ac.uk/user/s11/s1119414/SLIP/gcc-arm-none-eabi-4_8-2014q2/bin/../lib/gcc/arm-none-eabi/4.8.4/../../../../arm-none-eabi/lib/armv6-m/libc.a(lib_a-locale.o)
 .data.lc_ctype_charset
                0x20000494       0x20 /afs/inf.ed.ac.uk/user/s11/s1119414/SLIP/gcc-arm-none-eabi-4_8-2014q2/bin/../lib/gcc/arm-none-eabi/4.8.4/../../../../arm-none-eabi/lib/armv6-m/libc.a(lib_a-locale.o)
 .data.__mb_cur_max
                0x200004b4        0x4 /afs/inf.ed.ac.uk/user/s11/s1119414/SLIP/gcc-arm-none-eabi-4_8-2014q2/bin/../lib/gcc/arm-none-eabi/4.8.4/../../../../arm-none-eabi/lib/armv6-m/libc.a(lib_a-locale.o)
                0x200004b4                __mb_cur_max
 .data          0x200004b8        0x0 /afs/inf.ed.ac.uk/user/s11/s1119414/SLIP/gcc-arm-none-eabi-4_8-2014q2/bin/../lib/gcc/arm-none-eabi/4.8.4/../../../../arm-none-eabi/lib/armv6-m/libc.a(lib_a-mallocr.o)
 .data.__malloc_av_
                0x200004b8      0x408 /afs/inf.ed.ac.uk/user/s11/s1119414/SLIP/gcc-arm-none-eabi-4_8-2014q2/bin/../lib/gcc/arm-none-eabi/4.8.4/../../../../arm-none-eabi/lib/armv6-m/libc.a(lib_a-mallocr.o)
                0x200004b8                __malloc_av_
 .data.__malloc_trim_threshold
                0x200008c0        0x4 /afs/inf.ed.ac.uk/user/s11/s1119414/SLIP/gcc-arm-none-eabi-4_8-2014q2/bin/../lib/gcc/arm-none-eabi/4.8.4/../../../../arm-none-eabi/lib/armv6-m/libc.a(lib_a-mallocr.o)
                0x200008c0                __malloc_trim_threshold
 .data.__malloc_sbrk_base
                0x200008c4        0x4 /afs/inf.ed.ac.uk/user/s11/s1119414/SLIP/gcc-arm-none-eabi-4_8-2014q2/bin/../lib/gcc/arm-none-eabi/4.8.4/../../../../arm-none-eabi/lib/armv6-m/libc.a(lib_a-mallocr.o)
                0x200008c4                __malloc_sbrk_base
 .data          0x200008c8        0x0 /afs/inf.ed.ac.uk/user/s11/s1119414/SLIP/gcc-arm-none-eabi-4_8-2014q2/bin/../lib/gcc/arm-none-eabi/4.8.4/../../../../arm-none-eabi/lib/armv6-m/libc.a(lib_a-memchr-stub.o)
 .data          0x200008c8        0x0 /afs/inf.ed.ac.uk/user/s11/s1119414/SLIP/gcc-arm-none-eabi-4_8-2014q2/bin/../lib/gcc/arm-none-eabi/4.8.4/../../../../arm-none-eabi/lib/armv6-m/libc.a(lib_a-memcpy-stub.o)
 .data          0x200008c8        0x0 /afs/inf.ed.ac.uk/user/s11/s1119414/SLIP/gcc-arm-none-eabi-4_8-2014q2/bin/../lib/gcc/arm-none-eabi/4.8.4/../../../../arm-none-eabi/lib/armv6-m/libc.a(lib_a-mlock.o)
 .data          0x200008c8        0x0 /afs/inf.ed.ac.uk/user/s11/s1119414/SLIP/gcc-arm-none-eabi-4_8-2014q2/bin/../lib/gcc/arm-none-eabi/4.8.4/../../../../arm-none-eabi/lib/armv6-m/libc.a(lib_a-mprec.o)
 .data          0x200008c8        0x0 /afs/inf.ed.ac.uk/user/s11/s1119414/SLIP/gcc-arm-none-eabi-4_8-2014q2/bin/../lib/gcc/arm-none-eabi/4.8.4/../../../../arm-none-eabi/lib/armv6-m/libc.a(lib_a-s_fpclassify.o)
 .data          0x200008c8        0x0 /afs/inf.ed.ac.uk/user/s11/s1119414/SLIP/gcc-arm-none-eabi-4_8-2014q2/bin/../lib/gcc/arm-none-eabi/4.8.4/../../../../arm-none-eabi/lib/armv6-m/libc.a(lib_a-sbrkr.o)
 .data          0x200008c8        0x0 /afs/inf.ed.ac.uk/user/s11/s1119414/SLIP/gcc-arm-none-eabi-4_8-2014q2/bin/../lib/gcc/arm-none-eabi/4.8.4/../../../../arm-none-eabi/lib/armv6-m/libc.a(lib_a-strcmp.o)
 .data          0x200008c8        0x0 /afs/inf.ed.ac.uk/user/s11/s1119414/SLIP/gcc-arm-none-eabi-4_8-2014q2/bin/../lib/gcc/arm-none-eabi/4.8.4/../../../../arm-none-eabi/lib/armv6-m/libc.a(lib_a-strlen.o)
 .data          0x200008c8        0x0 /afs/inf.ed.ac.uk/user/s11/s1119414/SLIP/gcc-arm-none-eabi-4_8-2014q2/bin/../lib/gcc/arm-none-eabi/4.8.4/../../../../arm-none-eabi/lib/armv6-m/libc.a(lib_a-svfiprintf.o)
 .data          0x200008c8        0x0 /afs/inf.ed.ac.uk/user/s11/s1119414/SLIP/gcc-arm-none-eabi-4_8-2014q2/bin/../lib/gcc/arm-none-eabi/4.8.4/../../../../arm-none-eabi/lib/armv6-m/libc.a(lib_a-__atexit.o)
 .data          0x200008c8        0x0 /afs/inf.ed.ac.uk/user/s11/s1119414/SLIP/gcc-arm-none-eabi-4_8-2014q2/bin/../lib/gcc/arm-none-eabi/4.8.4/../../../../arm-none-eabi/lib/armv6-m/libc.a(lib_a-callocr.o)
 .data          0x200008c8        0x0 /afs/inf.ed.ac.uk/user/s11/s1119414/SLIP/gcc-arm-none-eabi-4_8-2014q2/bin/../lib/gcc/arm-none-eabi/4.8.4/../../../../arm-none-eabi/lib/armv6-m/libc.a(lib_a-freer.o)
 .data          0x200008c8        0x0 /afs/inf.ed.ac.uk/user/s11/s1119414/SLIP/gcc-arm-none-eabi-4_8-2014q2/bin/../lib/gcc/arm-none-eabi/4.8.4/../../../../arm-none-eabi/lib/armv6-m/libc.a(lib_a-memmove.o)
 .data          0x200008c8        0x0 /afs/inf.ed.ac.uk/user/s11/s1119414/SLIP/gcc-arm-none-eabi-4_8-2014q2/bin/../lib/gcc/arm-none-eabi/4.8.4/../../../../arm-none-eabi/lib/armv6-m/libc.a(lib_a-reallocr.o)
 .data          0x200008c8        0x0 /afs/inf.ed.ac.uk/user/s11/s1119414/SLIP/gcc-arm-none-eabi-4_8-2014q2/bin/../lib/gcc/arm-none-eabi/4.8.4/../../../../arm-none-eabi/lib/armv6-m/libc.a(lib_a-reent.o)
 .data          0x200008c8        0x0 /afs/inf.ed.ac.uk/user/s11/s1119414/SLIP/gcc-arm-none-eabi-4_8-2014q2/bin/../lib/gcc/arm-none-eabi/4.8.4/armv6-m/libgcc.a(_udivsi3.o)
 .data          0x200008c8        0x0 /afs/inf.ed.ac.uk/user/s11/s1119414/SLIP/gcc-arm-none-eabi-4_8-2014q2/bin/../lib/gcc/arm-none-eabi/4.8.4/armv6-m/libgcc.a(_divsi3.o)
 .data          0x200008c8        0x0 /afs/inf.ed.ac.uk/user/s11/s1119414/SLIP/gcc-arm-none-eabi-4_8-2014q2/bin/../lib/gcc/arm-none-eabi/4.8.4/armv6-m/libgcc.a(_dvmd_tls.o)
 .data          0x200008c8        0x0 /afs/inf.ed.ac.uk/user/s11/s1119414/SLIP/gcc-arm-none-eabi-4_8-2014q2/bin/../lib/gcc/arm-none-eabi/4.8.4/armv6-m/libgcc.a(_arm_cmpdf2.o)
 .data          0x200008c8        0x0 /afs/inf.ed.ac.uk/user/s11/s1119414/SLIP/gcc-arm-none-eabi-4_8-2014q2/bin/../lib/gcc/arm-none-eabi/4.8.4/armv6-m/libgcc.a(_aeabi_uldivmod.o)
 .data          0x200008c8        0x0 /afs/inf.ed.ac.uk/user/s11/s1119414/SLIP/gcc-arm-none-eabi-4_8-2014q2/bin/../lib/gcc/arm-none-eabi/4.8.4/armv6-m/libgcc.a(bpabi.o)
 .data          0x200008c8        0x0 /afs/inf.ed.ac.uk/user/s11/s1119414/SLIP/gcc-arm-none-eabi-4_8-2014q2/bin/../lib/gcc/arm-none-eabi/4.8.4/armv6-m/libgcc.a(adddf3.o)
 .data          0x200008c8        0x0 /afs/inf.ed.ac.uk/user/s11/s1119414/SLIP/gcc-arm-none-eabi-4_8-2014q2/bin/../lib/gcc/arm-none-eabi/4.8.4/armv6-m/libgcc.a(divdf3.o)
 .data          0x200008c8        0x0 /afs/inf.ed.ac.uk/user/s11/s1119414/SLIP/gcc-arm-none-eabi-4_8-2014q2/bin/../lib/gcc/arm-none-eabi/4.8.4/armv6-m/libgcc.a(eqdf2.o)
 .data          0x200008c8        0x0 /afs/inf.ed.ac.uk/user/s11/s1119414/SLIP/gcc-arm-none-eabi-4_8-2014q2/bin/../lib/gcc/arm-none-eabi/4.8.4/armv6-m/libgcc.a(gedf2.o)
 .data          0x200008c8        0x0 /afs/inf.ed.ac.uk/user/s11/s1119414/SLIP/gcc-arm-none-eabi-4_8-2014q2/bin/../lib/gcc/arm-none-eabi/4.8.4/armv6-m/libgcc.a(ledf2.o)
 .data          0x200008c8        0x0 /afs/inf.ed.ac.uk/user/s11/s1119414/SLIP/gcc-arm-none-eabi-4_8-2014q2/bin/../lib/gcc/arm-none-eabi/4.8.4/armv6-m/libgcc.a(muldf3.o)
 .data          0x200008c8        0x0 /afs/inf.ed.ac.uk/user/s11/s1119414/SLIP/gcc-arm-none-eabi-4_8-2014q2/bin/../lib/gcc/arm-none-eabi/4.8.4/armv6-m/libgcc.a(subdf3.o)
 .data          0x200008c8        0x0 /afs/inf.ed.ac.uk/user/s11/s1119414/SLIP/gcc-arm-none-eabi-4_8-2014q2/bin/../lib/gcc/arm-none-eabi/4.8.4/armv6-m/libgcc.a(fixdfsi.o)
 .data          0x200008c8        0x0 /afs/inf.ed.ac.uk/user/s11/s1119414/SLIP/gcc-arm-none-eabi-4_8-2014q2/bin/../lib/gcc/arm-none-eabi/4.8.4/armv6-m/libgcc.a(floatsidf.o)
 .data          0x200008c8        0x0 /afs/inf.ed.ac.uk/user/s11/s1119414/SLIP/gcc-arm-none-eabi-4_8-2014q2/bin/../lib/gcc/arm-none-eabi/4.8.4/armv6-m/libgcc.a(floatunsidf.o)
 .data          0x200008c8        0x0 /afs/inf.ed.ac.uk/user/s11/s1119414/SLIP/gcc-arm-none-eabi-4_8-2014q2/bin/../lib/gcc/arm-none-eabi/4.8.4/armv6-m/libgcc.a(_clzsi2.o)
 .data          0x200008c8        0x0 /afs/inf.ed.ac.uk/user/s11/s1119414/SLIP/gcc-arm-none-eabi-4_8-2014q2/bin/../lib/gcc/arm-none-eabi/4.8.4/armv6-m/libgcc.a(_muldi3.o)
 .data          0x200008c8        0x0 /afs/inf.ed.ac.uk/user/s11/s1119414/SLIP/gcc-arm-none-eabi-4_8-2014q2/bin/../lib/gcc/arm-none-eabi/4.8.4/armv6-m/libgcc.a(_divdi3.o)
 .data          0x200008c8        0x0 /afs/inf.ed.ac.uk/user/s11/s1119414/SLIP/gcc-arm-none-eabi-4_8-2014q2/bin/../lib/gcc/arm-none-eabi/4.8.4/armv6-m/libgcc.a(_udivdi3.o)
 .data          0x200008c8        0x0 /afs/inf.ed.ac.uk/user/s11/s1119414/SLIP/gcc-arm-none-eabi-4_8-2014q2/bin/../lib/gcc/arm-none-eabi/4.8.4/armv6-m/crtend.o
 .data          0x200008c8        0x0 /afs/inf.ed.ac.uk/user/s11/s1119414/SLIP/gcc-arm-none-eabi-4_8-2014q2/bin/../lib/gcc/arm-none-eabi/4.8.4/armv6-m/crtn.o
 .data          0x200008c8        0x0 /afs/inf.ed.ac.uk/user/s11/s1119414/SLIP/gcc-arm-none-eabi-4_8-2014q2/bin/../lib/gcc/arm-none-eabi/4.8.4/../../../../arm-none-eabi/lib/armv6-m/libnosys.a(sbrk.o)
 .data          0x200008c8        0x0 /afs/inf.ed.ac.uk/user/s11/s1119414/SLIP/gcc-arm-none-eabi-4_8-2014q2/bin/../lib/gcc/arm-none-eabi/4.8.4/../../../../arm-none-eabi/lib/armv6-m/libnosys.a(_exit.o)
                0x200008c8                . = ALIGN (0x4)
                0x200008c8                PROVIDE (__preinit_array_start, .)
 *(.preinit_array)
                0x200008c8                PROVIDE (__preinit_array_end, .)
                0x200008c8                . = ALIGN (0x4)
                0x200008c8                PROVIDE (__init_array_start, .)
 *(SORT(.init_array.*))
 .init_array.00000
                0x200008c8        0x4 /afs/inf.ed.ac.uk/user/s11/s1119414/SLIP/gcc-arm-none-eabi-4_8-2014q2/bin/../lib/gcc/arm-none-eabi/4.8.4/../../../../arm-none-eabi/lib/armv6-m/libc.a(lib_a-__call_atexit.o)
 *(.init_array)
 .init_array    0x200008cc        0x4 /afs/inf.ed.ac.uk/user/s11/s1119414/SLIP/gcc-arm-none-eabi-4_8-2014q2/bin/../lib/gcc/arm-none-eabi/4.8.4/armv6-m/crtbegin.o
                0x200008d0                PROVIDE (__init_array_end, .)
                0x200008d0                . = ALIGN (0x4)
                0x200008d0                PROVIDE (__fini_array_start, .)
 *(SORT(.fini_array.*))
 *(.fini_array)
 .fini_array    0x200008d0        0x4 /afs/inf.ed.ac.uk/user/s11/s1119414/SLIP/gcc-arm-none-eabi-4_8-2014q2/bin/../lib/gcc/arm-none-eabi/4.8.4/armv6-m/crtbegin.o
                0x200008d4                PROVIDE (__fini_array_end, .)
                0x200008d4                . = ALIGN (0x4)
                0x200008d4                __data_end__ = .

.jcr            0x200008d4        0x4 load address 0x00008b48
 .jcr           0x200008d4        0x0 /afs/inf.ed.ac.uk/user/s11/s1119414/SLIP/gcc-arm-none-eabi-4_8-2014q2/bin/../lib/gcc/arm-none-eabi/4.8.4/armv6-m/crtbegin.o
 .jcr           0x200008d4        0x4 /afs/inf.ed.ac.uk/user/s11/s1119414/SLIP/gcc-arm-none-eabi-4_8-2014q2/bin/../lib/gcc/arm-none-eabi/4.8.4/armv6-m/crtend.o

.igot.plt       0x200008d8        0x0 load address 0x00008b4c
 .igot.plt      0x00000000        0x0 /afs/inf.ed.ac.uk/user/s11/s1119414/SLIP/gcc-arm-none-eabi-4_8-2014q2/bin/../lib/gcc/arm-none-eabi/4.8.4/armv6-m/crtbegin.o

.bss            0x200008d8       0x74 load address 0x00008b4c
                0x200008d8                __bss_start__ = .
 *(.bss*)
 .bss           0x200008d8        0x0 /afs/inf.ed.ac.uk/user/s11/s1119414/SLIP/gcc-arm-none-eabi-4_8-2014q2/bin/../lib/gcc/arm-none-eabi/4.8.4/armv6-m/crti.o
 .bss           0x200008d8       0x1c /afs/inf.ed.ac.uk/user/s11/s1119414/SLIP/gcc-arm-none-eabi-4_8-2014q2/bin/../lib/gcc/arm-none-eabi/4.8.4/armv6-m/crtbegin.o
 .bss           0x200008f4        0x0 /afs/inf.ed.ac.uk/user/s11/s1119414/SLIP/gcc-arm-none-eabi-4_8-2014q2/bin/../lib/gcc/arm-none-eabi/4.8.4/../../../../arm-none-eabi/lib/armv6-m/crt0.o
 .bss           0x200008f4        0x0 _build/startup_nrf51.os
 .bss           0x200008f4        0x0 _build/system_nrf51.o
 .bss           0x200008f4        0x0 _build/libjanek.o
 .bss           0x200008f4        0x5 _build/main.o
 .bss           0x200008f9        0x0 _build/nrf_delay.o
 .bss           0x200008f9        0x0 _build/simple_uart.o
 .bss           0x200008f9        0x0 _build/twi_sw_master.o
 .bss           0x200008f9        0x0 /afs/inf.ed.ac.uk/user/s11/s1119414/SLIP/gcc-arm-none-eabi-4_8-2014q2/bin/../lib/gcc/arm-none-eabi/4.8.4/../../../../arm-none-eabi/lib/armv6-m/libc.a(lib_a-exit.o)
 .bss           0x200008f9        0x0 /afs/inf.ed.ac.uk/user/s11/s1119414/SLIP/gcc-arm-none-eabi-4_8-2014q2/bin/../lib/gcc/arm-none-eabi/4.8.4/../../../../arm-none-eabi/lib/armv6-m/libc.a(lib_a-impure.o)
 .bss           0x200008f9        0x0 /afs/inf.ed.ac.uk/user/s11/s1119414/SLIP/gcc-arm-none-eabi-4_8-2014q2/bin/../lib/gcc/arm-none-eabi/4.8.4/../../../../arm-none-eabi/lib/armv6-m/libc.a(lib_a-init.o)
 .bss           0x200008f9        0x0 /afs/inf.ed.ac.uk/user/s11/s1119414/SLIP/gcc-arm-none-eabi-4_8-2014q2/bin/../lib/gcc/arm-none-eabi/4.8.4/../../../../arm-none-eabi/lib/armv6-m/libc.a(lib_a-memset.o)
 .bss           0x200008f9        0x0 /afs/inf.ed.ac.uk/user/s11/s1119414/SLIP/gcc-arm-none-eabi-4_8-2014q2/bin/../lib/gcc/arm-none-eabi/4.8.4/../../../../arm-none-eabi/lib/armv6-m/libc.a(lib_a-sprintf.o)
 .bss           0x200008f9        0x0 /afs/inf.ed.ac.uk/user/s11/s1119414/SLIP/gcc-arm-none-eabi-4_8-2014q2/bin/../lib/gcc/arm-none-eabi/4.8.4/../../../../arm-none-eabi/lib/armv6-m/libc.a(lib_a-svfprintf.o)
 .bss           0x200008f9        0x0 /afs/inf.ed.ac.uk/user/s11/s1119414/SLIP/gcc-arm-none-eabi-4_8-2014q2/bin/../lib/gcc/arm-none-eabi/4.8.4/../../../../arm-none-eabi/lib/armv6-m/libc.a(lib_a-__call_atexit.o)
 .bss           0x200008f9        0x0 /afs/inf.ed.ac.uk/user/s11/s1119414/SLIP/gcc-arm-none-eabi-4_8-2014q2/bin/../lib/gcc/arm-none-eabi/4.8.4/../../../../arm-none-eabi/lib/armv6-m/libc.a(lib_a-atexit.o)
 .bss           0x200008f9        0x0 /afs/inf.ed.ac.uk/user/s11/s1119414/SLIP/gcc-arm-none-eabi-4_8-2014q2/bin/../lib/gcc/arm-none-eabi/4.8.4/../../../../arm-none-eabi/lib/armv6-m/libc.a(lib_a-dtoa.o)
 .bss           0x200008f9        0x0 /afs/inf.ed.ac.uk/user/s11/s1119414/SLIP/gcc-arm-none-eabi-4_8-2014q2/bin/../lib/gcc/arm-none-eabi/4.8.4/../../../../arm-none-eabi/lib/armv6-m/libc.a(lib_a-fini.o)
 .bss           0x200008f9        0x0 /afs/inf.ed.ac.uk/user/s11/s1119414/SLIP/gcc-arm-none-eabi-4_8-2014q2/bin/../lib/gcc/arm-none-eabi/4.8.4/../../../../arm-none-eabi/lib/armv6-m/libc.a(lib_a-locale.o)
 *fill*         0x200008f9        0x3 
 .bss._PathLocale
                0x200008fc        0x4 /afs/inf.ed.ac.uk/user/s11/s1119414/SLIP/gcc-arm-none-eabi-4_8-2014q2/bin/../lib/gcc/arm-none-eabi/4.8.4/../../../../arm-none-eabi/lib/armv6-m/libc.a(lib_a-locale.o)
                0x200008fc                _PathLocale
 .bss.__nlocale_changed
                0x20000900        0x4 /afs/inf.ed.ac.uk/user/s11/s1119414/SLIP/gcc-arm-none-eabi-4_8-2014q2/bin/../lib/gcc/arm-none-eabi/4.8.4/../../../../arm-none-eabi/lib/armv6-m/libc.a(lib_a-locale.o)
                0x20000900                __nlocale_changed
 .bss.__mlocale_changed
                0x20000904        0x4 /afs/inf.ed.ac.uk/user/s11/s1119414/SLIP/gcc-arm-none-eabi-4_8-2014q2/bin/../lib/gcc/arm-none-eabi/4.8.4/../../../../arm-none-eabi/lib/armv6-m/libc.a(lib_a-locale.o)
                0x20000904                __mlocale_changed
 .bss           0x20000908        0x0 /afs/inf.ed.ac.uk/user/s11/s1119414/SLIP/gcc-arm-none-eabi-4_8-2014q2/bin/../lib/gcc/arm-none-eabi/4.8.4/../../../../arm-none-eabi/lib/armv6-m/libc.a(lib_a-mallocr.o)
 .bss.__malloc_max_total_mem
                0x20000908        0x4 /afs/inf.ed.ac.uk/user/s11/s1119414/SLIP/gcc-arm-none-eabi-4_8-2014q2/bin/../lib/gcc/arm-none-eabi/4.8.4/../../../../arm-none-eabi/lib/armv6-m/libc.a(lib_a-mallocr.o)
                0x20000908                __malloc_max_total_mem
 .bss.__malloc_max_sbrked_mem
                0x2000090c        0x4 /afs/inf.ed.ac.uk/user/s11/s1119414/SLIP/gcc-arm-none-eabi-4_8-2014q2/bin/../lib/gcc/arm-none-eabi/4.8.4/../../../../arm-none-eabi/lib/armv6-m/libc.a(lib_a-mallocr.o)
                0x2000090c                __malloc_max_sbrked_mem
 .bss.__malloc_top_pad
                0x20000910        0x4 /afs/inf.ed.ac.uk/user/s11/s1119414/SLIP/gcc-arm-none-eabi-4_8-2014q2/bin/../lib/gcc/arm-none-eabi/4.8.4/../../../../arm-none-eabi/lib/armv6-m/libc.a(lib_a-mallocr.o)
                0x20000910                __malloc_top_pad
 .bss.__malloc_current_mallinfo
                0x20000914       0x28 /afs/inf.ed.ac.uk/user/s11/s1119414/SLIP/gcc-arm-none-eabi-4_8-2014q2/bin/../lib/gcc/arm-none-eabi/4.8.4/../../../../arm-none-eabi/lib/armv6-m/libc.a(lib_a-mallocr.o)
                0x20000914                __malloc_current_mallinfo
 .bss           0x2000093c        0x0 /afs/inf.ed.ac.uk/user/s11/s1119414/SLIP/gcc-arm-none-eabi-4_8-2014q2/bin/../lib/gcc/arm-none-eabi/4.8.4/../../../../arm-none-eabi/lib/armv6-m/libc.a(lib_a-memchr-stub.o)
 .bss           0x2000093c        0x0 /afs/inf.ed.ac.uk/user/s11/s1119414/SLIP/gcc-arm-none-eabi-4_8-2014q2/bin/../lib/gcc/arm-none-eabi/4.8.4/../../../../arm-none-eabi/lib/armv6-m/libc.a(lib_a-memcpy-stub.o)
 .bss           0x2000093c        0x0 /afs/inf.ed.ac.uk/user/s11/s1119414/SLIP/gcc-arm-none-eabi-4_8-2014q2/bin/../lib/gcc/arm-none-eabi/4.8.4/../../../../arm-none-eabi/lib/armv6-m/libc.a(lib_a-mlock.o)
 .bss           0x2000093c        0x0 /afs/inf.ed.ac.uk/user/s11/s1119414/SLIP/gcc-arm-none-eabi-4_8-2014q2/bin/../lib/gcc/arm-none-eabi/4.8.4/../../../../arm-none-eabi/lib/armv6-m/libc.a(lib_a-mprec.o)
 .bss           0x2000093c        0x0 /afs/inf.ed.ac.uk/user/s11/s1119414/SLIP/gcc-arm-none-eabi-4_8-2014q2/bin/../lib/gcc/arm-none-eabi/4.8.4/../../../../arm-none-eabi/lib/armv6-m/libc.a(lib_a-s_fpclassify.o)
 .bss           0x2000093c        0x0 /afs/inf.ed.ac.uk/user/s11/s1119414/SLIP/gcc-arm-none-eabi-4_8-2014q2/bin/../lib/gcc/arm-none-eabi/4.8.4/../../../../arm-none-eabi/lib/armv6-m/libc.a(lib_a-sbrkr.o)
 .bss           0x2000093c        0x0 /afs/inf.ed.ac.uk/user/s11/s1119414/SLIP/gcc-arm-none-eabi-4_8-2014q2/bin/../lib/gcc/arm-none-eabi/4.8.4/../../../../arm-none-eabi/lib/armv6-m/libc.a(lib_a-strcmp.o)
 .bss           0x2000093c        0x0 /afs/inf.ed.ac.uk/user/s11/s1119414/SLIP/gcc-arm-none-eabi-4_8-2014q2/bin/../lib/gcc/arm-none-eabi/4.8.4/../../../../arm-none-eabi/lib/armv6-m/libc.a(lib_a-strlen.o)
 .bss           0x2000093c        0x0 /afs/inf.ed.ac.uk/user/s11/s1119414/SLIP/gcc-arm-none-eabi-4_8-2014q2/bin/../lib/gcc/arm-none-eabi/4.8.4/../../../../arm-none-eabi/lib/armv6-m/libc.a(lib_a-svfiprintf.o)
 .bss           0x2000093c        0x0 /afs/inf.ed.ac.uk/user/s11/s1119414/SLIP/gcc-arm-none-eabi-4_8-2014q2/bin/../lib/gcc/arm-none-eabi/4.8.4/../../../../arm-none-eabi/lib/armv6-m/libc.a(lib_a-__atexit.o)
 .bss           0x2000093c        0x0 /afs/inf.ed.ac.uk/user/s11/s1119414/SLIP/gcc-arm-none-eabi-4_8-2014q2/bin/../lib/gcc/arm-none-eabi/4.8.4/../../../../arm-none-eabi/lib/armv6-m/libc.a(lib_a-callocr.o)
 .bss           0x2000093c        0x0 /afs/inf.ed.ac.uk/user/s11/s1119414/SLIP/gcc-arm-none-eabi-4_8-2014q2/bin/../lib/gcc/arm-none-eabi/4.8.4/../../../../arm-none-eabi/lib/armv6-m/libc.a(lib_a-freer.o)
 .bss           0x2000093c        0x0 /afs/inf.ed.ac.uk/user/s11/s1119414/SLIP/gcc-arm-none-eabi-4_8-2014q2/bin/../lib/gcc/arm-none-eabi/4.8.4/../../../../arm-none-eabi/lib/armv6-m/libc.a(lib_a-memmove.o)
 .bss           0x2000093c        0x0 /afs/inf.ed.ac.uk/user/s11/s1119414/SLIP/gcc-arm-none-eabi-4_8-2014q2/bin/../lib/gcc/arm-none-eabi/4.8.4/../../../../arm-none-eabi/lib/armv6-m/libc.a(lib_a-reallocr.o)
 .bss           0x2000093c        0x0 /afs/inf.ed.ac.uk/user/s11/s1119414/SLIP/gcc-arm-none-eabi-4_8-2014q2/bin/../lib/gcc/arm-none-eabi/4.8.4/../../../../arm-none-eabi/lib/armv6-m/libc.a(lib_a-reent.o)
 .bss           0x2000093c        0x0 /afs/inf.ed.ac.uk/user/s11/s1119414/SLIP/gcc-arm-none-eabi-4_8-2014q2/bin/../lib/gcc/arm-none-eabi/4.8.4/armv6-m/libgcc.a(_udivsi3.o)
 .bss           0x2000093c        0x0 /afs/inf.ed.ac.uk/user/s11/s1119414/SLIP/gcc-arm-none-eabi-4_8-2014q2/bin/../lib/gcc/arm-none-eabi/4.8.4/armv6-m/libgcc.a(_divsi3.o)
 .bss           0x2000093c        0x0 /afs/inf.ed.ac.uk/user/s11/s1119414/SLIP/gcc-arm-none-eabi-4_8-2014q2/bin/../lib/gcc/arm-none-eabi/4.8.4/armv6-m/libgcc.a(_dvmd_tls.o)
 .bss           0x2000093c        0x0 /afs/inf.ed.ac.uk/user/s11/s1119414/SLIP/gcc-arm-none-eabi-4_8-2014q2/bin/../lib/gcc/arm-none-eabi/4.8.4/armv6-m/libgcc.a(_arm_cmpdf2.o)
 .bss           0x2000093c        0x0 /afs/inf.ed.ac.uk/user/s11/s1119414/SLIP/gcc-arm-none-eabi-4_8-2014q2/bin/../lib/gcc/arm-none-eabi/4.8.4/armv6-m/libgcc.a(_aeabi_uldivmod.o)
 .bss           0x2000093c        0x0 /afs/inf.ed.ac.uk/user/s11/s1119414/SLIP/gcc-arm-none-eabi-4_8-2014q2/bin/../lib/gcc/arm-none-eabi/4.8.4/armv6-m/libgcc.a(bpabi.o)
 .bss           0x2000093c        0x0 /afs/inf.ed.ac.uk/user/s11/s1119414/SLIP/gcc-arm-none-eabi-4_8-2014q2/bin/../lib/gcc/arm-none-eabi/4.8.4/armv6-m/libgcc.a(adddf3.o)
 .bss           0x2000093c        0x0 /afs/inf.ed.ac.uk/user/s11/s1119414/SLIP/gcc-arm-none-eabi-4_8-2014q2/bin/../lib/gcc/arm-none-eabi/4.8.4/armv6-m/libgcc.a(divdf3.o)
 .bss           0x2000093c        0x0 /afs/inf.ed.ac.uk/user/s11/s1119414/SLIP/gcc-arm-none-eabi-4_8-2014q2/bin/../lib/gcc/arm-none-eabi/4.8.4/armv6-m/libgcc.a(eqdf2.o)
 .bss           0x2000093c        0x0 /afs/inf.ed.ac.uk/user/s11/s1119414/SLIP/gcc-arm-none-eabi-4_8-2014q2/bin/../lib/gcc/arm-none-eabi/4.8.4/armv6-m/libgcc.a(gedf2.o)
 .bss           0x2000093c        0x0 /afs/inf.ed.ac.uk/user/s11/s1119414/SLIP/gcc-arm-none-eabi-4_8-2014q2/bin/../lib/gcc/arm-none-eabi/4.8.4/armv6-m/libgcc.a(ledf2.o)
 .bss           0x2000093c        0x0 /afs/inf.ed.ac.uk/user/s11/s1119414/SLIP/gcc-arm-none-eabi-4_8-2014q2/bin/../lib/gcc/arm-none-eabi/4.8.4/armv6-m/libgcc.a(muldf3.o)
 .bss           0x2000093c        0x0 /afs/inf.ed.ac.uk/user/s11/s1119414/SLIP/gcc-arm-none-eabi-4_8-2014q2/bin/../lib/gcc/arm-none-eabi/4.8.4/armv6-m/libgcc.a(subdf3.o)
 .bss           0x2000093c        0x0 /afs/inf.ed.ac.uk/user/s11/s1119414/SLIP/gcc-arm-none-eabi-4_8-2014q2/bin/../lib/gcc/arm-none-eabi/4.8.4/armv6-m/libgcc.a(fixdfsi.o)
 .bss           0x2000093c        0x0 /afs/inf.ed.ac.uk/user/s11/s1119414/SLIP/gcc-arm-none-eabi-4_8-2014q2/bin/../lib/gcc/arm-none-eabi/4.8.4/armv6-m/libgcc.a(floatsidf.o)
 .bss           0x2000093c        0x0 /afs/inf.ed.ac.uk/user/s11/s1119414/SLIP/gcc-arm-none-eabi-4_8-2014q2/bin/../lib/gcc/arm-none-eabi/4.8.4/armv6-m/libgcc.a(floatunsidf.o)
 .bss           0x2000093c        0x0 /afs/inf.ed.ac.uk/user/s11/s1119414/SLIP/gcc-arm-none-eabi-4_8-2014q2/bin/../lib/gcc/arm-none-eabi/4.8.4/armv6-m/libgcc.a(_clzsi2.o)
 .bss           0x2000093c        0x0 /afs/inf.ed.ac.uk/user/s11/s1119414/SLIP/gcc-arm-none-eabi-4_8-2014q2/bin/../lib/gcc/arm-none-eabi/4.8.4/armv6-m/libgcc.a(_muldi3.o)
 .bss           0x2000093c        0x0 /afs/inf.ed.ac.uk/user/s11/s1119414/SLIP/gcc-arm-none-eabi-4_8-2014q2/bin/../lib/gcc/arm-none-eabi/4.8.4/armv6-m/libgcc.a(_divdi3.o)
 .bss           0x2000093c        0x0 /afs/inf.ed.ac.uk/user/s11/s1119414/SLIP/gcc-arm-none-eabi-4_8-2014q2/bin/../lib/gcc/arm-none-eabi/4.8.4/armv6-m/libgcc.a(_udivdi3.o)
 .bss           0x2000093c        0x0 /afs/inf.ed.ac.uk/user/s11/s1119414/SLIP/gcc-arm-none-eabi-4_8-2014q2/bin/../lib/gcc/arm-none-eabi/4.8.4/armv6-m/crtend.o
 .bss           0x2000093c        0x0 /afs/inf.ed.ac.uk/user/s11/s1119414/SLIP/gcc-arm-none-eabi-4_8-2014q2/bin/../lib/gcc/arm-none-eabi/4.8.4/armv6-m/crtn.o
 .bss           0x2000093c        0x0 /afs/inf.ed.ac.uk/user/s11/s1119414/SLIP/gcc-arm-none-eabi-4_8-2014q2/bin/../lib/gcc/arm-none-eabi/4.8.4/../../../../arm-none-eabi/lib/armv6-m/libnosys.a(sbrk.o)
 .bss.heap_end.4246
                0x2000093c        0x4 /afs/inf.ed.ac.uk/user/s11/s1119414/SLIP/gcc-arm-none-eabi-4_8-2014q2/bin/../lib/gcc/arm-none-eabi/4.8.4/../../../../arm-none-eabi/lib/armv6-m/libnosys.a(sbrk.o)
 .bss           0x20000940        0x0 /afs/inf.ed.ac.uk/user/s11/s1119414/SLIP/gcc-arm-none-eabi-4_8-2014q2/bin/../lib/gcc/arm-none-eabi/4.8.4/../../../../arm-none-eabi/lib/armv6-m/libnosys.a(_exit.o)
 *(COMMON)
 COMMON         0x20000940        0x6 _build/main.o
                0x20000940                acceldata
 *fill*         0x20000946        0x2 
 COMMON         0x20000948        0x4 /afs/inf.ed.ac.uk/user/s11/s1119414/SLIP/gcc-arm-none-eabi-4_8-2014q2/bin/../lib/gcc/arm-none-eabi/4.8.4/../../../../arm-none-eabi/lib/armv6-m/libc.a(lib_a-reent.o)
                0x20000948                errno
                0x2000094c                __bss_end__ = .

.heap           0x20000950      0x100
                0x20000950                __end__ = .
                0x20000950                end = __end__
 *(.heap*)
 .heap          0x20000950      0x100 _build/startup_nrf51.os
                0x20000950                __HeapBase
                0x20000a50                __HeapLimit = .

.stack_dummy    0x20000950      0xc00
 *(.stack)
 .stack         0x20000950      0xc00 _build/startup_nrf51.os
                0x20004000                __StackTop = (ORIGIN (RAM) + 0x4000)
                0x20003400                __StackLimit = (__StackTop - SIZEOF (.stack_dummy))
                0x20004000                PROVIDE (__stack, __StackTop)
                0x00000001                ASSERT ((__StackLimit >= __HeapLimit), region RAM overflowed with stack)
OUTPUT(_build/blinky-example.2_blank.elf elf32-littlearm)

.ARM.attributes
                0x00000000       0x28
 .ARM.attributes
                0x00000000       0x1e /afs/inf.ed.ac.uk/user/s11/s1119414/SLIP/gcc-arm-none-eabi-4_8-2014q2/bin/../lib/gcc/arm-none-eabi/4.8.4/armv6-m/crti.o
 .ARM.attributes
                0x0000001e       0x2c /afs/inf.ed.ac.uk/user/s11/s1119414/SLIP/gcc-arm-none-eabi-4_8-2014q2/bin/../lib/gcc/arm-none-eabi/4.8.4/armv6-m/crtbegin.o
 .ARM.attributes
                0x0000004a       0x1b /afs/inf.ed.ac.uk/user/s11/s1119414/SLIP/gcc-arm-none-eabi-4_8-2014q2/bin/../lib/gcc/arm-none-eabi/4.8.4/../../../../arm-none-eabi/lib/armv6-m/crt0.o
 .ARM.attributes
                0x00000065       0x1b _build/startup_nrf51.os
 .ARM.attributes
                0x00000080       0x31 _build/system_nrf51.o
 .ARM.attributes
                0x000000b1       0x31 _build/libjanek.o
 .ARM.attributes
                0x000000e2       0x31 _build/main.o
 .ARM.attributes
                0x00000113       0x31 _build/nrf_delay.o
 .ARM.attributes
                0x00000144       0x31 _build/simple_uart.o
 .ARM.attributes
                0x00000175       0x31 _build/twi_sw_master.o
 .ARM.attributes
                0x000001a6       0x2c /afs/inf.ed.ac.uk/user/s11/s1119414/SLIP/gcc-arm-none-eabi-4_8-2014q2/bin/../lib/gcc/arm-none-eabi/4.8.4/../../../../arm-none-eabi/lib/armv6-m/libc.a(lib_a-exit.o)
 .ARM.attributes
                0x000001d2       0x2c /afs/inf.ed.ac.uk/user/s11/s1119414/SLIP/gcc-arm-none-eabi-4_8-2014q2/bin/../lib/gcc/arm-none-eabi/4.8.4/../../../../arm-none-eabi/lib/armv6-m/libc.a(lib_a-impure.o)
 .ARM.attributes
                0x000001fe       0x2c /afs/inf.ed.ac.uk/user/s11/s1119414/SLIP/gcc-arm-none-eabi-4_8-2014q2/bin/../lib/gcc/arm-none-eabi/4.8.4/../../../../arm-none-eabi/lib/armv6-m/libc.a(lib_a-init.o)
 .ARM.attributes
                0x0000022a       0x2c /afs/inf.ed.ac.uk/user/s11/s1119414/SLIP/gcc-arm-none-eabi-4_8-2014q2/bin/../lib/gcc/arm-none-eabi/4.8.4/../../../../arm-none-eabi/lib/armv6-m/libc.a(lib_a-memset.o)
 .ARM.attributes
                0x00000256       0x2c /afs/inf.ed.ac.uk/user/s11/s1119414/SLIP/gcc-arm-none-eabi-4_8-2014q2/bin/../lib/gcc/arm-none-eabi/4.8.4/../../../../arm-none-eabi/lib/armv6-m/libc.a(lib_a-sprintf.o)
 .ARM.attributes
                0x00000282       0x2c /afs/inf.ed.ac.uk/user/s11/s1119414/SLIP/gcc-arm-none-eabi-4_8-2014q2/bin/../lib/gcc/arm-none-eabi/4.8.4/../../../../arm-none-eabi/lib/armv6-m/libc.a(lib_a-svfprintf.o)
 .ARM.attributes
                0x000002ae       0x2c /afs/inf.ed.ac.uk/user/s11/s1119414/SLIP/gcc-arm-none-eabi-4_8-2014q2/bin/../lib/gcc/arm-none-eabi/4.8.4/../../../../arm-none-eabi/lib/armv6-m/libc.a(lib_a-__call_atexit.o)
 .ARM.attributes
                0x000002da       0x2c /afs/inf.ed.ac.uk/user/s11/s1119414/SLIP/gcc-arm-none-eabi-4_8-2014q2/bin/../lib/gcc/arm-none-eabi/4.8.4/../../../../arm-none-eabi/lib/armv6-m/libc.a(lib_a-atexit.o)
 .ARM.attributes
                0x00000306       0x2c /afs/inf.ed.ac.uk/user/s11/s1119414/SLIP/gcc-arm-none-eabi-4_8-2014q2/bin/../lib/gcc/arm-none-eabi/4.8.4/../../../../arm-none-eabi/lib/armv6-m/libc.a(lib_a-dtoa.o)
 .ARM.attributes
                0x00000332       0x2c /afs/inf.ed.ac.uk/user/s11/s1119414/SLIP/gcc-arm-none-eabi-4_8-2014q2/bin/../lib/gcc/arm-none-eabi/4.8.4/../../../../arm-none-eabi/lib/armv6-m/libc.a(lib_a-fini.o)
 .ARM.attributes
                0x0000035e       0x2c /afs/inf.ed.ac.uk/user/s11/s1119414/SLIP/gcc-arm-none-eabi-4_8-2014q2/bin/../lib/gcc/arm-none-eabi/4.8.4/../../../../arm-none-eabi/lib/armv6-m/libc.a(lib_a-locale.o)
 .ARM.attributes
                0x0000038a       0x2c /afs/inf.ed.ac.uk/user/s11/s1119414/SLIP/gcc-arm-none-eabi-4_8-2014q2/bin/../lib/gcc/arm-none-eabi/4.8.4/../../../../arm-none-eabi/lib/armv6-m/libc.a(lib_a-mallocr.o)
 .ARM.attributes
                0x000003b6       0x2c /afs/inf.ed.ac.uk/user/s11/s1119414/SLIP/gcc-arm-none-eabi-4_8-2014q2/bin/../lib/gcc/arm-none-eabi/4.8.4/../../../../arm-none-eabi/lib/armv6-m/libc.a(lib_a-memchr-stub.o)
 .ARM.attributes
                0x000003e2       0x2c /afs/inf.ed.ac.uk/user/s11/s1119414/SLIP/gcc-arm-none-eabi-4_8-2014q2/bin/../lib/gcc/arm-none-eabi/4.8.4/../../../../arm-none-eabi/lib/armv6-m/libc.a(lib_a-memcpy-stub.o)
 .ARM.attributes
                0x0000040e       0x2c /afs/inf.ed.ac.uk/user/s11/s1119414/SLIP/gcc-arm-none-eabi-4_8-2014q2/bin/../lib/gcc/arm-none-eabi/4.8.4/../../../../arm-none-eabi/lib/armv6-m/libc.a(lib_a-mlock.o)
 .ARM.attributes
                0x0000043a       0x2c /afs/inf.ed.ac.uk/user/s11/s1119414/SLIP/gcc-arm-none-eabi-4_8-2014q2/bin/../lib/gcc/arm-none-eabi/4.8.4/../../../../arm-none-eabi/lib/armv6-m/libc.a(lib_a-mprec.o)
 .ARM.attributes
                0x00000466       0x2c /afs/inf.ed.ac.uk/user/s11/s1119414/SLIP/gcc-arm-none-eabi-4_8-2014q2/bin/../lib/gcc/arm-none-eabi/4.8.4/../../../../arm-none-eabi/lib/armv6-m/libc.a(lib_a-s_fpclassify.o)
 .ARM.attributes
                0x00000492       0x2c /afs/inf.ed.ac.uk/user/s11/s1119414/SLIP/gcc-arm-none-eabi-4_8-2014q2/bin/../lib/gcc/arm-none-eabi/4.8.4/../../../../arm-none-eabi/lib/armv6-m/libc.a(lib_a-sbrkr.o)
 .ARM.attributes
                0x000004be       0x1c /afs/inf.ed.ac.uk/user/s11/s1119414/SLIP/gcc-arm-none-eabi-4_8-2014q2/bin/../lib/gcc/arm-none-eabi/4.8.4/../../../../arm-none-eabi/lib/armv6-m/libc.a(lib_a-strcmp.o)
 .ARM.attributes
                0x000004da       0x2c /afs/inf.ed.ac.uk/user/s11/s1119414/SLIP/gcc-arm-none-eabi-4_8-2014q2/bin/../lib/gcc/arm-none-eabi/4.8.4/../../../../arm-none-eabi/lib/armv6-m/libc.a(lib_a-strlen.o)
 .ARM.attributes
                0x00000506       0x2c /afs/inf.ed.ac.uk/user/s11/s1119414/SLIP/gcc-arm-none-eabi-4_8-2014q2/bin/../lib/gcc/arm-none-eabi/4.8.4/../../../../arm-none-eabi/lib/armv6-m/libc.a(lib_a-svfiprintf.o)
 .ARM.attributes
                0x00000532       0x2c /afs/inf.ed.ac.uk/user/s11/s1119414/SLIP/gcc-arm-none-eabi-4_8-2014q2/bin/../lib/gcc/arm-none-eabi/4.8.4/../../../../arm-none-eabi/lib/armv6-m/libc.a(lib_a-__atexit.o)
 .ARM.attributes
                0x0000055e       0x2c /afs/inf.ed.ac.uk/user/s11/s1119414/SLIP/gcc-arm-none-eabi-4_8-2014q2/bin/../lib/gcc/arm-none-eabi/4.8.4/../../../../arm-none-eabi/lib/armv6-m/libc.a(lib_a-callocr.o)
 .ARM.attributes
                0x0000058a       0x2c /afs/inf.ed.ac.uk/user/s11/s1119414/SLIP/gcc-arm-none-eabi-4_8-2014q2/bin/../lib/gcc/arm-none-eabi/4.8.4/../../../../arm-none-eabi/lib/armv6-m/libc.a(lib_a-freer.o)
 .ARM.attributes
                0x000005b6       0x2c /afs/inf.ed.ac.uk/user/s11/s1119414/SLIP/gcc-arm-none-eabi-4_8-2014q2/bin/../lib/gcc/arm-none-eabi/4.8.4/../../../../arm-none-eabi/lib/armv6-m/libc.a(lib_a-memmove.o)
 .ARM.attributes
                0x000005e2       0x2c /afs/inf.ed.ac.uk/user/s11/s1119414/SLIP/gcc-arm-none-eabi-4_8-2014q2/bin/../lib/gcc/arm-none-eabi/4.8.4/../../../../arm-none-eabi/lib/armv6-m/libc.a(lib_a-reallocr.o)
 .ARM.attributes
                0x0000060e       0x2c /afs/inf.ed.ac.uk/user/s11/s1119414/SLIP/gcc-arm-none-eabi-4_8-2014q2/bin/../lib/gcc/arm-none-eabi/4.8.4/../../../../arm-none-eabi/lib/armv6-m/libc.a(lib_a-reent.o)
 .ARM.attributes
                0x0000063a       0x1e /afs/inf.ed.ac.uk/user/s11/s1119414/SLIP/gcc-arm-none-eabi-4_8-2014q2/bin/../lib/gcc/arm-none-eabi/4.8.4/armv6-m/libgcc.a(_udivsi3.o)
 .ARM.attributes
                0x00000658       0x1e /afs/inf.ed.ac.uk/user/s11/s1119414/SLIP/gcc-arm-none-eabi-4_8-2014q2/bin/../lib/gcc/arm-none-eabi/4.8.4/armv6-m/libgcc.a(_divsi3.o)
 .ARM.attributes
                0x00000676       0x1e /afs/inf.ed.ac.uk/user/s11/s1119414/SLIP/gcc-arm-none-eabi-4_8-2014q2/bin/../lib/gcc/arm-none-eabi/4.8.4/armv6-m/libgcc.a(_dvmd_tls.o)
 .ARM.attributes
                0x00000694       0x1e /afs/inf.ed.ac.uk/user/s11/s1119414/SLIP/gcc-arm-none-eabi-4_8-2014q2/bin/../lib/gcc/arm-none-eabi/4.8.4/armv6-m/libgcc.a(_arm_cmpdf2.o)
 .ARM.attributes
                0x000006b2       0x1e /afs/inf.ed.ac.uk/user/s11/s1119414/SLIP/gcc-arm-none-eabi-4_8-2014q2/bin/../lib/gcc/arm-none-eabi/4.8.4/armv6-m/libgcc.a(_aeabi_uldivmod.o)
 .ARM.attributes
                0x000006d0       0x2c /afs/inf.ed.ac.uk/user/s11/s1119414/SLIP/gcc-arm-none-eabi-4_8-2014q2/bin/../lib/gcc/arm-none-eabi/4.8.4/armv6-m/libgcc.a(bpabi.o)
 .ARM.attributes
                0x000006fc       0x2c /afs/inf.ed.ac.uk/user/s11/s1119414/SLIP/gcc-arm-none-eabi-4_8-2014q2/bin/../lib/gcc/arm-none-eabi/4.8.4/armv6-m/libgcc.a(adddf3.o)
 .ARM.attributes
                0x00000728       0x2c /afs/inf.ed.ac.uk/user/s11/s1119414/SLIP/gcc-arm-none-eabi-4_8-2014q2/bin/../lib/gcc/arm-none-eabi/4.8.4/armv6-m/libgcc.a(divdf3.o)
 .ARM.attributes
                0x00000754       0x2c /afs/inf.ed.ac.uk/user/s11/s1119414/SLIP/gcc-arm-none-eabi-4_8-2014q2/bin/../lib/gcc/arm-none-eabi/4.8.4/armv6-m/libgcc.a(eqdf2.o)
 .ARM.attributes
                0x00000780       0x2c /afs/inf.ed.ac.uk/user/s11/s1119414/SLIP/gcc-arm-none-eabi-4_8-2014q2/bin/../lib/gcc/arm-none-eabi/4.8.4/armv6-m/libgcc.a(gedf2.o)
 .ARM.attributes
                0x000007ac       0x2c /afs/inf.ed.ac.uk/user/s11/s1119414/SLIP/gcc-arm-none-eabi-4_8-2014q2/bin/../lib/gcc/arm-none-eabi/4.8.4/armv6-m/libgcc.a(ledf2.o)
 .ARM.attributes
                0x000007d8       0x2c /afs/inf.ed.ac.uk/user/s11/s1119414/SLIP/gcc-arm-none-eabi-4_8-2014q2/bin/../lib/gcc/arm-none-eabi/4.8.4/armv6-m/libgcc.a(muldf3.o)
 .ARM.attributes
                0x00000804       0x2c /afs/inf.ed.ac.uk/user/s11/s1119414/SLIP/gcc-arm-none-eabi-4_8-2014q2/bin/../lib/gcc/arm-none-eabi/4.8.4/armv6-m/libgcc.a(subdf3.o)
 .ARM.attributes
                0x00000830       0x2c /afs/inf.ed.ac.uk/user/s11/s1119414/SLIP/gcc-arm-none-eabi-4_8-2014q2/bin/../lib/gcc/arm-none-eabi/4.8.4/armv6-m/libgcc.a(fixdfsi.o)
 .ARM.attributes
                0x0000085c       0x2c /afs/inf.ed.ac.uk/user/s11/s1119414/SLIP/gcc-arm-none-eabi-4_8-2014q2/bin/../lib/gcc/arm-none-eabi/4.8.4/armv6-m/libgcc.a(floatsidf.o)
 .ARM.attributes
                0x00000888       0x2c /afs/inf.ed.ac.uk/user/s11/s1119414/SLIP/gcc-arm-none-eabi-4_8-2014q2/bin/../lib/gcc/arm-none-eabi/4.8.4/armv6-m/libgcc.a(floatunsidf.o)
 .ARM.attributes
                0x000008b4       0x1e /afs/inf.ed.ac.uk/user/s11/s1119414/SLIP/gcc-arm-none-eabi-4_8-2014q2/bin/../lib/gcc/arm-none-eabi/4.8.4/armv6-m/libgcc.a(_clzsi2.o)
 .ARM.attributes
                0x000008d2       0x2c /afs/inf.ed.ac.uk/user/s11/s1119414/SLIP/gcc-arm-none-eabi-4_8-2014q2/bin/../lib/gcc/arm-none-eabi/4.8.4/armv6-m/libgcc.a(_muldi3.o)
 .ARM.attributes
                0x000008fe       0x2c /afs/inf.ed.ac.uk/user/s11/s1119414/SLIP/gcc-arm-none-eabi-4_8-2014q2/bin/../lib/gcc/arm-none-eabi/4.8.4/armv6-m/libgcc.a(_divdi3.o)
 .ARM.attributes
                0x0000092a       0x2c /afs/inf.ed.ac.uk/user/s11/s1119414/SLIP/gcc-arm-none-eabi-4_8-2014q2/bin/../lib/gcc/arm-none-eabi/4.8.4/armv6-m/libgcc.a(_udivdi3.o)
 .ARM.attributes
                0x00000956       0x2c /afs/inf.ed.ac.uk/user/s11/s1119414/SLIP/gcc-arm-none-eabi-4_8-2014q2/bin/../lib/gcc/arm-none-eabi/4.8.4/armv6-m/crtend.o
 .ARM.attributes
                0x00000982       0x1e /afs/inf.ed.ac.uk/user/s11/s1119414/SLIP/gcc-arm-none-eabi-4_8-2014q2/bin/../lib/gcc/arm-none-eabi/4.8.4/armv6-m/crtn.o
 .ARM.attributes
                0x000009a0       0x2c /afs/inf.ed.ac.uk/user/s11/s1119414/SLIP/gcc-arm-none-eabi-4_8-2014q2/bin/../lib/gcc/arm-none-eabi/4.8.4/../../../../arm-none-eabi/lib/armv6-m/libnosys.a(sbrk.o)
 .ARM.attributes
                0x000009cc       0x2c /afs/inf.ed.ac.uk/user/s11/s1119414/SLIP/gcc-arm-none-eabi-4_8-2014q2/bin/../lib/gcc/arm-none-eabi/4.8.4/../../../../arm-none-eabi/lib/armv6-m/libnosys.a(_exit.o)

.comment        0x00000000       0x70
 .comment       0x00000000       0x70 _build/system_nrf51.o
                                 0x71 (size before relaxing)
 .comment       0x00000000       0x71 _build/libjanek.o
 .comment       0x00000000       0x71 _build/main.o
 .comment       0x00000000       0x71 _build/nrf_delay.o
 .comment       0x00000000       0x71 _build/simple_uart.o
 .comment       0x00000000       0x71 _build/twi_sw_master.o

.debug_frame    0x00000000      0xbd0
 .debug_frame   0x00000000       0x28 /afs/inf.ed.ac.uk/user/s11/s1119414/SLIP/gcc-arm-none-eabi-4_8-2014q2/bin/../lib/gcc/arm-none-eabi/4.8.4/../../../../arm-none-eabi/lib/armv6-m/libc.a(lib_a-exit.o)
 .debug_frame   0x00000028       0x2c /afs/inf.ed.ac.uk/user/s11/s1119414/SLIP/gcc-arm-none-eabi-4_8-2014q2/bin/../lib/gcc/arm-none-eabi/4.8.4/../../../../arm-none-eabi/lib/armv6-m/libc.a(lib_a-init.o)
 .debug_frame   0x00000054       0x30 /afs/inf.ed.ac.uk/user/s11/s1119414/SLIP/gcc-arm-none-eabi-4_8-2014q2/bin/../lib/gcc/arm-none-eabi/4.8.4/../../../../arm-none-eabi/lib/armv6-m/libc.a(lib_a-memset.o)
 .debug_frame   0x00000084       0x4c /afs/inf.ed.ac.uk/user/s11/s1119414/SLIP/gcc-arm-none-eabi-4_8-2014q2/bin/../lib/gcc/arm-none-eabi/4.8.4/../../../../arm-none-eabi/lib/armv6-m/libc.a(lib_a-sprintf.o)
 .debug_frame   0x000000d0       0x3c /afs/inf.ed.ac.uk/user/s11/s1119414/SLIP/gcc-arm-none-eabi-4_8-2014q2/bin/../lib/gcc/arm-none-eabi/4.8.4/../../../../arm-none-eabi/lib/armv6-m/libc.a(lib_a-svfprintf.o)
 .debug_frame   0x0000010c       0x54 /afs/inf.ed.ac.uk/user/s11/s1119414/SLIP/gcc-arm-none-eabi-4_8-2014q2/bin/../lib/gcc/arm-none-eabi/4.8.4/../../../../arm-none-eabi/lib/armv6-m/libc.a(lib_a-__call_atexit.o)
 .debug_frame   0x00000160       0x28 /afs/inf.ed.ac.uk/user/s11/s1119414/SLIP/gcc-arm-none-eabi-4_8-2014q2/bin/../lib/gcc/arm-none-eabi/4.8.4/../../../../arm-none-eabi/lib/armv6-m/libc.a(lib_a-atexit.o)
 .debug_frame   0x00000188       0x68 /afs/inf.ed.ac.uk/user/s11/s1119414/SLIP/gcc-arm-none-eabi-4_8-2014q2/bin/../lib/gcc/arm-none-eabi/4.8.4/../../../../arm-none-eabi/lib/armv6-m/libc.a(lib_a-dtoa.o)
 .debug_frame   0x000001f0       0x2c /afs/inf.ed.ac.uk/user/s11/s1119414/SLIP/gcc-arm-none-eabi-4_8-2014q2/bin/../lib/gcc/arm-none-eabi/4.8.4/../../../../arm-none-eabi/lib/armv6-m/libc.a(lib_a-fini.o)
 .debug_frame   0x0000021c       0xa4 /afs/inf.ed.ac.uk/user/s11/s1119414/SLIP/gcc-arm-none-eabi-4_8-2014q2/bin/../lib/gcc/arm-none-eabi/4.8.4/../../../../arm-none-eabi/lib/armv6-m/libc.a(lib_a-locale.o)
 .debug_frame   0x000002c0       0x3c /afs/inf.ed.ac.uk/user/s11/s1119414/SLIP/gcc-arm-none-eabi-4_8-2014q2/bin/../lib/gcc/arm-none-eabi/4.8.4/../../../../arm-none-eabi/lib/armv6-m/libc.a(lib_a-mallocr.o)
 .debug_frame   0x000002fc       0x30 /afs/inf.ed.ac.uk/user/s11/s1119414/SLIP/gcc-arm-none-eabi-4_8-2014q2/bin/../lib/gcc/arm-none-eabi/4.8.4/../../../../arm-none-eabi/lib/armv6-m/libc.a(lib_a-memchr-stub.o)
 .debug_frame   0x0000032c       0x30 /afs/inf.ed.ac.uk/user/s11/s1119414/SLIP/gcc-arm-none-eabi-4_8-2014q2/bin/../lib/gcc/arm-none-eabi/4.8.4/../../../../arm-none-eabi/lib/armv6-m/libc.a(lib_a-memcpy-stub.o)
 .debug_frame   0x0000035c       0x30 /afs/inf.ed.ac.uk/user/s11/s1119414/SLIP/gcc-arm-none-eabi-4_8-2014q2/bin/../lib/gcc/arm-none-eabi/4.8.4/../../../../arm-none-eabi/lib/armv6-m/libc.a(lib_a-mlock.o)
 .debug_frame   0x0000038c      0x260 /afs/inf.ed.ac.uk/user/s11/s1119414/SLIP/gcc-arm-none-eabi-4_8-2014q2/bin/../lib/gcc/arm-none-eabi/4.8.4/../../../../arm-none-eabi/lib/armv6-m/libc.a(lib_a-mprec.o)
 .debug_frame   0x000005ec       0x2c /afs/inf.ed.ac.uk/user/s11/s1119414/SLIP/gcc-arm-none-eabi-4_8-2014q2/bin/../lib/gcc/arm-none-eabi/4.8.4/../../../../arm-none-eabi/lib/armv6-m/libc.a(lib_a-s_fpclassify.o)
 .debug_frame   0x00000618       0x2c /afs/inf.ed.ac.uk/user/s11/s1119414/SLIP/gcc-arm-none-eabi-4_8-2014q2/bin/../lib/gcc/arm-none-eabi/4.8.4/../../../../arm-none-eabi/lib/armv6-m/libc.a(lib_a-sbrkr.o)
 .debug_frame   0x00000644       0x20 /afs/inf.ed.ac.uk/user/s11/s1119414/SLIP/gcc-arm-none-eabi-4_8-2014q2/bin/../lib/gcc/arm-none-eabi/4.8.4/../../../../arm-none-eabi/lib/armv6-m/libc.a(lib_a-strlen.o)
 .debug_frame   0x00000664       0x68 /afs/inf.ed.ac.uk/user/s11/s1119414/SLIP/gcc-arm-none-eabi-4_8-2014q2/bin/../lib/gcc/arm-none-eabi/4.8.4/../../../../arm-none-eabi/lib/armv6-m/libc.a(lib_a-svfiprintf.o)
 .debug_frame   0x000006cc       0x38 /afs/inf.ed.ac.uk/user/s11/s1119414/SLIP/gcc-arm-none-eabi-4_8-2014q2/bin/../lib/gcc/arm-none-eabi/4.8.4/../../../../arm-none-eabi/lib/armv6-m/libc.a(lib_a-__atexit.o)
 .debug_frame   0x00000704       0x28 /afs/inf.ed.ac.uk/user/s11/s1119414/SLIP/gcc-arm-none-eabi-4_8-2014q2/bin/../lib/gcc/arm-none-eabi/4.8.4/../../../../arm-none-eabi/lib/armv6-m/libc.a(lib_a-callocr.o)
 .debug_frame   0x0000072c       0x54 /afs/inf.ed.ac.uk/user/s11/s1119414/SLIP/gcc-arm-none-eabi-4_8-2014q2/bin/../lib/gcc/arm-none-eabi/4.8.4/../../../../arm-none-eabi/lib/armv6-m/libc.a(lib_a-freer.o)
 .debug_frame   0x00000780       0x30 /afs/inf.ed.ac.uk/user/s11/s1119414/SLIP/gcc-arm-none-eabi-4_8-2014q2/bin/../lib/gcc/arm-none-eabi/4.8.4/../../../../arm-none-eabi/lib/armv6-m/libc.a(lib_a-memmove.o)
 .debug_frame   0x000007b0       0x3c /afs/inf.ed.ac.uk/user/s11/s1119414/SLIP/gcc-arm-none-eabi-4_8-2014q2/bin/../lib/gcc/arm-none-eabi/4.8.4/../../../../arm-none-eabi/lib/armv6-m/libc.a(lib_a-reallocr.o)
 .debug_frame   0x000007ec       0x48 /afs/inf.ed.ac.uk/user/s11/s1119414/SLIP/gcc-arm-none-eabi-4_8-2014q2/bin/../lib/gcc/arm-none-eabi/4.8.4/../../../../arm-none-eabi/lib/armv6-m/libc.a(lib_a-reent.o)
 .debug_frame   0x00000834       0x20 /afs/inf.ed.ac.uk/user/s11/s1119414/SLIP/gcc-arm-none-eabi-4_8-2014q2/bin/../lib/gcc/arm-none-eabi/4.8.4/armv6-m/libgcc.a(_udivsi3.o)
 .debug_frame   0x00000854       0x20 /afs/inf.ed.ac.uk/user/s11/s1119414/SLIP/gcc-arm-none-eabi-4_8-2014q2/bin/../lib/gcc/arm-none-eabi/4.8.4/armv6-m/libgcc.a(_divsi3.o)
 .debug_frame   0x00000874       0x50 /afs/inf.ed.ac.uk/user/s11/s1119414/SLIP/gcc-arm-none-eabi-4_8-2014q2/bin/../lib/gcc/arm-none-eabi/4.8.4/armv6-m/libgcc.a(bpabi.o)
 .debug_frame   0x000008c4       0x3c /afs/inf.ed.ac.uk/user/s11/s1119414/SLIP/gcc-arm-none-eabi-4_8-2014q2/bin/../lib/gcc/arm-none-eabi/4.8.4/armv6-m/libgcc.a(adddf3.o)
 .debug_frame   0x00000900       0x3c /afs/inf.ed.ac.uk/user/s11/s1119414/SLIP/gcc-arm-none-eabi-4_8-2014q2/bin/../lib/gcc/arm-none-eabi/4.8.4/armv6-m/libgcc.a(divdf3.o)
 .debug_frame   0x0000093c       0x3c /afs/inf.ed.ac.uk/user/s11/s1119414/SLIP/gcc-arm-none-eabi-4_8-2014q2/bin/../lib/gcc/arm-none-eabi/4.8.4/armv6-m/libgcc.a(eqdf2.o)
 .debug_frame   0x00000978       0x38 /afs/inf.ed.ac.uk/user/s11/s1119414/SLIP/gcc-arm-none-eabi-4_8-2014q2/bin/../lib/gcc/arm-none-eabi/4.8.4/armv6-m/libgcc.a(gedf2.o)
 .debug_frame   0x000009b0       0x3c /afs/inf.ed.ac.uk/user/s11/s1119414/SLIP/gcc-arm-none-eabi-4_8-2014q2/bin/../lib/gcc/arm-none-eabi/4.8.4/armv6-m/libgcc.a(ledf2.o)
 .debug_frame   0x000009ec       0x3c /afs/inf.ed.ac.uk/user/s11/s1119414/SLIP/gcc-arm-none-eabi-4_8-2014q2/bin/../lib/gcc/arm-none-eabi/4.8.4/armv6-m/libgcc.a(muldf3.o)
 .debug_frame   0x00000a28       0x3c /afs/inf.ed.ac.uk/user/s11/s1119414/SLIP/gcc-arm-none-eabi-4_8-2014q2/bin/../lib/gcc/arm-none-eabi/4.8.4/armv6-m/libgcc.a(subdf3.o)
 .debug_frame   0x00000a64       0x2c /afs/inf.ed.ac.uk/user/s11/s1119414/SLIP/gcc-arm-none-eabi-4_8-2014q2/bin/../lib/gcc/arm-none-eabi/4.8.4/armv6-m/libgcc.a(fixdfsi.o)
 .debug_frame   0x00000a90       0x30 /afs/inf.ed.ac.uk/user/s11/s1119414/SLIP/gcc-arm-none-eabi-4_8-2014q2/bin/../lib/gcc/arm-none-eabi/4.8.4/armv6-m/libgcc.a(floatsidf.o)
 .debug_frame   0x00000ac0       0x28 /afs/inf.ed.ac.uk/user/s11/s1119414/SLIP/gcc-arm-none-eabi-4_8-2014q2/bin/../lib/gcc/arm-none-eabi/4.8.4/armv6-m/libgcc.a(floatunsidf.o)
 .debug_frame   0x00000ae8       0x30 /afs/inf.ed.ac.uk/user/s11/s1119414/SLIP/gcc-arm-none-eabi-4_8-2014q2/bin/../lib/gcc/arm-none-eabi/4.8.4/armv6-m/libgcc.a(_muldi3.o)
 .debug_frame   0x00000b18       0x3c /afs/inf.ed.ac.uk/user/s11/s1119414/SLIP/gcc-arm-none-eabi-4_8-2014q2/bin/../lib/gcc/arm-none-eabi/4.8.4/armv6-m/libgcc.a(_divdi3.o)
 .debug_frame   0x00000b54       0x3c /afs/inf.ed.ac.uk/user/s11/s1119414/SLIP/gcc-arm-none-eabi-4_8-2014q2/bin/../lib/gcc/arm-none-eabi/4.8.4/armv6-m/libgcc.a(_udivdi3.o)
 .debug_frame   0x00000b90       0x20 /afs/inf.ed.ac.uk/user/s11/s1119414/SLIP/gcc-arm-none-eabi-4_8-2014q2/bin/../lib/gcc/arm-none-eabi/4.8.4/../../../../arm-none-eabi/lib/armv6-m/libnosys.a(sbrk.o)
 .debug_frame   0x00000bb0       0x20 /afs/inf.ed.ac.uk/user/s11/s1119414/SLIP/gcc-arm-none-eabi-4_8-2014q2/bin/../lib/gcc/arm-none-eabi/4.8.4/../../../../arm-none-eabi/lib/armv6-m/libnosys.a(_exit.o)
