Archive member included because of file (symbol)

/afs/inf.ed.ac.uk/user/s11/s1119414/SLIP/gcc-arm-none-eabi-4_8-2014q2/bin/../lib/gcc/arm-none-eabi/4.8.4/armv6-m/libgcc.a(_thumb1_case_uqi.o)
                              _build/pstorage.o (__gnu_thumb1_case_uqi)
/afs/inf.ed.ac.uk/user/s11/s1119414/SLIP/gcc-arm-none-eabi-4_8-2014q2/bin/../lib/gcc/arm-none-eabi/4.8.4/armv6-m/libgcc.a(_udivsi3.o)
                              _build/pstorage.o (__aeabi_uidiv)
/afs/inf.ed.ac.uk/user/s11/s1119414/SLIP/gcc-arm-none-eabi-4_8-2014q2/bin/../lib/gcc/arm-none-eabi/4.8.4/armv6-m/libgcc.a(_dvmd_tls.o)
                              /afs/inf.ed.ac.uk/user/s11/s1119414/SLIP/gcc-arm-none-eabi-4_8-2014q2/bin/../lib/gcc/arm-none-eabi/4.8.4/armv6-m/libgcc.a(_udivsi3.o) (__aeabi_idiv0)
/afs/inf.ed.ac.uk/user/s11/s1119414/SLIP/gcc-arm-none-eabi-4_8-2014q2/bin/../lib/gcc/arm-none-eabi/4.8.4/../../../../arm-none-eabi/lib/armv6-m/libc.a(lib_a-exit.o)
                              /afs/inf.ed.ac.uk/user/s11/s1119414/SLIP/gcc-arm-none-eabi-4_8-2014q2/bin/../lib/gcc/arm-none-eabi/4.8.4/../../../../arm-none-eabi/lib/armv6-m/crt0.o (exit)
/afs/inf.ed.ac.uk/user/s11/s1119414/SLIP/gcc-arm-none-eabi-4_8-2014q2/bin/../lib/gcc/arm-none-eabi/4.8.4/../../../../arm-none-eabi/lib/armv6-m/libc.a(lib_a-impure.o)
                              /afs/inf.ed.ac.uk/user/s11/s1119414/SLIP/gcc-arm-none-eabi-4_8-2014q2/bin/../lib/gcc/arm-none-eabi/4.8.4/../../../../arm-none-eabi/lib/armv6-m/libc.a(lib_a-exit.o) (_global_impure_ptr)
/afs/inf.ed.ac.uk/user/s11/s1119414/SLIP/gcc-arm-none-eabi-4_8-2014q2/bin/../lib/gcc/arm-none-eabi/4.8.4/../../../../arm-none-eabi/lib/armv6-m/libc.a(lib_a-init.o)
                              /afs/inf.ed.ac.uk/user/s11/s1119414/SLIP/gcc-arm-none-eabi-4_8-2014q2/bin/../lib/gcc/arm-none-eabi/4.8.4/../../../../arm-none-eabi/lib/armv6-m/crt0.o (__libc_init_array)
/afs/inf.ed.ac.uk/user/s11/s1119414/SLIP/gcc-arm-none-eabi-4_8-2014q2/bin/../lib/gcc/arm-none-eabi/4.8.4/../../../../arm-none-eabi/lib/armv6-m/libc.a(lib_a-memcmp.o)
                              _build/device_manager_peripheral.o (memcmp)
/afs/inf.ed.ac.uk/user/s11/s1119414/SLIP/gcc-arm-none-eabi-4_8-2014q2/bin/../lib/gcc/arm-none-eabi/4.8.4/../../../../arm-none-eabi/lib/armv6-m/libc.a(lib_a-memcpy-stub.o)
                              _build/device_manager_peripheral.o (memcpy)
/afs/inf.ed.ac.uk/user/s11/s1119414/SLIP/gcc-arm-none-eabi-4_8-2014q2/bin/../lib/gcc/arm-none-eabi/4.8.4/../../../../arm-none-eabi/lib/armv6-m/libc.a(lib_a-memmove.o)
                              _build/ble_hrs.o (memmove)
/afs/inf.ed.ac.uk/user/s11/s1119414/SLIP/gcc-arm-none-eabi-4_8-2014q2/bin/../lib/gcc/arm-none-eabi/4.8.4/../../../../arm-none-eabi/lib/armv6-m/libc.a(lib_a-memset.o)
                              /afs/inf.ed.ac.uk/user/s11/s1119414/SLIP/gcc-arm-none-eabi-4_8-2014q2/bin/../lib/gcc/arm-none-eabi/4.8.4/../../../../arm-none-eabi/lib/armv6-m/crt0.o (memset)
/afs/inf.ed.ac.uk/user/s11/s1119414/SLIP/gcc-arm-none-eabi-4_8-2014q2/bin/../lib/gcc/arm-none-eabi/4.8.4/../../../../arm-none-eabi/lib/armv6-m/libc.a(lib_a-sprintf.o)
                              _build/main.o (sprintf)
/afs/inf.ed.ac.uk/user/s11/s1119414/SLIP/gcc-arm-none-eabi-4_8-2014q2/bin/../lib/gcc/arm-none-eabi/4.8.4/../../../../arm-none-eabi/lib/armv6-m/libc.a(lib_a-strlen.o)
                              _build/ble_srv_common.o (strlen)
/afs/inf.ed.ac.uk/user/s11/s1119414/SLIP/gcc-arm-none-eabi-4_8-2014q2/bin/../lib/gcc/arm-none-eabi/4.8.4/../../../../arm-none-eabi/lib/armv6-m/libc.a(lib_a-strncpy.o)
                              _build/ble_debug_assert_handler.o (strncpy)
/afs/inf.ed.ac.uk/user/s11/s1119414/SLIP/gcc-arm-none-eabi-4_8-2014q2/bin/../lib/gcc/arm-none-eabi/4.8.4/../../../../arm-none-eabi/lib/armv6-m/libc.a(lib_a-svfprintf.o)
                              /afs/inf.ed.ac.uk/user/s11/s1119414/SLIP/gcc-arm-none-eabi-4_8-2014q2/bin/../lib/gcc/arm-none-eabi/4.8.4/../../../../arm-none-eabi/lib/armv6-m/libc.a(lib_a-sprintf.o) (_svfprintf_r)
/afs/inf.ed.ac.uk/user/s11/s1119414/SLIP/gcc-arm-none-eabi-4_8-2014q2/bin/../lib/gcc/arm-none-eabi/4.8.4/../../../../arm-none-eabi/lib/armv6-m/libc.a(lib_a-__call_atexit.o)
                              /afs/inf.ed.ac.uk/user/s11/s1119414/SLIP/gcc-arm-none-eabi-4_8-2014q2/bin/../lib/gcc/arm-none-eabi/4.8.4/../../../../arm-none-eabi/lib/armv6-m/libc.a(lib_a-exit.o) (__call_exitprocs)
/afs/inf.ed.ac.uk/user/s11/s1119414/SLIP/gcc-arm-none-eabi-4_8-2014q2/bin/../lib/gcc/arm-none-eabi/4.8.4/../../../../arm-none-eabi/lib/armv6-m/libc.a(lib_a-atexit.o)
                              /afs/inf.ed.ac.uk/user/s11/s1119414/SLIP/gcc-arm-none-eabi-4_8-2014q2/bin/../lib/gcc/arm-none-eabi/4.8.4/../../../../arm-none-eabi/lib/armv6-m/libc.a(lib_a-__call_atexit.o) (atexit)
/afs/inf.ed.ac.uk/user/s11/s1119414/SLIP/gcc-arm-none-eabi-4_8-2014q2/bin/../lib/gcc/arm-none-eabi/4.8.4/../../../../arm-none-eabi/lib/armv6-m/libc.a(lib_a-dtoa.o)
[...]
Memory Configuration

Name             Origin             Length             Attributes
FLASH            0x00000000         0x00040000         xr
RAM              0x20000000         0x00004000         xrw
*default*        0x00000000         0xffffffff

Linker script and memory map

LOAD /afs/inf.ed.ac.uk/user/s11/s1119414/SLIP/gcc-arm-none-eabi-4_8-2014q2/bin/../lib/gcc/arm-none-eabi/4.8.4/armv6-m/crti.o
LOAD /afs/inf.ed.ac.uk/user/s11/s1119414/SLIP/gcc-arm-none-eabi-4_8-2014q2/bin/../lib/gcc/arm-none-eabi/4.8.4/armv6-m/crtbegin.o
LOAD /afs/inf.ed.ac.uk/user/s11/s1119414/SLIP/gcc-arm-none-eabi-4_8-2014q2/bin/../lib/gcc/arm-none-eabi/4.8.4/../../../../arm-none-eabi/lib/armv6-m/crt0.o
LOAD _build/startup_nrf51.os
LOAD _build/system_nrf51.o
LOAD _build/libjanek.o
LOAD _build/main.o
LOAD _build/nrf_delay.o
LOAD _build/simple_uart.o
LOAD _build/twi_sw_master.o
LOAD _build/device_manager_peripheral.o
LOAD _build/ble_dis.o
LOAD _build/ble_bas.o
LOAD _build/ble_hrs.o
LOAD _build/ble_srv_common.o
LOAD _build/ble_sensorsim.o
LOAD _build/softdevice_handler.o
LOAD _build/ble_advdata.o
LOAD _build/ble_debug_assert_handler.o
LOAD _build/ble_error_log.o
LOAD _build/ble_conn_params.o
LOAD _build/app_timer.o
LOAD _build/pstorage.o
LOAD _build/crc16.o
LOAD _build/app_trace.o
LOAD _build/simple_uart.o
LOAD _build/app_gpiote.o
LOAD _build/app_button.o
START GROUP
LOAD /afs/inf.ed.ac.uk/user/s11/s1119414/SLIP/gcc-arm-none-eabi-4_8-2014q2/bin/../lib/gcc/arm-none-eabi/4.8.4/armv6-m/libgcc.a
LOAD /afs/inf.ed.ac.uk/user/s11/s1119414/SLIP/gcc-arm-none-eabi-4_8-2014q2/bin/../lib/gcc/arm-none-eabi/4.8.4/../../../../arm-none-eabi/lib/armv6-m/libc.a
END GROUP
LOAD /afs/inf.ed.ac.uk/user/s11/s1119414/SLIP/gcc-arm-none-eabi-4_8-2014q2/bin/../lib/gcc/arm-none-eabi/4.8.4/armv6-m/crtend.o
LOAD /afs/inf.ed.ac.uk/user/s11/s1119414/SLIP/gcc-arm-none-eabi-4_8-2014q2/bin/../lib/gcc/arm-none-eabi/4.8.4/armv6-m/crtn.o
START GROUP
LOAD /afs/inf.ed.ac.uk/user/s11/s1119414/SLIP/gcc-arm-none-eabi-4_8-2014q2/bin/../lib/gcc/arm-none-eabi/4.8.4/armv6-m/libgcc.a
LOAD /afs/inf.ed.ac.uk/user/s11/s1119414/SLIP/gcc-arm-none-eabi-4_8-2014q2/bin/../lib/gcc/arm-none-eabi/4.8.4/../../../../arm-none-eabi/lib/armv6-m/libc.a
LOAD /afs/inf.ed.ac.uk/user/s11/s1119414/SLIP/gcc-arm-none-eabi-4_8-2014q2/bin/../lib/gcc/arm-none-eabi/4.8.4/../../../../arm-none-eabi/lib/armv6-m/libm.a
LOAD /afs/inf.ed.ac.uk/user/s11/s1119414/SLIP/gcc-arm-none-eabi-4_8-2014q2/bin/../lib/gcc/arm-none-eabi/4.8.4/../../../../arm-none-eabi/lib/armv6-m/libnosys.a
END GROUP

.text           0x00000000     0xb81c
 *(.isr_vector)
 .isr_vector    0x00000000       0xc0 _build/startup_nrf51.os
                0x00000000                __Vectors
 *(.text*)
 .text          0x000000c0        0x0 /afs/inf.ed.ac.uk/user/s11/s1119414/SLIP/gcc-arm-none-eabi-4_8-2014q2/bin/../lib/gcc/arm-none-eabi/4.8.4/armv6-m/crti.o
 .text          0x000000c0       0x60 /afs/inf.ed.ac.uk/user/s11/s1119414/SLIP/gcc-arm-none-eabi-4_8-2014q2/bin/../lib/gcc/arm-none-eabi/4.8.4/armv6-m/crtbegin.o
 .text          0x00000120       0x78 /afs/inf.ed.ac.uk/user/s11/s1119414/SLIP/gcc-arm-none-eabi-4_8-2014q2/bin/../lib/gcc/arm-none-eabi/4.8.4/../../../../arm-none-eabi/lib/armv6-m/crt0.o
                0x00000120                _mainCRTStartup
                0x00000120                _start
 .text          0x00000198       0x7c _build/startup_nrf51.os
                0x00000198                Reset_Handler
                0x000001d8                NMI_Handler
                0x000001da                HardFault_Handler
                0x000001dc                SVC_Handler
                0x000001de                PendSV_Handler
                0x000001e0                SysTick_Handler
                0x000001e2                Default_Handler
                0x000001e2                DEF_IRQHandler
                0x000001e4                POWER_CLOCK_IRQHandler
                0x000001e6                RADIO_IRQHandler
                0x000001e8                UART0_IRQHandler
                0x000001ea                SPI0_TWI0_IRQHandler
                0x000001ec                SPI1_TWI1_IRQHandler
                0x000001f0                ADC_IRQHandler
                0x000001f2                TIMER0_IRQHandler
                0x000001f4                TIMER1_IRQHandler
                0x000001f6                TIMER2_IRQHandler
                0x000001f8                RTC0_IRQHandler
                0x000001fa                TEMP_IRQHandler
                0x000001fc                RNG_IRQHandler
                0x000001fe                ECB_IRQHandler
                0x00000200                CCM_AAR_IRQHandler
                0x00000202                WDT_IRQHandler
                0x00000206                QDEC_IRQHandler
                0x0000020a                SWI1_IRQHandler
                0x0000020e                SWI3_IRQHandler
                0x00000210                SWI4_IRQHandler
                0x00000212                SWI5_IRQHandler
 .text          0x00000214       0xa0 _build/system_nrf51.o
                0x00000214                SystemCoreClockUpdate
                0x00000224                SystemInit
 .text          0x000002b4      0x138 _build/libjanek.o
                0x000002b4                MMA_init
                0x000002f0                MMA_getdata
                0x00000314                TMP_getdata
                0x00000324                ADS_setconf
                0x00000348                ADS_getdata
                0x00000358                LED_init
                0x00000374                LED_set
                0x00000390                LED_get
                0x000003a0                CHRG_init
                0x000003c0                CHRG_getstate
 .text          0x000003ec       0x48 _build/main.o
                0x0000041c                app_error_handler
 .text.startup  0x00000434       0xdc _build/main.o
                0x00000434                main
 .text          0x00000510       0x40 _build/nrf_delay.o
                0x00000510                nrf_delay_ms
 .text          0x00000550      0x13c _build/simple_uart.o
                0x00000550                simple_uart_get
                0x00000570                simple_uart_get_with_timeout
                0x000005c8                simple_uart_put
                0x000005e8                simple_uart_putstring
                0x00000600                simple_uart_config
 .text          0x0000068c      0x2cc _build/twi_sw_master.o
                0x00000804                twi_master_init
                0x00000894                twi_master_transfer
 .text          0x00000958      0xd80 _build/device_manager_peripheral.o
                0x00000d20                dm_init
                0x00000df4                dm_register
                0x00000e4c                dm_security_setup_req
                0x00000ea4                dm_security_status_req
                0x00000f0c                dm_whitelist_create
                0x00000fa0                dm_device_add
                0x00000fa8                dm_device_delete
                0x00001000                dm_device_delete_all
                0x00001054                dm_service_context_set
                0x000010f4                dm_service_context_get
                0x000011a8                dm_service_context_delete
                0x00001200                dm_application_context_set
                0x00001208                dm_application_context_get
                0x00001210                dm_application_context_delete
                0x00001218                dm_application_instance_set
                0x0000124c                dm_handle_initialize
                0x00001268                dm_peer_addr_set
                0x000012f8                dm_peer_addr_get
                0x00001378                bond_data_load
                0x000013c4                dm_ble_evt_handler
 .text          0x000016d8      0x254 _build/ble_dis.o
                0x00001764                ble_dis_init
 .text          0x0000192c      0x1ec _build/ble_bas.o
                0x00001940                ble_bas_on_ble_evt
                0x0000198c                ble_bas_init
                0x00001aa4                ble_bas_battery_level_update
 .text          0x00001b18      0x2f0 _build/ble_hrs.o
                0x00001bc8                ble_hrs_on_ble_evt
                0x00001c0e                ble_hrs_init
                0x00001d34                ble_hrs_heart_rate_measurement_send
                0x00001d8c                ble_hrs_rr_interval_add
                0x00001dbe                ble_hrs_rr_interval_buffer_is_full
                0x00001dcc                ble_hrs_sensor_contact_supported_set
                0x00001de4                ble_hrs_sensor_contact_detected_update
                0x00001dea                ble_hrs_body_sensor_location_set
 .text          0x00001e08       0x1e _build/ble_srv_common.o
                0x00001e08                ble_srv_report_ref_encode
                0x00001e14                ble_srv_ascii_to_utf8
 .text          0x00001e26       0x4e _build/ble_sensorsim.o
                0x00001e26                ble_sensorsim_init
                0x00001e3e                ble_sensorsim_measure
 .text          0x00001e74       0xd4 _build/softdevice_handler.o
                0x00001e84                softdevice_assertion_handler
                0x00001e90                intern_softdevice_events_execute
                0x00001ecc                softdevice_handler_init
                0x00001ef0                softdevice_handler_sd_disable
                0x00001f08                softdevice_sys_evt_handler_set
                0x00001f1c                SWI2_IRQHandler
 .text          0x00001f48      0x428 _build/ble_advdata.o
                0x00002300                ble_advdata_set
 .text          0x00002370       0x30 _build/ble_debug_assert_handler.o
                0x00002370                ble_debug_assert_handler
 .text          0x000023a0       0x44 _build/ble_error_log.o
                0x000023a0                ble_error_log_write
 .text          0x000023e4      0x230 _build/ble_conn_params.o
                0x000024bc                ble_conn_params_init
                0x0000251c                ble_conn_params_stop
                0x0000252c                ble_conn_params_on_ble_evt
                0x000025b8                ble_conn_params_change_conn_params
 .text          0x00002614      0x78c _build/app_timer.o
                0x00002710                RTC1_IRQHandler
                0x000027b4                SWI0_IRQHandler
                0x00002b30                app_timer_init
                0x00002bf8                app_timer_create
                0x00002c44                app_timer_start
                0x00002cd8                app_timer_stop
                0x00002d38                app_timer_stop_all
                0x00002d80                app_timer_cnt_get
                0x00002d94                app_timer_cnt_diff_compute
 .text          0x00002da0      0x8a0 _build/pstorage.o
                0x00003094                pstorage_sys_event_handler
                0x000031ac                pstorage_init
                0x00003270                pstorage_register
                0x00003388                pstorage_block_identifier_get
                0x000033e8                pstorage_store
                0x00003474                pstorage_update
                0x00003500                pstorage_load
                0x000035ac                pstorage_clear
                0x00003618                pstorage_access_status_get
 .text.unlikely
                0x00003640       0x54 _build/pstorage.o
 .text          0x00003694       0x38 _build/crc16.o
                0x00003694                crc16_compute
 .text          0x000036cc        0x0 _build/app_trace.o
 .text          0x000036cc      0x13c _build/simple_uart.o
 .text          0x00003808      0x2f0 _build/app_gpiote.o
                0x00003890                GPIOTE_IRQHandler
                0x00003928                app_gpiote_init
                0x00003994                app_gpiote_user_register
                0x000039e0                app_gpiote_user_enable
                0x00003a7c                app_gpiote_user_disable
                0x00003ac4                app_gpiote_pins_state_get
 .text          0x00003af8      0x1c4 _build/app_button.o
                0x00003bbc                app_button_init
                0x00003c24                app_button_enable
                0x00003c3c                app_button_disable
                0x00003c60                app_button_is_pushed
 .text          0x00003cbc       0x14 /afs/inf.ed.ac.uk/user/s11/s1119414/SLIP/gcc-arm-none-eabi-4_8-2014q2/bin/../lib/gcc/arm-none-eabi/4.8.4/armv6-m/libgcc.a(_thumb1_case_uqi.o)
                0x00003cbc                __gnu_thumb1_case_uqi
 .text          0x00003cd0       0x9c /afs/inf.ed.ac.uk/user/s11/s1119414/SLIP/gcc-arm-none-eabi-4_8-2014q2/bin/../lib/gcc/arm-none-eabi/4.8.4/armv6-m/libgcc.a(_udivsi3.o)
                0x00003cd0                __udivsi3
                0x00003cd0                __aeabi_uidiv
                0x00003d58                __aeabi_uidivmod
 .text          0x00003d6c        0x4 /afs/inf.ed.ac.uk/user/s11/s1119414/SLIP/gcc-arm-none-eabi-4_8-2014q2/bin/../lib/gcc/arm-none-eabi/4.8.4/armv6-m/libgcc.a(_dvmd_tls.o)
                0x00003d6c                __aeabi_ldiv0
                0x00003d6c                __aeabi_idiv0
 .text          0x00003d70        0x0 /afs/inf.ed.ac.uk/user/s11/s1119414/SLIP/gcc-arm-none-eabi-4_8-2014q2/bin/../lib/gcc/arm-none-eabi/4.8.4/../../../../arm-none-eabi/lib/armv6-m/libc.a(lib_a-exit.o)
 .text.exit     0x00003d70       0x20 /afs/inf.ed.ac.uk/user/s11/s1119414/SLIP/gcc-arm-none-eabi-4_8-2014q2/bin/../lib/gcc/arm-none-eabi/4.8.4/../../../../arm-none-eabi/lib/armv6-m/libc.a(lib_a-exit.o)
                0x00003d70                exit
 .text          0x00003d90        0x0 /afs/inf.ed.ac.uk/user/s11/s1119414/SLIP/gcc-arm-none-eabi-4_8-2014q2/bin/../lib/gcc/arm-none-eabi/4.8.4/../../../../arm-none-eabi/lib/armv6-m/libc.a(lib_a-impure.o)
 .text          0x00003d90        0x0 /afs/inf.ed.ac.uk/user/s11/s1119414/SLIP/gcc-arm-none-eabi-4_8-2014q2/bin/../lib/gcc/arm-none-eabi/4.8.4/../../../../arm-none-eabi/lib/armv6-m/libc.a(lib_a-init.o)
 .text.__libc_init_array
                0x00003d90       0x48 /afs/inf.ed.ac.uk/user/s11/s1119414/SLIP/gcc-arm-none-eabi-4_8-2014q2/bin/../lib/gcc/arm-none-eabi/4.8.4/../../../../arm-none-eabi/lib/armv6-m/libc.a(lib_a-init.o)
                0x00003d90                __libc_init_array
 .text          0x00003dd8        0x0 /afs/inf.ed.ac.uk/user/s11/s1119414/SLIP/gcc-arm-none-eabi-4_8-2014q2/bin/../lib/gcc/arm-none-eabi/4.8.4/../../../../arm-none-eabi/lib/armv6-m/libc.a(lib_a-memcmp.o)
 .text.memcmp   0x00003dd8       0x4c /afs/inf.ed.ac.uk/user/s11/s1119414/SLIP/gcc-arm-none-eabi-4_8-2014q2/bin/../lib/gcc/arm-none-eabi/4.8.4/../../../../arm-none-eabi/lib/armv6-m/libc.a(lib_a-memcmp.o)
                0x00003dd8                memcmp
 .text          0x00003e24        0x0 /afs/inf.ed.ac.uk/user/s11/s1119414/SLIP/gcc-arm-none-eabi-4_8-2014q2/bin/../lib/gcc/arm-none-eabi/4.8.4/../../../../arm-none-eabi/lib/armv6-m/libc.a(lib_a-memcpy-stub.o)
 .text.memcpy   0x00003e24       0x84 /afs/inf.ed.ac.uk/user/s11/s1119414/SLIP/gcc-arm-none-eabi-4_8-2014q2/bin/../lib/gcc/arm-none-eabi/4.8.4/../../../../arm-none-eabi/lib/armv6-m/libc.a(lib_a-memcpy-stub.o)
                0x00003e24                memcpy
 .text          0x00003ea8        0x0 /afs/inf.ed.ac.uk/user/s11/s1119414/SLIP/gcc-arm-none-eabi-4_8-2014q2/bin/../lib/gcc/arm-none-eabi/4.8.4/../../../../arm-none-eabi/lib/armv6-m/libc.a(lib_a-memmove.o)
 .text.memmove  0x00003ea8       0xa4 /afs/inf.ed.ac.uk/user/s11/s1119414/SLIP/gcc-arm-none-eabi-4_8-2014q2/bin/../lib/gcc/arm-none-eabi/4.8.4/../../../../arm-none-eabi/lib/armv6-m/libc.a(lib_a-memmove.o)
                0x00003ea8                memmove
 .text          0x00003f4c        0x0 /afs/inf.ed.ac.uk/user/s11/s1119414/SLIP/gcc-arm-none-eabi-4_8-2014q2/bin/../lib/gcc/arm-none-eabi/4.8.4/../../../../arm-none-eabi/lib/armv6-m/libc.a(lib_a-memset.o)
 .text.memset   0x00003f4c       0x9c /afs/inf.ed.ac.uk/user/s11/s1119414/SLIP/gcc-arm-none-eabi-4_8-2014q2/bin/../lib/gcc/arm-none-eabi/4.8.4/../../../../arm-none-eabi/lib/armv6-m/libc.a(lib_a-memset.o)
                0x00003f4c                memset
 .text          0x00003fe8        0x0 /afs/inf.ed.ac.uk/user/s11/s1119414/SLIP/gcc-arm-none-eabi-4_8-2014q2/bin/../lib/gcc/arm-none-eabi/4.8.4/../../../../arm-none-eabi/lib/armv6-m/libc.a(lib_a-sprintf.o)
 .text._sprintf_r
                0x00003fe8       0x40 /afs/inf.ed.ac.uk/user/s11/s1119414/SLIP/gcc-arm-none-eabi-4_8-2014q2/bin/../lib/gcc/arm-none-eabi/4.8.4/../../../../arm-none-eabi/lib/armv6-m/libc.a(lib_a-sprintf.o)
                0x00003fe8                _sprintf_r
 .text.sprintf  0x00004028       0x44 /afs/inf.ed.ac.uk/user/s11/s1119414/SLIP/gcc-arm-none-eabi-4_8-2014q2/bin/../lib/gcc/arm-none-eabi/4.8.4/../../../../arm-none-eabi/lib/armv6-m/libc.a(lib_a-sprintf.o)
                0x00004028                sprintf
 .text          0x0000406c        0x0 /afs/inf.ed.ac.uk/user/s11/s1119414/SLIP/gcc-arm-none-eabi-4_8-2014q2/bin/../lib/gcc/arm-none-eabi/4.8.4/../../../../arm-none-eabi/lib/armv6-m/libc.a(lib_a-strlen.o)
 .text.strlen   0x0000406c       0x10 /afs/inf.ed.ac.uk/user/s11/s1119414/SLIP/gcc-arm-none-eabi-4_8-2014q2/bin/../lib/gcc/arm-none-eabi/4.8.4/../../../../arm-none-eabi/lib/armv6-m/libc.a(lib_a-strlen.o)
                0x0000406c                strlen
 .text          0x0000407c        0x0 /afs/inf.ed.ac.uk/user/s11/s1119414/SLIP/gcc-arm-none-eabi-4_8-2014q2/bin/../lib/gcc/arm-none-eabi/4.8.4/../../../../arm-none-eabi/lib/armv6-m/libc.a(lib_a-strncpy.o)
 .text.strncpy  0x0000407c       0x74 /afs/inf.ed.ac.uk/user/s11/s1119414/SLIP/gcc-arm-none-eabi-4_8-2014q2/bin/../lib/gcc/arm-none-eabi/4.8.4/../../../../arm-none-eabi/lib/armv6-m/libc.a(lib_a-strncpy.o)
                0x0000407c                strncpy
 .text          0x000040f0        0x0 /afs/inf.ed.ac.uk/user/s11/s1119414/SLIP/gcc-arm-none-eabi-4_8-2014q2/bin/../lib/gcc/arm-none-eabi/4.8.4/../../../../arm-none-eabi/lib/armv6-m/libc.a(lib_a-svfprintf.o)
 .text._svfprintf_r
                0x000040f0     0x15c8 /afs/inf.ed.ac.uk/user/s11/s1119414/SLIP/gcc-arm-none-eabi-4_8-2014q2/bin/../lib/gcc/arm-none-eabi/4.8.4/../../../../arm-none-eabi/lib/armv6-m/libc.a(lib_a-svfprintf.o)
                0x000040f0                _svfprintf_r
 .text          0x000056b8        0x0 /afs/inf.ed.ac.uk/user/s11/s1119414/SLIP/gcc-arm-none-eabi-4_8-2014q2/bin/../lib/gcc/arm-none-eabi/4.8.4/../../../../arm-none-eabi/lib/armv6-m/libc.a(lib_a-__call_atexit.o)
 .text.startup.register_fini
                0x000056b8       0x18 /afs/inf.ed.ac.uk/user/s11/s1119414/SLIP/gcc-arm-none-eabi-4_8-2014q2/bin/../lib/gcc/arm-none-eabi/4.8.4/../../../../arm-none-eabi/lib/armv6-m/libc.a(lib_a-__call_atexit.o)
 .text.__call_exitprocs
                0x000056d0      0x118 /afs/inf.ed.ac.uk/user/s11/s1119414/SLIP/gcc-arm-none-eabi-4_8-2014q2/bin/../lib/gcc/arm-none-eabi/4.8.4/../../../../arm-none-eabi/lib/armv6-m/libc.a(lib_a-__call_atexit.o)
                0x000056d0                __call_exitprocs
 .text          0x000057e8        0x0 /afs/inf.ed.ac.uk/user/s11/s1119414/SLIP/gcc-arm-none-eabi-4_8-2014q2/bin/../lib/gcc/arm-none-eabi/4.8.4/../../../../arm-none-eabi/lib/armv6-m/libc.a(lib_a-atexit.o)
 .text.atexit   0x000057e8       0x10 /afs/inf.ed.ac.uk/user/s11/s1119414/SLIP/gcc-arm-none-eabi-4_8-2014q2/bin/../lib/gcc/arm-none-eabi/4.8.4/../../../../arm-none-eabi/lib/armv6-m/libc.a(lib_a-atexit.o)
                0x000057e8                atexit
 .text          0x000057f8        0x0 /afs/inf.ed.ac.uk/user/s11/s1119414/SLIP/gcc-arm-none-eabi-4_8-2014q2/bin/../lib/gcc/arm-none-eabi/4.8.4/../../../../arm-none-eabi/lib/armv6-m/libc.a(lib_a-dtoa.o)
 .text.quorem   0x000057f8      0x150 /afs/inf.ed.ac.uk/user/s11/s1119414/SLIP/gcc-arm-none-eabi-4_8-2014q2/bin/../lib/gcc/arm-none-eabi/4.8.4/../../../../arm-none-eabi/lib/armv6-m/libc.a(lib_a-dtoa.o)
 .text._dtoa_r  0x00005948      0xf38 /afs/inf.ed.ac.uk/user/s11/s1119414/SLIP/gcc-arm-none-eabi-4_8-2014q2/bin/../lib/gcc/arm-none-eabi/4.8.4/../../../../arm-none-eabi/lib/armv6-m/libc.a(lib_a-dtoa.o)
                0x00005948                _dtoa_r
 .text          0x00006880        0x0 /afs/inf.ed.ac.uk/user/s11/s1119414/SLIP/gcc-arm-none-eabi-4_8-2014q2/bin/../lib/gcc/arm-none-eabi/4.8.4/../../../../arm-none-eabi/lib/armv6-m/libc.a(lib_a-fini.o)
 .text.__libc_fini_array
                0x00006880       0x30 /afs/inf.ed.ac.uk/user/s11/s1119414/SLIP/gcc-arm-none-eabi-4_8-2014q2/bin/../lib/gcc/arm-none-eabi/4.8.4/../../../../arm-none-eabi/lib/armv6-m/libc.a(lib_a-fini.o)
                0x00006880                __libc_fini_array
 .text          0x000068b0        0x0 /afs/inf.ed.ac.uk/user/s11/s1119414/SLIP/gcc-arm-none-eabi-4_8-2014q2/bin/../lib/gcc/arm-none-eabi/4.8.4/../../../../arm-none-eabi/lib/armv6-m/libc.a(lib_a-locale.o)
 .text._setlocale_r
                0x000068b0       0x44 /afs/inf.ed.ac.uk/user/s11/s1119414/SLIP/gcc-arm-none-eabi-4_8-2014q2/bin/../lib/gcc/arm-none-eabi/4.8.4/../../../../arm-none-eabi/lib/armv6-m/libc.a(lib_a-locale.o)
                0x000068b0                _setlocale_r
 .text.__locale_charset
                0x000068f4        0x8 /afs/inf.ed.ac.uk/user/s11/s1119414/SLIP/gcc-arm-none-eabi-4_8-2014q2/bin/../lib/gcc/arm-none-eabi/4.8.4/../../../../arm-none-eabi/lib/armv6-m/libc.a(lib_a-locale.o)
                0x000068f4                __locale_charset
 .text.__locale_mb_cur_max
                0x000068fc        0xc /afs/inf.ed.ac.uk/user/s11/s1119414/SLIP/gcc-arm-none-eabi-4_8-2014q2/bin/../lib/gcc/arm-none-eabi/4.8.4/../../../../arm-none-eabi/lib/armv6-m/libc.a(lib_a-locale.o)
                0x000068fc                __locale_mb_cur_max
 .text.__locale_msgcharset
                0x00006908        0x8 /afs/inf.ed.ac.uk/user/s11/s1119414/SLIP/gcc-arm-none-eabi-4_8-2014q2/bin/../lib/gcc/arm-none-eabi/4.8.4/../../../../arm-none-eabi/lib/armv6-m/libc.a(lib_a-locale.o)
                0x00006908                __locale_msgcharset
 .text.__locale_cjk_lang
                0x00006910        0x4 /afs/inf.ed.ac.uk/user/s11/s1119414/SLIP/gcc-arm-none-eabi-4_8-2014q2/bin/../lib/gcc/arm-none-eabi/4.8.4/../../../../arm-none-eabi/lib/armv6-m/libc.a(lib_a-locale.o)
                0x00006910                __locale_cjk_lang
 .text._localeconv_r
                0x00006914        0x8 /afs/inf.ed.ac.uk/user/s11/s1119414/SLIP/gcc-arm-none-eabi-4_8-2014q2/bin/../lib/gcc/arm-none-eabi/4.8.4/../../../../arm-none-eabi/lib/armv6-m/libc.a(lib_a-locale.o)
                0x00006914                _localeconv_r
 .text.setlocale
                0x0000691c       0x18 /afs/inf.ed.ac.uk/user/s11/s1119414/SLIP/gcc-arm-none-eabi-4_8-2014q2/bin/../lib/gcc/arm-none-eabi/4.8.4/../../../../arm-none-eabi/lib/armv6-m/libc.a(lib_a-locale.o)
                0x0000691c                setlocale
 .text.localeconv
                0x00006934        0x8 /afs/inf.ed.ac.uk/user/s11/s1119414/SLIP/gcc-arm-none-eabi-4_8-2014q2/bin/../lib/gcc/arm-none-eabi/4.8.4/../../../../arm-none-eabi/lib/armv6-m/libc.a(lib_a-locale.o)
                0x00006934                localeconv
 .text          0x0000693c        0x0 /afs/inf.ed.ac.uk/user/s11/s1119414/SLIP/gcc-arm-none-eabi-4_8-2014q2/bin/../lib/gcc/arm-none-eabi/4.8.4/../../../../arm-none-eabi/lib/armv6-m/libc.a(lib_a-mallocr.o)
 .text._malloc_r
                0x0000693c      0x50c /afs/inf.ed.ac.uk/user/s11/s1119414/SLIP/gcc-arm-none-eabi-4_8-2014q2/bin/../lib/gcc/arm-none-eabi/4.8.4/../../../../arm-none-eabi/lib/armv6-m/libc.a(lib_a-mallocr.o)
                0x0000693c                _malloc_r
 .text          0x00006e48        0x0 /afs/inf.ed.ac.uk/user/s11/s1119414/SLIP/gcc-arm-none-eabi-4_8-2014q2/bin/../lib/gcc/arm-none-eabi/4.8.4/../../../../arm-none-eabi/lib/armv6-m/libc.a(lib_a-memchr-stub.o)
 .text.memchr   0x00006e48       0x84 /afs/inf.ed.ac.uk/user/s11/s1119414/SLIP/gcc-arm-none-eabi-4_8-2014q2/bin/../lib/gcc/arm-none-eabi/4.8.4/../../../../arm-none-eabi/lib/armv6-m/libc.a(lib_a-memchr-stub.o)
                0x00006e48                memchr
 .text          0x00006ecc        0x0 /afs/inf.ed.ac.uk/user/s11/s1119414/SLIP/gcc-arm-none-eabi-4_8-2014q2/bin/../lib/gcc/arm-none-eabi/4.8.4/../../../../arm-none-eabi/lib/armv6-m/libc.a(lib_a-mlock.o)
 .text.__malloc_lock
                0x00006ecc        0x4 /afs/inf.ed.ac.uk/user/s11/s1119414/SLIP/gcc-arm-none-eabi-4_8-2014q2/bin/../lib/gcc/arm-none-eabi/4.8.4/../../../../arm-none-eabi/lib/armv6-m/libc.a(lib_a-mlock.o)
                0x00006ecc                __malloc_lock
 .text.__malloc_unlock
                0x00006ed0        0x4 /afs/inf.ed.ac.uk/user/s11/s1119414/SLIP/gcc-arm-none-eabi-4_8-2014q2/bin/../lib/gcc/arm-none-eabi/4.8.4/../../../../arm-none-eabi/lib/armv6-m/libc.a(lib_a-mlock.o)
                0x00006ed0                __malloc_unlock
 .text          0x00006ed4        0x0 /afs/inf.ed.ac.uk/user/s11/s1119414/SLIP/gcc-arm-none-eabi-4_8-2014q2/bin/../lib/gcc/arm-none-eabi/4.8.4/../../../../arm-none-eabi/lib/armv6-m/libc.a(lib_a-mprec.o)
 .text._Balloc  0x00006ed4       0x50 /afs/inf.ed.ac.uk/user/s11/s1119414/SLIP/gcc-arm-none-eabi-4_8-2014q2/bin/../lib/gcc/arm-none-eabi/4.8.4/../../../../arm-none-eabi/lib/armv6-m/libc.a(lib_a-mprec.o)
                0x00006ed4                _Balloc
 .text._Bfree   0x00006f24       0x14 /afs/inf.ed.ac.uk/user/s11/s1119414/SLIP/gcc-arm-none-eabi-4_8-2014q2/bin/../lib/gcc/arm-none-eabi/4.8.4/../../../../arm-none-eabi/lib/armv6-m/libc.a(lib_a-mprec.o)
                0x00006f24                _Bfree
 .text.__multadd
                0x00006f38       0xa8 /afs/inf.ed.ac.uk/user/s11/s1119414/SLIP/gcc-arm-none-eabi-4_8-2014q2/bin/../lib/gcc/arm-none-eabi/4.8.4/../../../../arm-none-eabi/lib/armv6-m/libc.a(lib_a-mprec.o)
                0x00006f38                __multadd
 .text.__s2b    0x00006fe0       0x98 /afs/inf.ed.ac.uk/user/s11/s1119414/SLIP/gcc-arm-none-eabi-4_8-2014q2/bin/../lib/gcc/arm-none-eabi/4.8.4/../../../../arm-none-eabi/lib/armv6-m/libc.a(lib_a-mprec.o)
                0x00006fe0                __s2b
 .text.__hi0bits
                0x00007078       0x3c /afs/inf.ed.ac.uk/user/s11/s1119414/SLIP/gcc-arm-none-eabi-4_8-2014q2/bin/../lib/gcc/arm-none-eabi/4.8.4/../../../../arm-none-eabi/lib/armv6-m/libc.a(lib_a-mprec.o)
                0x00007078                __hi0bits
 .text.__lo0bits
                0x000070b4       0x5c /afs/inf.ed.ac.uk/user/s11/s1119414/SLIP/gcc-arm-none-eabi-4_8-2014q2/bin/../lib/gcc/arm-none-eabi/4.8.4/../../../../arm-none-eabi/lib/armv6-m/libc.a(lib_a-mprec.o)
                0x000070b4                __lo0bits
 .text.__i2b    0x00007110       0x14 /afs/inf.ed.ac.uk/user/s11/s1119414/SLIP/gcc-arm-none-eabi-4_8-2014q2/bin/../lib/gcc/arm-none-eabi/4.8.4/../../../../arm-none-eabi/lib/armv6-m/libc.a(lib_a-mprec.o)
                0x00007110                __i2b
 .text.__multiply
                0x00007124      0x144 /afs/inf.ed.ac.uk/user/s11/s1119414/SLIP/gcc-arm-none-eabi-4_8-2014q2/bin/../lib/gcc/arm-none-eabi/4.8.4/../../../../arm-none-eabi/lib/armv6-m/libc.a(lib_a-mprec.o)
                0x00007124                __multiply
 .text.__pow5mult
                0x00007268       0xb8 /afs/inf.ed.ac.uk/user/s11/s1119414/SLIP/gcc-arm-none-eabi-4_8-2014q2/bin/../lib/gcc/arm-none-eabi/4.8.4/../../../../arm-none-eabi/lib/armv6-m/libc.a(lib_a-mprec.o)
                0x00007268                __pow5mult
 .text.__lshift
                0x00007320       0xc0 /afs/inf.ed.ac.uk/user/s11/s1119414/SLIP/gcc-arm-none-eabi-4_8-2014q2/bin/../lib/gcc/arm-none-eabi/4.8.4/../../../../arm-none-eabi/lib/armv6-m/libc.a(lib_a-mprec.o)
                0x00007320                __lshift
 .text.__mcmp   0x000073e0       0x38 /afs/inf.ed.ac.uk/user/s11/s1119414/SLIP/gcc-arm-none-eabi-4_8-2014q2/bin/../lib/gcc/arm-none-eabi/4.8.4/../../../../arm-none-eabi/lib/armv6-m/libc.a(lib_a-mprec.o)
                0x000073e0                __mcmp
 .text.__mdiff  0x00007418       0xe8 /afs/inf.ed.ac.uk/user/s11/s1119414/SLIP/gcc-arm-none-eabi-4_8-2014q2/bin/../lib/gcc/arm-none-eabi/4.8.4/../../../../arm-none-eabi/lib/armv6-m/libc.a(lib_a-mprec.o)
                0x00007418                __mdiff
 .text.__ulp    0x00007500       0x44 /afs/inf.ed.ac.uk/user/s11/s1119414/SLIP/gcc-arm-none-eabi-4_8-2014q2/bin/../lib/gcc/arm-none-eabi/4.8.4/../../../../arm-none-eabi/lib/armv6-m/libc.a(lib_a-mprec.o)
                0x00007500                __ulp
 .text.__b2d    0x00007544       0xac /afs/inf.ed.ac.uk/user/s11/s1119414/SLIP/gcc-arm-none-eabi-4_8-2014q2/bin/../lib/gcc/arm-none-eabi/4.8.4/../../../../arm-none-eabi/lib/armv6-m/libc.a(lib_a-mprec.o)
                0x00007544                __b2d
 .text.__d2b    0x000075f0       0xbc /afs/inf.ed.ac.uk/user/s11/s1119414/SLIP/gcc-arm-none-eabi-4_8-2014q2/bin/../lib/gcc/arm-none-eabi/4.8.4/../../../../arm-none-eabi/lib/armv6-m/libc.a(lib_a-mprec.o)
                0x000075f0                __d2b
 .text.__ratio  0x000076ac       0x70 /afs/inf.ed.ac.uk/user/s11/s1119414/SLIP/gcc-arm-none-eabi-4_8-2014q2/bin/../lib/gcc/arm-none-eabi/4.8.4/../../../../arm-none-eabi/lib/armv6-m/libc.a(lib_a-mprec.o)
                0x000076ac                __ratio
 *fill*         0x0000771c        0x4 
 .text._mprec_log10
                0x00007720       0x40 /afs/inf.ed.ac.uk/user/s11/s1119414/SLIP/gcc-arm-none-eabi-4_8-2014q2/bin/../lib/gcc/arm-none-eabi/4.8.4/../../../../arm-none-eabi/lib/armv6-m/libc.a(lib_a-mprec.o)
                0x00007720                _mprec_log10
 .text.__copybits
                0x00007760       0x40 /afs/inf.ed.ac.uk/user/s11/s1119414/SLIP/gcc-arm-none-eabi-4_8-2014q2/bin/../lib/gcc/arm-none-eabi/4.8.4/../../../../arm-none-eabi/lib/armv6-m/libc.a(lib_a-mprec.o)
                0x00007760                __copybits
 .text.__any_on
                0x000077a0       0x60 /afs/inf.ed.ac.uk/user/s11/s1119414/SLIP/gcc-arm-none-eabi-4_8-2014q2/bin/../lib/gcc/arm-none-eabi/4.8.4/../../../../arm-none-eabi/lib/armv6-m/libc.a(lib_a-mprec.o)
                0x000077a0                __any_on
 .text          0x00007800        0x0 /afs/inf.ed.ac.uk/user/s11/s1119414/SLIP/gcc-arm-none-eabi-4_8-2014q2/bin/../lib/gcc/arm-none-eabi/4.8.4/../../../../arm-none-eabi/lib/armv6-m/libc.a(lib_a-s_fpclassify.o)
 .text.__fpclassifyd
                0x00007800       0x60 /afs/inf.ed.ac.uk/user/s11/s1119414/SLIP/gcc-arm-none-eabi-4_8-2014q2/bin/../lib/gcc/arm-none-eabi/4.8.4/../../../../arm-none-eabi/lib/armv6-m/libc.a(lib_a-s_fpclassify.o)
                0x00007800                __fpclassifyd
 .text          0x00007860        0x0 /afs/inf.ed.ac.uk/user/s11/s1119414/SLIP/gcc-arm-none-eabi-4_8-2014q2/bin/../lib/gcc/arm-none-eabi/4.8.4/../../../../arm-none-eabi/lib/armv6-m/libc.a(lib_a-sbrkr.o)
 .text._sbrk_r  0x00007860       0x24 /afs/inf.ed.ac.uk/user/s11/s1119414/SLIP/gcc-arm-none-eabi-4_8-2014q2/bin/../lib/gcc/arm-none-eabi/4.8.4/../../../../arm-none-eabi/lib/armv6-m/libc.a(lib_a-sbrkr.o)
                0x00007860                _sbrk_r
 .text          0x00007884       0x14 /afs/inf.ed.ac.uk/user/s11/s1119414/SLIP/gcc-arm-none-eabi-4_8-2014q2/bin/../lib/gcc/arm-none-eabi/4.8.4/../../../../arm-none-eabi/lib/armv6-m/libc.a(lib_a-strcmp.o)
                0x00007884                strcmp
 .text          0x00007898        0x0 /afs/inf.ed.ac.uk/user/s11/s1119414/SLIP/gcc-arm-none-eabi-4_8-2014q2/bin/../lib/gcc/arm-none-eabi/4.8.4/../../../../arm-none-eabi/lib/armv6-m/libc.a(lib_a-svfiprintf.o)
 .text.__ssprint_r
                0x00007898      0x12c /afs/inf.ed.ac.uk/user/s11/s1119414/SLIP/gcc-arm-none-eabi-4_8-2014q2/bin/../lib/gcc/arm-none-eabi/4.8.4/../../../../arm-none-eabi/lib/armv6-m/libc.a(lib_a-svfiprintf.o)
                0x00007898                __ssprint_r
 .text._svfiprintf_r
                0x000079c4      0xac4 /afs/inf.ed.ac.uk/user/s11/s1119414/SLIP/gcc-arm-none-eabi-4_8-2014q2/bin/../lib/gcc/arm-none-eabi/4.8.4/../../../../arm-none-eabi/lib/armv6-m/libc.a(lib_a-svfiprintf.o)
                0x000079c4                _svfiprintf_r
 .text          0x00008488        0x0 /afs/inf.ed.ac.uk/user/s11/s1119414/SLIP/gcc-arm-none-eabi-4_8-2014q2/bin/../lib/gcc/arm-none-eabi/4.8.4/../../../../arm-none-eabi/lib/armv6-m/libc.a(lib_a-__atexit.o)
 .text.__register_exitproc
                0x00008488       0xc0 /afs/inf.ed.ac.uk/user/s11/s1119414/SLIP/gcc-arm-none-eabi-4_8-2014q2/bin/../lib/gcc/arm-none-eabi/4.8.4/../../../../arm-none-eabi/lib/armv6-m/libc.a(lib_a-__atexit.o)
                0x00008488                __register_exitproc
 .text          0x00008548        0x0 /afs/inf.ed.ac.uk/user/s11/s1119414/SLIP/gcc-arm-none-eabi-4_8-2014q2/bin/../lib/gcc/arm-none-eabi/4.8.4/../../../../arm-none-eabi/lib/armv6-m/libc.a(lib_a-callocr.o)
 .text._calloc_r
                0x00008548       0x60 /afs/inf.ed.ac.uk/user/s11/s1119414/SLIP/gcc-arm-none-eabi-4_8-2014q2/bin/../lib/gcc/arm-none-eabi/4.8.4/../../../../arm-none-eabi/lib/armv6-m/libc.a(lib_a-callocr.o)
                0x00008548                _calloc_r
 .text          0x000085a8        0x0 /afs/inf.ed.ac.uk/user/s11/s1119414/SLIP/gcc-arm-none-eabi-4_8-2014q2/bin/../lib/gcc/arm-none-eabi/4.8.4/../../../../arm-none-eabi/lib/armv6-m/libc.a(lib_a-freer.o)
 .text._malloc_trim_r
                0x000085a8       0xa0 /afs/inf.ed.ac.uk/user/s11/s1119414/SLIP/gcc-arm-none-eabi-4_8-2014q2/bin/../lib/gcc/arm-none-eabi/4.8.4/../../../../arm-none-eabi/lib/armv6-m/libc.a(lib_a-freer.o)
                0x000085a8                _malloc_trim_r
 .text._free_r  0x00008648      0x190 /afs/inf.ed.ac.uk/user/s11/s1119414/SLIP/gcc-arm-none-eabi-4_8-2014q2/bin/../lib/gcc/arm-none-eabi/4.8.4/../../../../arm-none-eabi/lib/armv6-m/libc.a(lib_a-freer.o)
                0x00008648                _free_r
 .text          0x000087d8        0x0 /afs/inf.ed.ac.uk/user/s11/s1119414/SLIP/gcc-arm-none-eabi-4_8-2014q2/bin/../lib/gcc/arm-none-eabi/4.8.4/../../../../arm-none-eabi/lib/armv6-m/libc.a(lib_a-reallocr.o)
 .text._realloc_r
                0x000087d8      0x360 /afs/inf.ed.ac.uk/user/s11/s1119414/SLIP/gcc-arm-none-eabi-4_8-2014q2/bin/../lib/gcc/arm-none-eabi/4.8.4/../../../../arm-none-eabi/lib/armv6-m/libc.a(lib_a-reallocr.o)
                0x000087d8                _realloc_r
 .text          0x00008b38        0x0 /afs/inf.ed.ac.uk/user/s11/s1119414/SLIP/gcc-arm-none-eabi-4_8-2014q2/bin/../lib/gcc/arm-none-eabi/4.8.4/../../../../arm-none-eabi/lib/armv6-m/libc.a(lib_a-reent.o)
 .text.cleanup_glue
                0x00008b38       0x1c /afs/inf.ed.ac.uk/user/s11/s1119414/SLIP/gcc-arm-none-eabi-4_8-2014q2/bin/../lib/gcc/arm-none-eabi/4.8.4/../../../../arm-none-eabi/lib/armv6-m/libc.a(lib_a-reent.o)
                0x00008b38                cleanup_glue
 .text._reclaim_reent
                0x00008b54       0xa0 /afs/inf.ed.ac.uk/user/s11/s1119414/SLIP/gcc-arm-none-eabi-4_8-2014q2/bin/../lib/gcc/arm-none-eabi/4.8.4/../../../../arm-none-eabi/lib/armv6-m/libc.a(lib_a-reent.o)
                0x00008b54                _reclaim_reent
 .text          0x00008bf4       0xc0 /afs/inf.ed.ac.uk/user/s11/s1119414/SLIP/gcc-arm-none-eabi-4_8-2014q2/bin/../lib/gcc/arm-none-eabi/4.8.4/armv6-m/libgcc.a(_divsi3.o)
                0x00008bf4                __aeabi_idiv
                0x00008bf4                __divsi3
                0x00008ca0                __aeabi_idivmod
 .text          0x00008cb4       0x7c /afs/inf.ed.ac.uk/user/s11/s1119414/SLIP/gcc-arm-none-eabi-4_8-2014q2/bin/../lib/gcc/arm-none-eabi/4.8.4/armv6-m/libgcc.a(_arm_cmpdf2.o)
                0x00008cb4                __aeabi_cdrcmple
                0x00008cc4                __aeabi_cdcmple
                0x00008cc4                __aeabi_cdcmpeq
                0x00008cd4                __aeabi_dcmpeq
                0x00008ce0                __aeabi_dcmplt
                0x00008cf4                __aeabi_dcmple
                0x00008d08                __aeabi_dcmpgt
                0x00008d1c                __aeabi_dcmpge
 .text          0x00008d30       0x40 /afs/inf.ed.ac.uk/user/s11/s1119414/SLIP/gcc-arm-none-eabi-4_8-2014q2/bin/../lib/gcc/arm-none-eabi/4.8.4/armv6-m/libgcc.a(_aeabi_uldivmod.o)
                0x00008d30                __aeabi_uldivmod
 .text          0x00008d70       0x6c /afs/inf.ed.ac.uk/user/s11/s1119414/SLIP/gcc-arm-none-eabi-4_8-2014q2/bin/../lib/gcc/arm-none-eabi/4.8.4/armv6-m/libgcc.a(bpabi.o)
                0x00008d70                __gnu_ldivmod_helper
                0x00008da8                __gnu_uldivmod_helper
 .text          0x00008ddc      0x644 /afs/inf.ed.ac.uk/user/s11/s1119414/SLIP/gcc-arm-none-eabi-4_8-2014q2/bin/../lib/gcc/arm-none-eabi/4.8.4/armv6-m/libgcc.a(adddf3.o)
                0x00008ddc                __aeabi_dadd
 .text          0x00009420      0x648 /afs/inf.ed.ac.uk/user/s11/s1119414/SLIP/gcc-arm-none-eabi-4_8-2014q2/bin/../lib/gcc/arm-none-eabi/4.8.4/armv6-m/libgcc.a(divdf3.o)
                0x00009420                __aeabi_ddiv
 .text          0x00009a68       0x94 /afs/inf.ed.ac.uk/user/s11/s1119414/SLIP/gcc-arm-none-eabi-4_8-2014q2/bin/../lib/gcc/arm-none-eabi/4.8.4/armv6-m/libgcc.a(eqdf2.o)
                0x00009a68                __eqdf2
                0x00009a68                __nedf2
 .text          0x00009afc       0xfc /afs/inf.ed.ac.uk/user/s11/s1119414/SLIP/gcc-arm-none-eabi-4_8-2014q2/bin/../lib/gcc/arm-none-eabi/4.8.4/armv6-m/libgcc.a(gedf2.o)
                0x00009afc                __gtdf2
                0x00009afc                __gedf2
 .text          0x00009bf8       0xfc /afs/inf.ed.ac.uk/user/s11/s1119414/SLIP/gcc-arm-none-eabi-4_8-2014q2/bin/../lib/gcc/arm-none-eabi/4.8.4/armv6-m/libgcc.a(ledf2.o)
                0x00009bf8                __ltdf2
                0x00009bf8                __ledf2
 .text          0x00009cf4      0x520 /afs/inf.ed.ac.uk/user/s11/s1119414/SLIP/gcc-arm-none-eabi-4_8-2014q2/bin/../lib/gcc/arm-none-eabi/4.8.4/armv6-m/libgcc.a(muldf3.o)
                0x00009cf4                __aeabi_dmul
 .text          0x0000a214      0x668 /afs/inf.ed.ac.uk/user/s11/s1119414/SLIP/gcc-arm-none-eabi-4_8-2014q2/bin/../lib/gcc/arm-none-eabi/4.8.4/armv6-m/libgcc.a(subdf3.o)
                0x0000a214                __aeabi_dsub
 .text          0x0000a87c       0x68 /afs/inf.ed.ac.uk/user/s11/s1119414/SLIP/gcc-arm-none-eabi-4_8-2014q2/bin/../lib/gcc/arm-none-eabi/4.8.4/armv6-m/libgcc.a(fixdfsi.o)
                0x0000a87c                __aeabi_d2iz
 .text          0x0000a8e4       0x7c /afs/inf.ed.ac.uk/user/s11/s1119414/SLIP/gcc-arm-none-eabi-4_8-2014q2/bin/../lib/gcc/arm-none-eabi/4.8.4/armv6-m/libgcc.a(floatsidf.o)
                0x0000a8e4                __aeabi_i2d
 .text          0x0000a960       0x68 /afs/inf.ed.ac.uk/user/s11/s1119414/SLIP/gcc-arm-none-eabi-4_8-2014q2/bin/../lib/gcc/arm-none-eabi/4.8.4/armv6-m/libgcc.a(floatunsidf.o)
                0x0000a960                __aeabi_ui2d
 .text          0x0000a9c8       0x3c /afs/inf.ed.ac.uk/user/s11/s1119414/SLIP/gcc-arm-none-eabi-4_8-2014q2/bin/../lib/gcc/arm-none-eabi/4.8.4/armv6-m/libgcc.a(_clzsi2.o)
                0x0000a9c8                __clzsi2
 .text          0x0000aa04       0x44 /afs/inf.ed.ac.uk/user/s11/s1119414/SLIP/gcc-arm-none-eabi-4_8-2014q2/bin/../lib/gcc/arm-none-eabi/4.8.4/armv6-m/libgcc.a(_muldi3.o)
                0x0000aa04                __aeabi_lmul
                0x0000aa04                __muldi3
 .text          0x0000aa48      0x3b8 /afs/inf.ed.ac.uk/user/s11/s1119414/SLIP/gcc-arm-none-eabi-4_8-2014q2/bin/../lib/gcc/arm-none-eabi/4.8.4/armv6-m/libgcc.a(_divdi3.o)
                0x0000aa48                __divdi3
 .text          0x0000ae00      0x384 /afs/inf.ed.ac.uk/user/s11/s1119414/SLIP/gcc-arm-none-eabi-4_8-2014q2/bin/../lib/gcc/arm-none-eabi/4.8.4/armv6-m/libgcc.a(_udivdi3.o)
                0x0000ae00                __udivdi3
 .text          0x0000b184        0x0 /afs/inf.ed.ac.uk/user/s11/s1119414/SLIP/gcc-arm-none-eabi-4_8-2014q2/bin/../lib/gcc/arm-none-eabi/4.8.4/armv6-m/crtend.o
 .text          0x0000b184        0x0 /afs/inf.ed.ac.uk/user/s11/s1119414/SLIP/gcc-arm-none-eabi-4_8-2014q2/bin/../lib/gcc/arm-none-eabi/4.8.4/armv6-m/crtn.o
 .text          0x0000b184        0x0 /afs/inf.ed.ac.uk/user/s11/s1119414/SLIP/gcc-arm-none-eabi-4_8-2014q2/bin/../lib/gcc/arm-none-eabi/4.8.4/../../../../arm-none-eabi/lib/armv6-m/libnosys.a(sbrk.o)
 .text._sbrk    0x0000b184       0x34 /afs/inf.ed.ac.uk/user/s11/s1119414/SLIP/gcc-arm-none-eabi-4_8-2014q2/bin/../lib/gcc/arm-none-eabi/4.8.4/../../../../arm-none-eabi/lib/armv6-m/libnosys.a(sbrk.o)
                0x0000b184                _sbrk
 .text          0x0000b1b8        0x0 /afs/inf.ed.ac.uk/user/s11/s1119414/SLIP/gcc-arm-none-eabi-4_8-2014q2/bin/../lib/gcc/arm-none-eabi/4.8.4/../../../../arm-none-eabi/lib/armv6-m/libnosys.a(_exit.o)
 .text._exit    0x0000b1b8        0x4 /afs/inf.ed.ac.uk/user/s11/s1119414/SLIP/gcc-arm-none-eabi-4_8-2014q2/bin/../lib/gcc/arm-none-eabi/4.8.4/../../../../arm-none-eabi/lib/armv6-m/libnosys.a(_exit.o)
                0x0000b1b8                _exit
 *(.init)
 .init          0x0000b1bc        0x4 /afs/inf.ed.ac.uk/user/s11/s1119414/SLIP/gcc-arm-none-eabi-4_8-2014q2/bin/../lib/gcc/arm-none-eabi/4.8.4/armv6-m/crti.o
                0x0000b1bc                _init
 .init          0x0000b1c0        0x8 /afs/inf.ed.ac.uk/user/s11/s1119414/SLIP/gcc-arm-none-eabi-4_8-2014q2/bin/../lib/gcc/arm-none-eabi/4.8.4/armv6-m/crtn.o
 *(.fini)
 .fini          0x0000b1c8        0x4 /afs/inf.ed.ac.uk/user/s11/s1119414/SLIP/gcc-arm-none-eabi-4_8-2014q2/bin/../lib/gcc/arm-none-eabi/4.8.4/armv6-m/crti.o
                0x0000b1c8                _fini
 .fini          0x0000b1cc        0x8 /afs/inf.ed.ac.uk/user/s11/s1119414/SLIP/gcc-arm-none-eabi-4_8-2014q2/bin/../lib/gcc/arm-none-eabi/4.8.4/armv6-m/crtn.o
 *crtbegin.o(.ctors)
 *crtbegin?.o(.ctors)
 *(EXCLUDE_FILE(*crtend.o *crtend?.o) .ctors)
 *(SORT(.ctors.*))
 *(.ctors)
 *crtbegin.o(.dtors)
 *crtbegin?.o(.dtors)
 *(EXCLUDE_FILE(*crtend.o *crtend?.o) .dtors)
 *(SORT(.dtors.*))
 *(.dtors)
 *(.rodata*)
 .rodata.str1.1
                0x0000b1d4       0x17 _build/main.o
 *fill*         0x0000b1eb        0x1 
 .rodata        0x0000b1ec       0x34 _build/device_manager_peripheral.o
                0x0000b1ec                m_service_context_store
                0x0000b1fc                m_service_context_load
                0x0000b20c                m_service_context_apply
                0x0000b21c                m_context_init_len
 .rodata.str1.1
                0x0000b220       0x38 _build/ble_dis.o
 .rodata.str1.1
                0x0000b258       0x3c _build/softdevice_handler.o
 .rodata.str1.1
                0x0000b294       0x34 _build/app_timer.o
 .rodata.str1.1
                0x0000b2c8       0x35 _build/app_button.o
 *fill*         0x0000b2fd        0x3 
 .rodata.str1.4
                0x0000b300        0x2 /afs/inf.ed.ac.uk/user/s11/s1119414/SLIP/gcc-arm-none-eabi-4_8-2014q2/bin/../lib/gcc/arm-none-eabi/4.8.4/../../../../arm-none-eabi/lib/armv6-m/libc.a(lib_a-impure.o)
                                  0x4 (size before relaxing)
 *fill*         0x0000b302        0x2 
 .rodata._global_impure_ptr
                0x0000b304        0x4 /afs/inf.ed.ac.uk/user/s11/s1119414/SLIP/gcc-arm-none-eabi-4_8-2014q2/bin/../lib/gcc/arm-none-eabi/4.8.4/../../../../arm-none-eabi/lib/armv6-m/libc.a(lib_a-impure.o)
                0x0000b304                _global_impure_ptr
 .rodata._svfprintf_r
                0x0000b308      0x164 /afs/inf.ed.ac.uk/user/s11/s1119414/SLIP/gcc-arm-none-eabi-4_8-2014q2/bin/../lib/gcc/arm-none-eabi/4.8.4/../../../../arm-none-eabi/lib/armv6-m/libc.a(lib_a-svfprintf.o)
 .rodata.zeroes.6763
                0x0000b46c       0x10 /afs/inf.ed.ac.uk/user/s11/s1119414/SLIP/gcc-arm-none-eabi-4_8-2014q2/bin/../lib/gcc/arm-none-eabi/4.8.4/../../../../arm-none-eabi/lib/armv6-m/libc.a(lib_a-svfprintf.o)
 .rodata.str1.4
                0x0000b47c       0x42 /afs/inf.ed.ac.uk/user/s11/s1119414/SLIP/gcc-arm-none-eabi-4_8-2014q2/bin/../lib/gcc/arm-none-eabi/4.8.4/../../../../arm-none-eabi/lib/armv6-m/libc.a(lib_a-svfprintf.o)
                                 0x44 (size before relaxing)
 *fill*         0x0000b4be        0x2 
 .rodata.blanks.6762
                0x0000b4c0       0x10 /afs/inf.ed.ac.uk/user/s11/s1119414/SLIP/gcc-arm-none-eabi-4_8-2014q2/bin/../lib/gcc/arm-none-eabi/4.8.4/../../../../arm-none-eabi/lib/armv6-m/libc.a(lib_a-svfprintf.o)
 .rodata.str1.4
                0x0000b4d0       0x10 /afs/inf.ed.ac.uk/user/s11/s1119414/SLIP/gcc-arm-none-eabi-4_8-2014q2/bin/../lib/gcc/arm-none-eabi/4.8.4/../../../../arm-none-eabi/lib/armv6-m/libc.a(lib_a-dtoa.o)
                                 0x14 (size before relaxing)
 .rodata.str1.4
                0x0000b4e0        0xc /afs/inf.ed.ac.uk/user/s11/s1119414/SLIP/gcc-arm-none-eabi-4_8-2014q2/bin/../lib/gcc/arm-none-eabi/4.8.4/../../../../arm-none-eabi/lib/armv6-m/libc.a(lib_a-locale.o)
                                 0x14 (size before relaxing)
 *fill*         0x0000b4ec        0x4 
 .rodata.__mprec_tens
                0x0000b4f0       0xc8 /afs/inf.ed.ac.uk/user/s11/s1119414/SLIP/gcc-arm-none-eabi-4_8-2014q2/bin/../lib/gcc/arm-none-eabi/4.8.4/../../../../arm-none-eabi/lib/armv6-m/libc.a(lib_a-mprec.o)
                0x0000b4f0                __mprec_tens
 .rodata.__mprec_bigtens
                0x0000b5b8       0x28 /afs/inf.ed.ac.uk/user/s11/s1119414/SLIP/gcc-arm-none-eabi-4_8-2014q2/bin/../lib/gcc/arm-none-eabi/4.8.4/../../../../arm-none-eabi/lib/armv6-m/libc.a(lib_a-mprec.o)
                0x0000b5b8                __mprec_bigtens
 .rodata.__mprec_tinytens
                0x0000b5e0       0x28 /afs/inf.ed.ac.uk/user/s11/s1119414/SLIP/gcc-arm-none-eabi-4_8-2014q2/bin/../lib/gcc/arm-none-eabi/4.8.4/../../../../arm-none-eabi/lib/armv6-m/libc.a(lib_a-mprec.o)
                0x0000b5e0                __mprec_tinytens
 .rodata.p05.5269
                0x0000b608        0xc /afs/inf.ed.ac.uk/user/s11/s1119414/SLIP/gcc-arm-none-eabi-4_8-2014q2/bin/../lib/gcc/arm-none-eabi/4.8.4/../../../../arm-none-eabi/lib/armv6-m/libc.a(lib_a-mprec.o)
 .rodata._svfiprintf_r
                0x0000b614      0x164 /afs/inf.ed.ac.uk/user/s11/s1119414/SLIP/gcc-arm-none-eabi-4_8-2014q2/bin/../lib/gcc/arm-none-eabi/4.8.4/../../../../arm-none-eabi/lib/armv6-m/libc.a(lib_a-svfiprintf.o)
 .rodata.zeroes.6707
                0x0000b778       0x10 /afs/inf.ed.ac.uk/user/s11/s1119414/SLIP/gcc-arm-none-eabi-4_8-2014q2/bin/../lib/gcc/arm-none-eabi/4.8.4/../../../../arm-none-eabi/lib/armv6-m/libc.a(lib_a-svfiprintf.o)
 .rodata.str1.4
                0x00000000       0x30 /afs/inf.ed.ac.uk/user/s11/s1119414/SLIP/gcc-arm-none-eabi-4_8-2014q2/bin/../lib/gcc/arm-none-eabi/4.8.4/../../../../arm-none-eabi/lib/armv6-m/libc.a(lib_a-svfiprintf.o)
 .rodata.blanks.6706
                0x0000b788       0x10 /afs/inf.ed.ac.uk/user/s11/s1119414/SLIP/gcc-arm-none-eabi-4_8-2014q2/bin/../lib/gcc/arm-none-eabi/4.8.4/../../../../arm-none-eabi/lib/armv6-m/libc.a(lib_a-svfiprintf.o)
 .rodata        0x0000b798       0x40 /afs/inf.ed.ac.uk/user/s11/s1119414/SLIP/gcc-arm-none-eabi-4_8-2014q2/bin/../lib/gcc/arm-none-eabi/4.8.4/armv6-m/libgcc.a(divdf3.o)
 .rodata        0x0000b7d8       0x40 /afs/inf.ed.ac.uk/user/s11/s1119414/SLIP/gcc-arm-none-eabi-4_8-2014q2/bin/../lib/gcc/arm-none-eabi/4.8.4/armv6-m/libgcc.a(muldf3.o)
 *(.eh_frame*)
 .eh_frame      0x0000b818        0x0 /afs/inf.ed.ac.uk/user/s11/s1119414/SLIP/gcc-arm-none-eabi-4_8-2014q2/bin/../lib/gcc/arm-none-eabi/4.8.4/armv6-m/crtbegin.o
 .eh_frame      0x0000b818        0x4 /afs/inf.ed.ac.uk/user/s11/s1119414/SLIP/gcc-arm-none-eabi-4_8-2014q2/bin/../lib/gcc/arm-none-eabi/4.8.4/armv6-m/crtend.o

.glue_7         0x0000b81c        0x0
 .glue_7        0x00000000        0x0 linker stubs

.glue_7t        0x0000b81c        0x0
 .glue_7t       0x00000000        0x0 linker stubs

.vfp11_veneer   0x0000b81c        0x0
 .vfp11_veneer  0x00000000        0x0 linker stubs

.v4_bx          0x0000b81c        0x0
 .v4_bx         0x00000000        0x0 linker stubs

.iplt           0x0000b81c        0x0
 .iplt          0x00000000        0x0 /afs/inf.ed.ac.uk/user/s11/s1119414/SLIP/gcc-arm-none-eabi-4_8-2014q2/bin/../lib/gcc/arm-none-eabi/4.8.4/armv6-m/crtbegin.o

.ARM.extab      0x0000b81c        0x0
 *(.ARM.extab* .gnu.linkonce.armextab.*)
 .ARM.extab     0x0000b81c        0x0 /afs/inf.ed.ac.uk/user/s11/s1119414/SLIP/gcc-arm-none-eabi-4_8-2014q2/bin/../lib/gcc/arm-none-eabi/4.8.4/../../../../arm-none-eabi/lib/armv6-m/crt0.o
 .ARM.extab     0x0000b81c        0x0 /afs/inf.ed.ac.uk/user/s11/s1119414/SLIP/gcc-arm-none-eabi-4_8-2014q2/bin/../lib/gcc/arm-none-eabi/4.8.4/armv6-m/libgcc.a(_divdi3.o)
 .ARM.extab     0x0000b81c        0x0 /afs/inf.ed.ac.uk/user/s11/s1119414/SLIP/gcc-arm-none-eabi-4_8-2014q2/bin/../lib/gcc/arm-none-eabi/4.8.4/armv6-m/libgcc.a(_udivdi3.o)
                0x0000b81c                __exidx_start = .

.ARM.exidx      0x0000b81c        0x8
 *(.ARM.exidx* .gnu.linkonce.armexidx.*)
 .ARM.exidx     0x0000b81c        0x8 /afs/inf.ed.ac.uk/user/s11/s1119414/SLIP/gcc-arm-none-eabi-4_8-2014q2/bin/../lib/gcc/arm-none-eabi/4.8.4/../../../../arm-none-eabi/lib/armv6-m/crt0.o
 .ARM.exidx     0x0000b824        0x0 /afs/inf.ed.ac.uk/user/s11/s1119414/SLIP/gcc-arm-none-eabi-4_8-2014q2/bin/../lib/gcc/arm-none-eabi/4.8.4/armv6-m/libgcc.a(_divdi3.o)
                                  0x8 (size before relaxing)
 .ARM.exidx     0x0000b824        0x0 /afs/inf.ed.ac.uk/user/s11/s1119414/SLIP/gcc-arm-none-eabi-4_8-2014q2/bin/../lib/gcc/arm-none-eabi/4.8.4/armv6-m/libgcc.a(_udivdi3.o)
                                  0x8 (size before relaxing)
                0x0000b824                __exidx_end = .
                0x0000b824                __etext = .

.rel.dyn        0x0000b824        0x0
 .rel.iplt      0x00000000        0x0 /afs/inf.ed.ac.uk/user/s11/s1119414/SLIP/gcc-arm-none-eabi-4_8-2014q2/bin/../lib/gcc/arm-none-eabi/4.8.4/armv6-m/crtbegin.o

.data           0x20000000      0x8d4 load address 0x0000b824
                0x20000000                __data_start__ = .
 *(vtable)
 *(.data*)
 .data          0x20000000        0x0 /afs/inf.ed.ac.uk/user/s11/s1119414/SLIP/gcc-arm-none-eabi-4_8-2014q2/bin/../lib/gcc/arm-none-eabi/4.8.4/armv6-m/crti.o
 .data          0x20000000        0x4 /afs/inf.ed.ac.uk/user/s11/s1119414/SLIP/gcc-arm-none-eabi-4_8-2014q2/bin/../lib/gcc/arm-none-eabi/4.8.4/armv6-m/crtbegin.o
                0x20000000                __dso_handle
 .data          0x20000004        0x0 /afs/inf.ed.ac.uk/user/s11/s1119414/SLIP/gcc-arm-none-eabi-4_8-2014q2/bin/../lib/gcc/arm-none-eabi/4.8.4/../../../../arm-none-eabi/lib/armv6-m/crt0.o
 .data          0x20000004        0x0 _build/startup_nrf51.os
 .data          0x20000004        0x4 _build/system_nrf51.o
                0x20000004                SystemCoreClock
 .data          0x20000008        0x7 _build/libjanek.o
                0x2000000e                ADS_conf
 .data          0x2000000f        0x0 _build/main.o
 .data          0x2000000f        0x0 _build/nrf_delay.o
 .data          0x2000000f        0x0 _build/simple_uart.o
 .data          0x2000000f        0x0 _build/twi_sw_master.o
 .data          0x2000000f        0x0 _build/device_manager_peripheral.o
 .data          0x2000000f        0x0 _build/ble_dis.o
 .data          0x2000000f        0x0 _build/ble_bas.o
 .data          0x2000000f        0x0 _build/ble_hrs.o
 .data          0x2000000f        0x0 _build/ble_srv_common.o
 .data          0x2000000f        0x0 _build/ble_sensorsim.o
 .data          0x2000000f        0x0 _build/softdevice_handler.o
 .data          0x2000000f        0x0 _build/ble_advdata.o
 .data          0x2000000f        0x0 _build/ble_debug_assert_handler.o
 .data          0x2000000f        0x0 _build/ble_error_log.o
 .data          0x2000000f        0x0 _build/ble_conn_params.o
 .data          0x2000000f        0x0 _build/app_timer.o
 .data          0x2000000f        0x0 _build/pstorage.o
 .data          0x2000000f        0x0 _build/crc16.o
 .data          0x2000000f        0x0 _build/app_trace.o
 .data          0x2000000f        0x0 _build/simple_uart.o
 .data          0x2000000f        0x0 _build/app_gpiote.o
 .data          0x2000000f        0x0 _build/app_button.o
 .data          0x2000000f        0x0 /afs/inf.ed.ac.uk/user/s11/s1119414/SLIP/gcc-arm-none-eabi-4_8-2014q2/bin/../lib/gcc/arm-none-eabi/4.8.4/armv6-m/libgcc.a(_thumb1_case_uqi.o)
 .data          0x2000000f        0x0 /afs/inf.ed.ac.uk/user/s11/s1119414/SLIP/gcc-arm-none-eabi-4_8-2014q2/bin/../lib/gcc/arm-none-eabi/4.8.4/armv6-m/libgcc.a(_udivsi3.o)
 .data          0x2000000f        0x0 /afs/inf.ed.ac.uk/user/s11/s1119414/SLIP/gcc-arm-none-eabi-4_8-2014q2/bin/../lib/gcc/arm-none-eabi/4.8.4/armv6-m/libgcc.a(_dvmd_tls.o)
 .data          0x2000000f        0x0 /afs/inf.ed.ac.uk/user/s11/s1119414/SLIP/gcc-arm-none-eabi-4_8-2014q2/bin/../lib/gcc/arm-none-eabi/4.8.4/../../../../arm-none-eabi/lib/armv6-m/libc.a(lib_a-exit.o)
 .data          0x2000000f        0x0 /afs/inf.ed.ac.uk/user/s11/s1119414/SLIP/gcc-arm-none-eabi-4_8-2014q2/bin/../lib/gcc/arm-none-eabi/4.8.4/../../../../arm-none-eabi/lib/armv6-m/libc.a(lib_a-impure.o)
 *fill*         0x2000000f        0x1 
 .data.impure_data
                0x20000010      0x428 /afs/inf.ed.ac.uk/user/s11/s1119414/SLIP/gcc-arm-none-eabi-4_8-2014q2/bin/../lib/gcc/arm-none-eabi/4.8.4/../../../../arm-none-eabi/lib/armv6-m/libc.a(lib_a-impure.o)
 .data._impure_ptr
                0x20000438        0x4 /afs/inf.ed.ac.uk/user/s11/s1119414/SLIP/gcc-arm-none-eabi-4_8-2014q2/bin/../lib/gcc/arm-none-eabi/4.8.4/../../../../arm-none-eabi/lib/armv6-m/libc.a(lib_a-impure.o)
                0x20000438                _impure_ptr
 .data          0x2000043c        0x0 /afs/inf.ed.ac.uk/user/s11/s1119414/SLIP/gcc-arm-none-eabi-4_8-2014q2/bin/../lib/gcc/arm-none-eabi/4.8.4/../../../../arm-none-eabi/lib/armv6-m/libc.a(lib_a-init.o)
 .data          0x2000043c        0x0 /afs/inf.ed.ac.uk/user/s11/s1119414/SLIP/gcc-arm-none-eabi-4_8-2014q2/bin/../lib/gcc/arm-none-eabi/4.8.4/../../../../arm-none-eabi/lib/armv6-m/libc.a(lib_a-memcmp.o)
 .data          0x2000043c        0x0 /afs/inf.ed.ac.uk/user/s11/s1119414/SLIP/gcc-arm-none-eabi-4_8-2014q2/bin/../lib/gcc/arm-none-eabi/4.8.4/../../../../arm-none-eabi/lib/armv6-m/libc.a(lib_a-memcpy-stub.o)
 .data          0x2000043c        0x0 /afs/inf.ed.ac.uk/user/s11/s1119414/SLIP/gcc-arm-none-eabi-4_8-2014q2/bin/../lib/gcc/arm-none-eabi/4.8.4/../../../../arm-none-eabi/lib/armv6-m/libc.a(lib_a-memmove.o)
 .data          0x2000043c        0x0 /afs/inf.ed.ac.uk/user/s11/s1119414/SLIP/gcc-arm-none-eabi-4_8-2014q2/bin/../lib/gcc/arm-none-eabi/4.8.4/../../../../arm-none-eabi/lib/armv6-m/libc.a(lib_a-memset.o)
 .data          0x2000043c        0x0 /afs/inf.ed.ac.uk/user/s11/s1119414/SLIP/gcc-arm-none-eabi-4_8-2014q2/bin/../lib/gcc/arm-none-eabi/4.8.4/../../../../arm-none-eabi/lib/armv6-m/libc.a(lib_a-sprintf.o)
 .data          0x2000043c        0x0 /afs/inf.ed.ac.uk/user/s11/s1119414/SLIP/gcc-arm-none-eabi-4_8-2014q2/bin/../lib/gcc/arm-none-eabi/4.8.4/../../../../arm-none-eabi/lib/armv6-m/libc.a(lib_a-strlen.o)
 .data          0x2000043c        0x0 /afs/inf.ed.ac.uk/user/s11/s1119414/SLIP/gcc-arm-none-eabi-4_8-2014q2/bin/../lib/gcc/arm-none-eabi/4.8.4/../../../../arm-none-eabi/lib/armv6-m/libc.a(lib_a-strncpy.o)
 .data          0x2000043c        0x0 /afs/inf.ed.ac.uk/user/s11/s1119414/SLIP/gcc-arm-none-eabi-4_8-2014q2/bin/../lib/gcc/arm-none-eabi/4.8.4/../../../../arm-none-eabi/lib/armv6-m/libc.a(lib_a-svfprintf.o)
 .data          0x2000043c        0x0 /afs/inf.ed.ac.uk/user/s11/s1119414/SLIP/gcc-arm-none-eabi-4_8-2014q2/bin/../lib/gcc/arm-none-eabi/4.8.4/../../../../arm-none-eabi/lib/armv6-m/libc.a(lib_a-__call_atexit.o)
 .data          0x2000043c        0x0 /afs/inf.ed.ac.uk/user/s11/s1119414/SLIP/gcc-arm-none-eabi-4_8-2014q2/bin/../lib/gcc/arm-none-eabi/4.8.4/../../../../arm-none-eabi/lib/armv6-m/libc.a(lib_a-atexit.o)
 .data          0x2000043c        0x0 /afs/inf.ed.ac.uk/user/s11/s1119414/SLIP/gcc-arm-none-eabi-4_8-2014q2/bin/../lib/gcc/arm-none-eabi/4.8.4/../../../../arm-none-eabi/lib/armv6-m/libc.a(lib_a-dtoa.o)
 .data          0x2000043c        0x0 /afs/inf.ed.ac.uk/user/s11/s1119414/SLIP/gcc-arm-none-eabi-4_8-2014q2/bin/../lib/gcc/arm-none-eabi/4.8.4/../../../../arm-none-eabi/lib/armv6-m/libc.a(lib_a-fini.o)
 .data          0x2000043c        0x0 /afs/inf.ed.ac.uk/user/s11/s1119414/SLIP/gcc-arm-none-eabi-4_8-2014q2/bin/../lib/gcc/arm-none-eabi/4.8.4/../../../../arm-none-eabi/lib/armv6-m/libc.a(lib_a-locale.o)
 .data.lc_message_charset
                0x2000043c       0x20 /afs/inf.ed.ac.uk/user/s11/s1119414/SLIP/gcc-arm-none-eabi-4_8-2014q2/bin/../lib/gcc/arm-none-eabi/4.8.4/../../../../arm-none-eabi/lib/armv6-m/libc.a(lib_a-locale.o)
 .data.lconv    0x2000045c       0x38 /afs/inf.ed.ac.uk/user/s11/s1119414/SLIP/gcc-arm-none-eabi-4_8-2014q2/bin/../lib/gcc/arm-none-eabi/4.8.4/../../../../arm-none-eabi/lib/armv6-m/libc.a(lib_a-locale.o)
 .data.lc_ctype_charset
                0x20000494       0x20 /afs/inf.ed.ac.uk/user/s11/s1119414/SLIP/gcc-arm-none-eabi-4_8-2014q2/bin/../lib/gcc/arm-none-eabi/4.8.4/../../../../arm-none-eabi/lib/armv6-m/libc.a(lib_a-locale.o)
 .data.__mb_cur_max
                0x200004b4        0x4 /afs/inf.ed.ac.uk/user/s11/s1119414/SLIP/gcc-arm-none-eabi-4_8-2014q2/bin/../lib/gcc/arm-none-eabi/4.8.4/../../../../arm-none-eabi/lib/armv6-m/libc.a(lib_a-locale.o)
                0x200004b4                __mb_cur_max
 .data          0x200004b8        0x0 /afs/inf.ed.ac.uk/user/s11/s1119414/SLIP/gcc-arm-none-eabi-4_8-2014q2/bin/../lib/gcc/arm-none-eabi/4.8.4/../../../../arm-none-eabi/lib/armv6-m/libc.a(lib_a-mallocr.o)
 .data.__malloc_av_
                0x200004b8      0x408 /afs/inf.ed.ac.uk/user/s11/s1119414/SLIP/gcc-arm-none-eabi-4_8-2014q2/bin/../lib/gcc/arm-none-eabi/4.8.4/../../../../arm-none-eabi/lib/armv6-m/libc.a(lib_a-mallocr.o)
                0x200004b8                __malloc_av_
 .data.__malloc_trim_threshold
                0x200008c0        0x4 /afs/inf.ed.ac.uk/user/s11/s1119414/SLIP/gcc-arm-none-eabi-4_8-2014q2/bin/../lib/gcc/arm-none-eabi/4.8.4/../../../../arm-none-eabi/lib/armv6-m/libc.a(lib_a-mallocr.o)
                0x200008c0                __malloc_trim_threshold
 .data.__malloc_sbrk_base
                0x200008c4        0x4 /afs/inf.ed.ac.uk/user/s11/s1119414/SLIP/gcc-arm-none-eabi-4_8-2014q2/bin/../lib/gcc/arm-none-eabi/4.8.4/../../../../arm-none-eabi/lib/armv6-m/libc.a(lib_a-mallocr.o)
                0x200008c4                __malloc_sbrk_base
 .data          0x200008c8        0x0 /afs/inf.ed.ac.uk/user/s11/s1119414/SLIP/gcc-arm-none-eabi-4_8-2014q2/bin/../lib/gcc/arm-none-eabi/4.8.4/../../../../arm-none-eabi/lib/armv6-m/libc.a(lib_a-memchr-stub.o)
 .data          0x200008c8        0x0 /afs/inf.ed.ac.uk/user/s11/s1119414/SLIP/gcc-arm-none-eabi-4_8-2014q2/bin/../lib/gcc/arm-none-eabi/4.8.4/../../../../arm-none-eabi/lib/armv6-m/libc.a(lib_a-mlock.o)
 .data          0x200008c8        0x0 /afs/inf.ed.ac.uk/user/s11/s1119414/SLIP/gcc-arm-none-eabi-4_8-2014q2/bin/../lib/gcc/arm-none-eabi/4.8.4/../../../../arm-none-eabi/lib/armv6-m/libc.a(lib_a-mprec.o)
 .data          0x200008c8        0x0 /afs/inf.ed.ac.uk/user/s11/s1119414/SLIP/gcc-arm-none-eabi-4_8-2014q2/bin/../lib/gcc/arm-none-eabi/4.8.4/../../../../arm-none-eabi/lib/armv6-m/libc.a(lib_a-s_fpclassify.o)
 .data          0x200008c8        0x0 /afs/inf.ed.ac.uk/user/s11/s1119414/SLIP/gcc-arm-none-eabi-4_8-2014q2/bin/../lib/gcc/arm-none-eabi/4.8.4/../../../../arm-none-eabi/lib/armv6-m/libc.a(lib_a-sbrkr.o)
 .data          0x200008c8        0x0 /afs/inf.ed.ac.uk/user/s11/s1119414/SLIP/gcc-arm-none-eabi-4_8-2014q2/bin/../lib/gcc/arm-none-eabi/4.8.4/../../../../arm-none-eabi/lib/armv6-m/libc.a(lib_a-strcmp.o)
 .data          0x200008c8        0x0 /afs/inf.ed.ac.uk/user/s11/s1119414/SLIP/gcc-arm-none-eabi-4_8-2014q2/bin/../lib/gcc/arm-none-eabi/4.8.4/../../../../arm-none-eabi/lib/armv6-m/libc.a(lib_a-svfiprintf.o)
 .data          0x200008c8        0x0 /afs/inf.ed.ac.uk/user/s11/s1119414/SLIP/gcc-arm-none-eabi-4_8-2014q2/bin/../lib/gcc/arm-none-eabi/4.8.4/../../../../arm-none-eabi/lib/armv6-m/libc.a(lib_a-__atexit.o)
 .data          0x200008c8        0x0 /afs/inf.ed.ac.uk/user/s11/s1119414/SLIP/gcc-arm-none-eabi-4_8-2014q2/bin/../lib/gcc/arm-none-eabi/4.8.4/../../../../arm-none-eabi/lib/armv6-m/libc.a(lib_a-callocr.o)
 .data          0x200008c8        0x0 /afs/inf.ed.ac.uk/user/s11/s1119414/SLIP/gcc-arm-none-eabi-4_8-2014q2/bin/../lib/gcc/arm-none-eabi/4.8.4/../../../../arm-none-eabi/lib/armv6-m/libc.a(lib_a-freer.o)
 .data          0x200008c8        0x0 /afs/inf.ed.ac.uk/user/s11/s1119414/SLIP/gcc-arm-none-eabi-4_8-2014q2/bin/../lib/gcc/arm-none-eabi/4.8.4/../../../../arm-none-eabi/lib/armv6-m/libc.a(lib_a-reallocr.o)
 .data          0x200008c8        0x0 /afs/inf.ed.ac.uk/user/s11/s1119414/SLIP/gcc-arm-none-eabi-4_8-2014q2/bin/../lib/gcc/arm-none-eabi/4.8.4/../../../../arm-none-eabi/lib/armv6-m/libc.a(lib_a-reent.o)
 .data          0x200008c8        0x0 /afs/inf.ed.ac.uk/user/s11/s1119414/SLIP/gcc-arm-none-eabi-4_8-2014q2/bin/../lib/gcc/arm-none-eabi/4.8.4/armv6-m/libgcc.a(_divsi3.o)
 .data          0x200008c8        0x0 /afs/inf.ed.ac.uk/user/s11/s1119414/SLIP/gcc-arm-none-eabi-4_8-2014q2/bin/../lib/gcc/arm-none-eabi/4.8.4/armv6-m/libgcc.a(_arm_cmpdf2.o)
 .data          0x200008c8        0x0 /afs/inf.ed.ac.uk/user/s11/s1119414/SLIP/gcc-arm-none-eabi-4_8-2014q2/bin/../lib/gcc/arm-none-eabi/4.8.4/armv6-m/libgcc.a(_aeabi_uldivmod.o)
 .data          0x200008c8        0x0 /afs/inf.ed.ac.uk/user/s11/s1119414/SLIP/gcc-arm-none-eabi-4_8-2014q2/bin/../lib/gcc/arm-none-eabi/4.8.4/armv6-m/libgcc.a(bpabi.o)
 .data          0x200008c8        0x0 /afs/inf.ed.ac.uk/user/s11/s1119414/SLIP/gcc-arm-none-eabi-4_8-2014q2/bin/../lib/gcc/arm-none-eabi/4.8.4/armv6-m/libgcc.a(adddf3.o)
 .data          0x200008c8        0x0 /afs/inf.ed.ac.uk/user/s11/s1119414/SLIP/gcc-arm-none-eabi-4_8-2014q2/bin/../lib/gcc/arm-none-eabi/4.8.4/armv6-m/libgcc.a(divdf3.o)
 .data          0x200008c8        0x0 /afs/inf.ed.ac.uk/user/s11/s1119414/SLIP/gcc-arm-none-eabi-4_8-2014q2/bin/../lib/gcc/arm-none-eabi/4.8.4/armv6-m/libgcc.a(eqdf2.o)
 .data          0x200008c8        0x0 /afs/inf.ed.ac.uk/user/s11/s1119414/SLIP/gcc-arm-none-eabi-4_8-2014q2/bin/../lib/gcc/arm-none-eabi/4.8.4/armv6-m/libgcc.a(gedf2.o)
 .data          0x200008c8        0x0 /afs/inf.ed.ac.uk/user/s11/s1119414/SLIP/gcc-arm-none-eabi-4_8-2014q2/bin/../lib/gcc/arm-none-eabi/4.8.4/armv6-m/libgcc.a(ledf2.o)
 .data          0x200008c8        0x0 /afs/inf.ed.ac.uk/user/s11/s1119414/SLIP/gcc-arm-none-eabi-4_8-2014q2/bin/../lib/gcc/arm-none-eabi/4.8.4/armv6-m/libgcc.a(muldf3.o)
 .data          0x200008c8        0x0 /afs/inf.ed.ac.uk/user/s11/s1119414/SLIP/gcc-arm-none-eabi-4_8-2014q2/bin/../lib/gcc/arm-none-eabi/4.8.4/armv6-m/libgcc.a(subdf3.o)
 .data          0x200008c8        0x0 /afs/inf.ed.ac.uk/user/s11/s1119414/SLIP/gcc-arm-none-eabi-4_8-2014q2/bin/../lib/gcc/arm-none-eabi/4.8.4/armv6-m/libgcc.a(fixdfsi.o)
 .data          0x200008c8        0x0 /afs/inf.ed.ac.uk/user/s11/s1119414/SLIP/gcc-arm-none-eabi-4_8-2014q2/bin/../lib/gcc/arm-none-eabi/4.8.4/armv6-m/libgcc.a(floatsidf.o)
 .data          0x200008c8        0x0 /afs/inf.ed.ac.uk/user/s11/s1119414/SLIP/gcc-arm-none-eabi-4_8-2014q2/bin/../lib/gcc/arm-none-eabi/4.8.4/armv6-m/libgcc.a(floatunsidf.o)
 .data          0x200008c8        0x0 /afs/inf.ed.ac.uk/user/s11/s1119414/SLIP/gcc-arm-none-eabi-4_8-2014q2/bin/../lib/gcc/arm-none-eabi/4.8.4/armv6-m/libgcc.a(_clzsi2.o)
 .data          0x200008c8        0x0 /afs/inf.ed.ac.uk/user/s11/s1119414/SLIP/gcc-arm-none-eabi-4_8-2014q2/bin/../lib/gcc/arm-none-eabi/4.8.4/armv6-m/libgcc.a(_muldi3.o)
 .data          0x200008c8        0x0 /afs/inf.ed.ac.uk/user/s11/s1119414/SLIP/gcc-arm-none-eabi-4_8-2014q2/bin/../lib/gcc/arm-none-eabi/4.8.4/armv6-m/libgcc.a(_divdi3.o)
 .data          0x200008c8        0x0 /afs/inf.ed.ac.uk/user/s11/s1119414/SLIP/gcc-arm-none-eabi-4_8-2014q2/bin/../lib/gcc/arm-none-eabi/4.8.4/armv6-m/libgcc.a(_udivdi3.o)
 .data          0x200008c8        0x0 /afs/inf.ed.ac.uk/user/s11/s1119414/SLIP/gcc-arm-none-eabi-4_8-2014q2/bin/../lib/gcc/arm-none-eabi/4.8.4/armv6-m/crtend.o
 .data          0x200008c8        0x0 /afs/inf.ed.ac.uk/user/s11/s1119414/SLIP/gcc-arm-none-eabi-4_8-2014q2/bin/../lib/gcc/arm-none-eabi/4.8.4/armv6-m/crtn.o
 .data          0x200008c8        0x0 /afs/inf.ed.ac.uk/user/s11/s1119414/SLIP/gcc-arm-none-eabi-4_8-2014q2/bin/../lib/gcc/arm-none-eabi/4.8.4/../../../../arm-none-eabi/lib/armv6-m/libnosys.a(sbrk.o)
 .data          0x200008c8        0x0 /afs/inf.ed.ac.uk/user/s11/s1119414/SLIP/gcc-arm-none-eabi-4_8-2014q2/bin/../lib/gcc/arm-none-eabi/4.8.4/../../../../arm-none-eabi/lib/armv6-m/libnosys.a(_exit.o)
                0x200008c8                . = ALIGN (0x4)
                0x200008c8                PROVIDE (__preinit_array_start, .)
 *(.preinit_array)
                0x200008c8                PROVIDE (__preinit_array_end, .)
                0x200008c8                . = ALIGN (0x4)
                0x200008c8                PROVIDE (__init_array_start, .)
 *(SORT(.init_array.*))
 .init_array.00000
                0x200008c8        0x4 /afs/inf.ed.ac.uk/user/s11/s1119414/SLIP/gcc-arm-none-eabi-4_8-2014q2/bin/../lib/gcc/arm-none-eabi/4.8.4/../../../../arm-none-eabi/lib/armv6-m/libc.a(lib_a-__call_atexit.o)
 *(.init_array)
 .init_array    0x200008cc        0x4 /afs/inf.ed.ac.uk/user/s11/s1119414/SLIP/gcc-arm-none-eabi-4_8-2014q2/bin/../lib/gcc/arm-none-eabi/4.8.4/armv6-m/crtbegin.o
                0x200008d0                PROVIDE (__init_array_end, .)
                0x200008d0                . = ALIGN (0x4)
                0x200008d0                PROVIDE (__fini_array_start, .)
 *(SORT(.fini_array.*))
 *(.fini_array)
 .fini_array    0x200008d0        0x4 /afs/inf.ed.ac.uk/user/s11/s1119414/SLIP/gcc-arm-none-eabi-4_8-2014q2/bin/../lib/gcc/arm-none-eabi/4.8.4/armv6-m/crtbegin.o
                0x200008d4                PROVIDE (__fini_array_end, .)
                0x200008d4                . = ALIGN (0x4)
                0x200008d4                __data_end__ = .

.jcr            0x200008d4        0x4 load address 0x0000c0f8
 .jcr           0x200008d4        0x0 /afs/inf.ed.ac.uk/user/s11/s1119414/SLIP/gcc-arm-none-eabi-4_8-2014q2/bin/../lib/gcc/arm-none-eabi/4.8.4/armv6-m/crtbegin.o
 .jcr           0x200008d4        0x4 /afs/inf.ed.ac.uk/user/s11/s1119414/SLIP/gcc-arm-none-eabi-4_8-2014q2/bin/../lib/gcc/arm-none-eabi/4.8.4/armv6-m/crtend.o

.igot.plt       0x200008d8        0x0 load address 0x0000c0fc
 .igot.plt      0x00000000        0x0 /afs/inf.ed.ac.uk/user/s11/s1119414/SLIP/gcc-arm-none-eabi-4_8-2014q2/bin/../lib/gcc/arm-none-eabi/4.8.4/armv6-m/crtbegin.o

.bss            0x200008d8      0x6b8 load address 0x0000c0fc
                0x200008d8                __bss_start__ = .
 *(.bss*)
 .bss           0x200008d8        0x0 /afs/inf.ed.ac.uk/user/s11/s1119414/SLIP/gcc-arm-none-eabi-4_8-2014q2/bin/../lib/gcc/arm-none-eabi/4.8.4/armv6-m/crti.o
 .bss           0x200008d8       0x1c /afs/inf.ed.ac.uk/user/s11/s1119414/SLIP/gcc-arm-none-eabi-4_8-2014q2/bin/../lib/gcc/arm-none-eabi/4.8.4/armv6-m/crtbegin.o
 .bss           0x200008f4        0x0 /afs/inf.ed.ac.uk/user/s11/s1119414/SLIP/gcc-arm-none-eabi-4_8-2014q2/bin/../lib/gcc/arm-none-eabi/4.8.4/../../../../arm-none-eabi/lib/armv6-m/crt0.o
 .bss           0x200008f4        0x0 _build/startup_nrf51.os
 .bss           0x200008f4        0x0 _build/system_nrf51.o
 .bss           0x200008f4        0x0 _build/libjanek.o
 .bss           0x200008f4       0x70 _build/main.o
 .bss           0x20000964        0x0 _build/nrf_delay.o
 .bss           0x20000964        0x0 _build/simple_uart.o
 .bss           0x20000964        0x0 _build/twi_sw_master.o
 .bss           0x20000964      0x11c _build/device_manager_peripheral.o
 .bss           0x20000a80       0x4a _build/ble_dis.o
 .bss           0x20000aca        0x0 _build/ble_bas.o
 .bss           0x20000aca        0x0 _build/ble_hrs.o
 .bss           0x20000aca        0x0 _build/ble_srv_common.o
 .bss           0x20000aca        0x0 _build/ble_sensorsim.o
 *fill*         0x20000aca        0x2 
 .bss           0x20000acc        0xc _build/softdevice_handler.o
 .bss           0x20000ad8        0x0 _build/ble_advdata.o
 .bss           0x20000ad8       0x88 _build/ble_debug_assert_handler.o
 .bss           0x20000b60      0x188 _build/ble_error_log.o
 .bss           0x20000ce8       0x38 _build/ble_conn_params.o
 .bss           0x20000d20       0x2c _build/app_timer.o
 .bss           0x20000d4c       0xf8 _build/pstorage.o
 .bss           0x20000e44        0x0 _build/crc16.o
 .bss           0x20000e44        0x0 _build/app_trace.o
 .bss           0x20000e44        0x0 _build/simple_uart.o
 .bss           0x20000e44        0xc _build/app_gpiote.o
 .bss           0x20000e50       0x20 _build/app_button.o
 .bss           0x20000e70        0x0 /afs/inf.ed.ac.uk/user/s11/s1119414/SLIP/gcc-arm-none-eabi-4_8-2014q2/bin/../lib/gcc/arm-none-eabi/4.8.4/armv6-m/libgcc.a(_thumb1_case_uqi.o)
 .bss           0x20000e70        0x0 /afs/inf.ed.ac.uk/user/s11/s1119414/SLIP/gcc-arm-none-eabi-4_8-2014q2/bin/../lib/gcc/arm-none-eabi/4.8.4/armv6-m/libgcc.a(_udivsi3.o)
 .bss           0x20000e70        0x0 /afs/inf.ed.ac.uk/user/s11/s1119414/SLIP/gcc-arm-none-eabi-4_8-2014q2/bin/../lib/gcc/arm-none-eabi/4.8.4/armv6-m/libgcc.a(_dvmd_tls.o)
 .bss           0x20000e70        0x0 /afs/inf.ed.ac.uk/user/s11/s1119414/SLIP/gcc-arm-none-eabi-4_8-2014q2/bin/../lib/gcc/arm-none-eabi/4.8.4/../../../../arm-none-eabi/lib/armv6-m/libc.a(lib_a-exit.o)
 .bss           0x20000e70        0x0 /afs/inf.ed.ac.uk/user/s11/s1119414/SLIP/gcc-arm-none-eabi-4_8-2014q2/bin/../lib/gcc/arm-none-eabi/4.8.4/../../../../arm-none-eabi/lib/armv6-m/libc.a(lib_a-impure.o)
 .bss           0x20000e70        0x0 /afs/inf.ed.ac.uk/user/s11/s1119414/SLIP/gcc-arm-none-eabi-4_8-2014q2/bin/../lib/gcc/arm-none-eabi/4.8.4/../../../../arm-none-eabi/lib/armv6-m/libc.a(lib_a-init.o)
 .bss           0x20000e70        0x0 /afs/inf.ed.ac.uk/user/s11/s1119414/SLIP/gcc-arm-none-eabi-4_8-2014q2/bin/../lib/gcc/arm-none-eabi/4.8.4/../../../../arm-none-eabi/lib/armv6-m/libc.a(lib_a-memcmp.o)
 .bss           0x20000e70        0x0 /afs/inf.ed.ac.uk/user/s11/s1119414/SLIP/gcc-arm-none-eabi-4_8-2014q2/bin/../lib/gcc/arm-none-eabi/4.8.4/../../../../arm-none-eabi/lib/armv6-m/libc.a(lib_a-memcpy-stub.o)
 .bss           0x20000e70        0x0 /afs/inf.ed.ac.uk/user/s11/s1119414/SLIP/gcc-arm-none-eabi-4_8-2014q2/bin/../lib/gcc/arm-none-eabi/4.8.4/../../../../arm-none-eabi/lib/armv6-m/libc.a(lib_a-memmove.o)
 .bss           0x20000e70        0x0 /afs/inf.ed.ac.uk/user/s11/s1119414/SLIP/gcc-arm-none-eabi-4_8-2014q2/bin/../lib/gcc/arm-none-eabi/4.8.4/../../../../arm-none-eabi/lib/armv6-m/libc.a(lib_a-memset.o)
 .bss           0x20000e70        0x0 /afs/inf.ed.ac.uk/user/s11/s1119414/SLIP/gcc-arm-none-eabi-4_8-2014q2/bin/../lib/gcc/arm-none-eabi/4.8.4/../../../../arm-none-eabi/lib/armv6-m/libc.a(lib_a-sprintf.o)
 .bss           0x20000e70        0x0 /afs/inf.ed.ac.uk/user/s11/s1119414/SLIP/gcc-arm-none-eabi-4_8-2014q2/bin/../lib/gcc/arm-none-eabi/4.8.4/../../../../arm-none-eabi/lib/armv6-m/libc.a(lib_a-strlen.o)
 .bss           0x20000e70        0x0 /afs/inf.ed.ac.uk/user/s11/s1119414/SLIP/gcc-arm-none-eabi-4_8-2014q2/bin/../lib/gcc/arm-none-eabi/4.8.4/../../../../arm-none-eabi/lib/armv6-m/libc.a(lib_a-strncpy.o)
 .bss           0x20000e70        0x0 /afs/inf.ed.ac.uk/user/s11/s1119414/SLIP/gcc-arm-none-eabi-4_8-2014q2/bin/../lib/gcc/arm-none-eabi/4.8.4/../../../../arm-none-eabi/lib/armv6-m/libc.a(lib_a-svfprintf.o)
 .bss           0x20000e70        0x0 /afs/inf.ed.ac.uk/user/s11/s1119414/SLIP/gcc-arm-none-eabi-4_8-2014q2/bin/../lib/gcc/arm-none-eabi/4.8.4/../../../../arm-none-eabi/lib/armv6-m/libc.a(lib_a-__call_atexit.o)
 .bss           0x20000e70        0x0 /afs/inf.ed.ac.uk/user/s11/s1119414/SLIP/gcc-arm-none-eabi-4_8-2014q2/bin/../lib/gcc/arm-none-eabi/4.8.4/../../../../arm-none-eabi/lib/armv6-m/libc.a(lib_a-atexit.o)
 .bss           0x20000e70        0x0 /afs/inf.ed.ac.uk/user/s11/s1119414/SLIP/gcc-arm-none-eabi-4_8-2014q2/bin/../lib/gcc/arm-none-eabi/4.8.4/../../../../arm-none-eabi/lib/armv6-m/libc.a(lib_a-dtoa.o)
 .bss           0x20000e70        0x0 /afs/inf.ed.ac.uk/user/s11/s1119414/SLIP/gcc-arm-none-eabi-4_8-2014q2/bin/../lib/gcc/arm-none-eabi/4.8.4/../../../../arm-none-eabi/lib/armv6-m/libc.a(lib_a-fini.o)
 .bss           0x20000e70        0x0 /afs/inf.ed.ac.uk/user/s11/s1119414/SLIP/gcc-arm-none-eabi-4_8-2014q2/bin/../lib/gcc/arm-none-eabi/4.8.4/../../../../arm-none-eabi/lib/armv6-m/libc.a(lib_a-locale.o)
 .bss._PathLocale
                0x20000e70        0x4 /afs/inf.ed.ac.uk/user/s11/s1119414/SLIP/gcc-arm-none-eabi-4_8-2014q2/bin/../lib/gcc/arm-none-eabi/4.8.4/../../../../arm-none-eabi/lib/armv6-m/libc.a(lib_a-locale.o)
                0x20000e70                _PathLocale
 .bss.__nlocale_changed
                0x20000e74        0x4 /afs/inf.ed.ac.uk/user/s11/s1119414/SLIP/gcc-arm-none-eabi-4_8-2014q2/bin/../lib/gcc/arm-none-eabi/4.8.4/../../../../arm-none-eabi/lib/armv6-m/libc.a(lib_a-locale.o)
                0x20000e74                __nlocale_changed
 .bss.__mlocale_changed
                0x20000e78        0x4 /afs/inf.ed.ac.uk/user/s11/s1119414/SLIP/gcc-arm-none-eabi-4_8-2014q2/bin/../lib/gcc/arm-none-eabi/4.8.4/../../../../arm-none-eabi/lib/armv6-m/libc.a(lib_a-locale.o)
                0x20000e78                __mlocale_changed
 .bss           0x20000e7c        0x0 /afs/inf.ed.ac.uk/user/s11/s1119414/SLIP/gcc-arm-none-eabi-4_8-2014q2/bin/../lib/gcc/arm-none-eabi/4.8.4/../../../../arm-none-eabi/lib/armv6-m/libc.a(lib_a-mallocr.o)
 .bss.__malloc_max_total_mem
                0x20000e7c        0x4 /afs/inf.ed.ac.uk/user/s11/s1119414/SLIP/gcc-arm-none-eabi-4_8-2014q2/bin/../lib/gcc/arm-none-eabi/4.8.4/../../../../arm-none-eabi/lib/armv6-m/libc.a(lib_a-mallocr.o)
                0x20000e7c                __malloc_max_total_mem
 .bss.__malloc_max_sbrked_mem
                0x20000e80        0x4 /afs/inf.ed.ac.uk/user/s11/s1119414/SLIP/gcc-arm-none-eabi-4_8-2014q2/bin/../lib/gcc/arm-none-eabi/4.8.4/../../../../arm-none-eabi/lib/armv6-m/libc.a(lib_a-mallocr.o)
                0x20000e80                __malloc_max_sbrked_mem
 .bss.__malloc_top_pad
                0x20000e84        0x4 /afs/inf.ed.ac.uk/user/s11/s1119414/SLIP/gcc-arm-none-eabi-4_8-2014q2/bin/../lib/gcc/arm-none-eabi/4.8.4/../../../../arm-none-eabi/lib/armv6-m/libc.a(lib_a-mallocr.o)
                0x20000e84                __malloc_top_pad
 .bss.__malloc_current_mallinfo
                0x20000e88       0x28 /afs/inf.ed.ac.uk/user/s11/s1119414/SLIP/gcc-arm-none-eabi-4_8-2014q2/bin/../lib/gcc/arm-none-eabi/4.8.4/../../../../arm-none-eabi/lib/armv6-m/libc.a(lib_a-mallocr.o)
                0x20000e88                __malloc_current_mallinfo
 .bss           0x20000eb0        0x0 /afs/inf.ed.ac.uk/user/s11/s1119414/SLIP/gcc-arm-none-eabi-4_8-2014q2/bin/../lib/gcc/arm-none-eabi/4.8.4/../../../../arm-none-eabi/lib/armv6-m/libc.a(lib_a-memchr-stub.o)
 .bss           0x20000eb0        0x0 /afs/inf.ed.ac.uk/user/s11/s1119414/SLIP/gcc-arm-none-eabi-4_8-2014q2/bin/../lib/gcc/arm-none-eabi/4.8.4/../../../../arm-none-eabi/lib/armv6-m/libc.a(lib_a-mlock.o)
 .bss           0x20000eb0        0x0 /afs/inf.ed.ac.uk/user/s11/s1119414/SLIP/gcc-arm-none-eabi-4_8-2014q2/bin/../lib/gcc/arm-none-eabi/4.8.4/../../../../arm-none-eabi/lib/armv6-m/libc.a(lib_a-mprec.o)
 .bss           0x20000eb0        0x0 /afs/inf.ed.ac.uk/user/s11/s1119414/SLIP/gcc-arm-none-eabi-4_8-2014q2/bin/../lib/gcc/arm-none-eabi/4.8.4/../../../../arm-none-eabi/lib/armv6-m/libc.a(lib_a-s_fpclassify.o)
 .bss           0x20000eb0        0x0 /afs/inf.ed.ac.uk/user/s11/s1119414/SLIP/gcc-arm-none-eabi-4_8-2014q2/bin/../lib/gcc/arm-none-eabi/4.8.4/../../../../arm-none-eabi/lib/armv6-m/libc.a(lib_a-sbrkr.o)
 .bss           0x20000eb0        0x0 /afs/inf.ed.ac.uk/user/s11/s1119414/SLIP/gcc-arm-none-eabi-4_8-2014q2/bin/../lib/gcc/arm-none-eabi/4.8.4/../../../../arm-none-eabi/lib/armv6-m/libc.a(lib_a-strcmp.o)
 .bss           0x20000eb0        0x0 /afs/inf.ed.ac.uk/user/s11/s1119414/SLIP/gcc-arm-none-eabi-4_8-2014q2/bin/../lib/gcc/arm-none-eabi/4.8.4/../../../../arm-none-eabi/lib/armv6-m/libc.a(lib_a-svfiprintf.o)
 .bss           0x20000eb0        0x0 /afs/inf.ed.ac.uk/user/s11/s1119414/SLIP/gcc-arm-none-eabi-4_8-2014q2/bin/../lib/gcc/arm-none-eabi/4.8.4/../../../../arm-none-eabi/lib/armv6-m/libc.a(lib_a-__atexit.o)
 .bss           0x20000eb0        0x0 /afs/inf.ed.ac.uk/user/s11/s1119414/SLIP/gcc-arm-none-eabi-4_8-2014q2/bin/../lib/gcc/arm-none-eabi/4.8.4/../../../../arm-none-eabi/lib/armv6-m/libc.a(lib_a-callocr.o)
 .bss           0x20000eb0        0x0 /afs/inf.ed.ac.uk/user/s11/s1119414/SLIP/gcc-arm-none-eabi-4_8-2014q2/bin/../lib/gcc/arm-none-eabi/4.8.4/../../../../arm-none-eabi/lib/armv6-m/libc.a(lib_a-freer.o)
 .bss           0x20000eb0        0x0 /afs/inf.ed.ac.uk/user/s11/s1119414/SLIP/gcc-arm-none-eabi-4_8-2014q2/bin/../lib/gcc/arm-none-eabi/4.8.4/../../../../arm-none-eabi/lib/armv6-m/libc.a(lib_a-reallocr.o)
 .bss           0x20000eb0        0x0 /afs/inf.ed.ac.uk/user/s11/s1119414/SLIP/gcc-arm-none-eabi-4_8-2014q2/bin/../lib/gcc/arm-none-eabi/4.8.4/../../../../arm-none-eabi/lib/armv6-m/libc.a(lib_a-reent.o)
 .bss           0x20000eb0        0x0 /afs/inf.ed.ac.uk/user/s11/s1119414/SLIP/gcc-arm-none-eabi-4_8-2014q2/bin/../lib/gcc/arm-none-eabi/4.8.4/armv6-m/libgcc.a(_divsi3.o)
 .bss           0x20000eb0        0x0 /afs/inf.ed.ac.uk/user/s11/s1119414/SLIP/gcc-arm-none-eabi-4_8-2014q2/bin/../lib/gcc/arm-none-eabi/4.8.4/armv6-m/libgcc.a(_arm_cmpdf2.o)
 .bss           0x20000eb0        0x0 /afs/inf.ed.ac.uk/user/s11/s1119414/SLIP/gcc-arm-none-eabi-4_8-2014q2/bin/../lib/gcc/arm-none-eabi/4.8.4/armv6-m/libgcc.a(_aeabi_uldivmod.o)
 .bss           0x20000eb0        0x0 /afs/inf.ed.ac.uk/user/s11/s1119414/SLIP/gcc-arm-none-eabi-4_8-2014q2/bin/../lib/gcc/arm-none-eabi/4.8.4/armv6-m/libgcc.a(bpabi.o)
 .bss           0x20000eb0        0x0 /afs/inf.ed.ac.uk/user/s11/s1119414/SLIP/gcc-arm-none-eabi-4_8-2014q2/bin/../lib/gcc/arm-none-eabi/4.8.4/armv6-m/libgcc.a(adddf3.o)
 .bss           0x20000eb0        0x0 /afs/inf.ed.ac.uk/user/s11/s1119414/SLIP/gcc-arm-none-eabi-4_8-2014q2/bin/../lib/gcc/arm-none-eabi/4.8.4/armv6-m/libgcc.a(divdf3.o)
 .bss           0x20000eb0        0x0 /afs/inf.ed.ac.uk/user/s11/s1119414/SLIP/gcc-arm-none-eabi-4_8-2014q2/bin/../lib/gcc/arm-none-eabi/4.8.4/armv6-m/libgcc.a(eqdf2.o)
 .bss           0x20000eb0        0x0 /afs/inf.ed.ac.uk/user/s11/s1119414/SLIP/gcc-arm-none-eabi-4_8-2014q2/bin/../lib/gcc/arm-none-eabi/4.8.4/armv6-m/libgcc.a(gedf2.o)
 .bss           0x20000eb0        0x0 /afs/inf.ed.ac.uk/user/s11/s1119414/SLIP/gcc-arm-none-eabi-4_8-2014q2/bin/../lib/gcc/arm-none-eabi/4.8.4/armv6-m/libgcc.a(ledf2.o)
 .bss           0x20000eb0        0x0 /afs/inf.ed.ac.uk/user/s11/s1119414/SLIP/gcc-arm-none-eabi-4_8-2014q2/bin/../lib/gcc/arm-none-eabi/4.8.4/armv6-m/libgcc.a(muldf3.o)
 .bss           0x20000eb0        0x0 /afs/inf.ed.ac.uk/user/s11/s1119414/SLIP/gcc-arm-none-eabi-4_8-2014q2/bin/../lib/gcc/arm-none-eabi/4.8.4/armv6-m/libgcc.a(subdf3.o)
 .bss           0x20000eb0        0x0 /afs/inf.ed.ac.uk/user/s11/s1119414/SLIP/gcc-arm-none-eabi-4_8-2014q2/bin/../lib/gcc/arm-none-eabi/4.8.4/armv6-m/libgcc.a(fixdfsi.o)
 .bss           0x20000eb0        0x0 /afs/inf.ed.ac.uk/user/s11/s1119414/SLIP/gcc-arm-none-eabi-4_8-2014q2/bin/../lib/gcc/arm-none-eabi/4.8.4/armv6-m/libgcc.a(floatsidf.o)
 .bss           0x20000eb0        0x0 /afs/inf.ed.ac.uk/user/s11/s1119414/SLIP/gcc-arm-none-eabi-4_8-2014q2/bin/../lib/gcc/arm-none-eabi/4.8.4/armv6-m/libgcc.a(floatunsidf.o)
 .bss           0x20000eb0        0x0 /afs/inf.ed.ac.uk/user/s11/s1119414/SLIP/gcc-arm-none-eabi-4_8-2014q2/bin/../lib/gcc/arm-none-eabi/4.8.4/armv6-m/libgcc.a(_clzsi2.o)
 .bss           0x20000eb0        0x0 /afs/inf.ed.ac.uk/user/s11/s1119414/SLIP/gcc-arm-none-eabi-4_8-2014q2/bin/../lib/gcc/arm-none-eabi/4.8.4/armv6-m/libgcc.a(_muldi3.o)
 .bss           0x20000eb0        0x0 /afs/inf.ed.ac.uk/user/s11/s1119414/SLIP/gcc-arm-none-eabi-4_8-2014q2/bin/../lib/gcc/arm-none-eabi/4.8.4/armv6-m/libgcc.a(_divdi3.o)
 .bss           0x20000eb0        0x0 /afs/inf.ed.ac.uk/user/s11/s1119414/SLIP/gcc-arm-none-eabi-4_8-2014q2/bin/../lib/gcc/arm-none-eabi/4.8.4/armv6-m/libgcc.a(_udivdi3.o)
 .bss           0x20000eb0        0x0 /afs/inf.ed.ac.uk/user/s11/s1119414/SLIP/gcc-arm-none-eabi-4_8-2014q2/bin/../lib/gcc/arm-none-eabi/4.8.4/armv6-m/crtend.o
 .bss           0x20000eb0        0x0 /afs/inf.ed.ac.uk/user/s11/s1119414/SLIP/gcc-arm-none-eabi-4_8-2014q2/bin/../lib/gcc/arm-none-eabi/4.8.4/armv6-m/crtn.o
 .bss           0x20000eb0        0x0 /afs/inf.ed.ac.uk/user/s11/s1119414/SLIP/gcc-arm-none-eabi-4_8-2014q2/bin/../lib/gcc/arm-none-eabi/4.8.4/../../../../arm-none-eabi/lib/armv6-m/libnosys.a(sbrk.o)
 .bss.heap_end.4246
                0x20000eb0        0x4 /afs/inf.ed.ac.uk/user/s11/s1119414/SLIP/gcc-arm-none-eabi-4_8-2014q2/bin/../lib/gcc/arm-none-eabi/4.8.4/../../../../arm-none-eabi/lib/armv6-m/libnosys.a(sbrk.o)
 .bss           0x20000eb4        0x0 /afs/inf.ed.ac.uk/user/s11/s1119414/SLIP/gcc-arm-none-eabi-4_8-2014q2/bin/../lib/gcc/arm-none-eabi/4.8.4/../../../../arm-none-eabi/lib/armv6-m/libnosys.a(_exit.o)
 *(COMMON)
 COMMON         0x20000eb4        0x6 _build/main.o
                0x20000eb4                acceldata
 *fill*         0x20000eba        0x2 
 COMMON         0x20000ebc       0xd0 _build/app_trace.o
                0x20000ebc                __stdin
                0x20000f24                __stdout
 COMMON         0x20000f8c        0x4 /afs/inf.ed.ac.uk/user/s11/s1119414/SLIP/gcc-arm-none-eabi-4_8-2014q2/bin/../lib/gcc/arm-none-eabi/4.8.4/../../../../arm-none-eabi/lib/armv6-m/libc.a(lib_a-reent.o)
                0x20000f8c                errno
                0x20000f90                __bss_end__ = .

.heap           0x20000f90      0x100
                0x20000f90                __end__ = .
                0x20000f90                end = __end__
 *(.heap*)
 .heap          0x20000f90      0x100 _build/startup_nrf51.os
                0x20000f90                __HeapBase
                0x20001090                __HeapLimit = .

.stack_dummy    0x20000f90      0xc00
 *(.stack)
 .stack         0x20000f90      0xc00 _build/startup_nrf51.os
                0x20004000                __StackTop = (ORIGIN (RAM) + 0x4000)
                0x20003400                __StackLimit = (__StackTop - SIZEOF (.stack_dummy))
                0x20004000                PROVIDE (__stack, __StackTop)
                0x00000001                ASSERT ((__StackLimit >= __HeapLimit), region RAM overflowed with stack)
OUTPUT(_build/blinky-example_blank.elf elf32-littlearm)

.ARM.attributes
                0x00000000       0x28
 .ARM.attributes
                0x00000000       0x1e /afs/inf.ed.ac.uk/user/s11/s1119414/SLIP/gcc-arm-none-eabi-4_8-2014q2/bin/../lib/gcc/arm-none-eabi/4.8.4/armv6-m/crti.o
 .ARM.attributes
                0x0000001e       0x2c /afs/inf.ed.ac.uk/user/s11/s1119414/SLIP/gcc-arm-none-eabi-4_8-2014q2/bin/../lib/gcc/arm-none-eabi/4.8.4/armv6-m/crtbegin.o
 .ARM.attributes
                0x0000004a       0x1b /afs/inf.ed.ac.uk/user/s11/s1119414/SLIP/gcc-arm-none-eabi-4_8-2014q2/bin/../lib/gcc/arm-none-eabi/4.8.4/../../../../arm-none-eabi/lib/armv6-m/crt0.o
 .ARM.attributes
                0x00000065       0x1b _build/startup_nrf51.os
 .ARM.attributes
                0x00000080       0x31 _build/system_nrf51.o
 .ARM.attributes
                0x000000b1       0x31 _build/libjanek.o
 .ARM.attributes
                0x000000e2       0x31 _build/main.o
 .ARM.attributes
                0x00000113       0x31 _build/nrf_delay.o
 .ARM.attributes
                0x00000144       0x31 _build/simple_uart.o
 .ARM.attributes
                0x00000175       0x31 _build/twi_sw_master.o
 .ARM.attributes
                0x000001a6       0x31 _build/device_manager_peripheral.o
 .ARM.attributes
                0x000001d7       0x31 _build/ble_dis.o
 .ARM.attributes
                0x00000208       0x31 _build/ble_bas.o
 .ARM.attributes
                0x00000239       0x31 _build/ble_hrs.o
 .ARM.attributes
                0x0000026a       0x31 _build/ble_srv_common.o
 .ARM.attributes
                0x0000029b       0x31 _build/ble_sensorsim.o
 .ARM.attributes
                0x000002cc       0x31 _build/softdevice_handler.o
 .ARM.attributes
                0x000002fd       0x31 _build/ble_advdata.o
 .ARM.attributes
                0x0000032e       0x31 _build/ble_debug_assert_handler.o
 .ARM.attributes
                0x0000035f       0x31 _build/ble_error_log.o
 .ARM.attributes
                0x00000390       0x31 _build/ble_conn_params.o
 .ARM.attributes
                0x000003c1       0x31 _build/app_timer.o
 .ARM.attributes
                0x000003f2       0x31 _build/pstorage.o
 .ARM.attributes
                0x00000423       0x31 _build/crc16.o
 .ARM.attributes
                0x00000454       0x31 _build/app_trace.o
 .ARM.attributes
                0x00000485       0x31 _build/simple_uart.o
 .ARM.attributes
                0x000004b6       0x31 _build/app_gpiote.o
 .ARM.attributes
                0x000004e7       0x31 _build/app_button.o
 .ARM.attributes
                0x00000518       0x1e /afs/inf.ed.ac.uk/user/s11/s1119414/SLIP/gcc-arm-none-eabi-4_8-2014q2/bin/../lib/gcc/arm-none-eabi/4.8.4/armv6-m/libgcc.a(_thumb1_case_uqi.o)
 .ARM.attributes
                0x00000536       0x1e /afs/inf.ed.ac.uk/user/s11/s1119414/SLIP/gcc-arm-none-eabi-4_8-2014q2/bin/../lib/gcc/arm-none-eabi/4.8.4/armv6-m/libgcc.a(_udivsi3.o)
 .ARM.attributes
                0x00000554       0x1e /afs/inf.ed.ac.uk/user/s11/s1119414/SLIP/gcc-arm-none-eabi-4_8-2014q2/bin/../lib/gcc/arm-none-eabi/4.8.4/armv6-m/libgcc.a(_dvmd_tls.o)
 .ARM.attributes
                0x00000572       0x2c /afs/inf.ed.ac.uk/user/s11/s1119414/SLIP/gcc-arm-none-eabi-4_8-2014q2/bin/../lib/gcc/arm-none-eabi/4.8.4/../../../../arm-none-eabi/lib/armv6-m/libc.a(lib_a-exit.o)
 .ARM.attributes
                0x0000059e       0x2c /afs/inf.ed.ac.uk/user/s11/s1119414/SLIP/gcc-arm-none-eabi-4_8-2014q2/bin/../lib/gcc/arm-none-eabi/4.8.4/../../../../arm-none-eabi/lib/armv6-m/libc.a(lib_a-impure.o)
 .ARM.attributes
                0x000005ca       0x2c /afs/inf.ed.ac.uk/user/s11/s1119414/SLIP/gcc-arm-none-eabi-4_8-2014q2/bin/../lib/gcc/arm-none-eabi/4.8.4/../../../../arm-none-eabi/lib/armv6-m/libc.a(lib_a-init.o)
 .ARM.attributes
                0x000005f6       0x2c /afs/inf.ed.ac.uk/user/s11/s1119414/SLIP/gcc-arm-none-eabi-4_8-2014q2/bin/../lib/gcc/arm-none-eabi/4.8.4/../../../../arm-none-eabi/lib/armv6-m/libc.a(lib_a-memcmp.o)
 .ARM.attributes
                0x00000622       0x2c /afs/inf.ed.ac.uk/user/s11/s1119414/SLIP/gcc-arm-none-eabi-4_8-2014q2/bin/../lib/gcc/arm-none-eabi/4.8.4/../../../../arm-none-eabi/lib/armv6-m/libc.a(lib_a-memcpy-stub.o)
 .ARM.attributes
                0x0000064e       0x2c /afs/inf.ed.ac.uk/user/s11/s1119414/SLIP/gcc-arm-none-eabi-4_8-2014q2/bin/../lib/gcc/arm-none-eabi/4.8.4/../../../../arm-none-eabi/lib/armv6-m/libc.a(lib_a-memmove.o)
 .ARM.attributes
                0x0000067a       0x2c /afs/inf.ed.ac.uk/user/s11/s1119414/SLIP/gcc-arm-none-eabi-4_8-2014q2/bin/../lib/gcc/arm-none-eabi/4.8.4/../../../../arm-none-eabi/lib/armv6-m/libc.a(lib_a-memset.o)
 .ARM.attributes
                0x000006a6       0x2c /afs/inf.ed.ac.uk/user/s11/s1119414/SLIP/gcc-arm-none-eabi-4_8-2014q2/bin/../lib/gcc/arm-none-eabi/4.8.4/../../../../arm-none-eabi/lib/armv6-m/libc.a(lib_a-sprintf.o)
 .ARM.attributes
                0x000006d2       0x2c /afs/inf.ed.ac.uk/user/s11/s1119414/SLIP/gcc-arm-none-eabi-4_8-2014q2/bin/../lib/gcc/arm-none-eabi/4.8.4/../../../../arm-none-eabi/lib/armv6-m/libc.a(lib_a-strlen.o)
 .ARM.attributes
                0x000006fe       0x2c /afs/inf.ed.ac.uk/user/s11/s1119414/SLIP/gcc-arm-none-eabi-4_8-2014q2/bin/../lib/gcc/arm-none-eabi/4.8.4/../../../../arm-none-eabi/lib/armv6-m/libc.a(lib_a-strncpy.o)
 .ARM.attributes
                0x0000072a       0x2c /afs/inf.ed.ac.uk/user/s11/s1119414/SLIP/gcc-arm-none-eabi-4_8-2014q2/bin/../lib/gcc/arm-none-eabi/4.8.4/../../../../arm-none-eabi/lib/armv6-m/libc.a(lib_a-svfprintf.o)
 .ARM.attributes
                0x00000756       0x2c /afs/inf.ed.ac.uk/user/s11/s1119414/SLIP/gcc-arm-none-eabi-4_8-2014q2/bin/../lib/gcc/arm-none-eabi/4.8.4/../../../../arm-none-eabi/lib/armv6-m/libc.a(lib_a-__call_atexit.o)
 .ARM.attributes
                0x00000782       0x2c /afs/inf.ed.ac.uk/user/s11/s1119414/SLIP/gcc-arm-none-eabi-4_8-2014q2/bin/../lib/gcc/arm-none-eabi/4.8.4/../../../../arm-none-eabi/lib/armv6-m/libc.a(lib_a-atexit.o)
 .ARM.attributes
                0x000007ae       0x2c /afs/inf.ed.ac.uk/user/s11/s1119414/SLIP/gcc-arm-none-eabi-4_8-2014q2/bin/../lib/gcc/arm-none-eabi/4.8.4/../../../../arm-none-eabi/lib/armv6-m/libc.a(lib_a-dtoa.o)
 .ARM.attributes
                0x000007da       0x2c /afs/inf.ed.ac.uk/user/s11/s1119414/SLIP/gcc-arm-none-eabi-4_8-2014q2/bin/../lib/gcc/arm-none-eabi/4.8.4/../../../../arm-none-eabi/lib/armv6-m/libc.a(lib_a-fini.o)
 .ARM.attributes
                0x00000806       0x2c /afs/inf.ed.ac.uk/user/s11/s1119414/SLIP/gcc-arm-none-eabi-4_8-2014q2/bin/../lib/gcc/arm-none-eabi/4.8.4/../../../../arm-none-eabi/lib/armv6-m/libc.a(lib_a-locale.o)
 .ARM.attributes
                0x00000832       0x2c /afs/inf.ed.ac.uk/user/s11/s1119414/SLIP/gcc-arm-none-eabi-4_8-2014q2/bin/../lib/gcc/arm-none-eabi/4.8.4/../../../../arm-none-eabi/lib/armv6-m/libc.a(lib_a-mallocr.o)
 .ARM.attributes
                0x0000085e       0x2c /afs/inf.ed.ac.uk/user/s11/s1119414/SLIP/gcc-arm-none-eabi-4_8-2014q2/bin/../lib/gcc/arm-none-eabi/4.8.4/../../../../arm-none-eabi/lib/armv6-m/libc.a(lib_a-memchr-stub.o)
 .ARM.attributes
                0x0000088a       0x2c /afs/inf.ed.ac.uk/user/s11/s1119414/SLIP/gcc-arm-none-eabi-4_8-2014q2/bin/../lib/gcc/arm-none-eabi/4.8.4/../../../../arm-none-eabi/lib/armv6-m/libc.a(lib_a-mlock.o)
 .ARM.attributes
                0x000008b6       0x2c /afs/inf.ed.ac.uk/user/s11/s1119414/SLIP/gcc-arm-none-eabi-4_8-2014q2/bin/../lib/gcc/arm-none-eabi/4.8.4/../../../../arm-none-eabi/lib/armv6-m/libc.a(lib_a-mprec.o)
 .ARM.attributes
                0x000008e2       0x2c /afs/inf.ed.ac.uk/user/s11/s1119414/SLIP/gcc-arm-none-eabi-4_8-2014q2/bin/../lib/gcc/arm-none-eabi/4.8.4/../../../../arm-none-eabi/lib/armv6-m/libc.a(lib_a-s_fpclassify.o)
 .ARM.attributes
                0x0000090e       0x2c /afs/inf.ed.ac.uk/user/s11/s1119414/SLIP/gcc-arm-none-eabi-4_8-2014q2/bin/../lib/gcc/arm-none-eabi/4.8.4/../../../../arm-none-eabi/lib/armv6-m/libc.a(lib_a-sbrkr.o)
 .ARM.attributes
                0x0000093a       0x1c /afs/inf.ed.ac.uk/user/s11/s1119414/SLIP/gcc-arm-none-eabi-4_8-2014q2/bin/../lib/gcc/arm-none-eabi/4.8.4/../../../../arm-none-eabi/lib/armv6-m/libc.a(lib_a-strcmp.o)
 .ARM.attributes
                0x00000956       0x2c /afs/inf.ed.ac.uk/user/s11/s1119414/SLIP/gcc-arm-none-eabi-4_8-2014q2/bin/../lib/gcc/arm-none-eabi/4.8.4/../../../../arm-none-eabi/lib/armv6-m/libc.a(lib_a-svfiprintf.o)
 .ARM.attributes
                0x00000982       0x2c /afs/inf.ed.ac.uk/user/s11/s1119414/SLIP/gcc-arm-none-eabi-4_8-2014q2/bin/../lib/gcc/arm-none-eabi/4.8.4/../../../../arm-none-eabi/lib/armv6-m/libc.a(lib_a-__atexit.o)
 .ARM.attributes
                0x000009ae       0x2c /afs/inf.ed.ac.uk/user/s11/s1119414/SLIP/gcc-arm-none-eabi-4_8-2014q2/bin/../lib/gcc/arm-none-eabi/4.8.4/../../../../arm-none-eabi/lib/armv6-m/libc.a(lib_a-callocr.o)
 .ARM.attributes
                0x000009da       0x2c /afs/inf.ed.ac.uk/user/s11/s1119414/SLIP/gcc-arm-none-eabi-4_8-2014q2/bin/../lib/gcc/arm-none-eabi/4.8.4/../../../../arm-none-eabi/lib/armv6-m/libc.a(lib_a-freer.o)
 .ARM.attributes
                0x00000a06       0x2c /afs/inf.ed.ac.uk/user/s11/s1119414/SLIP/gcc-arm-none-eabi-4_8-2014q2/bin/../lib/gcc/arm-none-eabi/4.8.4/../../../../arm-none-eabi/lib/armv6-m/libc.a(lib_a-reallocr.o)
 .ARM.attributes
                0x00000a32       0x2c /afs/inf.ed.ac.uk/user/s11/s1119414/SLIP/gcc-arm-none-eabi-4_8-2014q2/bin/../lib/gcc/arm-none-eabi/4.8.4/../../../../arm-none-eabi/lib/armv6-m/libc.a(lib_a-reent.o)
 .ARM.attributes
                0x00000a5e       0x1e /afs/inf.ed.ac.uk/user/s11/s1119414/SLIP/gcc-arm-none-eabi-4_8-2014q2/bin/../lib/gcc/arm-none-eabi/4.8.4/armv6-m/libgcc.a(_divsi3.o)
 .ARM.attributes
                0x00000a7c       0x1e /afs/inf.ed.ac.uk/user/s11/s1119414/SLIP/gcc-arm-none-eabi-4_8-2014q2/bin/../lib/gcc/arm-none-eabi/4.8.4/armv6-m/libgcc.a(_arm_cmpdf2.o)
 .ARM.attributes
                0x00000a9a       0x1e /afs/inf.ed.ac.uk/user/s11/s1119414/SLIP/gcc-arm-none-eabi-4_8-2014q2/bin/../lib/gcc/arm-none-eabi/4.8.4/armv6-m/libgcc.a(_aeabi_uldivmod.o)
 .ARM.attributes
                0x00000ab8       0x2c /afs/inf.ed.ac.uk/user/s11/s1119414/SLIP/gcc-arm-none-eabi-4_8-2014q2/bin/../lib/gcc/arm-none-eabi/4.8.4/armv6-m/libgcc.a(bpabi.o)
 .ARM.attributes
                0x00000ae4       0x2c /afs/inf.ed.ac.uk/user/s11/s1119414/SLIP/gcc-arm-none-eabi-4_8-2014q2/bin/../lib/gcc/arm-none-eabi/4.8.4/armv6-m/libgcc.a(adddf3.o)
 .ARM.attributes
                0x00000b10       0x2c /afs/inf.ed.ac.uk/user/s11/s1119414/SLIP/gcc-arm-none-eabi-4_8-2014q2/bin/../lib/gcc/arm-none-eabi/4.8.4/armv6-m/libgcc.a(divdf3.o)
 .ARM.attributes
                0x00000b3c       0x2c /afs/inf.ed.ac.uk/user/s11/s1119414/SLIP/gcc-arm-none-eabi-4_8-2014q2/bin/../lib/gcc/arm-none-eabi/4.8.4/armv6-m/libgcc.a(eqdf2.o)
 .ARM.attributes
                0x00000b68       0x2c /afs/inf.ed.ac.uk/user/s11/s1119414/SLIP/gcc-arm-none-eabi-4_8-2014q2/bin/../lib/gcc/arm-none-eabi/4.8.4/armv6-m/libgcc.a(gedf2.o)
 .ARM.attributes
                0x00000b94       0x2c /afs/inf.ed.ac.uk/user/s11/s1119414/SLIP/gcc-arm-none-eabi-4_8-2014q2/bin/../lib/gcc/arm-none-eabi/4.8.4/armv6-m/libgcc.a(ledf2.o)
 .ARM.attributes
                0x00000bc0       0x2c /afs/inf.ed.ac.uk/user/s11/s1119414/SLIP/gcc-arm-none-eabi-4_8-2014q2/bin/../lib/gcc/arm-none-eabi/4.8.4/armv6-m/libgcc.a(muldf3.o)