Archive member included because of file (symbol)

/afs/inf.ed.ac.uk/user/s11/s1119414/INF4/SLIP/gcc-arm-none-eabi-4_8-2014q2/bin/../lib/gcc/arm-none-eabi/4.8.4/armv6-m/libgcc.a(_udivsi3.o)
                              _build/pstorage.o (__aeabi_uidiv)
/afs/inf.ed.ac.uk/user/s11/s1119414/INF4/SLIP/gcc-arm-none-eabi-4_8-2014q2/bin/../lib/gcc/arm-none-eabi/4.8.4/armv6-m/libgcc.a(_divsi3.o)
                              _build/main.o (__aeabi_idivmod)
/afs/inf.ed.ac.uk/user/s11/s1119414/INF4/SLIP/gcc-arm-none-eabi-4_8-2014q2/bin/../lib/gcc/arm-none-eabi/4.8.4/armv6-m/libgcc.a(_dvmd_tls.o)
                              /afs/inf.ed.ac.uk/user/s11/s1119414/INF4/SLIP/gcc-arm-none-eabi-4_8-2014q2/bin/../lib/gcc/arm-none-eabi/4.8.4/armv6-m/libgcc.a(_udivsi3.o) (__aeabi_idiv0)
/afs/inf.ed.ac.uk/user/s11/s1119414/INF4/SLIP/gcc-arm-none-eabi-4_8-2014q2/bin/../lib/gcc/arm-none-eabi/4.8.4/armv6-m/libgcc.a(muldf3.o)
                              _build/main.o (__aeabi_dmul)
/afs/inf.ed.ac.uk/user/s11/s1119414/INF4/SLIP/gcc-arm-none-eabi-4_8-2014q2/bin/../lib/gcc/arm-none-eabi/4.8.4/armv6-m/libgcc.a(_clzsi2.o)
                              /afs/inf.ed.ac.uk/user/s11/s1119414/INF4/SLIP/gcc-arm-none-eabi-4_8-2014q2/bin/../lib/gcc/arm-none-eabi/4.8.4/armv6-m/libgcc.a(muldf3.o) (__clzsi2)
/afs/inf.ed.ac.uk/user/s11/s1119414/INF4/SLIP/gcc-arm-none-eabi-4_8-2014q2/bin/../lib/gcc/arm-none-eabi/4.8.4/../../../../arm-none-eabi/lib/armv6-m/libc.a(lib_a-exit.o)
                              /afs/inf.ed.ac.uk/user/s11/s1119414/INF4/SLIP/gcc-arm-none-eabi-4_8-2014q2/bin/../lib/gcc/arm-none-eabi/4.8.4/../../../../arm-none-eabi/lib/armv6-m/crt0.o (exit)
/afs/inf.ed.ac.uk/user/s11/s1119414/INF4/SLIP/gcc-arm-none-eabi-4_8-2014q2/bin/../lib/gcc/arm-none-eabi/4.8.4/../../../../arm-none-eabi/lib/armv6-m/libc.a(lib_a-impure.o)
                              /afs/inf.ed.ac.uk/user/s11/s1119414/INF4/SLIP/gcc-arm-none-eabi-4_8-2014q2/bin/../lib/gcc/arm-none-eabi/4.8.4/../../../../arm-none-eabi/lib/armv6-m/libc.a(lib_a-exit.o) (_global_impure_ptr)
/afs/inf.ed.ac.uk/user/s11/s1119414/INF4/SLIP/gcc-arm-none-eabi-4_8-2014q2/bin/../lib/gcc/arm-none-eabi/4.8.4/../../../../arm-none-eabi/lib/armv6-m/libc.a(lib_a-init.o)
                              /afs/inf.ed.ac.uk/user/s11/s1119414/INF4/SLIP/gcc-arm-none-eabi-4_8-2014q2/bin/../lib/gcc/arm-none-eabi/4.8.4/../../../../arm-none-eabi/lib/armv6-m/crt0.o (__libc_init_array)
/afs/inf.ed.ac.uk/user/s11/s1119414/INF4/SLIP/gcc-arm-none-eabi-4_8-2014q2/bin/../lib/gcc/arm-none-eabi/4.8.4/../../../../arm-none-eabi/lib/armv6-m/libc.a(lib_a-memcmp.o)
                              _build/device_manager_peripheral.o (memcmp)
/afs/inf.ed.ac.uk/user/s11/s1119414/INF4/SLIP/gcc-arm-none-eabi-4_8-2014q2/bin/../lib/gcc/arm-none-eabi/4.8.4/../../../../arm-none-eabi/lib/armv6-m/libc.a(lib_a-memcpy-stub.o)
                              _build/main.o (memcpy)
/afs/inf.ed.ac.uk/user/s11/s1119414/INF4/SLIP/gcc-arm-none-eabi-4_8-2014q2/bin/../lib/gcc/arm-none-eabi/4.8.4/../../../../arm-none-eabi/lib/armv6-m/libc.a(lib_a-memmove.o)
                              _build/ble_hrs.o (memmove)
/afs/inf.ed.ac.uk/user/s11/s1119414/INF4/SLIP/gcc-arm-none-eabi-4_8-2014q2/bin/../lib/gcc/arm-none-eabi/4.8.4/../../../../arm-none-eabi/lib/armv6-m/libc.a(lib_a-memset.o)
                              /afs/inf.ed.ac.uk/user/s11/s1119414/INF4/SLIP/gcc-arm-none-eabi-4_8-2014q2/bin/../lib/gcc/arm-none-eabi/4.8.4/../../../../arm-none-eabi/lib/armv6-m/crt0.o (memset)
/afs/inf.ed.ac.uk/user/s11/s1119414/INF4/SLIP/gcc-arm-none-eabi-4_8-2014q2/bin/../lib/gcc/arm-none-eabi/4.8.4/../../../../arm-none-eabi/lib/armv6-m/libc.a(lib_a-sprintf.o)
                              _build/main.o (sprintf)
/afs/inf.ed.ac.uk/user/s11/s1119414/INF4/SLIP/gcc-arm-none-eabi-4_8-2014q2/bin/../lib/gcc/arm-none-eabi/4.8.4/../../../../arm-none-eabi/lib/armv6-m/libc.a(lib_a-strlen.o)
                              _build/ble_srv_common.o (strlen)
/afs/inf.ed.ac.uk/user/s11/s1119414/INF4/SLIP/gcc-arm-none-eabi-4_8-2014q2/bin/../lib/gcc/arm-none-eabi/4.8.4/../../../../arm-none-eabi/lib/armv6-m/libc.a(lib_a-svfprintf.o)
                              /afs/inf.ed.ac.uk/user/s11/s1119414/INF4/SLIP/gcc-arm-none-eabi-4_8-2014q2/bin/../lib/gcc/arm-none-eabi/4.8.4/../../../../arm-none-eabi/lib/armv6-m/libc.a(lib_a-sprintf.o) (_svfprintf_r)
/afs/inf.ed.ac.uk/user/s11/s1119414/INF4/SLIP/gcc-arm-none-eabi-4_8-2014q2/bin/../lib/gcc/arm-none-eabi/4.8.4/../../../../arm-none-eabi/lib/armv6-m/libc.a(lib_a-__call_atexit.o)
                              /afs/inf.ed.ac.uk/user/s11/s1119414/INF4/SLIP/gcc-arm-none-eabi-4_8-2014q2/bin/../lib/gcc/arm-none-eabi/4.8.4/../../../../arm-none-eabi/lib/armv6-m/libc.a(lib_a-exit.o) (__call_exitprocs)
/afs/inf.ed.ac.uk/user/s11/s1119414/INF4/SLIP/gcc-arm-none-eabi-4_8-2014q2/bin/../lib/gcc/arm-none-eabi/4.8.4/../../../../arm-none-eabi/lib/armv6-m/libc.a(lib_a-atexit.o)
[...]
Memory Configuration

Name             Origin             Length             Attributes
FLASH            0x00016000         0x0002a000         xr
RAM              0x20002000         0x00002000         xrw
*default*        0x00000000         0xffffffff

Linker script and memory map

LOAD /afs/inf.ed.ac.uk/user/s11/s1119414/INF4/SLIP/gcc-arm-none-eabi-4_8-2014q2/bin/../lib/gcc/arm-none-eabi/4.8.4/armv6-m/crti.o
LOAD /afs/inf.ed.ac.uk/user/s11/s1119414/INF4/SLIP/gcc-arm-none-eabi-4_8-2014q2/bin/../lib/gcc/arm-none-eabi/4.8.4/armv6-m/crtbegin.o
LOAD /afs/inf.ed.ac.uk/user/s11/s1119414/INF4/SLIP/gcc-arm-none-eabi-4_8-2014q2/bin/../lib/gcc/arm-none-eabi/4.8.4/../../../../arm-none-eabi/lib/armv6-m/crt0.o
LOAD _build/startup_nrf51.os
LOAD _build/system_nrf51.o
LOAD _build/main.o
LOAD _build/moving_avg.o
LOAD _build/app_gpiote.o
LOAD _build/app_button.o
LOAD _build/app_timer.o
LOAD _build/app_trace.o
LOAD _build/ble_advdata.o
LOAD _build/ble_conn_params.o
LOAD _build/ble_sensorsim.o
LOAD _build/pstorage.o
LOAD _build/device_manager_peripheral.o
LOAD _build/ble_bas.o
LOAD _build/ble_dis.o
LOAD _build/ble_hrs.o
LOAD _build/ble_srv_common.o
LOAD _build/crc16.o
LOAD _build/softdevice_handler.o
LOAD _build/simple_uart.o
START GROUP
LOAD /afs/inf.ed.ac.uk/user/s11/s1119414/INF4/SLIP/gcc-arm-none-eabi-4_8-2014q2/bin/../lib/gcc/arm-none-eabi/4.8.4/armv6-m/libgcc.a
LOAD /afs/inf.ed.ac.uk/user/s11/s1119414/INF4/SLIP/gcc-arm-none-eabi-4_8-2014q2/bin/../lib/gcc/arm-none-eabi/4.8.4/../../../../arm-none-eabi/lib/armv6-m/libc.a
END GROUP
LOAD /afs/inf.ed.ac.uk/user/s11/s1119414/INF4/SLIP/gcc-arm-none-eabi-4_8-2014q2/bin/../lib/gcc/arm-none-eabi/4.8.4/armv6-m/crtend.o
LOAD /afs/inf.ed.ac.uk/user/s11/s1119414/INF4/SLIP/gcc-arm-none-eabi-4_8-2014q2/bin/../lib/gcc/arm-none-eabi/4.8.4/armv6-m/crtn.o
START GROUP
LOAD /afs/inf.ed.ac.uk/user/s11/s1119414/INF4/SLIP/gcc-arm-none-eabi-4_8-2014q2/bin/../lib/gcc/arm-none-eabi/4.8.4/armv6-m/libgcc.a
LOAD /afs/inf.ed.ac.uk/user/s11/s1119414/INF4/SLIP/gcc-arm-none-eabi-4_8-2014q2/bin/../lib/gcc/arm-none-eabi/4.8.4/../../../../arm-none-eabi/lib/armv6-m/libc.a
LOAD /afs/inf.ed.ac.uk/user/s11/s1119414/INF4/SLIP/gcc-arm-none-eabi-4_8-2014q2/bin/../lib/gcc/arm-none-eabi/4.8.4/../../../../arm-none-eabi/lib/armv6-m/libm.a
LOAD /afs/inf.ed.ac.uk/user/s11/s1119414/INF4/SLIP/gcc-arm-none-eabi-4_8-2014q2/bin/../lib/gcc/arm-none-eabi/4.8.4/../../../../arm-none-eabi/lib/armv6-m/libnosys.a
END GROUP

.text           0x00016000    0x13be4
 *(.isr_vector)
 .isr_vector    0x00016000       0xc0 _build/startup_nrf51.os
                0x00016000                __Vectors
 *(.text*)
 .text          0x000160c0        0x0 /afs/inf.ed.ac.uk/user/s11/s1119414/INF4/SLIP/gcc-arm-none-eabi-4_8-2014q2/bin/../lib/gcc/arm-none-eabi/4.8.4/armv6-m/crti.o
 .text          0x000160c0       0x60 /afs/inf.ed.ac.uk/user/s11/s1119414/INF4/SLIP/gcc-arm-none-eabi-4_8-2014q2/bin/../lib/gcc/arm-none-eabi/4.8.4/armv6-m/crtbegin.o
 .text          0x00016120       0x78 /afs/inf.ed.ac.uk/user/s11/s1119414/INF4/SLIP/gcc-arm-none-eabi-4_8-2014q2/bin/../lib/gcc/arm-none-eabi/4.8.4/../../../../arm-none-eabi/lib/armv6-m/crt0.o
                0x00016120                _mainCRTStartup
                0x00016120                _start
 .text          0x00016198       0x7c _build/startup_nrf51.os
                0x00016198                Reset_Handler
                0x000161d8                NMI_Handler
                0x000161da                HardFault_Handler
                0x000161dc                SVC_Handler
                0x000161de                PendSV_Handler
                0x000161e0                SysTick_Handler
                0x000161e2                Default_Handler
                0x000161e2                DEF_IRQHandler
                0x000161e4                POWER_CLOCK_IRQHandler
                0x000161e6                RADIO_IRQHandler
                0x000161e8                UART0_IRQHandler
                0x000161ea                SPI0_TWI0_IRQHandler
                0x000161ec                SPI1_TWI1_IRQHandler
                0x000161f2                TIMER0_IRQHandler
                0x000161f4                TIMER1_IRQHandler
                0x000161f6                TIMER2_IRQHandler
                0x000161f8                RTC0_IRQHandler
                0x000161fa                TEMP_IRQHandler
                0x000161fc                RNG_IRQHandler
                0x000161fe                ECB_IRQHandler
                0x00016200                CCM_AAR_IRQHandler
                0x00016202                WDT_IRQHandler
                0x00016206                QDEC_IRQHandler
                0x0001620a                SWI1_IRQHandler
                0x0001620e                SWI3_IRQHandler
                0x00016210                SWI4_IRQHandler
                0x00016212                SWI5_IRQHandler
 .text          0x00016214      0x128 _build/system_nrf51.o
                0x00016214                SystemCoreClockUpdate
                0x0001622c                SystemInit
 *fill*         0x0001633c        0x4 
 .text          0x00016340     0x1858 _build/main.o
                0x00016868                app_error_handler
                0x0001691c                assert_nrf_callback
                0x000169dc                avg
                0x00016a50                max
                0x00016ac8                getGrams
                0x00016c74                ADC_IRQHandler
                0x00017b3c                main
 .text          0x00017b98        0x0 _build/moving_avg.o
 .text          0x00017b98      0x750 _build/app_gpiote.o
                0x00017da0                GPIOTE_IRQHandler
                0x00017f48                app_gpiote_init
                0x00017fec                app_gpiote_user_register
                0x000180b4                app_gpiote_user_enable
                0x0001820c                app_gpiote_user_disable
                0x00018284                app_gpiote_pins_state_get
 .text          0x000182e8      0x3f8 _build/app_button.o
                0x000184d8                app_button_init
                0x000185b0                app_button_enable
                0x000185dc                app_button_disable
                0x00018628                app_button_is_pushed
 .text          0x000186e0     0x13ec _build/app_timer.o
                0x000196bc                RTC1_IRQHandler
                0x00019708                SWI0_IRQHandler
                0x00019714                app_timer_init
                0x00019884                app_timer_create
                0x00019974                app_timer_start
                0x00019a00                app_timer_stop
                0x00019a60                app_timer_stop_all
                0x00019a88                app_timer_cnt_get
                0x00019aa4                app_timer_cnt_diff_compute
 .text          0x00019acc        0x0 _build/app_trace.o
 .text          0x00019acc      0xc50 _build/ble_advdata.o
                0x0001a650                ble_advdata_set
 .text          0x0001a71c      0x6b0 _build/ble_conn_params.o
                0x0001aa1c                ble_conn_params_init
                0x0001aac8                ble_conn_params_stop
                0x0001acd8                ble_conn_params_on_ble_evt
                0x0001ad28                ble_conn_params_change_conn_params
 .text          0x0001adcc       0xb8 _build/ble_sensorsim.o
                0x0001adcc                ble_sensorsim_init
                0x0001ae04                ble_sensorsim_measure
 .text          0x0001ae84     0x145c _build/pstorage.o
                0x0001b308                pstorage_sys_event_handler
                0x0001b9c0                pstorage_init
                0x0001bae8                pstorage_register
                0x0001bce8                pstorage_block_identifier_get
                0x0001bdc8                pstorage_store
                0x0001bf08                pstorage_update
                0x0001c048                pstorage_load
                0x0001c1ac                pstorage_clear
                0x0001c2a0                pstorage_access_status_get
 .text          0x0001c2e0     0x22b0 _build/device_manager_peripheral.o
                0x0001cf7c                dm_init
                0x0001d0e8                dm_register
                0x0001d180                dm_security_setup_req
                0x0001d258                dm_security_status_req
                0x0001d344                dm_whitelist_create
                0x0001d498                dm_device_add
                0x0001d4b0                dm_device_delete
                0x0001d54c                dm_device_delete_all
                0x0001d5e8                dm_service_context_set
                0x0001d734                dm_service_context_get
                0x0001d880                dm_service_context_delete
                0x0001d914                dm_application_context_set
                0x0001d92c                dm_application_context_get
                0x0001d944                dm_application_context_delete
                0x0001d95c                dm_application_instance_set
                0x0001d9d0                dm_handle_initialize
                0x0001db64                dm_peer_addr_set
                0x0001dc58                dm_peer_addr_get
                0x0001ddc0                bond_data_load
                0x0001de40                dm_ble_evt_handler
 .text          0x0001e590      0x6f0 _build/ble_bas.o
                0x0001e834                ble_bas_on_ble_evt
                0x0001eb40                ble_bas_init
                0x0001ebb4                ble_bas_battery_level_update
 .text          0x0001ec80      0x7b0 _build/ble_dis.o
                0x0001f1e8                ble_dis_init
 .text          0x0001f430      0x9d8 _build/ble_hrs.o
                0x0001f720                ble_hrs_on_ble_evt
                0x0001fb84                ble_hrs_init
                0x0001fc3c                ble_hrs_heart_rate_measurement_send
                0x0001fd00                ble_hrs_rr_interval_add
                0x0001fd60                ble_hrs_rr_interval_buffer_is_full
                0x0001fd80                ble_hrs_sensor_contact_supported_set
                0x0001fdb4                ble_hrs_sensor_contact_detected_update
                0x0001fdd4                ble_hrs_body_sensor_location_set
 .text          0x0001fe08      0x154 _build/ble_srv_common.o
                0x0001feb0                ble_srv_report_ref_encode
                0x0001ff34                ble_srv_ascii_to_utf8
 .text          0x0001ff5c       0xd4 _build/crc16.o
                0x0001ff5c                crc16_compute
 .text          0x00020030      0x610 _build/softdevice_handler.o
                0x000203b4                softdevice_assertion_handler
                0x000203dc                intern_softdevice_events_execute
                0x000204f0                softdevice_handler_init
                0x0002057c                softdevice_handler_sd_disable
                0x000205a4                softdevice_ble_evt_handler_set
                0x000205cc                softdevice_sys_evt_handler_set
                0x000205f4                SWI2_IRQHandler
 .text          0x00020640      0x27c _build/simple_uart.o
                0x000206c0                simple_uart_get
                0x000206f0                simple_uart_get_with_timeout
                0x00020760                simple_uart_put
                0x0002079c                simple_uart_putstring
                0x000207ec                simple_uart_config
 .text          0x000208bc       0x9c /afs/inf.ed.ac.uk/user/s11/s1119414/INF4/SLIP/gcc-arm-none-eabi-4_8-2014q2/bin/../lib/gcc/arm-none-eabi/4.8.4/armv6-m/libgcc.a(_udivsi3.o)
                0x000208bc                __udivsi3
                0x000208bc                __aeabi_uidiv
                0x00020944                __aeabi_uidivmod
 .text          0x00020958       0xc0 /afs/inf.ed.ac.uk/user/s11/s1119414/INF4/SLIP/gcc-arm-none-eabi-4_8-2014q2/bin/../lib/gcc/arm-none-eabi/4.8.4/armv6-m/libgcc.a(_divsi3.o)
                0x00020958                __aeabi_idiv
                0x00020958                __divsi3
                0x00020a04                __aeabi_idivmod
 .text          0x00020a18        0x4 /afs/inf.ed.ac.uk/user/s11/s1119414/INF4/SLIP/gcc-arm-none-eabi-4_8-2014q2/bin/../lib/gcc/arm-none-eabi/4.8.4/armv6-m/libgcc.a(_dvmd_tls.o)
                0x00020a18                __aeabi_ldiv0
                0x00020a18                __aeabi_idiv0
 .text          0x00020a1c      0x520 /afs/inf.ed.ac.uk/user/s11/s1119414/INF4/SLIP/gcc-arm-none-eabi-4_8-2014q2/bin/../lib/gcc/arm-none-eabi/4.8.4/armv6-m/libgcc.a(muldf3.o)
                0x00020a1c                __aeabi_dmul
 .text          0x00020f3c       0x3c /afs/inf.ed.ac.uk/user/s11/s1119414/INF4/SLIP/gcc-arm-none-eabi-4_8-2014q2/bin/../lib/gcc/arm-none-eabi/4.8.4/armv6-m/libgcc.a(_clzsi2.o)
                0x00020f3c                __clzsi2
 .text          0x00020f78        0x0 /afs/inf.ed.ac.uk/user/s11/s1119414/INF4/SLIP/gcc-arm-none-eabi-4_8-2014q2/bin/../lib/gcc/arm-none-eabi/4.8.4/../../../../arm-none-eabi/lib/armv6-m/libc.a(lib_a-exit.o)
 .text.exit     0x00020f78       0x20 /afs/inf.ed.ac.uk/user/s11/s1119414/INF4/SLIP/gcc-arm-none-eabi-4_8-2014q2/bin/../lib/gcc/arm-none-eabi/4.8.4/../../../../arm-none-eabi/lib/armv6-m/libc.a(lib_a-exit.o)
                0x00020f78                exit
 .text          0x00020f98        0x0 /afs/inf.ed.ac.uk/user/s11/s1119414/INF4/SLIP/gcc-arm-none-eabi-4_8-2014q2/bin/../lib/gcc/arm-none-eabi/4.8.4/../../../../arm-none-eabi/lib/armv6-m/libc.a(lib_a-impure.o)
 .text          0x00020f98        0x0 /afs/inf.ed.ac.uk/user/s11/s1119414/INF4/SLIP/gcc-arm-none-eabi-4_8-2014q2/bin/../lib/gcc/arm-none-eabi/4.8.4/../../../../arm-none-eabi/lib/armv6-m/libc.a(lib_a-init.o)
 .text.__libc_init_array
                0x00020f98       0x48 /afs/inf.ed.ac.uk/user/s11/s1119414/INF4/SLIP/gcc-arm-none-eabi-4_8-2014q2/bin/../lib/gcc/arm-none-eabi/4.8.4/../../../../arm-none-eabi/lib/armv6-m/libc.a(lib_a-init.o)
                0x00020f98                __libc_init_array
 .text          0x00020fe0        0x0 /afs/inf.ed.ac.uk/user/s11/s1119414/INF4/SLIP/gcc-arm-none-eabi-4_8-2014q2/bin/../lib/gcc/arm-none-eabi/4.8.4/../../../../arm-none-eabi/lib/armv6-m/libc.a(lib_a-memcmp.o)
 .text.memcmp   0x00020fe0       0x4c /afs/inf.ed.ac.uk/user/s11/s1119414/INF4/SLIP/gcc-arm-none-eabi-4_8-2014q2/bin/../lib/gcc/arm-none-eabi/4.8.4/../../../../arm-none-eabi/lib/armv6-m/libc.a(lib_a-memcmp.o)
                0x00020fe0                memcmp
 .text          0x0002102c        0x0 /afs/inf.ed.ac.uk/user/s11/s1119414/INF4/SLIP/gcc-arm-none-eabi-4_8-2014q2/bin/../lib/gcc/arm-none-eabi/4.8.4/../../../../arm-none-eabi/lib/armv6-m/libc.a(lib_a-memcpy-stub.o)
 .text.memcpy   0x0002102c       0x84 /afs/inf.ed.ac.uk/user/s11/s1119414/INF4/SLIP/gcc-arm-none-eabi-4_8-2014q2/bin/../lib/gcc/arm-none-eabi/4.8.4/../../../../arm-none-eabi/lib/armv6-m/libc.a(lib_a-memcpy-stub.o)
                0x0002102c                memcpy
 .text          0x000210b0        0x0 /afs/inf.ed.ac.uk/user/s11/s1119414/INF4/SLIP/gcc-arm-none-eabi-4_8-2014q2/bin/../lib/gcc/arm-none-eabi/4.8.4/../../../../arm-none-eabi/lib/armv6-m/libc.a(lib_a-memmove.o)
 .text.memmove  0x000210b0       0xa4 /afs/inf.ed.ac.uk/user/s11/s1119414/INF4/SLIP/gcc-arm-none-eabi-4_8-2014q2/bin/../lib/gcc/arm-none-eabi/4.8.4/../../../../arm-none-eabi/lib/armv6-m/libc.a(lib_a-memmove.o)
                0x000210b0                memmove
 .text          0x00021154        0x0 /afs/inf.ed.ac.uk/user/s11/s1119414/INF4/SLIP/gcc-arm-none-eabi-4_8-2014q2/bin/../lib/gcc/arm-none-eabi/4.8.4/../../../../arm-none-eabi/lib/armv6-m/libc.a(lib_a-memset.o)
 .text.memset   0x00021154       0x9c /afs/inf.ed.ac.uk/user/s11/s1119414/INF4/SLIP/gcc-arm-none-eabi-4_8-2014q2/bin/../lib/gcc/arm-none-eabi/4.8.4/../../../../arm-none-eabi/lib/armv6-m/libc.a(lib_a-memset.o)
                0x00021154                memset
 .text          0x000211f0        0x0 /afs/inf.ed.ac.uk/user/s11/s1119414/INF4/SLIP/gcc-arm-none-eabi-4_8-2014q2/bin/../lib/gcc/arm-none-eabi/4.8.4/../../../../arm-none-eabi/lib/armv6-m/libc.a(lib_a-sprintf.o)
 .text._sprintf_r
                0x000211f0       0x40 /afs/inf.ed.ac.uk/user/s11/s1119414/INF4/SLIP/gcc-arm-none-eabi-4_8-2014q2/bin/../lib/gcc/arm-none-eabi/4.8.4/../../../../arm-none-eabi/lib/armv6-m/libc.a(lib_a-sprintf.o)
                0x000211f0                _sprintf_r
 .text.sprintf  0x00021230       0x44 /afs/inf.ed.ac.uk/user/s11/s1119414/INF4/SLIP/gcc-arm-none-eabi-4_8-2014q2/bin/../lib/gcc/arm-none-eabi/4.8.4/../../../../arm-none-eabi/lib/armv6-m/libc.a(lib_a-sprintf.o)
                0x00021230                sprintf
 .text          0x00021274        0x0 /afs/inf.ed.ac.uk/user/s11/s1119414/INF4/SLIP/gcc-arm-none-eabi-4_8-2014q2/bin/../lib/gcc/arm-none-eabi/4.8.4/../../../../arm-none-eabi/lib/armv6-m/libc.a(lib_a-strlen.o)
 .text.strlen   0x00021274       0x10 /afs/inf.ed.ac.uk/user/s11/s1119414/INF4/SLIP/gcc-arm-none-eabi-4_8-2014q2/bin/../lib/gcc/arm-none-eabi/4.8.4/../../../../arm-none-eabi/lib/armv6-m/libc.a(lib_a-strlen.o)
                0x00021274                strlen
 .text          0x00021284        0x0 /afs/inf.ed.ac.uk/user/s11/s1119414/INF4/SLIP/gcc-arm-none-eabi-4_8-2014q2/bin/../lib/gcc/arm-none-eabi/4.8.4/../../../../arm-none-eabi/lib/armv6-m/libc.a(lib_a-svfprintf.o)
 *fill*         0x00021284        0x4 
 .text._svfprintf_r
                0x00021288     0x15c8 /afs/inf.ed.ac.uk/user/s11/s1119414/INF4/SLIP/gcc-arm-none-eabi-4_8-2014q2/bin/../lib/gcc/arm-none-eabi/4.8.4/../../../../arm-none-eabi/lib/armv6-m/libc.a(lib_a-svfprintf.o)
                0x00021288                _svfprintf_r
 .text          0x00022850        0x0 /afs/inf.ed.ac.uk/user/s11/s1119414/INF4/SLIP/gcc-arm-none-eabi-4_8-2014q2/bin/../lib/gcc/arm-none-eabi/4.8.4/../../../../arm-none-eabi/lib/armv6-m/libc.a(lib_a-__call_atexit.o)
 .text.startup.register_fini
                0x00022850       0x18 /afs/inf.ed.ac.uk/user/s11/s1119414/INF4/SLIP/gcc-arm-none-eabi-4_8-2014q2/bin/../lib/gcc/arm-none-eabi/4.8.4/../../../../arm-none-eabi/lib/armv6-m/libc.a(lib_a-__call_atexit.o)
 .text.__call_exitprocs
                0x00022868      0x118 /afs/inf.ed.ac.uk/user/s11/s1119414/INF4/SLIP/gcc-arm-none-eabi-4_8-2014q2/bin/../lib/gcc/arm-none-eabi/4.8.4/../../../../arm-none-eabi/lib/armv6-m/libc.a(lib_a-__call_atexit.o)
                0x00022868                __call_exitprocs
 .text          0x00022980        0x0 /afs/inf.ed.ac.uk/user/s11/s1119414/INF4/SLIP/gcc-arm-none-eabi-4_8-2014q2/bin/../lib/gcc/arm-none-eabi/4.8.4/../../../../arm-none-eabi/lib/armv6-m/libc.a(lib_a-atexit.o)
 .text.atexit   0x00022980       0x10 /afs/inf.ed.ac.uk/user/s11/s1119414/INF4/SLIP/gcc-arm-none-eabi-4_8-2014q2/bin/../lib/gcc/arm-none-eabi/4.8.4/../../../../arm-none-eabi/lib/armv6-m/libc.a(lib_a-atexit.o)
                0x00022980                atexit
 .text          0x00022990        0x0 /afs/inf.ed.ac.uk/user/s11/s1119414/INF4/SLIP/gcc-arm-none-eabi-4_8-2014q2/bin/../lib/gcc/arm-none-eabi/4.8.4/../../../../arm-none-eabi/lib/armv6-m/libc.a(lib_a-dtoa.o)
 .text.quorem   0x00022990      0x150 /afs/inf.ed.ac.uk/user/s11/s1119414/INF4/SLIP/gcc-arm-none-eabi-4_8-2014q2/bin/../lib/gcc/arm-none-eabi/4.8.4/../../../../arm-none-eabi/lib/armv6-m/libc.a(lib_a-dtoa.o)
 .text._dtoa_r  0x00022ae0      0xf38 /afs/inf.ed.ac.uk/user/s11/s1119414/INF4/SLIP/gcc-arm-none-eabi-4_8-2014q2/bin/../lib/gcc/arm-none-eabi/4.8.4/../../../../arm-none-eabi/lib/armv6-m/libc.a(lib_a-dtoa.o)
                0x00022ae0                _dtoa_r
 .text          0x00023a18        0x0 /afs/inf.ed.ac.uk/user/s11/s1119414/INF4/SLIP/gcc-arm-none-eabi-4_8-2014q2/bin/../lib/gcc/arm-none-eabi/4.8.4/../../../../arm-none-eabi/lib/armv6-m/libc.a(lib_a-fini.o)
 .text.__libc_fini_array
                0x00023a18       0x30 /afs/inf.ed.ac.uk/user/s11/s1119414/INF4/SLIP/gcc-arm-none-eabi-4_8-2014q2/bin/../lib/gcc/arm-none-eabi/4.8.4/../../../../arm-none-eabi/lib/armv6-m/libc.a(lib_a-fini.o)
                0x00023a18                __libc_fini_array
 .text          0x00023a48        0x0 /afs/inf.ed.ac.uk/user/s11/s1119414/INF4/SLIP/gcc-arm-none-eabi-4_8-2014q2/bin/../lib/gcc/arm-none-eabi/4.8.4/../../../../arm-none-eabi/lib/armv6-m/libc.a(lib_a-locale.o)
 .text._setlocale_r
                0x00023a48       0x44 /afs/inf.ed.ac.uk/user/s11/s1119414/INF4/SLIP/gcc-arm-none-eabi-4_8-2014q2/bin/../lib/gcc/arm-none-eabi/4.8.4/../../../../arm-none-eabi/lib/armv6-m/libc.a(lib_a-locale.o)
                0x00023a48                _setlocale_r
 .text.__locale_charset
                0x00023a8c        0x8 /afs/inf.ed.ac.uk/user/s11/s1119414/INF4/SLIP/gcc-arm-none-eabi-4_8-2014q2/bin/../lib/gcc/arm-none-eabi/4.8.4/../../../../arm-none-eabi/lib/armv6-m/libc.a(lib_a-locale.o)
                0x00023a8c                __locale_charset
 .text.__locale_mb_cur_max
                0x00023a94        0xc /afs/inf.ed.ac.uk/user/s11/s1119414/INF4/SLIP/gcc-arm-none-eabi-4_8-2014q2/bin/../lib/gcc/arm-none-eabi/4.8.4/../../../../arm-none-eabi/lib/armv6-m/libc.a(lib_a-locale.o)
                0x00023a94                __locale_mb_cur_max
 .text.__locale_msgcharset
                0x00023aa0        0x8 /afs/inf.ed.ac.uk/user/s11/s1119414/INF4/SLIP/gcc-arm-none-eabi-4_8-2014q2/bin/../lib/gcc/arm-none-eabi/4.8.4/../../../../arm-none-eabi/lib/armv6-m/libc.a(lib_a-locale.o)
                0x00023aa0                __locale_msgcharset
 .text.__locale_cjk_lang
                0x00023aa8        0x4 /afs/inf.ed.ac.uk/user/s11/s1119414/INF4/SLIP/gcc-arm-none-eabi-4_8-2014q2/bin/../lib/gcc/arm-none-eabi/4.8.4/../../../../arm-none-eabi/lib/armv6-m/libc.a(lib_a-locale.o)
                0x00023aa8                __locale_cjk_lang
 .text._localeconv_r
                0x00023aac        0x8 /afs/inf.ed.ac.uk/user/s11/s1119414/INF4/SLIP/gcc-arm-none-eabi-4_8-2014q2/bin/../lib/gcc/arm-none-eabi/4.8.4/../../../../arm-none-eabi/lib/armv6-m/libc.a(lib_a-locale.o)
                0x00023aac                _localeconv_r
 .text.setlocale
                0x00023ab4       0x18 /afs/inf.ed.ac.uk/user/s11/s1119414/INF4/SLIP/gcc-arm-none-eabi-4_8-2014q2/bin/../lib/gcc/arm-none-eabi/4.8.4/../../../../arm-none-eabi/lib/armv6-m/libc.a(lib_a-locale.o)
                0x00023ab4                setlocale
 .text.localeconv
                0x00023acc        0x8 /afs/inf.ed.ac.uk/user/s11/s1119414/INF4/SLIP/gcc-arm-none-eabi-4_8-2014q2/bin/../lib/gcc/arm-none-eabi/4.8.4/../../../../arm-none-eabi/lib/armv6-m/libc.a(lib_a-locale.o)
                0x00023acc                localeconv
 .text          0x00023ad4        0x0 /afs/inf.ed.ac.uk/user/s11/s1119414/INF4/SLIP/gcc-arm-none-eabi-4_8-2014q2/bin/../lib/gcc/arm-none-eabi/4.8.4/../../../../arm-none-eabi/lib/armv6-m/libc.a(lib_a-mallocr.o)
 .text._malloc_r
                0x00023ad4      0x50c /afs/inf.ed.ac.uk/user/s11/s1119414/INF4/SLIP/gcc-arm-none-eabi-4_8-2014q2/bin/../lib/gcc/arm-none-eabi/4.8.4/../../../../arm-none-eabi/lib/armv6-m/libc.a(lib_a-mallocr.o)
                0x00023ad4                _malloc_r
 .text          0x00023fe0        0x0 /afs/inf.ed.ac.uk/user/s11/s1119414/INF4/SLIP/gcc-arm-none-eabi-4_8-2014q2/bin/../lib/gcc/arm-none-eabi/4.8.4/../../../../arm-none-eabi/lib/armv6-m/libc.a(lib_a-memchr-stub.o)
 .text.memchr   0x00023fe0       0x84 /afs/inf.ed.ac.uk/user/s11/s1119414/INF4/SLIP/gcc-arm-none-eabi-4_8-2014q2/bin/../lib/gcc/arm-none-eabi/4.8.4/../../../../arm-none-eabi/lib/armv6-m/libc.a(lib_a-memchr-stub.o)
                0x00023fe0                memchr
 .text          0x00024064        0x0 /afs/inf.ed.ac.uk/user/s11/s1119414/INF4/SLIP/gcc-arm-none-eabi-4_8-2014q2/bin/../lib/gcc/arm-none-eabi/4.8.4/../../../../arm-none-eabi/lib/armv6-m/libc.a(lib_a-mlock.o)
 .text.__malloc_lock
                0x00024064        0x4 /afs/inf.ed.ac.uk/user/s11/s1119414/INF4/SLIP/gcc-arm-none-eabi-4_8-2014q2/bin/../lib/gcc/arm-none-eabi/4.8.4/../../../../arm-none-eabi/lib/armv6-m/libc.a(lib_a-mlock.o)
                0x00024064                __malloc_lock
 .text.__malloc_unlock
                0x00024068        0x4 /afs/inf.ed.ac.uk/user/s11/s1119414/INF4/SLIP/gcc-arm-none-eabi-4_8-2014q2/bin/../lib/gcc/arm-none-eabi/4.8.4/../../../../arm-none-eabi/lib/armv6-m/libc.a(lib_a-mlock.o)
                0x00024068                __malloc_unlock
 .text          0x0002406c        0x0 /afs/inf.ed.ac.uk/user/s11/s1119414/INF4/SLIP/gcc-arm-none-eabi-4_8-2014q2/bin/../lib/gcc/arm-none-eabi/4.8.4/../../../../arm-none-eabi/lib/armv6-m/libc.a(lib_a-mprec.o)
 .text._Balloc  0x0002406c       0x50 /afs/inf.ed.ac.uk/user/s11/s1119414/INF4/SLIP/gcc-arm-none-eabi-4_8-2014q2/bin/../lib/gcc/arm-none-eabi/4.8.4/../../../../arm-none-eabi/lib/armv6-m/libc.a(lib_a-mprec.o)
                0x0002406c                _Balloc
 .text._Bfree   0x000240bc       0x14 /afs/inf.ed.ac.uk/user/s11/s1119414/INF4/SLIP/gcc-arm-none-eabi-4_8-2014q2/bin/../lib/gcc/arm-none-eabi/4.8.4/../../../../arm-none-eabi/lib/armv6-m/libc.a(lib_a-mprec.o)
                0x000240bc                _Bfree
 .text.__multadd
                0x000240d0       0xa8 /afs/inf.ed.ac.uk/user/s11/s1119414/INF4/SLIP/gcc-arm-none-eabi-4_8-2014q2/bin/../lib/gcc/arm-none-eabi/4.8.4/../../../../arm-none-eabi/lib/armv6-m/libc.a(lib_a-mprec.o)
                0x000240d0                __multadd
 .text.__s2b    0x00024178       0x98 /afs/inf.ed.ac.uk/user/s11/s1119414/INF4/SLIP/gcc-arm-none-eabi-4_8-2014q2/bin/../lib/gcc/arm-none-eabi/4.8.4/../../../../arm-none-eabi/lib/armv6-m/libc.a(lib_a-mprec.o)
                0x00024178                __s2b
 .text.__hi0bits
                0x00024210       0x3c /afs/inf.ed.ac.uk/user/s11/s1119414/INF4/SLIP/gcc-arm-none-eabi-4_8-2014q2/bin/../lib/gcc/arm-none-eabi/4.8.4/../../../../arm-none-eabi/lib/armv6-m/libc.a(lib_a-mprec.o)
                0x00024210                __hi0bits
 .text.__lo0bits
                0x0002424c       0x5c /afs/inf.ed.ac.uk/user/s11/s1119414/INF4/SLIP/gcc-arm-none-eabi-4_8-2014q2/bin/../lib/gcc/arm-none-eabi/4.8.4/../../../../arm-none-eabi/lib/armv6-m/libc.a(lib_a-mprec.o)
                0x0002424c                __lo0bits
 .text.__i2b    0x000242a8       0x14 /afs/inf.ed.ac.uk/user/s11/s1119414/INF4/SLIP/gcc-arm-none-eabi-4_8-2014q2/bin/../lib/gcc/arm-none-eabi/4.8.4/../../../../arm-none-eabi/lib/armv6-m/libc.a(lib_a-mprec.o)
                0x000242a8                __i2b
 .text.__multiply
                0x000242bc      0x144 /afs/inf.ed.ac.uk/user/s11/s1119414/INF4/SLIP/gcc-arm-none-eabi-4_8-2014q2/bin/../lib/gcc/arm-none-eabi/4.8.4/../../../../arm-none-eabi/lib/armv6-m/libc.a(lib_a-mprec.o)
                0x000242bc                __multiply
 .text.__pow5mult
                0x00024400       0xb8 /afs/inf.ed.ac.uk/user/s11/s1119414/INF4/SLIP/gcc-arm-none-eabi-4_8-2014q2/bin/../lib/gcc/arm-none-eabi/4.8.4/../../../../arm-none-eabi/lib/armv6-m/libc.a(lib_a-mprec.o)
                0x00024400                __pow5mult
 .text.__lshift
                0x000244b8       0xc0 /afs/inf.ed.ac.uk/user/s11/s1119414/INF4/SLIP/gcc-arm-none-eabi-4_8-2014q2/bin/../lib/gcc/arm-none-eabi/4.8.4/../../../../arm-none-eabi/lib/armv6-m/libc.a(lib_a-mprec.o)
                0x000244b8                __lshift
 .text.__mcmp   0x00024578       0x38 /afs/inf.ed.ac.uk/user/s11/s1119414/INF4/SLIP/gcc-arm-none-eabi-4_8-2014q2/bin/../lib/gcc/arm-none-eabi/4.8.4/../../../../arm-none-eabi/lib/armv6-m/libc.a(lib_a-mprec.o)
                0x00024578                __mcmp
 .text.__mdiff  0x000245b0       0xe8 /afs/inf.ed.ac.uk/user/s11/s1119414/INF4/SLIP/gcc-arm-none-eabi-4_8-2014q2/bin/../lib/gcc/arm-none-eabi/4.8.4/../../../../arm-none-eabi/lib/armv6-m/libc.a(lib_a-mprec.o)
                0x000245b0                __mdiff
 .text.__ulp    0x00024698       0x44 /afs/inf.ed.ac.uk/user/s11/s1119414/INF4/SLIP/gcc-arm-none-eabi-4_8-2014q2/bin/../lib/gcc/arm-none-eabi/4.8.4/../../../../arm-none-eabi/lib/armv6-m/libc.a(lib_a-mprec.o)
                0x00024698                __ulp
 .text.__b2d    0x000246dc       0xac /afs/inf.ed.ac.uk/user/s11/s1119414/INF4/SLIP/gcc-arm-none-eabi-4_8-2014q2/bin/../lib/gcc/arm-none-eabi/4.8.4/../../../../arm-none-eabi/lib/armv6-m/libc.a(lib_a-mprec.o)
                0x000246dc                __b2d
 .text.__d2b    0x00024788       0xbc /afs/inf.ed.ac.uk/user/s11/s1119414/INF4/SLIP/gcc-arm-none-eabi-4_8-2014q2/bin/../lib/gcc/arm-none-eabi/4.8.4/../../../../arm-none-eabi/lib/armv6-m/libc.a(lib_a-mprec.o)
                0x00024788                __d2b
 .text.__ratio  0x00024844       0x70 /afs/inf.ed.ac.uk/user/s11/s1119414/INF4/SLIP/gcc-arm-none-eabi-4_8-2014q2/bin/../lib/gcc/arm-none-eabi/4.8.4/../../../../arm-none-eabi/lib/armv6-m/libc.a(lib_a-mprec.o)
                0x00024844                __ratio
 *fill*         0x000248b4        0x4 
 .text._mprec_log10
                0x000248b8       0x40 /afs/inf.ed.ac.uk/user/s11/s1119414/INF4/SLIP/gcc-arm-none-eabi-4_8-2014q2/bin/../lib/gcc/arm-none-eabi/4.8.4/../../../../arm-none-eabi/lib/armv6-m/libc.a(lib_a-mprec.o)
                0x000248b8                _mprec_log10
 .text.__copybits
                0x000248f8       0x40 /afs/inf.ed.ac.uk/user/s11/s1119414/INF4/SLIP/gcc-arm-none-eabi-4_8-2014q2/bin/../lib/gcc/arm-none-eabi/4.8.4/../../../../arm-none-eabi/lib/armv6-m/libc.a(lib_a-mprec.o)
                0x000248f8                __copybits
 .text.__any_on
                0x00024938       0x60 /afs/inf.ed.ac.uk/user/s11/s1119414/INF4/SLIP/gcc-arm-none-eabi-4_8-2014q2/bin/../lib/gcc/arm-none-eabi/4.8.4/../../../../arm-none-eabi/lib/armv6-m/libc.a(lib_a-mprec.o)
                0x00024938                __any_on
 .text          0x00024998        0x0 /afs/inf.ed.ac.uk/user/s11/s1119414/INF4/SLIP/gcc-arm-none-eabi-4_8-2014q2/bin/../lib/gcc/arm-none-eabi/4.8.4/../../../../arm-none-eabi/lib/armv6-m/libc.a(lib_a-s_fpclassify.o)
 .text.__fpclassifyd
                0x00024998       0x60 /afs/inf.ed.ac.uk/user/s11/s1119414/INF4/SLIP/gcc-arm-none-eabi-4_8-2014q2/bin/../lib/gcc/arm-none-eabi/4.8.4/../../../../arm-none-eabi/lib/armv6-m/libc.a(lib_a-s_fpclassify.o)
                0x00024998                __fpclassifyd
 .text          0x000249f8        0x0 /afs/inf.ed.ac.uk/user/s11/s1119414/INF4/SLIP/gcc-arm-none-eabi-4_8-2014q2/bin/../lib/gcc/arm-none-eabi/4.8.4/../../../../arm-none-eabi/lib/armv6-m/libc.a(lib_a-sbrkr.o)
 .text._sbrk_r  0x000249f8       0x24 /afs/inf.ed.ac.uk/user/s11/s1119414/INF4/SLIP/gcc-arm-none-eabi-4_8-2014q2/bin/../lib/gcc/arm-none-eabi/4.8.4/../../../../arm-none-eabi/lib/armv6-m/libc.a(lib_a-sbrkr.o)
                0x000249f8                _sbrk_r
 .text          0x00024a1c       0x14 /afs/inf.ed.ac.uk/user/s11/s1119414/INF4/SLIP/gcc-arm-none-eabi-4_8-2014q2/bin/../lib/gcc/arm-none-eabi/4.8.4/../../../../arm-none-eabi/lib/armv6-m/libc.a(lib_a-strcmp.o)
                0x00024a1c                strcmp
 .text          0x00024a30        0x0 /afs/inf.ed.ac.uk/user/s11/s1119414/INF4/SLIP/gcc-arm-none-eabi-4_8-2014q2/bin/../lib/gcc/arm-none-eabi/4.8.4/../../../../arm-none-eabi/lib/armv6-m/libc.a(lib_a-svfiprintf.o)
 .text.__ssprint_r
                0x00024a30      0x12c /afs/inf.ed.ac.uk/user/s11/s1119414/INF4/SLIP/gcc-arm-none-eabi-4_8-2014q2/bin/../lib/gcc/arm-none-eabi/4.8.4/../../../../arm-none-eabi/lib/armv6-m/libc.a(lib_a-svfiprintf.o)
                0x00024a30                __ssprint_r
 .text._svfiprintf_r
                0x00024b5c      0xac4 /afs/inf.ed.ac.uk/user/s11/s1119414/INF4/SLIP/gcc-arm-none-eabi-4_8-2014q2/bin/../lib/gcc/arm-none-eabi/4.8.4/../../../../arm-none-eabi/lib/armv6-m/libc.a(lib_a-svfiprintf.o)
                0x00024b5c                _svfiprintf_r
 .text          0x00025620        0x0 /afs/inf.ed.ac.uk/user/s11/s1119414/INF4/SLIP/gcc-arm-none-eabi-4_8-2014q2/bin/../lib/gcc/arm-none-eabi/4.8.4/../../../../arm-none-eabi/lib/armv6-m/libc.a(lib_a-__atexit.o)
 .text.__register_exitproc
                0x00025620       0xc0 /afs/inf.ed.ac.uk/user/s11/s1119414/INF4/SLIP/gcc-arm-none-eabi-4_8-2014q2/bin/../lib/gcc/arm-none-eabi/4.8.4/../../../../arm-none-eabi/lib/armv6-m/libc.a(lib_a-__atexit.o)
                0x00025620                __register_exitproc
 .text          0x000256e0        0x0 /afs/inf.ed.ac.uk/user/s11/s1119414/INF4/SLIP/gcc-arm-none-eabi-4_8-2014q2/bin/../lib/gcc/arm-none-eabi/4.8.4/../../../../arm-none-eabi/lib/armv6-m/libc.a(lib_a-callocr.o)
 .text._calloc_r
                0x000256e0       0x60 /afs/inf.ed.ac.uk/user/s11/s1119414/INF4/SLIP/gcc-arm-none-eabi-4_8-2014q2/bin/../lib/gcc/arm-none-eabi/4.8.4/../../../../arm-none-eabi/lib/armv6-m/libc.a(lib_a-callocr.o)
                0x000256e0                _calloc_r
 .text          0x00025740        0x0 /afs/inf.ed.ac.uk/user/s11/s1119414/INF4/SLIP/gcc-arm-none-eabi-4_8-2014q2/bin/../lib/gcc/arm-none-eabi/4.8.4/../../../../arm-none-eabi/lib/armv6-m/libc.a(lib_a-freer.o)
 .text._malloc_trim_r
                0x00025740       0xa0 /afs/inf.ed.ac.uk/user/s11/s1119414/INF4/SLIP/gcc-arm-none-eabi-4_8-2014q2/bin/../lib/gcc/arm-none-eabi/4.8.4/../../../../arm-none-eabi/lib/armv6-m/libc.a(lib_a-freer.o)
                0x00025740                _malloc_trim_r
 .text._free_r  0x000257e0      0x190 /afs/inf.ed.ac.uk/user/s11/s1119414/INF4/SLIP/gcc-arm-none-eabi-4_8-2014q2/bin/../lib/gcc/arm-none-eabi/4.8.4/../../../../arm-none-eabi/lib/armv6-m/libc.a(lib_a-freer.o)
                0x000257e0                _free_r
 .text          0x00025970        0x0 /afs/inf.ed.ac.uk/user/s11/s1119414/INF4/SLIP/gcc-arm-none-eabi-4_8-2014q2/bin/../lib/gcc/arm-none-eabi/4.8.4/../../../../arm-none-eabi/lib/armv6-m/libc.a(lib_a-reallocr.o)
 .text._realloc_r
                0x00025970      0x360 /afs/inf.ed.ac.uk/user/s11/s1119414/INF4/SLIP/gcc-arm-none-eabi-4_8-2014q2/bin/../lib/gcc/arm-none-eabi/4.8.4/../../../../arm-none-eabi/lib/armv6-m/libc.a(lib_a-reallocr.o)
                0x00025970                _realloc_r
 .text          0x00025cd0        0x0 /afs/inf.ed.ac.uk/user/s11/s1119414/INF4/SLIP/gcc-arm-none-eabi-4_8-2014q2/bin/../lib/gcc/arm-none-eabi/4.8.4/../../../../arm-none-eabi/lib/armv6-m/libc.a(lib_a-reent.o)
 .text.cleanup_glue
                0x00025cd0       0x1c /afs/inf.ed.ac.uk/user/s11/s1119414/INF4/SLIP/gcc-arm-none-eabi-4_8-2014q2/bin/../lib/gcc/arm-none-eabi/4.8.4/../../../../arm-none-eabi/lib/armv6-m/libc.a(lib_a-reent.o)
                0x00025cd0                cleanup_glue
 .text._reclaim_reent
                0x00025cec       0xa0 /afs/inf.ed.ac.uk/user/s11/s1119414/INF4/SLIP/gcc-arm-none-eabi-4_8-2014q2/bin/../lib/gcc/arm-none-eabi/4.8.4/../../../../arm-none-eabi/lib/armv6-m/libc.a(lib_a-reent.o)
                0x00025cec                _reclaim_reent
 .text          0x00025d8c       0x7c /afs/inf.ed.ac.uk/user/s11/s1119414/INF4/SLIP/gcc-arm-none-eabi-4_8-2014q2/bin/../lib/gcc/arm-none-eabi/4.8.4/armv6-m/libgcc.a(_arm_cmpdf2.o)
                0x00025d8c                __aeabi_cdrcmple
                0x00025d9c                __aeabi_cdcmple
                0x00025d9c                __aeabi_cdcmpeq
                0x00025dac                __aeabi_dcmpeq
                0x00025db8                __aeabi_dcmplt
                0x00025dcc                __aeabi_dcmple
                0x00025de0                __aeabi_dcmpgt
                0x00025df4                __aeabi_dcmpge
 .text          0x00025e08       0x40 /afs/inf.ed.ac.uk/user/s11/s1119414/INF4/SLIP/gcc-arm-none-eabi-4_8-2014q2/bin/../lib/gcc/arm-none-eabi/4.8.4/armv6-m/libgcc.a(_aeabi_uldivmod.o)
                0x00025e08                __aeabi_uldivmod
 .text          0x00025e48       0x6c /afs/inf.ed.ac.uk/user/s11/s1119414/INF4/SLIP/gcc-arm-none-eabi-4_8-2014q2/bin/../lib/gcc/arm-none-eabi/4.8.4/armv6-m/libgcc.a(bpabi.o)
                0x00025e48                __gnu_ldivmod_helper
                0x00025e80                __gnu_uldivmod_helper
 .text          0x00025eb4      0x644 /afs/inf.ed.ac.uk/user/s11/s1119414/INF4/SLIP/gcc-arm-none-eabi-4_8-2014q2/bin/../lib/gcc/arm-none-eabi/4.8.4/armv6-m/libgcc.a(adddf3.o)
                0x00025eb4                __aeabi_dadd
 .text          0x000264f8      0x648 /afs/inf.ed.ac.uk/user/s11/s1119414/INF4/SLIP/gcc-arm-none-eabi-4_8-2014q2/bin/../lib/gcc/arm-none-eabi/4.8.4/armv6-m/libgcc.a(divdf3.o)
                0x000264f8                __aeabi_ddiv
 .text          0x00026b40       0x94 /afs/inf.ed.ac.uk/user/s11/s1119414/INF4/SLIP/gcc-arm-none-eabi-4_8-2014q2/bin/../lib/gcc/arm-none-eabi/4.8.4/armv6-m/libgcc.a(eqdf2.o)
                0x00026b40                __eqdf2
                0x00026b40                __nedf2
 .text          0x00026bd4       0xfc /afs/inf.ed.ac.uk/user/s11/s1119414/INF4/SLIP/gcc-arm-none-eabi-4_8-2014q2/bin/../lib/gcc/arm-none-eabi/4.8.4/armv6-m/libgcc.a(gedf2.o)
                0x00026bd4                __gtdf2
                0x00026bd4                __gedf2
 .text          0x00026cd0       0xfc /afs/inf.ed.ac.uk/user/s11/s1119414/INF4/SLIP/gcc-arm-none-eabi-4_8-2014q2/bin/../lib/gcc/arm-none-eabi/4.8.4/armv6-m/libgcc.a(ledf2.o)
                0x00026cd0                __ltdf2
                0x00026cd0                __ledf2
 .text          0x00026dcc      0x668 /afs/inf.ed.ac.uk/user/s11/s1119414/INF4/SLIP/gcc-arm-none-eabi-4_8-2014q2/bin/../lib/gcc/arm-none-eabi/4.8.4/armv6-m/libgcc.a(subdf3.o)
                0x00026dcc                __aeabi_dsub
 .text          0x00027434       0x68 /afs/inf.ed.ac.uk/user/s11/s1119414/INF4/SLIP/gcc-arm-none-eabi-4_8-2014q2/bin/../lib/gcc/arm-none-eabi/4.8.4/armv6-m/libgcc.a(fixdfsi.o)
                0x00027434                __aeabi_d2iz
 .text          0x0002749c       0x7c /afs/inf.ed.ac.uk/user/s11/s1119414/INF4/SLIP/gcc-arm-none-eabi-4_8-2014q2/bin/../lib/gcc/arm-none-eabi/4.8.4/armv6-m/libgcc.a(floatsidf.o)
                0x0002749c                __aeabi_i2d
 .text          0x00027518       0x68 /afs/inf.ed.ac.uk/user/s11/s1119414/INF4/SLIP/gcc-arm-none-eabi-4_8-2014q2/bin/../lib/gcc/arm-none-eabi/4.8.4/armv6-m/libgcc.a(floatunsidf.o)
                0x00027518                __aeabi_ui2d
 .text          0x00027580       0x44 /afs/inf.ed.ac.uk/user/s11/s1119414/INF4/SLIP/gcc-arm-none-eabi-4_8-2014q2/bin/../lib/gcc/arm-none-eabi/4.8.4/armv6-m/libgcc.a(_muldi3.o)
                0x00027580                __aeabi_lmul
                0x00027580                __muldi3
 .text          0x000275c4      0x3b8 /afs/inf.ed.ac.uk/user/s11/s1119414/INF4/SLIP/gcc-arm-none-eabi-4_8-2014q2/bin/../lib/gcc/arm-none-eabi/4.8.4/armv6-m/libgcc.a(_divdi3.o)
                0x000275c4                __divdi3
 .text          0x0002797c      0x384 /afs/inf.ed.ac.uk/user/s11/s1119414/INF4/SLIP/gcc-arm-none-eabi-4_8-2014q2/bin/../lib/gcc/arm-none-eabi/4.8.4/armv6-m/libgcc.a(_udivdi3.o)
                0x0002797c                __udivdi3
 .text          0x00027d00        0x0 /afs/inf.ed.ac.uk/user/s11/s1119414/INF4/SLIP/gcc-arm-none-eabi-4_8-2014q2/bin/../lib/gcc/arm-none-eabi/4.8.4/armv6-m/crtend.o
 .text          0x00027d00        0x0 /afs/inf.ed.ac.uk/user/s11/s1119414/INF4/SLIP/gcc-arm-none-eabi-4_8-2014q2/bin/../lib/gcc/arm-none-eabi/4.8.4/armv6-m/crtn.o
 .text          0x00027d00        0x0 /afs/inf.ed.ac.uk/user/s11/s1119414/INF4/SLIP/gcc-arm-none-eabi-4_8-2014q2/bin/../lib/gcc/arm-none-eabi/4.8.4/../../../../arm-none-eabi/lib/armv6-m/libm.a(lib_a-s_cos.o)
 .text.cos      0x00027d00       0xa8 /afs/inf.ed.ac.uk/user/s11/s1119414/INF4/SLIP/gcc-arm-none-eabi-4_8-2014q2/bin/../lib/gcc/arm-none-eabi/4.8.4/../../../../arm-none-eabi/lib/armv6-m/libm.a(lib_a-s_cos.o)
                0x00027d00                cos
 .text          0x00027da8        0x0 /afs/inf.ed.ac.uk/user/s11/s1119414/INF4/SLIP/gcc-arm-none-eabi-4_8-2014q2/bin/../lib/gcc/arm-none-eabi/4.8.4/../../../../arm-none-eabi/lib/armv6-m/libm.a(lib_a-e_rem_pio2.o)
 .text.__ieee754_rem_pio2
                0x00027da8      0x478 /afs/inf.ed.ac.uk/user/s11/s1119414/INF4/SLIP/gcc-arm-none-eabi-4_8-2014q2/bin/../lib/gcc/arm-none-eabi/4.8.4/../../../../arm-none-eabi/lib/armv6-m/libm.a(lib_a-e_rem_pio2.o)
                0x00027da8                __ieee754_rem_pio2
 .text          0x00028220        0x0 /afs/inf.ed.ac.uk/user/s11/s1119414/INF4/SLIP/gcc-arm-none-eabi-4_8-2014q2/bin/../lib/gcc/arm-none-eabi/4.8.4/../../../../arm-none-eabi/lib/armv6-m/libm.a(lib_a-k_cos.o)
 .text.__kernel_cos
                0x00028220      0x248 /afs/inf.ed.ac.uk/user/s11/s1119414/INF4/SLIP/gcc-arm-none-eabi-4_8-2014q2/bin/../lib/gcc/arm-none-eabi/4.8.4/../../../../arm-none-eabi/lib/armv6-m/libm.a(lib_a-k_cos.o)
                0x00028220                __kernel_cos
 .text          0x00028468        0x0 /afs/inf.ed.ac.uk/user/s11/s1119414/INF4/SLIP/gcc-arm-none-eabi-4_8-2014q2/bin/../lib/gcc/arm-none-eabi/4.8.4/../../../../arm-none-eabi/lib/armv6-m/libm.a(lib_a-k_rem_pio2.o)
 .text.__kernel_rem_pio2
                0x00028468      0x830 /afs/inf.ed.ac.uk/user/s11/s1119414/INF4/SLIP/gcc-arm-none-eabi-4_8-2014q2/bin/../lib/gcc/arm-none-eabi/4.8.4/../../../../arm-none-eabi/lib/armv6-m/libm.a(lib_a-k_rem_pio2.o)
                0x00028468                __kernel_rem_pio2
 .text          0x00028c98        0x0 /afs/inf.ed.ac.uk/user/s11/s1119414/INF4/SLIP/gcc-arm-none-eabi-4_8-2014q2/bin/../lib/gcc/arm-none-eabi/4.8.4/../../../../arm-none-eabi/lib/armv6-m/libm.a(lib_a-k_sin.o)
 .text.__kernel_sin
                0x00028c98      0x158 /afs/inf.ed.ac.uk/user/s11/s1119414/INF4/SLIP/gcc-arm-none-eabi-4_8-2014q2/bin/../lib/gcc/arm-none-eabi/4.8.4/../../../../arm-none-eabi/lib/armv6-m/libm.a(lib_a-k_sin.o)
                0x00028c98                __kernel_sin
 .text          0x00028df0        0x0 /afs/inf.ed.ac.uk/user/s11/s1119414/INF4/SLIP/gcc-arm-none-eabi-4_8-2014q2/bin/../lib/gcc/arm-none-eabi/4.8.4/../../../../arm-none-eabi/lib/armv6-m/libm.a(lib_a-s_fabs.o)
 .text.fabs     0x00028df0        0x8 /afs/inf.ed.ac.uk/user/s11/s1119414/INF4/SLIP/gcc-arm-none-eabi-4_8-2014q2/bin/../lib/gcc/arm-none-eabi/4.8.4/../../../../arm-none-eabi/lib/armv6-m/libm.a(lib_a-s_fabs.o)
                0x00028df0                fabs
 .text          0x00028df8        0x0 /afs/inf.ed.ac.uk/user/s11/s1119414/INF4/SLIP/gcc-arm-none-eabi-4_8-2014q2/bin/../lib/gcc/arm-none-eabi/4.8.4/../../../../arm-none-eabi/lib/armv6-m/libm.a(lib_a-s_floor.o)
 .text.floor    0x00028df8      0x170 /afs/inf.ed.ac.uk/user/s11/s1119414/INF4/SLIP/gcc-arm-none-eabi-4_8-2014q2/bin/../lib/gcc/arm-none-eabi/4.8.4/../../../../arm-none-eabi/lib/armv6-m/libm.a(lib_a-s_floor.o)
                0x00028df8                floor
 .text          0x00028f68        0x0 /afs/inf.ed.ac.uk/user/s11/s1119414/INF4/SLIP/gcc-arm-none-eabi-4_8-2014q2/bin/../lib/gcc/arm-none-eabi/4.8.4/../../../../arm-none-eabi/lib/armv6-m/libm.a(lib_a-s_scalbn.o)
 .text.scalbn   0x00028f68      0x110 /afs/inf.ed.ac.uk/user/s11/s1119414/INF4/SLIP/gcc-arm-none-eabi-4_8-2014q2/bin/../lib/gcc/arm-none-eabi/4.8.4/../../../../arm-none-eabi/lib/armv6-m/libm.a(lib_a-s_scalbn.o)
                0x00028f68                scalbn
 .text          0x00029078        0x0 /afs/inf.ed.ac.uk/user/s11/s1119414/INF4/SLIP/gcc-arm-none-eabi-4_8-2014q2/bin/../lib/gcc/arm-none-eabi/4.8.4/../../../../arm-none-eabi/lib/armv6-m/libm.a(lib_a-s_copysign.o)
 .text.copysign
                0x00029078       0x10 /afs/inf.ed.ac.uk/user/s11/s1119414/INF4/SLIP/gcc-arm-none-eabi-4_8-2014q2/bin/../lib/gcc/arm-none-eabi/4.8.4/../../../../arm-none-eabi/lib/armv6-m/libm.a(lib_a-s_copysign.o)
                0x00029078                copysign
 .text          0x00029088        0x0 /afs/inf.ed.ac.uk/user/s11/s1119414/INF4/SLIP/gcc-arm-none-eabi-4_8-2014q2/bin/../lib/gcc/arm-none-eabi/4.8.4/../../../../arm-none-eabi/lib/armv6-m/libnosys.a(sbrk.o)
 .text._sbrk    0x00029088       0x34 /afs/inf.ed.ac.uk/user/s11/s1119414/INF4/SLIP/gcc-arm-none-eabi-4_8-2014q2/bin/../lib/gcc/arm-none-eabi/4.8.4/../../../../arm-none-eabi/lib/armv6-m/libnosys.a(sbrk.o)
                0x00029088                _sbrk
 .text          0x000290bc        0x0 /afs/inf.ed.ac.uk/user/s11/s1119414/INF4/SLIP/gcc-arm-none-eabi-4_8-2014q2/bin/../lib/gcc/arm-none-eabi/4.8.4/../../../../arm-none-eabi/lib/armv6-m/libnosys.a(_exit.o)
 .text._exit    0x000290bc        0x4 /afs/inf.ed.ac.uk/user/s11/s1119414/INF4/SLIP/gcc-arm-none-eabi-4_8-2014q2/bin/../lib/gcc/arm-none-eabi/4.8.4/../../../../arm-none-eabi/lib/armv6-m/libnosys.a(_exit.o)
                0x000290bc                _exit
 *(.init)
 .init          0x000290c0        0x4 /afs/inf.ed.ac.uk/user/s11/s1119414/INF4/SLIP/gcc-arm-none-eabi-4_8-2014q2/bin/../lib/gcc/arm-none-eabi/4.8.4/armv6-m/crti.o
                0x000290c0                _init
 .init          0x000290c4        0x8 /afs/inf.ed.ac.uk/user/s11/s1119414/INF4/SLIP/gcc-arm-none-eabi-4_8-2014q2/bin/../lib/gcc/arm-none-eabi/4.8.4/armv6-m/crtn.o
 *(.fini)
 .fini          0x000290cc        0x4 /afs/inf.ed.ac.uk/user/s11/s1119414/INF4/SLIP/gcc-arm-none-eabi-4_8-2014q2/bin/../lib/gcc/arm-none-eabi/4.8.4/armv6-m/crti.o
                0x000290cc                _fini
 .fini          0x000290d0        0x8 /afs/inf.ed.ac.uk/user/s11/s1119414/INF4/SLIP/gcc-arm-none-eabi-4_8-2014q2/bin/../lib/gcc/arm-none-eabi/4.8.4/armv6-m/crtn.o
 *crtbegin.o(.ctors)
 *crtbegin?.o(.ctors)
 *(EXCLUDE_FILE(*crtend.o *crtend?.o) .ctors)
 *(SORT(.ctors.*))
 *(.ctors)
 *crtbegin.o(.dtors)
 *crtbegin?.o(.dtors)
 *(EXCLUDE_FILE(*crtend.o *crtend?.o) .dtors)
 *(SORT(.dtors.*))
 *(.dtors)
 *(.rodata*)
 .rodata        0x000290d8      0x114 _build/main.o
 .rodata        0x000291ec       0x38 _build/app_button.o
 .rodata        0x00029224       0x34 _build/app_timer.o
 .rodata        0x00029258       0x1c _build/pstorage.o
 .rodata        0x00029274      0x18c _build/device_manager_peripheral.o
                0x00029274                m_service_context_store
                0x00029284                m_service_context_load
                0x00029294                m_service_context_apply
                0x000292a4                m_context_init_len
 .rodata        0x00029400       0x38 _build/ble_dis.o
 .rodata        0x00029438       0x3c _build/ble_hrs.o
 .rodata        0x00029474       0x40 _build/ble_srv_common.o
 .rodata        0x000294b4       0x3c _build/softdevice_handler.o
 .rodata        0x000294f0       0x40 /afs/inf.ed.ac.uk/user/s11/s1119414/INF4/SLIP/gcc-arm-none-eabi-4_8-2014q2/bin/../lib/gcc/arm-none-eabi/4.8.4/armv6-m/libgcc.a(muldf3.o)
 .rodata.str1.4
                0x00029530        0x2 /afs/inf.ed.ac.uk/user/s11/s1119414/INF4/SLIP/gcc-arm-none-eabi-4_8-2014q2/bin/../lib/gcc/arm-none-eabi/4.8.4/../../../../arm-none-eabi/lib/armv6-m/libc.a(lib_a-impure.o)
                                  0x4 (size before relaxing)
 *fill*         0x00029532        0x2 
 .rodata._global_impure_ptr
                0x00029534        0x4 /afs/inf.ed.ac.uk/user/s11/s1119414/INF4/SLIP/gcc-arm-none-eabi-4_8-2014q2/bin/../lib/gcc/arm-none-eabi/4.8.4/../../../../arm-none-eabi/lib/armv6-m/libc.a(lib_a-impure.o)
                0x00029534                _global_impure_ptr
 .rodata._svfprintf_r
                0x00029538      0x164 /afs/inf.ed.ac.uk/user/s11/s1119414/INF4/SLIP/gcc-arm-none-eabi-4_8-2014q2/bin/../lib/gcc/arm-none-eabi/4.8.4/../../../../arm-none-eabi/lib/armv6-m/libc.a(lib_a-svfprintf.o)
 .rodata.zeroes.6763
                0x0002969c       0x10 /afs/inf.ed.ac.uk/user/s11/s1119414/INF4/SLIP/gcc-arm-none-eabi-4_8-2014q2/bin/../lib/gcc/arm-none-eabi/4.8.4/../../../../arm-none-eabi/lib/armv6-m/libc.a(lib_a-svfprintf.o)
 .rodata.str1.4
                0x000296ac       0x42 /afs/inf.ed.ac.uk/user/s11/s1119414/INF4/SLIP/gcc-arm-none-eabi-4_8-2014q2/bin/../lib/gcc/arm-none-eabi/4.8.4/../../../../arm-none-eabi/lib/armv6-m/libc.a(lib_a-svfprintf.o)
                                 0x44 (size before relaxing)
 *fill*         0x000296ee        0x2 
 .rodata.blanks.6762
                0x000296f0       0x10 /afs/inf.ed.ac.uk/user/s11/s1119414/INF4/SLIP/gcc-arm-none-eabi-4_8-2014q2/bin/../lib/gcc/arm-none-eabi/4.8.4/../../../../arm-none-eabi/lib/armv6-m/libc.a(lib_a-svfprintf.o)
 .rodata.str1.4
                0x00029700       0x10 /afs/inf.ed.ac.uk/user/s11/s1119414/INF4/SLIP/gcc-arm-none-eabi-4_8-2014q2/bin/../lib/gcc/arm-none-eabi/4.8.4/../../../../arm-none-eabi/lib/armv6-m/libc.a(lib_a-dtoa.o)
                                 0x14 (size before relaxing)
 .rodata.str1.4
                0x00029710        0xc /afs/inf.ed.ac.uk/user/s11/s1119414/INF4/SLIP/gcc-arm-none-eabi-4_8-2014q2/bin/../lib/gcc/arm-none-eabi/4.8.4/../../../../arm-none-eabi/lib/armv6-m/libc.a(lib_a-locale.o)
                                 0x14 (size before relaxing)
 *fill*         0x0002971c        0x4 
 .rodata.__mprec_tens
                0x00029720       0xc8 /afs/inf.ed.ac.uk/user/s11/s1119414/INF4/SLIP/gcc-arm-none-eabi-4_8-2014q2/bin/../lib/gcc/arm-none-eabi/4.8.4/../../../../arm-none-eabi/lib/armv6-m/libc.a(lib_a-mprec.o)
                0x00029720                __mprec_tens
 .rodata.__mprec_bigtens
                0x000297e8       0x28 /afs/inf.ed.ac.uk/user/s11/s1119414/INF4/SLIP/gcc-arm-none-eabi-4_8-2014q2/bin/../lib/gcc/arm-none-eabi/4.8.4/../../../../arm-none-eabi/lib/armv6-m/libc.a(lib_a-mprec.o)
                0x000297e8                __mprec_bigtens
 .rodata.__mprec_tinytens
                0x00029810       0x28 /afs/inf.ed.ac.uk/user/s11/s1119414/INF4/SLIP/gcc-arm-none-eabi-4_8-2014q2/bin/../lib/gcc/arm-none-eabi/4.8.4/../../../../arm-none-eabi/lib/armv6-m/libc.a(lib_a-mprec.o)
                0x00029810                __mprec_tinytens
 .rodata.p05.5269
                0x00029838        0xc /afs/inf.ed.ac.uk/user/s11/s1119414/INF4/SLIP/gcc-arm-none-eabi-4_8-2014q2/bin/../lib/gcc/arm-none-eabi/4.8.4/../../../../arm-none-eabi/lib/armv6-m/libc.a(lib_a-mprec.o)
 .rodata._svfiprintf_r
                0x00029844      0x164 /afs/inf.ed.ac.uk/user/s11/s1119414/INF4/SLIP/gcc-arm-none-eabi-4_8-2014q2/bin/../lib/gcc/arm-none-eabi/4.8.4/../../../../arm-none-eabi/lib/armv6-m/libc.a(lib_a-svfiprintf.o)
 .rodata.zeroes.6707
                0x000299a8       0x10 /afs/inf.ed.ac.uk/user/s11/s1119414/INF4/SLIP/gcc-arm-none-eabi-4_8-2014q2/bin/../lib/gcc/arm-none-eabi/4.8.4/../../../../arm-none-eabi/lib/armv6-m/libc.a(lib_a-svfiprintf.o)
 .rodata.str1.4
                0x00000000       0x30 /afs/inf.ed.ac.uk/user/s11/s1119414/INF4/SLIP/gcc-arm-none-eabi-4_8-2014q2/bin/../lib/gcc/arm-none-eabi/4.8.4/../../../../arm-none-eabi/lib/armv6-m/libc.a(lib_a-svfiprintf.o)
 .rodata.blanks.6706
                0x000299b8       0x10 /afs/inf.ed.ac.uk/user/s11/s1119414/INF4/SLIP/gcc-arm-none-eabi-4_8-2014q2/bin/../lib/gcc/arm-none-eabi/4.8.4/../../../../arm-none-eabi/lib/armv6-m/libc.a(lib_a-svfiprintf.o)
 .rodata        0x000299c8       0x40 /afs/inf.ed.ac.uk/user/s11/s1119414/INF4/SLIP/gcc-arm-none-eabi-4_8-2014q2/bin/../lib/gcc/arm-none-eabi/4.8.4/armv6-m/libgcc.a(divdf3.o)
 .rodata.npio2_hw
                0x00029a08       0x80 /afs/inf.ed.ac.uk/user/s11/s1119414/INF4/SLIP/gcc-arm-none-eabi-4_8-2014q2/bin/../lib/gcc/arm-none-eabi/4.8.4/../../../../arm-none-eabi/lib/armv6-m/libm.a(lib_a-e_rem_pio2.o)
 .rodata.two_over_pi
                0x00029a88      0x108 /afs/inf.ed.ac.uk/user/s11/s1119414/INF4/SLIP/gcc-arm-none-eabi-4_8-2014q2/bin/../lib/gcc/arm-none-eabi/4.8.4/../../../../arm-none-eabi/lib/armv6-m/libm.a(lib_a-e_rem_pio2.o)
 .rodata.init_jk
                0x00029b90       0x10 /afs/inf.ed.ac.uk/user/s11/s1119414/INF4/SLIP/gcc-arm-none-eabi-4_8-2014q2/bin/../lib/gcc/arm-none-eabi/4.8.4/../../../../arm-none-eabi/lib/armv6-m/libm.a(lib_a-k_rem_pio2.o)
 .rodata.PIo2   0x00029ba0       0x40 /afs/inf.ed.ac.uk/user/s11/s1119414/INF4/SLIP/gcc-arm-none-eabi-4_8-2014q2/bin/../lib/gcc/arm-none-eabi/4.8.4/../../../../arm-none-eabi/lib/armv6-m/libm.a(lib_a-k_rem_pio2.o)
 *(.eh_frame*)
 .eh_frame      0x00029be0        0x0 /afs/inf.ed.ac.uk/user/s11/s1119414/INF4/SLIP/gcc-arm-none-eabi-4_8-2014q2/bin/../lib/gcc/arm-none-eabi/4.8.4/armv6-m/crtbegin.o
 .eh_frame      0x00029be0        0x4 /afs/inf.ed.ac.uk/user/s11/s1119414/INF4/SLIP/gcc-arm-none-eabi-4_8-2014q2/bin/../lib/gcc/arm-none-eabi/4.8.4/armv6-m/crtend.o

.glue_7         0x00029be4        0x0
 .glue_7        0x00000000        0x0 linker stubs

.glue_7t        0x00029be4        0x0
 .glue_7t       0x00000000        0x0 linker stubs

.vfp11_veneer   0x00029be4        0x0
 .vfp11_veneer  0x00000000        0x0 linker stubs

.v4_bx          0x00029be4        0x0
 .v4_bx         0x00000000        0x0 linker stubs

.iplt           0x00029be4        0x0
 .iplt          0x00000000        0x0 /afs/inf.ed.ac.uk/user/s11/s1119414/INF4/SLIP/gcc-arm-none-eabi-4_8-2014q2/bin/../lib/gcc/arm-none-eabi/4.8.4/armv6-m/crtbegin.o

.ARM.extab      0x00029be4        0x0
 *(.ARM.extab* .gnu.linkonce.armextab.*)
 .ARM.extab     0x00029be4        0x0 /afs/inf.ed.ac.uk/user/s11/s1119414/INF4/SLIP/gcc-arm-none-eabi-4_8-2014q2/bin/../lib/gcc/arm-none-eabi/4.8.4/../../../../arm-none-eabi/lib/armv6-m/crt0.o
 .ARM.extab     0x00029be4        0x0 /afs/inf.ed.ac.uk/user/s11/s1119414/INF4/SLIP/gcc-arm-none-eabi-4_8-2014q2/bin/../lib/gcc/arm-none-eabi/4.8.4/armv6-m/libgcc.a(_divdi3.o)
 .ARM.extab     0x00029be4        0x0 /afs/inf.ed.ac.uk/user/s11/s1119414/INF4/SLIP/gcc-arm-none-eabi-4_8-2014q2/bin/../lib/gcc/arm-none-eabi/4.8.4/armv6-m/libgcc.a(_udivdi3.o)
                0x00029be4                __exidx_start = .

.ARM.exidx      0x00029be4        0x8
 *(.ARM.exidx* .gnu.linkonce.armexidx.*)
 .ARM.exidx     0x00029be4        0x8 /afs/inf.ed.ac.uk/user/s11/s1119414/INF4/SLIP/gcc-arm-none-eabi-4_8-2014q2/bin/../lib/gcc/arm-none-eabi/4.8.4/../../../../arm-none-eabi/lib/armv6-m/crt0.o
 .ARM.exidx     0x00029bec        0x0 /afs/inf.ed.ac.uk/user/s11/s1119414/INF4/SLIP/gcc-arm-none-eabi-4_8-2014q2/bin/../lib/gcc/arm-none-eabi/4.8.4/armv6-m/libgcc.a(_divdi3.o)
                                  0x8 (size before relaxing)
 .ARM.exidx     0x00029bec        0x0 /afs/inf.ed.ac.uk/user/s11/s1119414/INF4/SLIP/gcc-arm-none-eabi-4_8-2014q2/bin/../lib/gcc/arm-none-eabi/4.8.4/armv6-m/libgcc.a(_udivdi3.o)
                                  0x8 (size before relaxing)
                0x00029bec                __exidx_end = .
                0x00029bec                __etext = .

.rel.dyn        0x00029bec        0x0
 .rel.iplt      0x00000000        0x0 /afs/inf.ed.ac.uk/user/s11/s1119414/INF4/SLIP/gcc-arm-none-eabi-4_8-2014q2/bin/../lib/gcc/arm-none-eabi/4.8.4/armv6-m/crtbegin.o

.data           0x20002000      0x934 load address 0x00029bec
                0x20002000                __data_start__ = .
 *(vtable)
 *(.data*)
 .data          0x20002000        0x0 /afs/inf.ed.ac.uk/user/s11/s1119414/INF4/SLIP/gcc-arm-none-eabi-4_8-2014q2/bin/../lib/gcc/arm-none-eabi/4.8.4/armv6-m/crti.o
 .data          0x20002000        0x4 /afs/inf.ed.ac.uk/user/s11/s1119414/INF4/SLIP/gcc-arm-none-eabi-4_8-2014q2/bin/../lib/gcc/arm-none-eabi/4.8.4/armv6-m/crtbegin.o
                0x20002000                __dso_handle
 .data          0x20002004        0x0 /afs/inf.ed.ac.uk/user/s11/s1119414/INF4/SLIP/gcc-arm-none-eabi-4_8-2014q2/bin/../lib/gcc/arm-none-eabi/4.8.4/../../../../arm-none-eabi/lib/armv6-m/crt0.o
 .data          0x20002004        0x0 _build/startup_nrf51.os
 .data          0x20002004        0x4 _build/system_nrf51.o
                0x20002004                SystemCoreClock
 .data          0x20002008       0x64 _build/main.o
                0x2000200c                bufferSize
                0x20002010                maxbufferSize
                0x20002014                values
                0x20002054                maxValues
 .data          0x2000206c        0x0 _build/moving_avg.o
 .data          0x2000206c        0x0 _build/app_gpiote.o
 .data          0x2000206c        0x0 _build/app_button.o
 .data          0x2000206c        0x0 _build/app_timer.o
 .data          0x2000206c        0x0 _build/app_trace.o
 .data          0x2000206c        0x0 _build/ble_advdata.o
 .data          0x2000206c        0x0 _build/ble_conn_params.o
 .data          0x2000206c        0x0 _build/ble_sensorsim.o
 .data          0x2000206c        0x0 _build/pstorage.o
 .data          0x2000206c        0x0 _build/device_manager_peripheral.o
 .data          0x2000206c        0x0 _build/ble_bas.o
 .data          0x2000206c        0x0 _build/ble_dis.o
 .data          0x2000206c        0x0 _build/ble_hrs.o
 .data          0x2000206c        0x0 _build/ble_srv_common.o
 .data          0x2000206c        0x0 _build/crc16.o
 .data          0x2000206c        0x0 _build/softdevice_handler.o
 .data          0x2000206c        0x0 _build/simple_uart.o
 .data          0x2000206c        0x0 /afs/inf.ed.ac.uk/user/s11/s1119414/INF4/SLIP/gcc-arm-none-eabi-4_8-2014q2/bin/../lib/gcc/arm-none-eabi/4.8.4/armv6-m/libgcc.a(_udivsi3.o)
 .data          0x2000206c        0x0 /afs/inf.ed.ac.uk/user/s11/s1119414/INF4/SLIP/gcc-arm-none-eabi-4_8-2014q2/bin/../lib/gcc/arm-none-eabi/4.8.4/armv6-m/libgcc.a(_divsi3.o)
 .data          0x2000206c        0x0 /afs/inf.ed.ac.uk/user/s11/s1119414/INF4/SLIP/gcc-arm-none-eabi-4_8-2014q2/bin/../lib/gcc/arm-none-eabi/4.8.4/armv6-m/libgcc.a(_dvmd_tls.o)
 .data          0x2000206c        0x0 /afs/inf.ed.ac.uk/user/s11/s1119414/INF4/SLIP/gcc-arm-none-eabi-4_8-2014q2/bin/../lib/gcc/arm-none-eabi/4.8.4/armv6-m/libgcc.a(muldf3.o)
 .data          0x2000206c        0x0 /afs/inf.ed.ac.uk/user/s11/s1119414/INF4/SLIP/gcc-arm-none-eabi-4_8-2014q2/bin/../lib/gcc/arm-none-eabi/4.8.4/armv6-m/libgcc.a(_clzsi2.o)
 .data          0x2000206c        0x0 /afs/inf.ed.ac.uk/user/s11/s1119414/INF4/SLIP/gcc-arm-none-eabi-4_8-2014q2/bin/../lib/gcc/arm-none-eabi/4.8.4/../../../../arm-none-eabi/lib/armv6-m/libc.a(lib_a-exit.o)
 .data          0x2000206c        0x0 /afs/inf.ed.ac.uk/user/s11/s1119414/INF4/SLIP/gcc-arm-none-eabi-4_8-2014q2/bin/../lib/gcc/arm-none-eabi/4.8.4/../../../../arm-none-eabi/lib/armv6-m/libc.a(lib_a-impure.o)
 *fill*         0x2000206c        0x4 
 .data.impure_data
                0x20002070      0x428 /afs/inf.ed.ac.uk/user/s11/s1119414/INF4/SLIP/gcc-arm-none-eabi-4_8-2014q2/bin/../lib/gcc/arm-none-eabi/4.8.4/../../../../arm-none-eabi/lib/armv6-m/libc.a(lib_a-impure.o)
 .data._impure_ptr
                0x20002498        0x4 /afs/inf.ed.ac.uk/user/s11/s1119414/INF4/SLIP/gcc-arm-none-eabi-4_8-2014q2/bin/../lib/gcc/arm-none-eabi/4.8.4/../../../../arm-none-eabi/lib/armv6-m/libc.a(lib_a-impure.o)
                0x20002498                _impure_ptr
 .data          0x2000249c        0x0 /afs/inf.ed.ac.uk/user/s11/s1119414/INF4/SLIP/gcc-arm-none-eabi-4_8-2014q2/bin/../lib/gcc/arm-none-eabi/4.8.4/../../../../arm-none-eabi/lib/armv6-m/libc.a(lib_a-init.o)
 .data          0x2000249c        0x0 /afs/inf.ed.ac.uk/user/s11/s1119414/INF4/SLIP/gcc-arm-none-eabi-4_8-2014q2/bin/../lib/gcc/arm-none-eabi/4.8.4/../../../../arm-none-eabi/lib/armv6-m/libc.a(lib_a-memcmp.o)
 .data          0x2000249c        0x0 /afs/inf.ed.ac.uk/user/s11/s1119414/INF4/SLIP/gcc-arm-none-eabi-4_8-2014q2/bin/../lib/gcc/arm-none-eabi/4.8.4/../../../../arm-none-eabi/lib/armv6-m/libc.a(lib_a-memcpy-stub.o)
 .data          0x2000249c        0x0 /afs/inf.ed.ac.uk/user/s11/s1119414/INF4/SLIP/gcc-arm-none-eabi-4_8-2014q2/bin/../lib/gcc/arm-none-eabi/4.8.4/../../../../arm-none-eabi/lib/armv6-m/libc.a(lib_a-memmove.o)
 .data          0x2000249c        0x0 /afs/inf.ed.ac.uk/user/s11/s1119414/INF4/SLIP/gcc-arm-none-eabi-4_8-2014q2/bin/../lib/gcc/arm-none-eabi/4.8.4/../../../../arm-none-eabi/lib/armv6-m/libc.a(lib_a-memset.o)
 .data          0x2000249c        0x0 /afs/inf.ed.ac.uk/user/s11/s1119414/INF4/SLIP/gcc-arm-none-eabi-4_8-2014q2/bin/../lib/gcc/arm-none-eabi/4.8.4/../../../../arm-none-eabi/lib/armv6-m/libc.a(lib_a-sprintf.o)
 .data          0x2000249c        0x0 /afs/inf.ed.ac.uk/user/s11/s1119414/INF4/SLIP/gcc-arm-none-eabi-4_8-2014q2/bin/../lib/gcc/arm-none-eabi/4.8.4/../../../../arm-none-eabi/lib/armv6-m/libc.a(lib_a-strlen.o)
 .data          0x2000249c        0x0 /afs/inf.ed.ac.uk/user/s11/s1119414/INF4/SLIP/gcc-arm-none-eabi-4_8-2014q2/bin/../lib/gcc/arm-none-eabi/4.8.4/../../../../arm-none-eabi/lib/armv6-m/libc.a(lib_a-svfprintf.o)
 .data          0x2000249c        0x0 /afs/inf.ed.ac.uk/user/s11/s1119414/INF4/SLIP/gcc-arm-none-eabi-4_8-2014q2/bin/../lib/gcc/arm-none-eabi/4.8.4/../../../../arm-none-eabi/lib/armv6-m/libc.a(lib_a-__call_atexit.o)
 .data          0x2000249c        0x0 /afs/inf.ed.ac.uk/user/s11/s1119414/INF4/SLIP/gcc-arm-none-eabi-4_8-2014q2/bin/../lib/gcc/arm-none-eabi/4.8.4/../../../../arm-none-eabi/lib/armv6-m/libc.a(lib_a-atexit.o)
 .data          0x2000249c        0x0 /afs/inf.ed.ac.uk/user/s11/s1119414/INF4/SLIP/gcc-arm-none-eabi-4_8-2014q2/bin/../lib/gcc/arm-none-eabi/4.8.4/../../../../arm-none-eabi/lib/armv6-m/libc.a(lib_a-dtoa.o)
 .data          0x2000249c        0x0 /afs/inf.ed.ac.uk/user/s11/s1119414/INF4/SLIP/gcc-arm-none-eabi-4_8-2014q2/bin/../lib/gcc/arm-none-eabi/4.8.4/../../../../arm-none-eabi/lib/armv6-m/libc.a(lib_a-fini.o)
 .data          0x2000249c        0x0 /afs/inf.ed.ac.uk/user/s11/s1119414/INF4/SLIP/gcc-arm-none-eabi-4_8-2014q2/bin/../lib/gcc/arm-none-eabi/4.8.4/../../../../arm-none-eabi/lib/armv6-m/libc.a(lib_a-locale.o)
 .data.lc_message_charset
                0x2000249c       0x20 /afs/inf.ed.ac.uk/user/s11/s1119414/INF4/SLIP/gcc-arm-none-eabi-4_8-2014q2/bin/../lib/gcc/arm-none-eabi/4.8.4/../../../../arm-none-eabi/lib/armv6-m/libc.a(lib_a-locale.o)
 .data.lconv    0x200024bc       0x38 /afs/inf.ed.ac.uk/user/s11/s1119414/INF4/SLIP/gcc-arm-none-eabi-4_8-2014q2/bin/../lib/gcc/arm-none-eabi/4.8.4/../../../../arm-none-eabi/lib/armv6-m/libc.a(lib_a-locale.o)
 .data.lc_ctype_charset
                0x200024f4       0x20 /afs/inf.ed.ac.uk/user/s11/s1119414/INF4/SLIP/gcc-arm-none-eabi-4_8-2014q2/bin/../lib/gcc/arm-none-eabi/4.8.4/../../../../arm-none-eabi/lib/armv6-m/libc.a(lib_a-locale.o)
 .data.__mb_cur_max
                0x20002514        0x4 /afs/inf.ed.ac.uk/user/s11/s1119414/INF4/SLIP/gcc-arm-none-eabi-4_8-2014q2/bin/../lib/gcc/arm-none-eabi/4.8.4/../../../../arm-none-eabi/lib/armv6-m/libc.a(lib_a-locale.o)
                0x20002514                __mb_cur_max
 .data          0x20002518        0x0 /afs/inf.ed.ac.uk/user/s11/s1119414/INF4/SLIP/gcc-arm-none-eabi-4_8-2014q2/bin/../lib/gcc/arm-none-eabi/4.8.4/../../../../arm-none-eabi/lib/armv6-m/libc.a(lib_a-mallocr.o)
 .data.__malloc_av_
                0x20002518      0x408 /afs/inf.ed.ac.uk/user/s11/s1119414/INF4/SLIP/gcc-arm-none-eabi-4_8-2014q2/bin/../lib/gcc/arm-none-eabi/4.8.4/../../../../arm-none-eabi/lib/armv6-m/libc.a(lib_a-mallocr.o)
                0x20002518                __malloc_av_
 .data.__malloc_trim_threshold
                0x20002920        0x4 /afs/inf.ed.ac.uk/user/s11/s1119414/INF4/SLIP/gcc-arm-none-eabi-4_8-2014q2/bin/../lib/gcc/arm-none-eabi/4.8.4/../../../../arm-none-eabi/lib/armv6-m/libc.a(lib_a-mallocr.o)
                0x20002920                __malloc_trim_threshold
 .data.__malloc_sbrk_base
                0x20002924        0x4 /afs/inf.ed.ac.uk/user/s11/s1119414/INF4/SLIP/gcc-arm-none-eabi-4_8-2014q2/bin/../lib/gcc/arm-none-eabi/4.8.4/../../../../arm-none-eabi/lib/armv6-m/libc.a(lib_a-mallocr.o)
                0x20002924                __malloc_sbrk_base
 .data          0x20002928        0x0 /afs/inf.ed.ac.uk/user/s11/s1119414/INF4/SLIP/gcc-arm-none-eabi-4_8-2014q2/bin/../lib/gcc/arm-none-eabi/4.8.4/../../../../arm-none-eabi/lib/armv6-m/libc.a(lib_a-memchr-stub.o)
 .data          0x20002928        0x0 /afs/inf.ed.ac.uk/user/s11/s1119414/INF4/SLIP/gcc-arm-none-eabi-4_8-2014q2/bin/../lib/gcc/arm-none-eabi/4.8.4/../../../../arm-none-eabi/lib/armv6-m/libc.a(lib_a-mlock.o)
 .data          0x20002928        0x0 /afs/inf.ed.ac.uk/user/s11/s1119414/INF4/SLIP/gcc-arm-none-eabi-4_8-2014q2/bin/../lib/gcc/arm-none-eabi/4.8.4/../../../../arm-none-eabi/lib/armv6-m/libc.a(lib_a-mprec.o)
 .data          0x20002928        0x0 /afs/inf.ed.ac.uk/user/s11/s1119414/INF4/SLIP/gcc-arm-none-eabi-4_8-2014q2/bin/../lib/gcc/arm-none-eabi/4.8.4/../../../../arm-none-eabi/lib/armv6-m/libc.a(lib_a-s_fpclassify.o)
 .data          0x20002928        0x0 /afs/inf.ed.ac.uk/user/s11/s1119414/INF4/SLIP/gcc-arm-none-eabi-4_8-2014q2/bin/../lib/gcc/arm-none-eabi/4.8.4/../../../../arm-none-eabi/lib/armv6-m/libc.a(lib_a-sbrkr.o)
 .data          0x20002928        0x0 /afs/inf.ed.ac.uk/user/s11/s1119414/INF4/SLIP/gcc-arm-none-eabi-4_8-2014q2/bin/../lib/gcc/arm-none-eabi/4.8.4/../../../../arm-none-eabi/lib/armv6-m/libc.a(lib_a-strcmp.o)
 .data          0x20002928        0x0 /afs/inf.ed.ac.uk/user/s11/s1119414/INF4/SLIP/gcc-arm-none-eabi-4_8-2014q2/bin/../lib/gcc/arm-none-eabi/4.8.4/../../../../arm-none-eabi/lib/armv6-m/libc.a(lib_a-svfiprintf.o)
 .data          0x20002928        0x0 /afs/inf.ed.ac.uk/user/s11/s1119414/INF4/SLIP/gcc-arm-none-eabi-4_8-2014q2/bin/../lib/gcc/arm-none-eabi/4.8.4/../../../../arm-none-eabi/lib/armv6-m/libc.a(lib_a-__atexit.o)
 .data          0x20002928        0x0 /afs/inf.ed.ac.uk/user/s11/s1119414/INF4/SLIP/gcc-arm-none-eabi-4_8-2014q2/bin/../lib/gcc/arm-none-eabi/4.8.4/../../../../arm-none-eabi/lib/armv6-m/libc.a(lib_a-callocr.o)
 .data          0x20002928        0x0 /afs/inf.ed.ac.uk/user/s11/s1119414/INF4/SLIP/gcc-arm-none-eabi-4_8-2014q2/bin/../lib/gcc/arm-none-eabi/4.8.4/../../../../arm-none-eabi/lib/armv6-m/libc.a(lib_a-freer.o)
 .data          0x20002928        0x0 /afs/inf.ed.ac.uk/user/s11/s1119414/INF4/SLIP/gcc-arm-none-eabi-4_8-2014q2/bin/../lib/gcc/arm-none-eabi/4.8.4/../../../../arm-none-eabi/lib/armv6-m/libc.a(lib_a-reallocr.o)
 .data          0x20002928        0x0 /afs/inf.ed.ac.uk/user/s11/s1119414/INF4/SLIP/gcc-arm-none-eabi-4_8-2014q2/bin/../lib/gcc/arm-none-eabi/4.8.4/../../../../arm-none-eabi/lib/armv6-m/libc.a(lib_a-reent.o)
 .data          0x20002928        0x0 /afs/inf.ed.ac.uk/user/s11/s1119414/INF4/SLIP/gcc-arm-none-eabi-4_8-2014q2/bin/../lib/gcc/arm-none-eabi/4.8.4/armv6-m/libgcc.a(_arm_cmpdf2.o)
 .data          0x20002928        0x0 /afs/inf.ed.ac.uk/user/s11/s1119414/INF4/SLIP/gcc-arm-none-eabi-4_8-2014q2/bin/../lib/gcc/arm-none-eabi/4.8.4/armv6-m/libgcc.a(_aeabi_uldivmod.o)
 .data          0x20002928        0x0 /afs/inf.ed.ac.uk/user/s11/s1119414/INF4/SLIP/gcc-arm-none-eabi-4_8-2014q2/bin/../lib/gcc/arm-none-eabi/4.8.4/armv6-m/libgcc.a(bpabi.o)
 .data          0x20002928        0x0 /afs/inf.ed.ac.uk/user/s11/s1119414/INF4/SLIP/gcc-arm-none-eabi-4_8-2014q2/bin/../lib/gcc/arm-none-eabi/4.8.4/armv6-m/libgcc.a(adddf3.o)
 .data          0x20002928        0x0 /afs/inf.ed.ac.uk/user/s11/s1119414/INF4/SLIP/gcc-arm-none-eabi-4_8-2014q2/bin/../lib/gcc/arm-none-eabi/4.8.4/armv6-m/libgcc.a(divdf3.o)
 .data          0x20002928        0x0 /afs/inf.ed.ac.uk/user/s11/s1119414/INF4/SLIP/gcc-arm-none-eabi-4_8-2014q2/bin/../lib/gcc/arm-none-eabi/4.8.4/armv6-m/libgcc.a(eqdf2.o)
 .data          0x20002928        0x0 /afs/inf.ed.ac.uk/user/s11/s1119414/INF4/SLIP/gcc-arm-none-eabi-4_8-2014q2/bin/../lib/gcc/arm-none-eabi/4.8.4/armv6-m/libgcc.a(gedf2.o)
 .data          0x20002928        0x0 /afs/inf.ed.ac.uk/user/s11/s1119414/INF4/SLIP/gcc-arm-none-eabi-4_8-2014q2/bin/../lib/gcc/arm-none-eabi/4.8.4/armv6-m/libgcc.a(ledf2.o)
 .data          0x20002928        0x0 /afs/inf.ed.ac.uk/user/s11/s1119414/INF4/SLIP/gcc-arm-none-eabi-4_8-2014q2/bin/../lib/gcc/arm-none-eabi/4.8.4/armv6-m/libgcc.a(subdf3.o)
 .data          0x20002928        0x0 /afs/inf.ed.ac.uk/user/s11/s1119414/INF4/SLIP/gcc-arm-none-eabi-4_8-2014q2/bin/../lib/gcc/arm-none-eabi/4.8.4/armv6-m/libgcc.a(fixdfsi.o)
 .data          0x20002928        0x0 /afs/inf.ed.ac.uk/user/s11/s1119414/INF4/SLIP/gcc-arm-none-eabi-4_8-2014q2/bin/../lib/gcc/arm-none-eabi/4.8.4/armv6-m/libgcc.a(floatsidf.o)
 .data          0x20002928        0x0 /afs/inf.ed.ac.uk/user/s11/s1119414/INF4/SLIP/gcc-arm-none-eabi-4_8-2014q2/bin/../lib/gcc/arm-none-eabi/4.8.4/armv6-m/libgcc.a(floatunsidf.o)
 .data          0x20002928        0x0 /afs/inf.ed.ac.uk/user/s11/s1119414/INF4/SLIP/gcc-arm-none-eabi-4_8-2014q2/bin/../lib/gcc/arm-none-eabi/4.8.4/armv6-m/libgcc.a(_muldi3.o)
 .data          0x20002928        0x0 /afs/inf.ed.ac.uk/user/s11/s1119414/INF4/SLIP/gcc-arm-none-eabi-4_8-2014q2/bin/../lib/gcc/arm-none-eabi/4.8.4/armv6-m/libgcc.a(_divdi3.o)
 .data          0x20002928        0x0 /afs/inf.ed.ac.uk/user/s11/s1119414/INF4/SLIP/gcc-arm-none-eabi-4_8-2014q2/bin/../lib/gcc/arm-none-eabi/4.8.4/armv6-m/libgcc.a(_udivdi3.o)
 .data          0x20002928        0x0 /afs/inf.ed.ac.uk/user/s11/s1119414/INF4/SLIP/gcc-arm-none-eabi-4_8-2014q2/bin/../lib/gcc/arm-none-eabi/4.8.4/armv6-m/crtend.o
 .data          0x20002928        0x0 /afs/inf.ed.ac.uk/user/s11/s1119414/INF4/SLIP/gcc-arm-none-eabi-4_8-2014q2/bin/../lib/gcc/arm-none-eabi/4.8.4/armv6-m/crtn.o
 .data          0x20002928        0x0 /afs/inf.ed.ac.uk/user/s11/s1119414/INF4/SLIP/gcc-arm-none-eabi-4_8-2014q2/bin/../lib/gcc/arm-none-eabi/4.8.4/../../../../arm-none-eabi/lib/armv6-m/libm.a(lib_a-s_cos.o)
 .data          0x20002928        0x0 /afs/inf.ed.ac.uk/user/s11/s1119414/INF4/SLIP/gcc-arm-none-eabi-4_8-2014q2/bin/../lib/gcc/arm-none-eabi/4.8.4/../../../../arm-none-eabi/lib/armv6-m/libm.a(lib_a-e_rem_pio2.o)
 .data          0x20002928        0x0 /afs/inf.ed.ac.uk/user/s11/s1119414/INF4/SLIP/gcc-arm-none-eabi-4_8-2014q2/bin/../lib/gcc/arm-none-eabi/4.8.4/../../../../arm-none-eabi/lib/armv6-m/libm.a(lib_a-k_cos.o)
 .data          0x20002928        0x0 /afs/inf.ed.ac.uk/user/s11/s1119414/INF4/SLIP/gcc-arm-none-eabi-4_8-2014q2/bin/../lib/gcc/arm-none-eabi/4.8.4/../../../../arm-none-eabi/lib/armv6-m/libm.a(lib_a-k_rem_pio2.o)
 .data          0x20002928        0x0 /afs/inf.ed.ac.uk/user/s11/s1119414/INF4/SLIP/gcc-arm-none-eabi-4_8-2014q2/bin/../lib/gcc/arm-none-eabi/4.8.4/../../../../arm-none-eabi/lib/armv6-m/libm.a(lib_a-k_sin.o)
 .data          0x20002928        0x0 /afs/inf.ed.ac.uk/user/s11/s1119414/INF4/SLIP/gcc-arm-none-eabi-4_8-2014q2/bin/../lib/gcc/arm-none-eabi/4.8.4/../../../../arm-none-eabi/lib/armv6-m/libm.a(lib_a-s_fabs.o)
 .data          0x20002928        0x0 /afs/inf.ed.ac.uk/user/s11/s1119414/INF4/SLIP/gcc-arm-none-eabi-4_8-2014q2/bin/../lib/gcc/arm-none-eabi/4.8.4/../../../../arm-none-eabi/lib/armv6-m/libm.a(lib_a-s_floor.o)
 .data          0x20002928        0x0 /afs/inf.ed.ac.uk/user/s11/s1119414/INF4/SLIP/gcc-arm-none-eabi-4_8-2014q2/bin/../lib/gcc/arm-none-eabi/4.8.4/../../../../arm-none-eabi/lib/armv6-m/libm.a(lib_a-s_scalbn.o)
 .data          0x20002928        0x0 /afs/inf.ed.ac.uk/user/s11/s1119414/INF4/SLIP/gcc-arm-none-eabi-4_8-2014q2/bin/../lib/gcc/arm-none-eabi/4.8.4/../../../../arm-none-eabi/lib/armv6-m/libm.a(lib_a-s_copysign.o)
 .data          0x20002928        0x0 /afs/inf.ed.ac.uk/user/s11/s1119414/INF4/SLIP/gcc-arm-none-eabi-4_8-2014q2/bin/../lib/gcc/arm-none-eabi/4.8.4/../../../../arm-none-eabi/lib/armv6-m/libnosys.a(sbrk.o)
 .data          0x20002928        0x0 /afs/inf.ed.ac.uk/user/s11/s1119414/INF4/SLIP/gcc-arm-none-eabi-4_8-2014q2/bin/../lib/gcc/arm-none-eabi/4.8.4/../../../../arm-none-eabi/lib/armv6-m/libnosys.a(_exit.o)
                0x20002928                . = ALIGN (0x4)
                0x20002928                PROVIDE (__preinit_array_start, .)
 *(.preinit_array)
                0x20002928                PROVIDE (__preinit_array_end, .)
                0x20002928                . = ALIGN (0x4)
                0x20002928                PROVIDE (__init_array_start, .)
 *(SORT(.init_array.*))
 .init_array.00000
                0x20002928        0x4 /afs/inf.ed.ac.uk/user/s11/s1119414/INF4/SLIP/gcc-arm-none-eabi-4_8-2014q2/bin/../lib/gcc/arm-none-eabi/4.8.4/../../../../arm-none-eabi/lib/armv6-m/libc.a(lib_a-__call_atexit.o)
 *(.init_array)
 .init_array    0x2000292c        0x4 /afs/inf.ed.ac.uk/user/s11/s1119414/INF4/SLIP/gcc-arm-none-eabi-4_8-2014q2/bin/../lib/gcc/arm-none-eabi/4.8.4/armv6-m/crtbegin.o
                0x20002930                PROVIDE (__init_array_end, .)
                0x20002930                . = ALIGN (0x4)
                0x20002930                PROVIDE (__fini_array_start, .)
 *(SORT(.fini_array.*))
 *(.fini_array)
 .fini_array    0x20002930        0x4 /afs/inf.ed.ac.uk/user/s11/s1119414/INF4/SLIP/gcc-arm-none-eabi-4_8-2014q2/bin/../lib/gcc/arm-none-eabi/4.8.4/armv6-m/crtbegin.o
                0x20002934                PROVIDE (__fini_array_end, .)
                0x20002934                . = ALIGN (0x4)
                0x20002934                __data_end__ = .

.jcr            0x20002934        0x4 load address 0x0002a520
 .jcr           0x20002934        0x0 /afs/inf.ed.ac.uk/user/s11/s1119414/INF4/SLIP/gcc-arm-none-eabi-4_8-2014q2/bin/../lib/gcc/arm-none-eabi/4.8.4/armv6-m/crtbegin.o
 .jcr           0x20002934        0x4 /afs/inf.ed.ac.uk/user/s11/s1119414/INF4/SLIP/gcc-arm-none-eabi-4_8-2014q2/bin/../lib/gcc/arm-none-eabi/4.8.4/armv6-m/crtend.o

.igot.plt       0x20002938        0x0 load address 0x0002a524
 .igot.plt      0x00000000        0x0 /afs/inf.ed.ac.uk/user/s11/s1119414/INF4/SLIP/gcc-arm-none-eabi-4_8-2014q2/bin/../lib/gcc/arm-none-eabi/4.8.4/armv6-m/crtbegin.o

.bss            0x20002938      0x828 load address 0x0002a524
                0x20002938                __bss_start__ = .
 *(.bss*)
 .bss           0x20002938        0x0 /afs/inf.ed.ac.uk/user/s11/s1119414/INF4/SLIP/gcc-arm-none-eabi-4_8-2014q2/bin/../lib/gcc/arm-none-eabi/4.8.4/armv6-m/crti.o
 .bss           0x20002938       0x1c /afs/inf.ed.ac.uk/user/s11/s1119414/INF4/SLIP/gcc-arm-none-eabi-4_8-2014q2/bin/../lib/gcc/arm-none-eabi/4.8.4/armv6-m/crtbegin.o
 .bss           0x20002954        0x0 /afs/inf.ed.ac.uk/user/s11/s1119414/INF4/SLIP/gcc-arm-none-eabi-4_8-2014q2/bin/../lib/gcc/arm-none-eabi/4.8.4/../../../../arm-none-eabi/lib/armv6-m/crt0.o
 .bss           0x20002954        0x0 _build/startup_nrf51.os
 .bss           0x20002954        0x0 _build/system_nrf51.o
 .bss           0x20002954      0x3f0 _build/main.o
 .bss           0x20002d44        0x0 _build/moving_avg.o
 .bss           0x20002d44        0xc _build/app_gpiote.o
 .bss           0x20002d50       0x20 _build/app_button.o
 .bss           0x20002d70       0x2c _build/app_timer.o
 .bss           0x20002d9c        0x0 _build/app_trace.o
 .bss           0x20002d9c        0x0 _build/ble_advdata.o
 .bss           0x20002d9c       0x38 _build/ble_conn_params.o
 .bss           0x20002dd4        0x0 _build/ble_sensorsim.o
 .bss           0x20002dd4       0xe8 _build/pstorage.o
 .bss           0x20002ebc      0x124 _build/device_manager_peripheral.o
 .bss           0x20002fe0        0x0 _build/ble_bas.o
 .bss           0x20002fe0       0x4c _build/ble_dis.o
 .bss           0x2000302c        0x0 _build/ble_hrs.o
 .bss           0x2000302c        0x0 _build/ble_srv_common.o
 .bss           0x2000302c        0x0 _build/crc16.o
 .bss           0x2000302c       0x14 _build/softdevice_handler.o
 .bss           0x20003040        0x0 _build/simple_uart.o
 .bss           0x20003040        0x0 /afs/inf.ed.ac.uk/user/s11/s1119414/INF4/SLIP/gcc-arm-none-eabi-4_8-2014q2/bin/../lib/gcc/arm-none-eabi/4.8.4/armv6-m/libgcc.a(_udivsi3.o)
 .bss           0x20003040        0x0 /afs/inf.ed.ac.uk/user/s11/s1119414/INF4/SLIP/gcc-arm-none-eabi-4_8-2014q2/bin/../lib/gcc/arm-none-eabi/4.8.4/armv6-m/libgcc.a(_divsi3.o)
 .bss           0x20003040        0x0 /afs/inf.ed.ac.uk/user/s11/s1119414/INF4/SLIP/gcc-arm-none-eabi-4_8-2014q2/bin/../lib/gcc/arm-none-eabi/4.8.4/armv6-m/libgcc.a(_dvmd_tls.o)
 .bss           0x20003040        0x0 /afs/inf.ed.ac.uk/user/s11/s1119414/INF4/SLIP/gcc-arm-none-eabi-4_8-2014q2/bin/../lib/gcc/arm-none-eabi/4.8.4/armv6-m/libgcc.a(muldf3.o)
 .bss           0x20003040        0x0 /afs/inf.ed.ac.uk/user/s11/s1119414/INF4/SLIP/gcc-arm-none-eabi-4_8-2014q2/bin/../lib/gcc/arm-none-eabi/4.8.4/armv6-m/libgcc.a(_clzsi2.o)
 .bss           0x20003040        0x0 /afs/inf.ed.ac.uk/user/s11/s1119414/INF4/SLIP/gcc-arm-none-eabi-4_8-2014q2/bin/../lib/gcc/arm-none-eabi/4.8.4/../../../../arm-none-eabi/lib/armv6-m/libc.a(lib_a-exit.o)
 .bss           0x20003040        0x0 /afs/inf.ed.ac.uk/user/s11/s1119414/INF4/SLIP/gcc-arm-none-eabi-4_8-2014q2/bin/../lib/gcc/arm-none-eabi/4.8.4/../../../../arm-none-eabi/lib/armv6-m/libc.a(lib_a-impure.o)
 .bss           0x20003040        0x0 /afs/inf.ed.ac.uk/user/s11/s1119414/INF4/SLIP/gcc-arm-none-eabi-4_8-2014q2/bin/../lib/gcc/arm-none-eabi/4.8.4/../../../../arm-none-eabi/lib/armv6-m/libc.a(lib_a-init.o)
 .bss           0x20003040        0x0 /afs/inf.ed.ac.uk/user/s11/s1119414/INF4/SLIP/gcc-arm-none-eabi-4_8-2014q2/bin/../lib/gcc/arm-none-eabi/4.8.4/../../../../arm-none-eabi/lib/armv6-m/libc.a(lib_a-memcmp.o)
 .bss           0x20003040        0x0 /afs/inf.ed.ac.uk/user/s11/s1119414/INF4/SLIP/gcc-arm-none-eabi-4_8-2014q2/bin/../lib/gcc/arm-none-eabi/4.8.4/../../../../arm-none-eabi/lib/armv6-m/libc.a(lib_a-memcpy-stub.o)
 .bss           0x20003040        0x0 /afs/inf.ed.ac.uk/user/s11/s1119414/INF4/SLIP/gcc-arm-none-eabi-4_8-2014q2/bin/../lib/gcc/arm-none-eabi/4.8.4/../../../../arm-none-eabi/lib/armv6-m/libc.a(lib_a-memmove.o)
 .bss           0x20003040        0x0 /afs/inf.ed.ac.uk/user/s11/s1119414/INF4/SLIP/gcc-arm-none-eabi-4_8-2014q2/bin/../lib/gcc/arm-none-eabi/4.8.4/../../../../arm-none-eabi/lib/armv6-m/libc.a(lib_a-memset.o)
 .bss           0x20003040        0x0 /afs/inf.ed.ac.uk/user/s11/s1119414/INF4/SLIP/gcc-arm-none-eabi-4_8-2014q2/bin/../lib/gcc/arm-none-eabi/4.8.4/../../../../arm-none-eabi/lib/armv6-m/libc.a(lib_a-sprintf.o)
 .bss           0x20003040        0x0 /afs/inf.ed.ac.uk/user/s11/s1119414/INF4/SLIP/gcc-arm-none-eabi-4_8-2014q2/bin/../lib/gcc/arm-none-eabi/4.8.4/../../../../arm-none-eabi/lib/armv6-m/libc.a(lib_a-strlen.o)
 .bss           0x20003040        0x0 /afs/inf.ed.ac.uk/user/s11/s1119414/INF4/SLIP/gcc-arm-none-eabi-4_8-2014q2/bin/../lib/gcc/arm-none-eabi/4.8.4/../../../../arm-none-eabi/lib/armv6-m/libc.a(lib_a-svfprintf.o)
 .bss           0x20003040        0x0 /afs/inf.ed.ac.uk/user/s11/s1119414/INF4/SLIP/gcc-arm-none-eabi-4_8-2014q2/bin/../lib/gcc/arm-none-eabi/4.8.4/../../../../arm-none-eabi/lib/armv6-m/libc.a(lib_a-__call_atexit.o)
 .bss           0x20003040        0x0 /afs/inf.ed.ac.uk/user/s11/s1119414/INF4/SLIP/gcc-arm-none-eabi-4_8-2014q2/bin/../lib/gcc/arm-none-eabi/4.8.4/../../../../arm-none-eabi/lib/armv6-m/libc.a(lib_a-atexit.o)
 .bss           0x20003040        0x0 /afs/inf.ed.ac.uk/user/s11/s1119414/INF4/SLIP/gcc-arm-none-eabi-4_8-2014q2/bin/../lib/gcc/arm-none-eabi/4.8.4/../../../../arm-none-eabi/lib/armv6-m/libc.a(lib_a-dtoa.o)
 .bss           0x20003040        0x0 /afs/inf.ed.ac.uk/user/s11/s1119414/INF4/SLIP/gcc-arm-none-eabi-4_8-2014q2/bin/../lib/gcc/arm-none-eabi/4.8.4/../../../../arm-none-eabi/lib/armv6-m/libc.a(lib_a-fini.o)
 .bss           0x20003040        0x0 /afs/inf.ed.ac.uk/user/s11/s1119414/INF4/SLIP/gcc-arm-none-eabi-4_8-2014q2/bin/../lib/gcc/arm-none-eabi/4.8.4/../../../../arm-none-eabi/lib/armv6-m/libc.a(lib_a-locale.o)
 .bss._PathLocale
                0x20003040        0x4 /afs/inf.ed.ac.uk/user/s11/s1119414/INF4/SLIP/gcc-arm-none-eabi-4_8-2014q2/bin/../lib/gcc/arm-none-eabi/4.8.4/../../../../arm-none-eabi/lib/armv6-m/libc.a(lib_a-locale.o)
                0x20003040                _PathLocale
 .bss.__nlocale_changed
                0x20003044        0x4 /afs/inf.ed.ac.uk/user/s11/s1119414/INF4/SLIP/gcc-arm-none-eabi-4_8-2014q2/bin/../lib/gcc/arm-none-eabi/4.8.4/../../../../arm-none-eabi/lib/armv6-m/libc.a(lib_a-locale.o)
                0x20003044                __nlocale_changed
 .bss.__mlocale_changed
                0x20003048        0x4 /afs/inf.ed.ac.uk/user/s11/s1119414/INF4/SLIP/gcc-arm-none-eabi-4_8-2014q2/bin/../lib/gcc/arm-none-eabi/4.8.4/../../../../arm-none-eabi/lib/armv6-m/libc.a(lib_a-locale.o)
                0x20003048                __mlocale_changed
 .bss           0x2000304c        0x0 /afs/inf.ed.ac.uk/user/s11/s1119414/INF4/SLIP/gcc-arm-none-eabi-4_8-2014q2/bin/../lib/gcc/arm-none-eabi/4.8.4/../../../../arm-none-eabi/lib/armv6-m/libc.a(lib_a-mallocr.o)
 .bss.__malloc_max_total_mem
                0x2000304c        0x4 /afs/inf.ed.ac.uk/user/s11/s1119414/INF4/SLIP/gcc-arm-none-eabi-4_8-2014q2/bin/../lib/gcc/arm-none-eabi/4.8.4/../../../../arm-none-eabi/lib/armv6-m/libc.a(lib_a-mallocr.o)
                0x2000304c                __malloc_max_total_mem
 .bss.__malloc_max_sbrked_mem
                0x20003050        0x4 /afs/inf.ed.ac.uk/user/s11/s1119414/INF4/SLIP/gcc-arm-none-eabi-4_8-2014q2/bin/../lib/gcc/arm-none-eabi/4.8.4/../../../../arm-none-eabi/lib/armv6-m/libc.a(lib_a-mallocr.o)
                0x20003050                __malloc_max_sbrked_mem
 .bss.__malloc_top_pad
                0x20003054        0x4 /afs/inf.ed.ac.uk/user/s11/s1119414/INF4/SLIP/gcc-arm-none-eabi-4_8-2014q2/bin/../lib/gcc/arm-none-eabi/4.8.4/../../../../arm-none-eabi/lib/armv6-m/libc.a(lib_a-mallocr.o)
                0x20003054                __malloc_top_pad
 .bss.__malloc_current_mallinfo
                0x20003058       0x28 /afs/inf.ed.ac.uk/user/s11/s1119414/INF4/SLIP/gcc-arm-none-eabi-4_8-2014q2/bin/../lib/gcc/arm-none-eabi/4.8.4/../../../../arm-none-eabi/lib/armv6-m/libc.a(lib_a-mallocr.o)
                0x20003058                __malloc_current_mallinfo
 .bss           0x20003080        0x0 /afs/inf.ed.ac.uk/user/s11/s1119414/INF4/SLIP/gcc-arm-none-eabi-4_8-2014q2/bin/../lib/gcc/arm-none-eabi/4.8.4/../../../../arm-none-eabi/lib/armv6-m/libc.a(lib_a-memchr-stub.o)
 .bss           0x20003080        0x0 /afs/inf.ed.ac.uk/user/s11/s1119414/INF4/SLIP/gcc-arm-none-eabi-4_8-2014q2/bin/../lib/gcc/arm-none-eabi/4.8.4/../../../../arm-none-eabi/lib/armv6-m/libc.a(lib_a-mlock.o)
 .bss           0x20003080        0x0 /afs/inf.ed.ac.uk/user/s11/s1119414/INF4/SLIP/gcc-arm-none-eabi-4_8-2014q2/bin/../lib/gcc/arm-none-eabi/4.8.4/../../../../arm-none-eabi/lib/armv6-m/libc.a(lib_a-mprec.o)
 .bss           0x20003080        0x0 /afs/inf.ed.ac.uk/user/s11/s1119414/INF4/SLIP/gcc-arm-none-eabi-4_8-2014q2/bin/../lib/gcc/arm-none-eabi/4.8.4/../../../../arm-none-eabi/lib/armv6-m/libc.a(lib_a-s_fpclassify.o)
 .bss           0x20003080        0x0 /afs/inf.ed.ac.uk/user/s11/s1119414/INF4/SLIP/gcc-arm-none-eabi-4_8-2014q2/bin/../lib/gcc/arm-none-eabi/4.8.4/../../../../arm-none-eabi/lib/armv6-m/libc.a(lib_a-sbrkr.o)
 .bss           0x20003080        0x0 /afs/inf.ed.ac.uk/user/s11/s1119414/INF4/SLIP/gcc-arm-none-eabi-4_8-2014q2/bin/../lib/gcc/arm-none-eabi/4.8.4/../../../../arm-none-eabi/lib/armv6-m/libc.a(lib_a-strcmp.o)
 .bss           0x20003080        0x0 /afs/inf.ed.ac.uk/user/s11/s1119414/INF4/SLIP/gcc-arm-none-eabi-4_8-2014q2/bin/../lib/gcc/arm-none-eabi/4.8.4/../../../../arm-none-eabi/lib/armv6-m/libc.a(lib_a-svfiprintf.o)
 .bss           0x20003080        0x0 /afs/inf.ed.ac.uk/user/s11/s1119414/INF4/SLIP/gcc-arm-none-eabi-4_8-2014q2/bin/../lib/gcc/arm-none-eabi/4.8.4/../../../../arm-none-eabi/lib/armv6-m/libc.a(lib_a-__atexit.o)
 .bss           0x20003080        0x0 /afs/inf.ed.ac.uk/user/s11/s1119414/INF4/SLIP/gcc-arm-none-eabi-4_8-2014q2/bin/../lib/gcc/arm-none-eabi/4.8.4/../../../../arm-none-eabi/lib/armv6-m/libc.a(lib_a-callocr.o)
 .bss           0x20003080        0x0 /afs/inf.ed.ac.uk/user/s11/s1119414/INF4/SLIP/gcc-arm-none-eabi-4_8-2014q2/bin/../lib/gcc/arm-none-eabi/4.8.4/../../../../arm-none-eabi/lib/armv6-m/libc.a(lib_a-freer.o)
 .bss           0x20003080        0x0 /afs/inf.ed.ac.uk/user/s11/s1119414/INF4/SLIP/gcc-arm-none-eabi-4_8-2014q2/bin/../lib/gcc/arm-none-eabi/4.8.4/../../../../arm-none-eabi/lib/armv6-m/libc.a(lib_a-reallocr.o)
 .bss           0x20003080        0x0 /afs/inf.ed.ac.uk/user/s11/s1119414/INF4/SLIP/gcc-arm-none-eabi-4_8-2014q2/bin/../lib/gcc/arm-none-eabi/4.8.4/../../../../arm-none-eabi/lib/armv6-m/libc.a(lib_a-reent.o)
 .bss           0x20003080        0x0 /afs/inf.ed.ac.uk/user/s11/s1119414/INF4/SLIP/gcc-arm-none-eabi-4_8-2014q2/bin/../lib/gcc/arm-none-eabi/4.8.4/armv6-m/libgcc.a(_arm_cmpdf2.o)
 .bss           0x20003080        0x0 /afs/inf.ed.ac.uk/user/s11/s1119414/INF4/SLIP/gcc-arm-none-eabi-4_8-2014q2/bin/../lib/gcc/arm-none-eabi/4.8.4/armv6-m/libgcc.a(_aeabi_uldivmod.o)
 .bss           0x20003080        0x0 /afs/inf.ed.ac.uk/user/s11/s1119414/INF4/SLIP/gcc-arm-none-eabi-4_8-2014q2/bin/../lib/gcc/arm-none-eabi/4.8.4/armv6-m/libgcc.a(bpabi.o)
 .bss           0x20003080        0x0 /afs/inf.ed.ac.uk/user/s11/s1119414/INF4/SLIP/gcc-arm-none-eabi-4_8-2014q2/bin/../lib/gcc/arm-none-eabi/4.8.4/armv6-m/libgcc.a(adddf3.o)
 .bss           0x20003080        0x0 /afs/inf.ed.ac.uk/user/s11/s1119414/INF4/SLIP/gcc-arm-none-eabi-4_8-2014q2/bin/../lib/gcc/arm-none-eabi/4.8.4/armv6-m/libgcc.a(divdf3.o)
 .bss           0x20003080        0x0 /afs/inf.ed.ac.uk/user/s11/s1119414/INF4/SLIP/gcc-arm-none-eabi-4_8-2014q2/bin/../lib/gcc/arm-none-eabi/4.8.4/armv6-m/libgcc.a(eqdf2.o)
 .bss           0x20003080        0x0 /afs/inf.ed.ac.uk/user/s11/s1119414/INF4/SLIP/gcc-arm-none-eabi-4_8-2014q2/bin/../lib/gcc/arm-none-eabi/4.8.4/armv6-m/libgcc.a(gedf2.o)
 .bss           0x20003080        0x0 /afs/inf.ed.ac.uk/user/s11/s1119414/INF4/SLIP/gcc-arm-none-eabi-4_8-2014q2/bin/../lib/gcc/arm-none-eabi/4.8.4/armv6-m/libgcc.a(ledf2.o)
 .bss           0x20003080        0x0 /afs/inf.ed.ac.uk/user/s11/s1119414/INF4/SLIP/gcc-arm-none-eabi-4_8-2014q2/bin/../lib/gcc/arm-none-eabi/4.8.4/armv6-m/libgcc.a(subdf3.o)
 .bss           0x20003080        0x0 /afs/inf.ed.ac.uk/user/s11/s1119414/INF4/SLIP/gcc-arm-none-eabi-4_8-2014q2/bin/../lib/gcc/arm-none-eabi/4.8.4/armv6-m/libgcc.a(fixdfsi.o)
 .bss           0x20003080        0x0 /afs/inf.ed.ac.uk/user/s11/s1119414/INF4/SLIP/gcc-arm-none-eabi-4_8-2014q2/bin/../lib/gcc/arm-none-eabi/4.8.4/armv6-m/libgcc.a(floatsidf.o)
 .bss           0x20003080        0x0 /afs/inf.ed.ac.uk/user/s11/s1119414/INF4/SLIP/gcc-arm-none-eabi-4_8-2014q2/bin/../lib/gcc/arm-none-eabi/4.8.4/armv6-m/libgcc.a(floatunsidf.o)
 .bss           0x20003080        0x0 /afs/inf.ed.ac.uk/user/s11/s1119414/INF4/SLIP/gcc-arm-none-eabi-4_8-2014q2/bin/../lib/gcc/arm-none-eabi/4.8.4/armv6-m/libgcc.a(_muldi3.o)
 .bss           0x20003080        0x0 /afs/inf.ed.ac.uk/user/s11/s1119414/INF4/SLIP/gcc-arm-none-eabi-4_8-2014q2/bin/../lib/gcc/arm-none-eabi/4.8.4/armv6-m/libgcc.a(_divdi3.o)
 .bss           0x20003080        0x0 /afs/inf.ed.ac.uk/user/s11/s1119414/INF4/SLIP/gcc-arm-none-eabi-4_8-2014q2/bin/../lib/gcc/arm-none-eabi/4.8.4/armv6-m/libgcc.a(_udivdi3.o)
 .bss           0x20003080        0x0 /afs/inf.ed.ac.uk/user/s11/s1119414/INF4/SLIP/gcc-arm-none-eabi-4_8-2014q2/bin/../lib/gcc/arm-none-eabi/4.8.4/armv6-m/crtend.o
 .bss           0x20003080        0x0 /afs/inf.ed.ac.uk/user/s11/s1119414/INF4/SLIP/gcc-arm-none-eabi-4_8-2014q2/bin/../lib/gcc/arm-none-eabi/4.8.4/armv6-m/crtn.o
 .bss           0x20003080        0x0 /afs/inf.ed.ac.uk/user/s11/s1119414/INF4/SLIP/gcc-arm-none-eabi-4_8-2014q2/bin/../lib/gcc/arm-none-eabi/4.8.4/../../../../arm-none-eabi/lib/armv6-m/libm.a(lib_a-s_cos.o)
 .bss           0x20003080        0x0 /afs/inf.ed.ac.uk/user/s11/s1119414/INF4/SLIP/gcc-arm-none-eabi-4_8-2014q2/bin/../lib/gcc/arm-none-eabi/4.8.4/../../../../arm-none-eabi/lib/armv6-m/libm.a(lib_a-e_rem_pio2.o)
 .bss           0x20003080        0x0 /afs/inf.ed.ac.uk/user/s11/s1119414/INF4/SLIP/gcc-arm-none-eabi-4_8-2014q2/bin/../lib/gcc/arm-none-eabi/4.8.4/../../../../arm-none-eabi/lib/armv6-m/libm.a(lib_a-k_cos.o)
 .bss           0x20003080        0x0 /afs/inf.ed.ac.uk/user/s11/s1119414/INF4/SLIP/gcc-arm-none-eabi-4_8-2014q2/bin/../lib/gcc/arm-none-eabi/4.8.4/../../../../arm-none-eabi/lib/armv6-m/libm.a(lib_a-k_rem_pio2.o)
 .bss           0x20003080        0x0 /afs/inf.ed.ac.uk/user/s11/s1119414/INF4/SLIP/gcc-arm-none-eabi-4_8-2014q2/bin/../lib/gcc/arm-none-eabi/4.8.4/../../../../arm-none-eabi/lib/armv6-m/libm.a(lib_a-k_sin.o)
 .bss           0x20003080        0x0 /afs/inf.ed.ac.uk/user/s11/s1119414/INF4/SLIP/gcc-arm-none-eabi-4_8-2014q2/bin/../lib/gcc/arm-none-eabi/4.8.4/../../../../arm-none-eabi/lib/armv6-m/libm.a(lib_a-s_fabs.o)
 .bss           0x20003080        0x0 /afs/inf.ed.ac.uk/user/s11/s1119414/INF4/SLIP/gcc-arm-none-eabi-4_8-2014q2/bin/../lib/gcc/arm-none-eabi/4.8.4/../../../../arm-none-eabi/lib/armv6-m/libm.a(lib_a-s_floor.o)
 .bss           0x20003080        0x0 /afs/inf.ed.ac.uk/user/s11/s1119414/INF4/SLIP/gcc-arm-none-eabi-4_8-2014q2/bin/../lib/gcc/arm-none-eabi/4.8.4/../../../../arm-none-eabi/lib/armv6-m/libm.a(lib_a-s_scalbn.o)
 .bss           0x20003080        0x0 /afs/inf.ed.ac.uk/user/s11/s1119414/INF4/SLIP/gcc-arm-none-eabi-4_8-2014q2/bin/../lib/gcc/arm-none-eabi/4.8.4/../../../../arm-none-eabi/lib/armv6-m/libm.a(lib_a-s_copysign.o)
 .bss           0x20003080        0x0 /afs/inf.ed.ac.uk/user/s11/s1119414/INF4/SLIP/gcc-arm-none-eabi-4_8-2014q2/bin/../lib/gcc/arm-none-eabi/4.8.4/../../../../arm-none-eabi/lib/armv6-m/libnosys.a(sbrk.o)
 .bss.heap_end.4246
                0x20003080        0x4 /afs/inf.ed.ac.uk/user/s11/s1119414/INF4/SLIP/gcc-arm-none-eabi-4_8-2014q2/bin/../lib/gcc/arm-none-eabi/4.8.4/../../../../arm-none-eabi/lib/armv6-m/libnosys.a(sbrk.o)
 .bss           0x20003084        0x0 /afs/inf.ed.ac.uk/user/s11/s1119414/INF4/SLIP/gcc-arm-none-eabi-4_8-2014q2/bin/../lib/gcc/arm-none-eabi/4.8.4/../../../../arm-none-eabi/lib/armv6-m/libnosys.a(_exit.o)
 *(COMMON)
 COMMON         0x20003084        0x8 _build/main.o
                0x20003084                maxCounter
                0x20003088                counter
 COMMON         0x2000308c       0xd0 _build/app_trace.o
                0x2000308c                __stdin
                0x200030f4                __stdout
 COMMON         0x2000315c        0x4 /afs/inf.ed.ac.uk/user/s11/s1119414/INF4/SLIP/gcc-arm-none-eabi-4_8-2014q2/bin/../lib/gcc/arm-none-eabi/4.8.4/../../../../arm-none-eabi/lib/armv6-m/libc.a(lib_a-reent.o)
                0x2000315c                errno
                0x20003160                __bss_end__ = .

.heap           0x20003160      0x100
                0x20003160                __end__ = .
                0x20003160                end = __end__
 *(.heap*)
 .heap          0x20003160      0x100 _build/startup_nrf51.os
                0x20003160                __HeapBase
                0x20003260                __HeapLimit = .

.stack_dummy    0x20003160      0xc00
 *(.stack)
 .stack         0x20003160      0xc00 _build/startup_nrf51.os
                0x20004000                __StackTop = (ORIGIN (RAM) + 0x2000)
                0x20003400                __StackLimit = (__StackTop - SIZEOF (.stack_dummy))
                0x20004000                PROVIDE (__stack, __StackTop)
                0x00000001                ASSERT ((__StackLimit >= __HeapLimit), region RAM overflowed with stack)
OUTPUT(_build/Prospeckz_s110.elf elf32-littlearm)

.ARM.attributes
                0x00000000       0x28
 .ARM.attributes
                0x00000000       0x1e /afs/inf.ed.ac.uk/user/s11/s1119414/INF4/SLIP/gcc-arm-none-eabi-4_8-2014q2/bin/../lib/gcc/arm-none-eabi/4.8.4/armv6-m/crti.o
 .ARM.attributes
                0x0000001e       0x2c /afs/inf.ed.ac.uk/user/s11/s1119414/INF4/SLIP/gcc-arm-none-eabi-4_8-2014q2/bin/../lib/gcc/arm-none-eabi/4.8.4/armv6-m/crtbegin.o
 .ARM.attributes
                0x0000004a       0x1b /afs/inf.ed.ac.uk/user/s11/s1119414/INF4/SLIP/gcc-arm-none-eabi-4_8-2014q2/bin/../lib/gcc/arm-none-eabi/4.8.4/../../../../arm-none-eabi/lib/armv6-m/crt0.o
 .ARM.attributes
                0x00000065       0x1b _build/startup_nrf51.os
 .ARM.attributes
                0x00000080       0x31 _build/system_nrf51.o
 .ARM.attributes
                0x000000b1       0x31 _build/main.o
 .ARM.attributes
                0x000000e2       0x31 _build/moving_avg.o
 .ARM.attributes
                0x00000113       0x31 _build/app_gpiote.o
 .ARM.attributes
                0x00000144       0x31 _build/app_button.o
 .ARM.attributes
                0x00000175       0x31 _build/app_timer.o
 .ARM.attributes
                0x000001a6       0x31 _build/app_trace.o
 .ARM.attributes
                0x000001d7       0x31 _build/ble_advdata.o
 .ARM.attributes
                0x00000208       0x31 _build/ble_conn_params.o
 .ARM.attributes
                0x00000239       0x31 _build/ble_sensorsim.o
 .ARM.attributes
                0x0000026a       0x31 _build/pstorage.o
 .ARM.attributes
                0x0000029b       0x31 _build/device_manager_peripheral.o
 .ARM.attributes
                0x000002cc       0x31 _build/ble_bas.o
 .ARM.attributes
                0x000002fd       0x31 _build/ble_dis.o
 .ARM.attributes
                0x0000032e       0x31 _build/ble_hrs.o
 .ARM.attributes
                0x0000035f       0x31 _build/ble_srv_common.o
 .ARM.attributes
                0x00000390       0x31 _build/crc16.o
 .ARM.attributes
                0x000003c1       0x31 _build/softdevice_handler.o
 .ARM.attributes
                0x000003f2       0x31 _build/simple_uart.o
 .ARM.attributes
                0x00000423       0x1e /afs/inf.ed.ac.uk/user/s11/s1119414/INF4/SLIP/gcc-arm-none-eabi-4_8-2014q2/bin/../lib/gcc/arm-none-eabi/4.8.4/armv6-m/libgcc.a(_udivsi3.o)
 .ARM.attributes
                0x00000441       0x1e /afs/inf.ed.ac.uk/user/s11/s1119414/INF4/SLIP/gcc-arm-none-eabi-4_8-2014q2/bin/../lib/gcc/arm-none-eabi/4.8.4/armv6-m/libgcc.a(_divsi3.o)
 .ARM.attributes
                0x0000045f       0x1e /afs/inf.ed.ac.uk/user/s11/s1119414/INF4/SLIP/gcc-arm-none-eabi-4_8-2014q2/bin/../lib/gcc/arm-none-eabi/4.8.4/armv6-m/libgcc.a(_dvmd_tls.o)
 .ARM.attributes
                0x0000047d       0x2c /afs/inf.ed.ac.uk/user/s11/s1119414/INF4/SLIP/gcc-arm-none-eabi-4_8-2014q2/bin/../lib/gcc/arm-none-eabi/4.8.4/armv6-m/libgcc.a(muldf3.o)
 .ARM.attributes
                0x000004a9       0x1e /afs/inf.ed.ac.uk/user/s11/s1119414/INF4/SLIP/gcc-arm-none-eabi-4_8-2014q2/bin/../lib/gcc/arm-none-eabi/4.8.4/armv6-m/libgcc.a(_clzsi2.o)
 .ARM.attributes
                0x000004c7       0x2c /afs/inf.ed.ac.uk/user/s11/s1119414/INF4/SLIP/gcc-arm-none-eabi-4_8-2014q2/bin/../lib/gcc/arm-none-eabi/4.8.4/../../../../arm-none-eabi/lib/armv6-m/libc.a(lib_a-exit.o)
 .ARM.attributes
                0x000004f3       0x2c /afs/inf.ed.ac.uk/user/s11/s1119414/INF4/SLIP/gcc-arm-none-eabi-4_8-2014q2/bin/../lib/gcc/arm-none-eabi/4.8.4/../../../../arm-none-eabi/lib/armv6-m/libc.a(lib_a-impure.o)
 .ARM.attributes
                0x0000051f       0x2c /afs/inf.ed.ac.uk/user/s11/s1119414/INF4/SLIP/gcc-arm-none-eabi-4_8-2014q2/bin/../lib/gcc/arm-none-eabi/4.8.4/../../../../arm-none-eabi/lib/armv6-m/libc.a(lib_a-init.o)
 .ARM.attributes