Archive member included because of file (symbol)

/afs/inf.ed.ac.uk/user/s11/s1119414/INF4/SLIP/gcc-arm-none-eabi-4_8-2014q2/bin/../lib/gcc/arm-none-eabi/4.8.4/armv6-m/libgcc.a(_udivsi3.o)
                              _build/pstorage.o (__aeabi_uidiv)
/afs/inf.ed.ac.uk/user/s11/s1119414/INF4/SLIP/gcc-arm-none-eabi-4_8-2014q2/bin/../lib/gcc/arm-none-eabi/4.8.4/armv6-m/libgcc.a(_dvmd_tls.o)
                              /afs/inf.ed.ac.uk/user/s11/s1119414/INF4/SLIP/gcc-arm-none-eabi-4_8-2014q2/bin/../lib/gcc/arm-none-eabi/4.8.4/armv6-m/libgcc.a(_udivsi3.o) (__aeabi_idiv0)
/afs/inf.ed.ac.uk/user/s11/s1119414/INF4/SLIP/gcc-arm-none-eabi-4_8-2014q2/bin/../lib/gcc/arm-none-eabi/4.8.4/armv6-m/libgcc.a(muldf3.o)
                              _build/main.o (__aeabi_dmul)
/afs/inf.ed.ac.uk/user/s11/s1119414/INF4/SLIP/gcc-arm-none-eabi-4_8-2014q2/bin/../lib/gcc/arm-none-eabi/4.8.4/armv6-m/libgcc.a(_clzsi2.o)
                              /afs/inf.ed.ac.uk/user/s11/s1119414/INF4/SLIP/gcc-arm-none-eabi-4_8-2014q2/bin/../lib/gcc/arm-none-eabi/4.8.4/armv6-m/libgcc.a(muldf3.o) (__clzsi2)
/afs/inf.ed.ac.uk/user/s11/s1119414/INF4/SLIP/gcc-arm-none-eabi-4_8-2014q2/bin/../lib/gcc/arm-none-eabi/4.8.4/../../../../arm-none-eabi/lib/armv6-m/libc.a(lib_a-exit.o)
                              /afs/inf.ed.ac.uk/user/s11/s1119414/INF4/SLIP/gcc-arm-none-eabi-4_8-2014q2/bin/../lib/gcc/arm-none-eabi/4.8.4/../../../../arm-none-eabi/lib/armv6-m/crt0.o (exit)
/afs/inf.ed.ac.uk/user/s11/s1119414/INF4/SLIP/gcc-arm-none-eabi-4_8-2014q2/bin/../lib/gcc/arm-none-eabi/4.8.4/../../../../arm-none-eabi/lib/armv6-m/libc.a(lib_a-impure.o)
                              /afs/inf.ed.ac.uk/user/s11/s1119414/INF4/SLIP/gcc-arm-none-eabi-4_8-2014q2/bin/../lib/gcc/arm-none-eabi/4.8.4/../../../../arm-none-eabi/lib/armv6-m/libc.a(lib_a-exit.o) (_global_impure_ptr)
/afs/inf.ed.ac.uk/user/s11/s1119414/INF4/SLIP/gcc-arm-none-eabi-4_8-2014q2/bin/../lib/gcc/arm-none-eabi/4.8.4/../../../../arm-none-eabi/lib/armv6-m/libc.a(lib_a-init.o)
                              /afs/inf.ed.ac.uk/user/s11/s1119414/INF4/SLIP/gcc-arm-none-eabi-4_8-2014q2/bin/../lib/gcc/arm-none-eabi/4.8.4/../../../../arm-none-eabi/lib/armv6-m/crt0.o (__libc_init_array)
/afs/inf.ed.ac.uk/user/s11/s1119414/INF4/SLIP/gcc-arm-none-eabi-4_8-2014q2/bin/../lib/gcc/arm-none-eabi/4.8.4/../../../../arm-none-eabi/lib/armv6-m/libc.a(lib_a-memcmp.o)
                              _build/device_manager_peripheral.o (memcmp)
/afs/inf.ed.ac.uk/user/s11/s1119414/INF4/SLIP/gcc-arm-none-eabi-4_8-2014q2/bin/../lib/gcc/arm-none-eabi/4.8.4/../../../../arm-none-eabi/lib/armv6-m/libc.a(lib_a-memcpy-stub.o)
                              _build/main.o (memcpy)
/afs/inf.ed.ac.uk/user/s11/s1119414/INF4/SLIP/gcc-arm-none-eabi-4_8-2014q2/bin/../lib/gcc/arm-none-eabi/4.8.4/../../../../arm-none-eabi/lib/armv6-m/libc.a(lib_a-memmove.o)
                              _build/ble_hrs.o (memmove)
/afs/inf.ed.ac.uk/user/s11/s1119414/INF4/SLIP/gcc-arm-none-eabi-4_8-2014q2/bin/../lib/gcc/arm-none-eabi/4.8.4/../../../../arm-none-eabi/lib/armv6-m/libc.a(lib_a-memset.o)
                              /afs/inf.ed.ac.uk/user/s11/s1119414/INF4/SLIP/gcc-arm-none-eabi-4_8-2014q2/bin/../lib/gcc/arm-none-eabi/4.8.4/../../../../arm-none-eabi/lib/armv6-m/crt0.o (memset)
/afs/inf.ed.ac.uk/user/s11/s1119414/INF4/SLIP/gcc-arm-none-eabi-4_8-2014q2/bin/../lib/gcc/arm-none-eabi/4.8.4/../../../../arm-none-eabi/lib/armv6-m/libc.a(lib_a-sprintf.o)
                              _build/main.o (sprintf)
/afs/inf.ed.ac.uk/user/s11/s1119414/INF4/SLIP/gcc-arm-none-eabi-4_8-2014q2/bin/../lib/gcc/arm-none-eabi/4.8.4/../../../../arm-none-eabi/lib/armv6-m/libc.a(lib_a-strlen.o)
                              _build/ble_srv_common.o (strlen)
/afs/inf.ed.ac.uk/user/s11/s1119414/INF4/SLIP/gcc-arm-none-eabi-4_8-2014q2/bin/../lib/gcc/arm-none-eabi/4.8.4/../../../../arm-none-eabi/lib/armv6-m/libc.a(lib_a-svfprintf.o)
                              /afs/inf.ed.ac.uk/user/s11/s1119414/INF4/SLIP/gcc-arm-none-eabi-4_8-2014q2/bin/../lib/gcc/arm-none-eabi/4.8.4/../../../../arm-none-eabi/lib/armv6-m/libc.a(lib_a-sprintf.o) (_svfprintf_r)
/afs/inf.ed.ac.uk/user/s11/s1119414/INF4/SLIP/gcc-arm-none-eabi-4_8-2014q2/bin/../lib/gcc/arm-none-eabi/4.8.4/../../../../arm-none-eabi/lib/armv6-m/libc.a(lib_a-__call_atexit.o)
                              /afs/inf.ed.ac.uk/user/s11/s1119414/INF4/SLIP/gcc-arm-none-eabi-4_8-2014q2/bin/../lib/gcc/arm-none-eabi/4.8.4/../../../../arm-none-eabi/lib/armv6-m/libc.a(lib_a-exit.o) (__call_exitprocs)
/afs/inf.ed.ac.uk/user/s11/s1119414/INF4/SLIP/gcc-arm-none-eabi-4_8-2014q2/bin/../lib/gcc/arm-none-eabi/4.8.4/../../../../arm-none-eabi/lib/armv6-m/libc.a(lib_a-atexit.o)
                              /afs/inf.ed.ac.uk/user/s11/s1119414/INF4/SLIP/gcc-arm-none-eabi-4_8-2014q2/bin/../lib/gcc/arm-none-eabi/4.8.4/../../../../arm-none-eabi/lib/armv6-m/libc.a(lib_a-__call_atexit.o) (atexit)
[...]
Memory Configuration

Name             Origin             Length             Attributes
FLASH            0x00016000         0x0002a000         xr
RAM              0x20002000         0x00002000         xrw
*default*        0x00000000         0xffffffff

Linker script and memory map

LOAD /afs/inf.ed.ac.uk/user/s11/s1119414/INF4/SLIP/gcc-arm-none-eabi-4_8-2014q2/bin/../lib/gcc/arm-none-eabi/4.8.4/armv6-m/crti.o
LOAD /afs/inf.ed.ac.uk/user/s11/s1119414/INF4/SLIP/gcc-arm-none-eabi-4_8-2014q2/bin/../lib/gcc/arm-none-eabi/4.8.4/armv6-m/crtbegin.o
LOAD /afs/inf.ed.ac.uk/user/s11/s1119414/INF4/SLIP/gcc-arm-none-eabi-4_8-2014q2/bin/../lib/gcc/arm-none-eabi/4.8.4/../../../../arm-none-eabi/lib/armv6-m/crt0.o
LOAD _build/startup_nrf51.os
LOAD _build/system_nrf51.o
LOAD _build/main.o
LOAD _build/app_gpiote.o
LOAD _build/app_button.o
LOAD _build/app_timer.o
LOAD _build/app_trace.o
LOAD _build/ble_advdata.o
LOAD _build/ble_conn_params.o
LOAD _build/ble_sensorsim.o
LOAD _build/pstorage.o
LOAD _build/device_manager_peripheral.o
LOAD _build/ble_bas.o
LOAD _build/ble_dis.o
LOAD _build/ble_hrs.o
LOAD _build/ble_srv_common.o
LOAD _build/crc16.o
LOAD _build/softdevice_handler.o
LOAD _build/simple_uart.o
START GROUP
LOAD /afs/inf.ed.ac.uk/user/s11/s1119414/INF4/SLIP/gcc-arm-none-eabi-4_8-2014q2/bin/../lib/gcc/arm-none-eabi/4.8.4/armv6-m/libgcc.a
LOAD /afs/inf.ed.ac.uk/user/s11/s1119414/INF4/SLIP/gcc-arm-none-eabi-4_8-2014q2/bin/../lib/gcc/arm-none-eabi/4.8.4/../../../../arm-none-eabi/lib/armv6-m/libc.a
END GROUP
LOAD /afs/inf.ed.ac.uk/user/s11/s1119414/INF4/SLIP/gcc-arm-none-eabi-4_8-2014q2/bin/../lib/gcc/arm-none-eabi/4.8.4/armv6-m/crtend.o
LOAD /afs/inf.ed.ac.uk/user/s11/s1119414/INF4/SLIP/gcc-arm-none-eabi-4_8-2014q2/bin/../lib/gcc/arm-none-eabi/4.8.4/armv6-m/crtn.o
START GROUP
LOAD /afs/inf.ed.ac.uk/user/s11/s1119414/INF4/SLIP/gcc-arm-none-eabi-4_8-2014q2/bin/../lib/gcc/arm-none-eabi/4.8.4/armv6-m/libgcc.a
LOAD /afs/inf.ed.ac.uk/user/s11/s1119414/INF4/SLIP/gcc-arm-none-eabi-4_8-2014q2/bin/../lib/gcc/arm-none-eabi/4.8.4/../../../../arm-none-eabi/lib/armv6-m/libc.a
LOAD /afs/inf.ed.ac.uk/user/s11/s1119414/INF4/SLIP/gcc-arm-none-eabi-4_8-2014q2/bin/../lib/gcc/arm-none-eabi/4.8.4/../../../../arm-none-eabi/lib/armv6-m/libm.a
LOAD /afs/inf.ed.ac.uk/user/s11/s1119414/INF4/SLIP/gcc-arm-none-eabi-4_8-2014q2/bin/../lib/gcc/arm-none-eabi/4.8.4/../../../../arm-none-eabi/lib/armv6-m/libnosys.a
END GROUP

.text           0x00016000    0x13984
 *(.isr_vector)
 .isr_vector    0x00016000       0xc0 _build/startup_nrf51.os
                0x00016000                __Vectors
 *(.text*)
 .text          0x000160c0        0x0 /afs/inf.ed.ac.uk/user/s11/s1119414/INF4/SLIP/gcc-arm-none-eabi-4_8-2014q2/bin/../lib/gcc/arm-none-eabi/4.8.4/armv6-m/crti.o
 .text          0x000160c0       0x60 /afs/inf.ed.ac.uk/user/s11/s1119414/INF4/SLIP/gcc-arm-none-eabi-4_8-2014q2/bin/../lib/gcc/arm-none-eabi/4.8.4/armv6-m/crtbegin.o
 .text          0x00016120       0x78 /afs/inf.ed.ac.uk/user/s11/s1119414/INF4/SLIP/gcc-arm-none-eabi-4_8-2014q2/bin/../lib/gcc/arm-none-eabi/4.8.4/../../../../arm-none-eabi/lib/armv6-m/crt0.o
                0x00016120                _mainCRTStartup
                0x00016120                _start
 .text          0x00016198       0x7c _build/startup_nrf51.os
                0x00016198                Reset_Handler
                0x000161d8                NMI_Handler
                0x000161da                HardFault_Handler
                0x000161dc                SVC_Handler
                0x000161de                PendSV_Handler
                0x000161e0                SysTick_Handler
                0x000161e2                Default_Handler
                0x000161e2                DEF_IRQHandler
                0x000161e4                POWER_CLOCK_IRQHandler
                0x000161e6                RADIO_IRQHandler
                0x000161e8                UART0_IRQHandler
                0x000161ea                SPI0_TWI0_IRQHandler
                0x000161ec                SPI1_TWI1_IRQHandler
                0x000161f2                TIMER0_IRQHandler
                0x000161f4                TIMER1_IRQHandler
                0x000161f6                TIMER2_IRQHandler
                0x000161f8                RTC0_IRQHandler
                0x000161fa                TEMP_IRQHandler
                0x000161fc                RNG_IRQHandler
                0x000161fe                ECB_IRQHandler
                0x00016200                CCM_AAR_IRQHandler
                0x00016202                WDT_IRQHandler
                0x00016206                QDEC_IRQHandler
                0x0001620a                SWI1_IRQHandler
                0x0001620e                SWI3_IRQHandler
                0x00016210                SWI4_IRQHandler
                0x00016212                SWI5_IRQHandler
 .text          0x00016214      0x128 _build/system_nrf51.o
                0x00016214                SystemCoreClockUpdate
                0x0001622c                SystemInit
 *fill*         0x0001633c        0x4 
 .text          0x00016340     0x15f8 _build/main.o
                0x00016868                app_error_handler
                0x0001691c                assert_nrf_callback
                0x00016a54                ADC_IRQHandler
                0x000178d8                main
 .text          0x00017938      0x750 _build/app_gpiote.o
                0x00017b40                GPIOTE_IRQHandler
                0x00017ce8                app_gpiote_init
                0x00017d8c                app_gpiote_user_register
                0x00017e54                app_gpiote_user_enable
                0x00017fac                app_gpiote_user_disable
                0x00018024                app_gpiote_pins_state_get
 .text          0x00018088      0x3f8 _build/app_button.o
                0x00018278                app_button_init
                0x00018350                app_button_enable
                0x0001837c                app_button_disable
                0x000183c8                app_button_is_pushed
 .text          0x00018480     0x13ec _build/app_timer.o
                0x0001945c                RTC1_IRQHandler
                0x000194a8                SWI0_IRQHandler
                0x000194b4                app_timer_init
                0x00019624                app_timer_create
                0x00019714                app_timer_start
                0x000197a0                app_timer_stop
                0x00019800                app_timer_stop_all
                0x00019828                app_timer_cnt_get
                0x00019844                app_timer_cnt_diff_compute
 .text          0x0001986c        0x0 _build/app_trace.o
 .text          0x0001986c      0xc50 _build/ble_advdata.o
                0x0001a3f0                ble_advdata_set
 .text          0x0001a4bc      0x6b0 _build/ble_conn_params.o
                0x0001a7bc                ble_conn_params_init
                0x0001a868                ble_conn_params_stop
                0x0001aa78                ble_conn_params_on_ble_evt
                0x0001aac8                ble_conn_params_change_conn_params
 .text          0x0001ab6c       0xb8 _build/ble_sensorsim.o
                0x0001ab6c                ble_sensorsim_init
                0x0001aba4                ble_sensorsim_measure
 .text          0x0001ac24     0x145c _build/pstorage.o
                0x0001b0a8                pstorage_sys_event_handler
                0x0001b760                pstorage_init
                0x0001b888                pstorage_register
                0x0001ba88                pstorage_block_identifier_get
                0x0001bb68                pstorage_store
                0x0001bca8                pstorage_update
                0x0001bde8                pstorage_load
                0x0001bf4c                pstorage_clear
                0x0001c040                pstorage_access_status_get
 .text          0x0001c080     0x22b0 _build/device_manager_peripheral.o
                0x0001cd1c                dm_init
                0x0001ce88                dm_register
                0x0001cf20                dm_security_setup_req
                0x0001cff8                dm_security_status_req
                0x0001d0e4                dm_whitelist_create
                0x0001d238                dm_device_add
                0x0001d250                dm_device_delete
                0x0001d2ec                dm_device_delete_all
                0x0001d388                dm_service_context_set
                0x0001d4d4                dm_service_context_get
                0x0001d620                dm_service_context_delete
                0x0001d6b4                dm_application_context_set
                0x0001d6cc                dm_application_context_get
                0x0001d6e4                dm_application_context_delete
                0x0001d6fc                dm_application_instance_set
                0x0001d770                dm_handle_initialize
                0x0001d904                dm_peer_addr_set
                0x0001d9f8                dm_peer_addr_get
                0x0001db60                bond_data_load
                0x0001dbe0                dm_ble_evt_handler
 .text          0x0001e330      0x6f0 _build/ble_bas.o
                0x0001e5d4                ble_bas_on_ble_evt
                0x0001e8e0                ble_bas_init
                0x0001e954                ble_bas_battery_level_update
 .text          0x0001ea20      0x7b0 _build/ble_dis.o
                0x0001ef88                ble_dis_init
 .text          0x0001f1d0      0x9d8 _build/ble_hrs.o
                0x0001f4c0                ble_hrs_on_ble_evt
                0x0001f924                ble_hrs_init
                0x0001f9dc                ble_hrs_heart_rate_measurement_send
                0x0001faa0                ble_hrs_rr_interval_add
                0x0001fb00                ble_hrs_rr_interval_buffer_is_full
                0x0001fb20                ble_hrs_sensor_contact_supported_set
                0x0001fb54                ble_hrs_sensor_contact_detected_update
                0x0001fb74                ble_hrs_body_sensor_location_set
 .text          0x0001fba8      0x154 _build/ble_srv_common.o
                0x0001fc50                ble_srv_report_ref_encode
                0x0001fcd4                ble_srv_ascii_to_utf8
 .text          0x0001fcfc       0xd4 _build/crc16.o
                0x0001fcfc                crc16_compute
 .text          0x0001fdd0      0x610 _build/softdevice_handler.o
                0x00020154                softdevice_assertion_handler
                0x0002017c                intern_softdevice_events_execute
                0x00020290                softdevice_handler_init
                0x0002031c                softdevice_handler_sd_disable
                0x00020344                softdevice_ble_evt_handler_set
                0x0002036c                softdevice_sys_evt_handler_set
                0x00020394                SWI2_IRQHandler
 .text          0x000203e0      0x27c _build/simple_uart.o
                0x00020460                simple_uart_get
                0x00020490                simple_uart_get_with_timeout
                0x00020500                simple_uart_put
                0x0002053c                simple_uart_putstring
                0x0002058c                simple_uart_config
 .text          0x0002065c       0x9c /afs/inf.ed.ac.uk/user/s11/s1119414/INF4/SLIP/gcc-arm-none-eabi-4_8-2014q2/bin/../lib/gcc/arm-none-eabi/4.8.4/armv6-m/libgcc.a(_udivsi3.o)
                0x0002065c                __udivsi3
                0x0002065c                __aeabi_uidiv
                0x000206e4                __aeabi_uidivmod
 .text          0x000206f8        0x4 /afs/inf.ed.ac.uk/user/s11/s1119414/INF4/SLIP/gcc-arm-none-eabi-4_8-2014q2/bin/../lib/gcc/arm-none-eabi/4.8.4/armv6-m/libgcc.a(_dvmd_tls.o)
                0x000206f8                __aeabi_ldiv0
                0x000206f8                __aeabi_idiv0
 .text          0x000206fc      0x520 /afs/inf.ed.ac.uk/user/s11/s1119414/INF4/SLIP/gcc-arm-none-eabi-4_8-2014q2/bin/../lib/gcc/arm-none-eabi/4.8.4/armv6-m/libgcc.a(muldf3.o)
                0x000206fc                __aeabi_dmul
 .text          0x00020c1c       0x3c /afs/inf.ed.ac.uk/user/s11/s1119414/INF4/SLIP/gcc-arm-none-eabi-4_8-2014q2/bin/../lib/gcc/arm-none-eabi/4.8.4/armv6-m/libgcc.a(_clzsi2.o)
                0x00020c1c                __clzsi2
 .text          0x00020c58        0x0 /afs/inf.ed.ac.uk/user/s11/s1119414/INF4/SLIP/gcc-arm-none-eabi-4_8-2014q2/bin/../lib/gcc/arm-none-eabi/4.8.4/../../../../arm-none-eabi/lib/armv6-m/libc.a(lib_a-exit.o)
 .text.exit     0x00020c58       0x20 /afs/inf.ed.ac.uk/user/s11/s1119414/INF4/SLIP/gcc-arm-none-eabi-4_8-2014q2/bin/../lib/gcc/arm-none-eabi/4.8.4/../../../../arm-none-eabi/lib/armv6-m/libc.a(lib_a-exit.o)
                0x00020c58                exit
 .text          0x00020c78        0x0 /afs/inf.ed.ac.uk/user/s11/s1119414/INF4/SLIP/gcc-arm-none-eabi-4_8-2014q2/bin/../lib/gcc/arm-none-eabi/4.8.4/../../../../arm-none-eabi/lib/armv6-m/libc.a(lib_a-impure.o)
 .text          0x00020c78        0x0 /afs/inf.ed.ac.uk/user/s11/s1119414/INF4/SLIP/gcc-arm-none-eabi-4_8-2014q2/bin/../lib/gcc/arm-none-eabi/4.8.4/../../../../arm-none-eabi/lib/armv6-m/libc.a(lib_a-init.o)
 .text.__libc_init_array
                0x00020c78       0x48 /afs/inf.ed.ac.uk/user/s11/s1119414/INF4/SLIP/gcc-arm-none-eabi-4_8-2014q2/bin/../lib/gcc/arm-none-eabi/4.8.4/../../../../arm-none-eabi/lib/armv6-m/libc.a(lib_a-init.o)
                0x00020c78                __libc_init_array
 .text          0x00020cc0        0x0 /afs/inf.ed.ac.uk/user/s11/s1119414/INF4/SLIP/gcc-arm-none-eabi-4_8-2014q2/bin/../lib/gcc/arm-none-eabi/4.8.4/../../../../arm-none-eabi/lib/armv6-m/libc.a(lib_a-memcmp.o)
 .text.memcmp   0x00020cc0       0x4c /afs/inf.ed.ac.uk/user/s11/s1119414/INF4/SLIP/gcc-arm-none-eabi-4_8-2014q2/bin/../lib/gcc/arm-none-eabi/4.8.4/../../../../arm-none-eabi/lib/armv6-m/libc.a(lib_a-memcmp.o)
                0x00020cc0                memcmp
 .text          0x00020d0c        0x0 /afs/inf.ed.ac.uk/user/s11/s1119414/INF4/SLIP/gcc-arm-none-eabi-4_8-2014q2/bin/../lib/gcc/arm-none-eabi/4.8.4/../../../../arm-none-eabi/lib/armv6-m/libc.a(lib_a-memcpy-stub.o)
 .text.memcpy   0x00020d0c       0x84 /afs/inf.ed.ac.uk/user/s11/s1119414/INF4/SLIP/gcc-arm-none-eabi-4_8-2014q2/bin/../lib/gcc/arm-none-eabi/4.8.4/../../../../arm-none-eabi/lib/armv6-m/libc.a(lib_a-memcpy-stub.o)
                0x00020d0c                memcpy
 .text          0x00020d90        0x0 /afs/inf.ed.ac.uk/user/s11/s1119414/INF4/SLIP/gcc-arm-none-eabi-4_8-2014q2/bin/../lib/gcc/arm-none-eabi/4.8.4/../../../../arm-none-eabi/lib/armv6-m/libc.a(lib_a-memmove.o)
 .text.memmove  0x00020d90       0xa4 /afs/inf.ed.ac.uk/user/s11/s1119414/INF4/SLIP/gcc-arm-none-eabi-4_8-2014q2/bin/../lib/gcc/arm-none-eabi/4.8.4/../../../../arm-none-eabi/lib/armv6-m/libc.a(lib_a-memmove.o)
                0x00020d90                memmove
 .text          0x00020e34        0x0 /afs/inf.ed.ac.uk/user/s11/s1119414/INF4/SLIP/gcc-arm-none-eabi-4_8-2014q2/bin/../lib/gcc/arm-none-eabi/4.8.4/../../../../arm-none-eabi/lib/armv6-m/libc.a(lib_a-memset.o)
 .text.memset   0x00020e34       0x9c /afs/inf.ed.ac.uk/user/s11/s1119414/INF4/SLIP/gcc-arm-none-eabi-4_8-2014q2/bin/../lib/gcc/arm-none-eabi/4.8.4/../../../../arm-none-eabi/lib/armv6-m/libc.a(lib_a-memset.o)
                0x00020e34                memset
 .text          0x00020ed0        0x0 /afs/inf.ed.ac.uk/user/s11/s1119414/INF4/SLIP/gcc-arm-none-eabi-4_8-2014q2/bin/../lib/gcc/arm-none-eabi/4.8.4/../../../../arm-none-eabi/lib/armv6-m/libc.a(lib_a-sprintf.o)
 .text._sprintf_r
                0x00020ed0       0x40 /afs/inf.ed.ac.uk/user/s11/s1119414/INF4/SLIP/gcc-arm-none-eabi-4_8-2014q2/bin/../lib/gcc/arm-none-eabi/4.8.4/../../../../arm-none-eabi/lib/armv6-m/libc.a(lib_a-sprintf.o)
                0x00020ed0                _sprintf_r
 .text.sprintf  0x00020f10       0x44 /afs/inf.ed.ac.uk/user/s11/s1119414/INF4/SLIP/gcc-arm-none-eabi-4_8-2014q2/bin/../lib/gcc/arm-none-eabi/4.8.4/../../../../arm-none-eabi/lib/armv6-m/libc.a(lib_a-sprintf.o)
                0x00020f10                sprintf
 .text          0x00020f54        0x0 /afs/inf.ed.ac.uk/user/s11/s1119414/INF4/SLIP/gcc-arm-none-eabi-4_8-2014q2/bin/../lib/gcc/arm-none-eabi/4.8.4/../../../../arm-none-eabi/lib/armv6-m/libc.a(lib_a-strlen.o)
 .text.strlen   0x00020f54       0x10 /afs/inf.ed.ac.uk/user/s11/s1119414/INF4/SLIP/gcc-arm-none-eabi-4_8-2014q2/bin/../lib/gcc/arm-none-eabi/4.8.4/../../../../arm-none-eabi/lib/armv6-m/libc.a(lib_a-strlen.o)
                0x00020f54                strlen
 .text          0x00020f64        0x0 /afs/inf.ed.ac.uk/user/s11/s1119414/INF4/SLIP/gcc-arm-none-eabi-4_8-2014q2/bin/../lib/gcc/arm-none-eabi/4.8.4/../../../../arm-none-eabi/lib/armv6-m/libc.a(lib_a-svfprintf.o)
 *fill*         0x00020f64        0x4 
 .text._svfprintf_r
                0x00020f68     0x15c8 /afs/inf.ed.ac.uk/user/s11/s1119414/INF4/SLIP/gcc-arm-none-eabi-4_8-2014q2/bin/../lib/gcc/arm-none-eabi/4.8.4/../../../../arm-none-eabi/lib/armv6-m/libc.a(lib_a-svfprintf.o)
                0x00020f68                _svfprintf_r
 .text          0x00022530        0x0 /afs/inf.ed.ac.uk/user/s11/s1119414/INF4/SLIP/gcc-arm-none-eabi-4_8-2014q2/bin/../lib/gcc/arm-none-eabi/4.8.4/../../../../arm-none-eabi/lib/armv6-m/libc.a(lib_a-__call_atexit.o)
 .text.startup.register_fini
                0x00022530       0x18 /afs/inf.ed.ac.uk/user/s11/s1119414/INF4/SLIP/gcc-arm-none-eabi-4_8-2014q2/bin/../lib/gcc/arm-none-eabi/4.8.4/../../../../arm-none-eabi/lib/armv6-m/libc.a(lib_a-__call_atexit.o)
 .text.__call_exitprocs
                0x00022548      0x118 /afs/inf.ed.ac.uk/user/s11/s1119414/INF4/SLIP/gcc-arm-none-eabi-4_8-2014q2/bin/../lib/gcc/arm-none-eabi/4.8.4/../../../../arm-none-eabi/lib/armv6-m/libc.a(lib_a-__call_atexit.o)
                0x00022548                __call_exitprocs
 .text          0x00022660        0x0 /afs/inf.ed.ac.uk/user/s11/s1119414/INF4/SLIP/gcc-arm-none-eabi-4_8-2014q2/bin/../lib/gcc/arm-none-eabi/4.8.4/../../../../arm-none-eabi/lib/armv6-m/libc.a(lib_a-atexit.o)
 .text.atexit   0x00022660       0x10 /afs/inf.ed.ac.uk/user/s11/s1119414/INF4/SLIP/gcc-arm-none-eabi-4_8-2014q2/bin/../lib/gcc/arm-none-eabi/4.8.4/../../../../arm-none-eabi/lib/armv6-m/libc.a(lib_a-atexit.o)
                0x00022660                atexit
 .text          0x00022670        0x0 /afs/inf.ed.ac.uk/user/s11/s1119414/INF4/SLIP/gcc-arm-none-eabi-4_8-2014q2/bin/../lib/gcc/arm-none-eabi/4.8.4/../../../../arm-none-eabi/lib/armv6-m/libc.a(lib_a-dtoa.o)
 .text.quorem   0x00022670      0x150 /afs/inf.ed.ac.uk/user/s11/s1119414/INF4/SLIP/gcc-arm-none-eabi-4_8-2014q2/bin/../lib/gcc/arm-none-eabi/4.8.4/../../../../arm-none-eabi/lib/armv6-m/libc.a(lib_a-dtoa.o)
 .text._dtoa_r  0x000227c0      0xf38 /afs/inf.ed.ac.uk/user/s11/s1119414/INF4/SLIP/gcc-arm-none-eabi-4_8-2014q2/bin/../lib/gcc/arm-none-eabi/4.8.4/../../../../arm-none-eabi/lib/armv6-m/libc.a(lib_a-dtoa.o)
                0x000227c0                _dtoa_r
 .text          0x000236f8        0x0 /afs/inf.ed.ac.uk/user/s11/s1119414/INF4/SLIP/gcc-arm-none-eabi-4_8-2014q2/bin/../lib/gcc/arm-none-eabi/4.8.4/../../../../arm-none-eabi/lib/armv6-m/libc.a(lib_a-fini.o)
 .text.__libc_fini_array
                0x000236f8       0x30 /afs/inf.ed.ac.uk/user/s11/s1119414/INF4/SLIP/gcc-arm-none-eabi-4_8-2014q2/bin/../lib/gcc/arm-none-eabi/4.8.4/../../../../arm-none-eabi/lib/armv6-m/libc.a(lib_a-fini.o)
                0x000236f8                __libc_fini_array
 .text          0x00023728        0x0 /afs/inf.ed.ac.uk/user/s11/s1119414/INF4/SLIP/gcc-arm-none-eabi-4_8-2014q2/bin/../lib/gcc/arm-none-eabi/4.8.4/../../../../arm-none-eabi/lib/armv6-m/libc.a(lib_a-locale.o)
 .text._setlocale_r
                0x00023728       0x44 /afs/inf.ed.ac.uk/user/s11/s1119414/INF4/SLIP/gcc-arm-none-eabi-4_8-2014q2/bin/../lib/gcc/arm-none-eabi/4.8.4/../../../../arm-none-eabi/lib/armv6-m/libc.a(lib_a-locale.o)
                0x00023728                _setlocale_r
 .text.__locale_charset
                0x0002376c        0x8 /afs/inf.ed.ac.uk/user/s11/s1119414/INF4/SLIP/gcc-arm-none-eabi-4_8-2014q2/bin/../lib/gcc/arm-none-eabi/4.8.4/../../../../arm-none-eabi/lib/armv6-m/libc.a(lib_a-locale.o)
                0x0002376c                __locale_charset
 .text.__locale_mb_cur_max
                0x00023774        0xc /afs/inf.ed.ac.uk/user/s11/s1119414/INF4/SLIP/gcc-arm-none-eabi-4_8-2014q2/bin/../lib/gcc/arm-none-eabi/4.8.4/../../../../arm-none-eabi/lib/armv6-m/libc.a(lib_a-locale.o)
                0x00023774                __locale_mb_cur_max
 .text.__locale_msgcharset
                0x00023780        0x8 /afs/inf.ed.ac.uk/user/s11/s1119414/INF4/SLIP/gcc-arm-none-eabi-4_8-2014q2/bin/../lib/gcc/arm-none-eabi/4.8.4/../../../../arm-none-eabi/lib/armv6-m/libc.a(lib_a-locale.o)
                0x00023780                __locale_msgcharset
 .text.__locale_cjk_lang
                0x00023788        0x4 /afs/inf.ed.ac.uk/user/s11/s1119414/INF4/SLIP/gcc-arm-none-eabi-4_8-2014q2/bin/../lib/gcc/arm-none-eabi/4.8.4/../../../../arm-none-eabi/lib/armv6-m/libc.a(lib_a-locale.o)
                0x00023788                __locale_cjk_lang
 .text._localeconv_r
                0x0002378c        0x8 /afs/inf.ed.ac.uk/user/s11/s1119414/INF4/SLIP/gcc-arm-none-eabi-4_8-2014q2/bin/../lib/gcc/arm-none-eabi/4.8.4/../../../../arm-none-eabi/lib/armv6-m/libc.a(lib_a-locale.o)
                0x0002378c                _localeconv_r
 .text.setlocale
                0x00023794       0x18 /afs/inf.ed.ac.uk/user/s11/s1119414/INF4/SLIP/gcc-arm-none-eabi-4_8-2014q2/bin/../lib/gcc/arm-none-eabi/4.8.4/../../../../arm-none-eabi/lib/armv6-m/libc.a(lib_a-locale.o)
                0x00023794                setlocale
 .text.localeconv
                0x000237ac        0x8 /afs/inf.ed.ac.uk/user/s11/s1119414/INF4/SLIP/gcc-arm-none-eabi-4_8-2014q2/bin/../lib/gcc/arm-none-eabi/4.8.4/../../../../arm-none-eabi/lib/armv6-m/libc.a(lib_a-locale.o)
                0x000237ac                localeconv
 .text          0x000237b4        0x0 /afs/inf.ed.ac.uk/user/s11/s1119414/INF4/SLIP/gcc-arm-none-eabi-4_8-2014q2/bin/../lib/gcc/arm-none-eabi/4.8.4/../../../../arm-none-eabi/lib/armv6-m/libc.a(lib_a-mallocr.o)
 .text._malloc_r
                0x000237b4      0x50c /afs/inf.ed.ac.uk/user/s11/s1119414/INF4/SLIP/gcc-arm-none-eabi-4_8-2014q2/bin/../lib/gcc/arm-none-eabi/4.8.4/../../../../arm-none-eabi/lib/armv6-m/libc.a(lib_a-mallocr.o)
                0x000237b4                _malloc_r
 .text          0x00023cc0        0x0 /afs/inf.ed.ac.uk/user/s11/s1119414/INF4/SLIP/gcc-arm-none-eabi-4_8-2014q2/bin/../lib/gcc/arm-none-eabi/4.8.4/../../../../arm-none-eabi/lib/armv6-m/libc.a(lib_a-memchr-stub.o)
 .text.memchr   0x00023cc0       0x84 /afs/inf.ed.ac.uk/user/s11/s1119414/INF4/SLIP/gcc-arm-none-eabi-4_8-2014q2/bin/../lib/gcc/arm-none-eabi/4.8.4/../../../../arm-none-eabi/lib/armv6-m/libc.a(lib_a-memchr-stub.o)
                0x00023cc0                memchr
 .text          0x00023d44        0x0 /afs/inf.ed.ac.uk/user/s11/s1119414/INF4/SLIP/gcc-arm-none-eabi-4_8-2014q2/bin/../lib/gcc/arm-none-eabi/4.8.4/../../../../arm-none-eabi/lib/armv6-m/libc.a(lib_a-mlock.o)
 .text.__malloc_lock
                0x00023d44        0x4 /afs/inf.ed.ac.uk/user/s11/s1119414/INF4/SLIP/gcc-arm-none-eabi-4_8-2014q2/bin/../lib/gcc/arm-none-eabi/4.8.4/../../../../arm-none-eabi/lib/armv6-m/libc.a(lib_a-mlock.o)
                0x00023d44                __malloc_lock
 .text.__malloc_unlock
                0x00023d48        0x4 /afs/inf.ed.ac.uk/user/s11/s1119414/INF4/SLIP/gcc-arm-none-eabi-4_8-2014q2/bin/../lib/gcc/arm-none-eabi/4.8.4/../../../../arm-none-eabi/lib/armv6-m/libc.a(lib_a-mlock.o)
                0x00023d48                __malloc_unlock
 .text          0x00023d4c        0x0 /afs/inf.ed.ac.uk/user/s11/s1119414/INF4/SLIP/gcc-arm-none-eabi-4_8-2014q2/bin/../lib/gcc/arm-none-eabi/4.8.4/../../../../arm-none-eabi/lib/armv6-m/libc.a(lib_a-mprec.o)
 .text._Balloc  0x00023d4c       0x50 /afs/inf.ed.ac.uk/user/s11/s1119414/INF4/SLIP/gcc-arm-none-eabi-4_8-2014q2/bin/../lib/gcc/arm-none-eabi/4.8.4/../../../../arm-none-eabi/lib/armv6-m/libc.a(lib_a-mprec.o)
                0x00023d4c                _Balloc
 .text._Bfree   0x00023d9c       0x14 /afs/inf.ed.ac.uk/user/s11/s1119414/INF4/SLIP/gcc-arm-none-eabi-4_8-2014q2/bin/../lib/gcc/arm-none-eabi/4.8.4/../../../../arm-none-eabi/lib/armv6-m/libc.a(lib_a-mprec.o)
                0x00023d9c                _Bfree
 .text.__multadd
                0x00023db0       0xa8 /afs/inf.ed.ac.uk/user/s11/s1119414/INF4/SLIP/gcc-arm-none-eabi-4_8-2014q2/bin/../lib/gcc/arm-none-eabi/4.8.4/../../../../arm-none-eabi/lib/armv6-m/libc.a(lib_a-mprec.o)
                0x00023db0                __multadd
 .text.__s2b    0x00023e58       0x98 /afs/inf.ed.ac.uk/user/s11/s1119414/INF4/SLIP/gcc-arm-none-eabi-4_8-2014q2/bin/../lib/gcc/arm-none-eabi/4.8.4/../../../../arm-none-eabi/lib/armv6-m/libc.a(lib_a-mprec.o)
                0x00023e58                __s2b
 .text.__hi0bits
                0x00023ef0       0x3c /afs/inf.ed.ac.uk/user/s11/s1119414/INF4/SLIP/gcc-arm-none-eabi-4_8-2014q2/bin/../lib/gcc/arm-none-eabi/4.8.4/../../../../arm-none-eabi/lib/armv6-m/libc.a(lib_a-mprec.o)
                0x00023ef0                __hi0bits
 .text.__lo0bits
                0x00023f2c       0x5c /afs/inf.ed.ac.uk/user/s11/s1119414/INF4/SLIP/gcc-arm-none-eabi-4_8-2014q2/bin/../lib/gcc/arm-none-eabi/4.8.4/../../../../arm-none-eabi/lib/armv6-m/libc.a(lib_a-mprec.o)
                0x00023f2c                __lo0bits
 .text.__i2b    0x00023f88       0x14 /afs/inf.ed.ac.uk/user/s11/s1119414/INF4/SLIP/gcc-arm-none-eabi-4_8-2014q2/bin/../lib/gcc/arm-none-eabi/4.8.4/../../../../arm-none-eabi/lib/armv6-m/libc.a(lib_a-mprec.o)
                0x00023f88                __i2b
 .text.__multiply
                0x00023f9c      0x144 /afs/inf.ed.ac.uk/user/s11/s1119414/INF4/SLIP/gcc-arm-none-eabi-4_8-2014q2/bin/../lib/gcc/arm-none-eabi/4.8.4/../../../../arm-none-eabi/lib/armv6-m/libc.a(lib_a-mprec.o)
                0x00023f9c                __multiply
 .text.__pow5mult
                0x000240e0       0xb8 /afs/inf.ed.ac.uk/user/s11/s1119414/INF4/SLIP/gcc-arm-none-eabi-4_8-2014q2/bin/../lib/gcc/arm-none-eabi/4.8.4/../../../../arm-none-eabi/lib/armv6-m/libc.a(lib_a-mprec.o)
                0x000240e0                __pow5mult
 .text.__lshift
                0x00024198       0xc0 /afs/inf.ed.ac.uk/user/s11/s1119414/INF4/SLIP/gcc-arm-none-eabi-4_8-2014q2/bin/../lib/gcc/arm-none-eabi/4.8.4/../../../../arm-none-eabi/lib/armv6-m/libc.a(lib_a-mprec.o)
                0x00024198                __lshift
 .text.__mcmp   0x00024258       0x38 /afs/inf.ed.ac.uk/user/s11/s1119414/INF4/SLIP/gcc-arm-none-eabi-4_8-2014q2/bin/../lib/gcc/arm-none-eabi/4.8.4/../../../../arm-none-eabi/lib/armv6-m/libc.a(lib_a-mprec.o)
                0x00024258                __mcmp
 .text.__mdiff  0x00024290       0xe8 /afs/inf.ed.ac.uk/user/s11/s1119414/INF4/SLIP/gcc-arm-none-eabi-4_8-2014q2/bin/../lib/gcc/arm-none-eabi/4.8.4/../../../../arm-none-eabi/lib/armv6-m/libc.a(lib_a-mprec.o)
                0x00024290                __mdiff
 .text.__ulp    0x00024378       0x44 /afs/inf.ed.ac.uk/user/s11/s1119414/INF4/SLIP/gcc-arm-none-eabi-4_8-2014q2/bin/../lib/gcc/arm-none-eabi/4.8.4/../../../../arm-none-eabi/lib/armv6-m/libc.a(lib_a-mprec.o)
                0x00024378                __ulp
 .text.__b2d    0x000243bc       0xac /afs/inf.ed.ac.uk/user/s11/s1119414/INF4/SLIP/gcc-arm-none-eabi-4_8-2014q2/bin/../lib/gcc/arm-none-eabi/4.8.4/../../../../arm-none-eabi/lib/armv6-m/libc.a(lib_a-mprec.o)
                0x000243bc                __b2d
 .text.__d2b    0x00024468       0xbc /afs/inf.ed.ac.uk/user/s11/s1119414/INF4/SLIP/gcc-arm-none-eabi-4_8-2014q2/bin/../lib/gcc/arm-none-eabi/4.8.4/../../../../arm-none-eabi/lib/armv6-m/libc.a(lib_a-mprec.o)
                0x00024468                __d2b
 .text.__ratio  0x00024524       0x70 /afs/inf.ed.ac.uk/user/s11/s1119414/INF4/SLIP/gcc-arm-none-eabi-4_8-2014q2/bin/../lib/gcc/arm-none-eabi/4.8.4/../../../../arm-none-eabi/lib/armv6-m/libc.a(lib_a-mprec.o)
                0x00024524                __ratio
 *fill*         0x00024594        0x4 
 .text._mprec_log10
                0x00024598       0x40 /afs/inf.ed.ac.uk/user/s11/s1119414/INF4/SLIP/gcc-arm-none-eabi-4_8-2014q2/bin/../lib/gcc/arm-none-eabi/4.8.4/../../../../arm-none-eabi/lib/armv6-m/libc.a(lib_a-mprec.o)
                0x00024598                _mprec_log10
 .text.__copybits
                0x000245d8       0x40 /afs/inf.ed.ac.uk/user/s11/s1119414/INF4/SLIP/gcc-arm-none-eabi-4_8-2014q2/bin/../lib/gcc/arm-none-eabi/4.8.4/../../../../arm-none-eabi/lib/armv6-m/libc.a(lib_a-mprec.o)
                0x000245d8                __copybits
 .text.__any_on
                0x00024618       0x60 /afs/inf.ed.ac.uk/user/s11/s1119414/INF4/SLIP/gcc-arm-none-eabi-4_8-2014q2/bin/../lib/gcc/arm-none-eabi/4.8.4/../../../../arm-none-eabi/lib/armv6-m/libc.a(lib_a-mprec.o)
                0x00024618                __any_on
 .text          0x00024678        0x0 /afs/inf.ed.ac.uk/user/s11/s1119414/INF4/SLIP/gcc-arm-none-eabi-4_8-2014q2/bin/../lib/gcc/arm-none-eabi/4.8.4/../../../../arm-none-eabi/lib/armv6-m/libc.a(lib_a-s_fpclassify.o)
 .text.__fpclassifyd
                0x00024678       0x60 /afs/inf.ed.ac.uk/user/s11/s1119414/INF4/SLIP/gcc-arm-none-eabi-4_8-2014q2/bin/../lib/gcc/arm-none-eabi/4.8.4/../../../../arm-none-eabi/lib/armv6-m/libc.a(lib_a-s_fpclassify.o)
                0x00024678                __fpclassifyd
 .text          0x000246d8        0x0 /afs/inf.ed.ac.uk/user/s11/s1119414/INF4/SLIP/gcc-arm-none-eabi-4_8-2014q2/bin/../lib/gcc/arm-none-eabi/4.8.4/../../../../arm-none-eabi/lib/armv6-m/libc.a(lib_a-sbrkr.o)
 .text._sbrk_r  0x000246d8       0x24 /afs/inf.ed.ac.uk/user/s11/s1119414/INF4/SLIP/gcc-arm-none-eabi-4_8-2014q2/bin/../lib/gcc/arm-none-eabi/4.8.4/../../../../arm-none-eabi/lib/armv6-m/libc.a(lib_a-sbrkr.o)
                0x000246d8                _sbrk_r
 .text          0x000246fc       0x14 /afs/inf.ed.ac.uk/user/s11/s1119414/INF4/SLIP/gcc-arm-none-eabi-4_8-2014q2/bin/../lib/gcc/arm-none-eabi/4.8.4/../../../../arm-none-eabi/lib/armv6-m/libc.a(lib_a-strcmp.o)
                0x000246fc                strcmp
 .text          0x00024710        0x0 /afs/inf.ed.ac.uk/user/s11/s1119414/INF4/SLIP/gcc-arm-none-eabi-4_8-2014q2/bin/../lib/gcc/arm-none-eabi/4.8.4/../../../../arm-none-eabi/lib/armv6-m/libc.a(lib_a-svfiprintf.o)
 .text.__ssprint_r
                0x00024710      0x12c /afs/inf.ed.ac.uk/user/s11/s1119414/INF4/SLIP/gcc-arm-none-eabi-4_8-2014q2/bin/../lib/gcc/arm-none-eabi/4.8.4/../../../../arm-none-eabi/lib/armv6-m/libc.a(lib_a-svfiprintf.o)
                0x00024710                __ssprint_r
 .text._svfiprintf_r
                0x0002483c      0xac4 /afs/inf.ed.ac.uk/user/s11/s1119414/INF4/SLIP/gcc-arm-none-eabi-4_8-2014q2/bin/../lib/gcc/arm-none-eabi/4.8.4/../../../../arm-none-eabi/lib/armv6-m/libc.a(lib_a-svfiprintf.o)
                0x0002483c                _svfiprintf_r
 .text          0x00025300        0x0 /afs/inf.ed.ac.uk/user/s11/s1119414/INF4/SLIP/gcc-arm-none-eabi-4_8-2014q2/bin/../lib/gcc/arm-none-eabi/4.8.4/../../../../arm-none-eabi/lib/armv6-m/libc.a(lib_a-__atexit.o)
 .text.__register_exitproc
                0x00025300       0xc0 /afs/inf.ed.ac.uk/user/s11/s1119414/INF4/SLIP/gcc-arm-none-eabi-4_8-2014q2/bin/../lib/gcc/arm-none-eabi/4.8.4/../../../../arm-none-eabi/lib/armv6-m/libc.a(lib_a-__atexit.o)
                0x00025300                __register_exitproc
 .text          0x000253c0        0x0 /afs/inf.ed.ac.uk/user/s11/s1119414/INF4/SLIP/gcc-arm-none-eabi-4_8-2014q2/bin/../lib/gcc/arm-none-eabi/4.8.4/../../../../arm-none-eabi/lib/armv6-m/libc.a(lib_a-callocr.o)
 .text._calloc_r
                0x000253c0       0x60 /afs/inf.ed.ac.uk/user/s11/s1119414/INF4/SLIP/gcc-arm-none-eabi-4_8-2014q2/bin/../lib/gcc/arm-none-eabi/4.8.4/../../../../arm-none-eabi/lib/armv6-m/libc.a(lib_a-callocr.o)
                0x000253c0                _calloc_r
 .text          0x00025420        0x0 /afs/inf.ed.ac.uk/user/s11/s1119414/INF4/SLIP/gcc-arm-none-eabi-4_8-2014q2/bin/../lib/gcc/arm-none-eabi/4.8.4/../../../../arm-none-eabi/lib/armv6-m/libc.a(lib_a-freer.o)
 .text._malloc_trim_r
                0x00025420       0xa0 /afs/inf.ed.ac.uk/user/s11/s1119414/INF4/SLIP/gcc-arm-none-eabi-4_8-2014q2/bin/../lib/gcc/arm-none-eabi/4.8.4/../../../../arm-none-eabi/lib/armv6-m/libc.a(lib_a-freer.o)
                0x00025420                _malloc_trim_r
 .text._free_r  0x000254c0      0x190 /afs/inf.ed.ac.uk/user/s11/s1119414/INF4/SLIP/gcc-arm-none-eabi-4_8-2014q2/bin/../lib/gcc/arm-none-eabi/4.8.4/../../../../arm-none-eabi/lib/armv6-m/libc.a(lib_a-freer.o)
                0x000254c0                _free_r
 .text          0x00025650        0x0 /afs/inf.ed.ac.uk/user/s11/s1119414/INF4/SLIP/gcc-arm-none-eabi-4_8-2014q2/bin/../lib/gcc/arm-none-eabi/4.8.4/../../../../arm-none-eabi/lib/armv6-m/libc.a(lib_a-reallocr.o)
 .text._realloc_r
                0x00025650      0x360 /afs/inf.ed.ac.uk/user/s11/s1119414/INF4/SLIP/gcc-arm-none-eabi-4_8-2014q2/bin/../lib/gcc/arm-none-eabi/4.8.4/../../../../arm-none-eabi/lib/armv6-m/libc.a(lib_a-reallocr.o)
                0x00025650                _realloc_r
 .text          0x000259b0        0x0 /afs/inf.ed.ac.uk/user/s11/s1119414/INF4/SLIP/gcc-arm-none-eabi-4_8-2014q2/bin/../lib/gcc/arm-none-eabi/4.8.4/../../../../arm-none-eabi/lib/armv6-m/libc.a(lib_a-reent.o)
 .text.cleanup_glue
                0x000259b0       0x1c /afs/inf.ed.ac.uk/user/s11/s1119414/INF4/SLIP/gcc-arm-none-eabi-4_8-2014q2/bin/../lib/gcc/arm-none-eabi/4.8.4/../../../../arm-none-eabi/lib/armv6-m/libc.a(lib_a-reent.o)
                0x000259b0                cleanup_glue
 .text._reclaim_reent
                0x000259cc       0xa0 /afs/inf.ed.ac.uk/user/s11/s1119414/INF4/SLIP/gcc-arm-none-eabi-4_8-2014q2/bin/../lib/gcc/arm-none-eabi/4.8.4/../../../../arm-none-eabi/lib/armv6-m/libc.a(lib_a-reent.o)
                0x000259cc                _reclaim_reent
 .text          0x00025a6c       0xc0 /afs/inf.ed.ac.uk/user/s11/s1119414/INF4/SLIP/gcc-arm-none-eabi-4_8-2014q2/bin/../lib/gcc/arm-none-eabi/4.8.4/armv6-m/libgcc.a(_divsi3.o)
                0x00025a6c                __aeabi_idiv
                0x00025a6c                __divsi3
                0x00025b18                __aeabi_idivmod
 .text          0x00025b2c       0x7c /afs/inf.ed.ac.uk/user/s11/s1119414/INF4/SLIP/gcc-arm-none-eabi-4_8-2014q2/bin/../lib/gcc/arm-none-eabi/4.8.4/armv6-m/libgcc.a(_arm_cmpdf2.o)
                0x00025b2c                __aeabi_cdrcmple
                0x00025b3c                __aeabi_cdcmple
                0x00025b3c                __aeabi_cdcmpeq
                0x00025b4c                __aeabi_dcmpeq
                0x00025b58                __aeabi_dcmplt
                0x00025b6c                __aeabi_dcmple
                0x00025b80                __aeabi_dcmpgt
                0x00025b94                __aeabi_dcmpge
 .text          0x00025ba8       0x40 /afs/inf.ed.ac.uk/user/s11/s1119414/INF4/SLIP/gcc-arm-none-eabi-4_8-2014q2/bin/../lib/gcc/arm-none-eabi/4.8.4/armv6-m/libgcc.a(_aeabi_uldivmod.o)
                0x00025ba8                __aeabi_uldivmod
 .text          0x00025be8       0x6c /afs/inf.ed.ac.uk/user/s11/s1119414/INF4/SLIP/gcc-arm-none-eabi-4_8-2014q2/bin/../lib/gcc/arm-none-eabi/4.8.4/armv6-m/libgcc.a(bpabi.o)
                0x00025be8                __gnu_ldivmod_helper
                0x00025c20                __gnu_uldivmod_helper
 .text          0x00025c54      0x644 /afs/inf.ed.ac.uk/user/s11/s1119414/INF4/SLIP/gcc-arm-none-eabi-4_8-2014q2/bin/../lib/gcc/arm-none-eabi/4.8.4/armv6-m/libgcc.a(adddf3.o)
                0x00025c54                __aeabi_dadd
 .text          0x00026298      0x648 /afs/inf.ed.ac.uk/user/s11/s1119414/INF4/SLIP/gcc-arm-none-eabi-4_8-2014q2/bin/../lib/gcc/arm-none-eabi/4.8.4/armv6-m/libgcc.a(divdf3.o)
                0x00026298                __aeabi_ddiv
 .text          0x000268e0       0x94 /afs/inf.ed.ac.uk/user/s11/s1119414/INF4/SLIP/gcc-arm-none-eabi-4_8-2014q2/bin/../lib/gcc/arm-none-eabi/4.8.4/armv6-m/libgcc.a(eqdf2.o)
                0x000268e0                __eqdf2
                0x000268e0                __nedf2
 .text          0x00026974       0xfc /afs/inf.ed.ac.uk/user/s11/s1119414/INF4/SLIP/gcc-arm-none-eabi-4_8-2014q2/bin/../lib/gcc/arm-none-eabi/4.8.4/armv6-m/libgcc.a(gedf2.o)
                0x00026974                __gtdf2
                0x00026974                __gedf2
 .text          0x00026a70       0xfc /afs/inf.ed.ac.uk/user/s11/s1119414/INF4/SLIP/gcc-arm-none-eabi-4_8-2014q2/bin/../lib/gcc/arm-none-eabi/4.8.4/armv6-m/libgcc.a(ledf2.o)
                0x00026a70                __ltdf2
                0x00026a70                __ledf2
 .text          0x00026b6c      0x668 /afs/inf.ed.ac.uk/user/s11/s1119414/INF4/SLIP/gcc-arm-none-eabi-4_8-2014q2/bin/../lib/gcc/arm-none-eabi/4.8.4/armv6-m/libgcc.a(subdf3.o)
                0x00026b6c                __aeabi_dsub
 .text          0x000271d4       0x68 /afs/inf.ed.ac.uk/user/s11/s1119414/INF4/SLIP/gcc-arm-none-eabi-4_8-2014q2/bin/../lib/gcc/arm-none-eabi/4.8.4/armv6-m/libgcc.a(fixdfsi.o)
                0x000271d4                __aeabi_d2iz
 .text          0x0002723c       0x7c /afs/inf.ed.ac.uk/user/s11/s1119414/INF4/SLIP/gcc-arm-none-eabi-4_8-2014q2/bin/../lib/gcc/arm-none-eabi/4.8.4/armv6-m/libgcc.a(floatsidf.o)
                0x0002723c                __aeabi_i2d
 .text          0x000272b8       0x68 /afs/inf.ed.ac.uk/user/s11/s1119414/INF4/SLIP/gcc-arm-none-eabi-4_8-2014q2/bin/../lib/gcc/arm-none-eabi/4.8.4/armv6-m/libgcc.a(floatunsidf.o)
                0x000272b8                __aeabi_ui2d
 .text          0x00027320       0x44 /afs/inf.ed.ac.uk/user/s11/s1119414/INF4/SLIP/gcc-arm-none-eabi-4_8-2014q2/bin/../lib/gcc/arm-none-eabi/4.8.4/armv6-m/libgcc.a(_muldi3.o)
                0x00027320                __aeabi_lmul
                0x00027320                __muldi3
 .text          0x00027364      0x3b8 /afs/inf.ed.ac.uk/user/s11/s1119414/INF4/SLIP/gcc-arm-none-eabi-4_8-2014q2/bin/../lib/gcc/arm-none-eabi/4.8.4/armv6-m/libgcc.a(_divdi3.o)
                0x00027364                __divdi3
 .text          0x0002771c      0x384 /afs/inf.ed.ac.uk/user/s11/s1119414/INF4/SLIP/gcc-arm-none-eabi-4_8-2014q2/bin/../lib/gcc/arm-none-eabi/4.8.4/armv6-m/libgcc.a(_udivdi3.o)
                0x0002771c                __udivdi3
 .text          0x00027aa0        0x0 /afs/inf.ed.ac.uk/user/s11/s1119414/INF4/SLIP/gcc-arm-none-eabi-4_8-2014q2/bin/../lib/gcc/arm-none-eabi/4.8.4/armv6-m/crtend.o
 .text          0x00027aa0        0x0 /afs/inf.ed.ac.uk/user/s11/s1119414/INF4/SLIP/gcc-arm-none-eabi-4_8-2014q2/bin/../lib/gcc/arm-none-eabi/4.8.4/armv6-m/crtn.o
 .text          0x00027aa0        0x0 /afs/inf.ed.ac.uk/user/s11/s1119414/INF4/SLIP/gcc-arm-none-eabi-4_8-2014q2/bin/../lib/gcc/arm-none-eabi/4.8.4/../../../../arm-none-eabi/lib/armv6-m/libm.a(lib_a-s_cos.o)
 .text.cos      0x00027aa0       0xa8 /afs/inf.ed.ac.uk/user/s11/s1119414/INF4/SLIP/gcc-arm-none-eabi-4_8-2014q2/bin/../lib/gcc/arm-none-eabi/4.8.4/../../../../arm-none-eabi/lib/armv6-m/libm.a(lib_a-s_cos.o)
                0x00027aa0                cos
 .text          0x00027b48        0x0 /afs/inf.ed.ac.uk/user/s11/s1119414/INF4/SLIP/gcc-arm-none-eabi-4_8-2014q2/bin/../lib/gcc/arm-none-eabi/4.8.4/../../../../arm-none-eabi/lib/armv6-m/libm.a(lib_a-e_rem_pio2.o)
 .text.__ieee754_rem_pio2
                0x00027b48      0x478 /afs/inf.ed.ac.uk/user/s11/s1119414/INF4/SLIP/gcc-arm-none-eabi-4_8-2014q2/bin/../lib/gcc/arm-none-eabi/4.8.4/../../../../arm-none-eabi/lib/armv6-m/libm.a(lib_a-e_rem_pio2.o)
                0x00027b48                __ieee754_rem_pio2
 .text          0x00027fc0        0x0 /afs/inf.ed.ac.uk/user/s11/s1119414/INF4/SLIP/gcc-arm-none-eabi-4_8-2014q2/bin/../lib/gcc/arm-none-eabi/4.8.4/../../../../arm-none-eabi/lib/armv6-m/libm.a(lib_a-k_cos.o)
 .text.__kernel_cos
                0x00027fc0      0x248 /afs/inf.ed.ac.uk/user/s11/s1119414/INF4/SLIP/gcc-arm-none-eabi-4_8-2014q2/bin/../lib/gcc/arm-none-eabi/4.8.4/../../../../arm-none-eabi/lib/armv6-m/libm.a(lib_a-k_cos.o)
                0x00027fc0                __kernel_cos
 .text          0x00028208        0x0 /afs/inf.ed.ac.uk/user/s11/s1119414/INF4/SLIP/gcc-arm-none-eabi-4_8-2014q2/bin/../lib/gcc/arm-none-eabi/4.8.4/../../../../arm-none-eabi/lib/armv6-m/libm.a(lib_a-k_rem_pio2.o)
 .text.__kernel_rem_pio2
                0x00028208      0x830 /afs/inf.ed.ac.uk/user/s11/s1119414/INF4/SLIP/gcc-arm-none-eabi-4_8-2014q2/bin/../lib/gcc/arm-none-eabi/4.8.4/../../../../arm-none-eabi/lib/armv6-m/libm.a(lib_a-k_rem_pio2.o)
                0x00028208                __kernel_rem_pio2
 .text          0x00028a38        0x0 /afs/inf.ed.ac.uk/user/s11/s1119414/INF4/SLIP/gcc-arm-none-eabi-4_8-2014q2/bin/../lib/gcc/arm-none-eabi/4.8.4/../../../../arm-none-eabi/lib/armv6-m/libm.a(lib_a-k_sin.o)
 .text.__kernel_sin
                0x00028a38      0x158 /afs/inf.ed.ac.uk/user/s11/s1119414/INF4/SLIP/gcc-arm-none-eabi-4_8-2014q2/bin/../lib/gcc/arm-none-eabi/4.8.4/../../../../arm-none-eabi/lib/armv6-m/libm.a(lib_a-k_sin.o)
                0x00028a38                __kernel_sin
 .text          0x00028b90        0x0 /afs/inf.ed.ac.uk/user/s11/s1119414/INF4/SLIP/gcc-arm-none-eabi-4_8-2014q2/bin/../lib/gcc/arm-none-eabi/4.8.4/../../../../arm-none-eabi/lib/armv6-m/libm.a(lib_a-s_fabs.o)
 .text.fabs     0x00028b90        0x8 /afs/inf.ed.ac.uk/user/s11/s1119414/INF4/SLIP/gcc-arm-none-eabi-4_8-2014q2/bin/../lib/gcc/arm-none-eabi/4.8.4/../../../../arm-none-eabi/lib/armv6-m/libm.a(lib_a-s_fabs.o)
                0x00028b90                fabs
 .text          0x00028b98        0x0 /afs/inf.ed.ac.uk/user/s11/s1119414/INF4/SLIP/gcc-arm-none-eabi-4_8-2014q2/bin/../lib/gcc/arm-none-eabi/4.8.4/../../../../arm-none-eabi/lib/armv6-m/libm.a(lib_a-s_floor.o)
 .text.floor    0x00028b98      0x170 /afs/inf.ed.ac.uk/user/s11/s1119414/INF4/SLIP/gcc-arm-none-eabi-4_8-2014q2/bin/../lib/gcc/arm-none-eabi/4.8.4/../../../../arm-none-eabi/lib/armv6-m/libm.a(lib_a-s_floor.o)
                0x00028b98                floor
 .text          0x00028d08        0x0 /afs/inf.ed.ac.uk/user/s11/s1119414/INF4/SLIP/gcc-arm-none-eabi-4_8-2014q2/bin/../lib/gcc/arm-none-eabi/4.8.4/../../../../arm-none-eabi/lib/armv6-m/libm.a(lib_a-s_scalbn.o)
 .text.scalbn   0x00028d08      0x110 /afs/inf.ed.ac.uk/user/s11/s1119414/INF4/SLIP/gcc-arm-none-eabi-4_8-2014q2/bin/../lib/gcc/arm-none-eabi/4.8.4/../../../../arm-none-eabi/lib/armv6-m/libm.a(lib_a-s_scalbn.o)
                0x00028d08                scalbn
 .text          0x00028e18        0x0 /afs/inf.ed.ac.uk/user/s11/s1119414/INF4/SLIP/gcc-arm-none-eabi-4_8-2014q2/bin/../lib/gcc/arm-none-eabi/4.8.4/../../../../arm-none-eabi/lib/armv6-m/libm.a(lib_a-s_copysign.o)
 .text.copysign
                0x00028e18       0x10 /afs/inf.ed.ac.uk/user/s11/s1119414/INF4/SLIP/gcc-arm-none-eabi-4_8-2014q2/bin/../lib/gcc/arm-none-eabi/4.8.4/../../../../arm-none-eabi/lib/armv6-m/libm.a(lib_a-s_copysign.o)
                0x00028e18                copysign
 .text          0x00028e28        0x0 /afs/inf.ed.ac.uk/user/s11/s1119414/INF4/SLIP/gcc-arm-none-eabi-4_8-2014q2/bin/../lib/gcc/arm-none-eabi/4.8.4/../../../../arm-none-eabi/lib/armv6-m/libnosys.a(sbrk.o)
 .text._sbrk    0x00028e28       0x34 /afs/inf.ed.ac.uk/user/s11/s1119414/INF4/SLIP/gcc-arm-none-eabi-4_8-2014q2/bin/../lib/gcc/arm-none-eabi/4.8.4/../../../../arm-none-eabi/lib/armv6-m/libnosys.a(sbrk.o)
                0x00028e28                _sbrk
 .text          0x00028e5c        0x0 /afs/inf.ed.ac.uk/user/s11/s1119414/INF4/SLIP/gcc-arm-none-eabi-4_8-2014q2/bin/../lib/gcc/arm-none-eabi/4.8.4/../../../../arm-none-eabi/lib/armv6-m/libnosys.a(_exit.o)
 .text._exit    0x00028e5c        0x4 /afs/inf.ed.ac.uk/user/s11/s1119414/INF4/SLIP/gcc-arm-none-eabi-4_8-2014q2/bin/../lib/gcc/arm-none-eabi/4.8.4/../../../../arm-none-eabi/lib/armv6-m/libnosys.a(_exit.o)
                0x00028e5c                _exit
 *(.init)
 .init          0x00028e60        0x4 /afs/inf.ed.ac.uk/user/s11/s1119414/INF4/SLIP/gcc-arm-none-eabi-4_8-2014q2/bin/../lib/gcc/arm-none-eabi/4.8.4/armv6-m/crti.o
                0x00028e60                _init
 .init          0x00028e64        0x8 /afs/inf.ed.ac.uk/user/s11/s1119414/INF4/SLIP/gcc-arm-none-eabi-4_8-2014q2/bin/../lib/gcc/arm-none-eabi/4.8.4/armv6-m/crtn.o
 *(.fini)
 .fini          0x00028e6c        0x4 /afs/inf.ed.ac.uk/user/s11/s1119414/INF4/SLIP/gcc-arm-none-eabi-4_8-2014q2/bin/../lib/gcc/arm-none-eabi/4.8.4/armv6-m/crti.o
                0x00028e6c                _fini
 .fini          0x00028e70        0x8 /afs/inf.ed.ac.uk/user/s11/s1119414/INF4/SLIP/gcc-arm-none-eabi-4_8-2014q2/bin/../lib/gcc/arm-none-eabi/4.8.4/armv6-m/crtn.o
 *crtbegin.o(.ctors)
 *crtbegin?.o(.ctors)
 *(EXCLUDE_FILE(*crtend.o *crtend?.o) .ctors)
 *(SORT(.ctors.*))
 *(.ctors)
 *crtbegin.o(.dtors)
 *crtbegin?.o(.dtors)
 *(EXCLUDE_FILE(*crtend.o *crtend?.o) .dtors)
 *(SORT(.dtors.*))
 *(.dtors)
 *(.rodata*)
 .rodata        0x00028e78      0x114 _build/main.o
 .rodata        0x00028f8c       0x38 _build/app_button.o
 .rodata        0x00028fc4       0x34 _build/app_timer.o
 .rodata        0x00028ff8       0x1c _build/pstorage.o
 .rodata        0x00029014      0x18c _build/device_manager_peripheral.o
                0x00029014                m_service_context_store
                0x00029024                m_service_context_load
                0x00029034                m_service_context_apply
                0x00029044                m_context_init_len
 .rodata        0x000291a0       0x38 _build/ble_dis.o
 .rodata        0x000291d8       0x3c _build/ble_hrs.o
 .rodata        0x00029214       0x40 _build/ble_srv_common.o
 .rodata        0x00029254       0x3c _build/softdevice_handler.o
 .rodata        0x00029290       0x40 /afs/inf.ed.ac.uk/user/s11/s1119414/INF4/SLIP/gcc-arm-none-eabi-4_8-2014q2/bin/../lib/gcc/arm-none-eabi/4.8.4/armv6-m/libgcc.a(muldf3.o)
 .rodata.str1.4
                0x000292d0        0x2 /afs/inf.ed.ac.uk/user/s11/s1119414/INF4/SLIP/gcc-arm-none-eabi-4_8-2014q2/bin/../lib/gcc/arm-none-eabi/4.8.4/../../../../arm-none-eabi/lib/armv6-m/libc.a(lib_a-impure.o)
                                  0x4 (size before relaxing)
 *fill*         0x000292d2        0x2 
 .rodata._global_impure_ptr
                0x000292d4        0x4 /afs/inf.ed.ac.uk/user/s11/s1119414/INF4/SLIP/gcc-arm-none-eabi-4_8-2014q2/bin/../lib/gcc/arm-none-eabi/4.8.4/../../../../arm-none-eabi/lib/armv6-m/libc.a(lib_a-impure.o)
                0x000292d4                _global_impure_ptr
 .rodata._svfprintf_r
                0x000292d8      0x164 /afs/inf.ed.ac.uk/user/s11/s1119414/INF4/SLIP/gcc-arm-none-eabi-4_8-2014q2/bin/../lib/gcc/arm-none-eabi/4.8.4/../../../../arm-none-eabi/lib/armv6-m/libc.a(lib_a-svfprintf.o)
 .rodata.zeroes.6763
                0x0002943c       0x10 /afs/inf.ed.ac.uk/user/s11/s1119414/INF4/SLIP/gcc-arm-none-eabi-4_8-2014q2/bin/../lib/gcc/arm-none-eabi/4.8.4/../../../../arm-none-eabi/lib/armv6-m/libc.a(lib_a-svfprintf.o)
 .rodata.str1.4
                0x0002944c       0x42 /afs/inf.ed.ac.uk/user/s11/s1119414/INF4/SLIP/gcc-arm-none-eabi-4_8-2014q2/bin/../lib/gcc/arm-none-eabi/4.8.4/../../../../arm-none-eabi/lib/armv6-m/libc.a(lib_a-svfprintf.o)
                                 0x44 (size before relaxing)
 *fill*         0x0002948e        0x2 
 .rodata.blanks.6762
                0x00029490       0x10 /afs/inf.ed.ac.uk/user/s11/s1119414/INF4/SLIP/gcc-arm-none-eabi-4_8-2014q2/bin/../lib/gcc/arm-none-eabi/4.8.4/../../../../arm-none-eabi/lib/armv6-m/libc.a(lib_a-svfprintf.o)
 .rodata.str1.4
                0x000294a0       0x10 /afs/inf.ed.ac.uk/user/s11/s1119414/INF4/SLIP/gcc-arm-none-eabi-4_8-2014q2/bin/../lib/gcc/arm-none-eabi/4.8.4/../../../../arm-none-eabi/lib/armv6-m/libc.a(lib_a-dtoa.o)
                                 0x14 (size before relaxing)
 .rodata.str1.4
                0x000294b0        0xc /afs/inf.ed.ac.uk/user/s11/s1119414/INF4/SLIP/gcc-arm-none-eabi-4_8-2014q2/bin/../lib/gcc/arm-none-eabi/4.8.4/../../../../arm-none-eabi/lib/armv6-m/libc.a(lib_a-locale.o)
                                 0x14 (size before relaxing)
 *fill*         0x000294bc        0x4 
 .rodata.__mprec_tens
                0x000294c0       0xc8 /afs/inf.ed.ac.uk/user/s11/s1119414/INF4/SLIP/gcc-arm-none-eabi-4_8-2014q2/bin/../lib/gcc/arm-none-eabi/4.8.4/../../../../arm-none-eabi/lib/armv6-m/libc.a(lib_a-mprec.o)
                0x000294c0                __mprec_tens
 .rodata.__mprec_bigtens
                0x00029588       0x28 /afs/inf.ed.ac.uk/user/s11/s1119414/INF4/SLIP/gcc-arm-none-eabi-4_8-2014q2/bin/../lib/gcc/arm-none-eabi/4.8.4/../../../../arm-none-eabi/lib/armv6-m/libc.a(lib_a-mprec.o)
                0x00029588                __mprec_bigtens
 .rodata.__mprec_tinytens
                0x000295b0       0x28 /afs/inf.ed.ac.uk/user/s11/s1119414/INF4/SLIP/gcc-arm-none-eabi-4_8-2014q2/bin/../lib/gcc/arm-none-eabi/4.8.4/../../../../arm-none-eabi/lib/armv6-m/libc.a(lib_a-mprec.o)
                0x000295b0                __mprec_tinytens
 .rodata.p05.5269
                0x000295d8        0xc /afs/inf.ed.ac.uk/user/s11/s1119414/INF4/SLIP/gcc-arm-none-eabi-4_8-2014q2/bin/../lib/gcc/arm-none-eabi/4.8.4/../../../../arm-none-eabi/lib/armv6-m/libc.a(lib_a-mprec.o)
 .rodata._svfiprintf_r
                0x000295e4      0x164 /afs/inf.ed.ac.uk/user/s11/s1119414/INF4/SLIP/gcc-arm-none-eabi-4_8-2014q2/bin/../lib/gcc/arm-none-eabi/4.8.4/../../../../arm-none-eabi/lib/armv6-m/libc.a(lib_a-svfiprintf.o)
 .rodata.zeroes.6707
                0x00029748       0x10 /afs/inf.ed.ac.uk/user/s11/s1119414/INF4/SLIP/gcc-arm-none-eabi-4_8-2014q2/bin/../lib/gcc/arm-none-eabi/4.8.4/../../../../arm-none-eabi/lib/armv6-m/libc.a(lib_a-svfiprintf.o)
 .rodata.str1.4
                0x00000000       0x30 /afs/inf.ed.ac.uk/user/s11/s1119414/INF4/SLIP/gcc-arm-none-eabi-4_8-2014q2/bin/../lib/gcc/arm-none-eabi/4.8.4/../../../../arm-none-eabi/lib/armv6-m/libc.a(lib_a-svfiprintf.o)
 .rodata.blanks.6706
                0x00029758       0x10 /afs/inf.ed.ac.uk/user/s11/s1119414/INF4/SLIP/gcc-arm-none-eabi-4_8-2014q2/bin/../lib/gcc/arm-none-eabi/4.8.4/../../../../arm-none-eabi/lib/armv6-m/libc.a(lib_a-svfiprintf.o)
 .rodata        0x00029768       0x40 /afs/inf.ed.ac.uk/user/s11/s1119414/INF4/SLIP/gcc-arm-none-eabi-4_8-2014q2/bin/../lib/gcc/arm-none-eabi/4.8.4/armv6-m/libgcc.a(divdf3.o)
 .rodata.npio2_hw
                0x000297a8       0x80 /afs/inf.ed.ac.uk/user/s11/s1119414/INF4/SLIP/gcc-arm-none-eabi-4_8-2014q2/bin/../lib/gcc/arm-none-eabi/4.8.4/../../../../arm-none-eabi/lib/armv6-m/libm.a(lib_a-e_rem_pio2.o)
 .rodata.two_over_pi
                0x00029828      0x108 /afs/inf.ed.ac.uk/user/s11/s1119414/INF4/SLIP/gcc-arm-none-eabi-4_8-2014q2/bin/../lib/gcc/arm-none-eabi/4.8.4/../../../../arm-none-eabi/lib/armv6-m/libm.a(lib_a-e_rem_pio2.o)
 .rodata.init_jk
                0x00029930       0x10 /afs/inf.ed.ac.uk/user/s11/s1119414/INF4/SLIP/gcc-arm-none-eabi-4_8-2014q2/bin/../lib/gcc/arm-none-eabi/4.8.4/../../../../arm-none-eabi/lib/armv6-m/libm.a(lib_a-k_rem_pio2.o)
 .rodata.PIo2   0x00029940       0x40 /afs/inf.ed.ac.uk/user/s11/s1119414/INF4/SLIP/gcc-arm-none-eabi-4_8-2014q2/bin/../lib/gcc/arm-none-eabi/4.8.4/../../../../arm-none-eabi/lib/armv6-m/libm.a(lib_a-k_rem_pio2.o)
 *(.eh_frame*)
 .eh_frame      0x00029980        0x0 /afs/inf.ed.ac.uk/user/s11/s1119414/INF4/SLIP/gcc-arm-none-eabi-4_8-2014q2/bin/../lib/gcc/arm-none-eabi/4.8.4/armv6-m/crtbegin.o
 .eh_frame      0x00029980        0x4 /afs/inf.ed.ac.uk/user/s11/s1119414/INF4/SLIP/gcc-arm-none-eabi-4_8-2014q2/bin/../lib/gcc/arm-none-eabi/4.8.4/armv6-m/crtend.o

.glue_7         0x00029984        0x0
 .glue_7        0x00000000        0x0 linker stubs

.glue_7t        0x00029984        0x0
 .glue_7t       0x00000000        0x0 linker stubs

.vfp11_veneer   0x00029984        0x0
 .vfp11_veneer  0x00000000        0x0 linker stubs

.v4_bx          0x00029984        0x0
 .v4_bx         0x00000000        0x0 linker stubs

.iplt           0x00029984        0x0
 .iplt          0x00000000        0x0 /afs/inf.ed.ac.uk/user/s11/s1119414/INF4/SLIP/gcc-arm-none-eabi-4_8-2014q2/bin/../lib/gcc/arm-none-eabi/4.8.4/armv6-m/crtbegin.o

.ARM.extab      0x00029984        0x0
 *(.ARM.extab* .gnu.linkonce.armextab.*)
 .ARM.extab     0x00029984        0x0 /afs/inf.ed.ac.uk/user/s11/s1119414/INF4/SLIP/gcc-arm-none-eabi-4_8-2014q2/bin/../lib/gcc/arm-none-eabi/4.8.4/../../../../arm-none-eabi/lib/armv6-m/crt0.o
 .ARM.extab     0x00029984        0x0 /afs/inf.ed.ac.uk/user/s11/s1119414/INF4/SLIP/gcc-arm-none-eabi-4_8-2014q2/bin/../lib/gcc/arm-none-eabi/4.8.4/armv6-m/libgcc.a(_divdi3.o)
 .ARM.extab     0x00029984        0x0 /afs/inf.ed.ac.uk/user/s11/s1119414/INF4/SLIP/gcc-arm-none-eabi-4_8-2014q2/bin/../lib/gcc/arm-none-eabi/4.8.4/armv6-m/libgcc.a(_udivdi3.o)
                0x00029984                __exidx_start = .

.ARM.exidx      0x00029984        0x8
 *(.ARM.exidx* .gnu.linkonce.armexidx.*)
 .ARM.exidx     0x00029984        0x8 /afs/inf.ed.ac.uk/user/s11/s1119414/INF4/SLIP/gcc-arm-none-eabi-4_8-2014q2/bin/../lib/gcc/arm-none-eabi/4.8.4/../../../../arm-none-eabi/lib/armv6-m/crt0.o
 .ARM.exidx     0x0002998c        0x0 /afs/inf.ed.ac.uk/user/s11/s1119414/INF4/SLIP/gcc-arm-none-eabi-4_8-2014q2/bin/../lib/gcc/arm-none-eabi/4.8.4/armv6-m/libgcc.a(_divdi3.o)
                                  0x8 (size before relaxing)
 .ARM.exidx     0x0002998c        0x0 /afs/inf.ed.ac.uk/user/s11/s1119414/INF4/SLIP/gcc-arm-none-eabi-4_8-2014q2/bin/../lib/gcc/arm-none-eabi/4.8.4/armv6-m/libgcc.a(_udivdi3.o)
                                  0x8 (size before relaxing)
                0x0002998c                __exidx_end = .
                0x0002998c                __etext = .

.rel.dyn        0x0002998c        0x0
 .rel.iplt      0x00000000        0x0 /afs/inf.ed.ac.uk/user/s11/s1119414/INF4/SLIP/gcc-arm-none-eabi-4_8-2014q2/bin/../lib/gcc/arm-none-eabi/4.8.4/armv6-m/crtbegin.o

.data           0x20002000      0x8d4 load address 0x0002998c
                0x20002000                __data_start__ = .
 *(vtable)
 *(.data*)
 .data          0x20002000        0x0 /afs/inf.ed.ac.uk/user/s11/s1119414/INF4/SLIP/gcc-arm-none-eabi-4_8-2014q2/bin/../lib/gcc/arm-none-eabi/4.8.4/armv6-m/crti.o
 .data          0x20002000        0x4 /afs/inf.ed.ac.uk/user/s11/s1119414/INF4/SLIP/gcc-arm-none-eabi-4_8-2014q2/bin/../lib/gcc/arm-none-eabi/4.8.4/armv6-m/crtbegin.o
                0x20002000                __dso_handle
 .data          0x20002004        0x0 /afs/inf.ed.ac.uk/user/s11/s1119414/INF4/SLIP/gcc-arm-none-eabi-4_8-2014q2/bin/../lib/gcc/arm-none-eabi/4.8.4/../../../../arm-none-eabi/lib/armv6-m/crt0.o
 .data          0x20002004        0x0 _build/startup_nrf51.os
 .data          0x20002004        0x4 _build/system_nrf51.o
                0x20002004                SystemCoreClock
 .data          0x20002008        0x4 _build/main.o
 .data          0x2000200c        0x0 _build/app_gpiote.o
 .data          0x2000200c        0x0 _build/app_button.o
 .data          0x2000200c        0x0 _build/app_timer.o
 .data          0x2000200c        0x0 _build/app_trace.o
 .data          0x2000200c        0x0 _build/ble_advdata.o
 .data          0x2000200c        0x0 _build/ble_conn_params.o
 .data          0x2000200c        0x0 _build/ble_sensorsim.o
 .data          0x2000200c        0x0 _build/pstorage.o
 .data          0x2000200c        0x0 _build/device_manager_peripheral.o
 .data          0x2000200c        0x0 _build/ble_bas.o
 .data          0x2000200c        0x0 _build/ble_dis.o
 .data          0x2000200c        0x0 _build/ble_hrs.o
 .data          0x2000200c        0x0 _build/ble_srv_common.o
 .data          0x2000200c        0x0 _build/crc16.o
 .data          0x2000200c        0x0 _build/softdevice_handler.o
 .data          0x2000200c        0x0 _build/simple_uart.o
 .data          0x2000200c        0x0 /afs/inf.ed.ac.uk/user/s11/s1119414/INF4/SLIP/gcc-arm-none-eabi-4_8-2014q2/bin/../lib/gcc/arm-none-eabi/4.8.4/armv6-m/libgcc.a(_udivsi3.o)
 .data          0x2000200c        0x0 /afs/inf.ed.ac.uk/user/s11/s1119414/INF4/SLIP/gcc-arm-none-eabi-4_8-2014q2/bin/../lib/gcc/arm-none-eabi/4.8.4/armv6-m/libgcc.a(_dvmd_tls.o)
 .data          0x2000200c        0x0 /afs/inf.ed.ac.uk/user/s11/s1119414/INF4/SLIP/gcc-arm-none-eabi-4_8-2014q2/bin/../lib/gcc/arm-none-eabi/4.8.4/armv6-m/libgcc.a(muldf3.o)
 .data          0x2000200c        0x0 /afs/inf.ed.ac.uk/user/s11/s1119414/INF4/SLIP/gcc-arm-none-eabi-4_8-2014q2/bin/../lib/gcc/arm-none-eabi/4.8.4/armv6-m/libgcc.a(_clzsi2.o)
 .data          0x2000200c        0x0 /afs/inf.ed.ac.uk/user/s11/s1119414/INF4/SLIP/gcc-arm-none-eabi-4_8-2014q2/bin/../lib/gcc/arm-none-eabi/4.8.4/../../../../arm-none-eabi/lib/armv6-m/libc.a(lib_a-exit.o)
 .data          0x2000200c        0x0 /afs/inf.ed.ac.uk/user/s11/s1119414/INF4/SLIP/gcc-arm-none-eabi-4_8-2014q2/bin/../lib/gcc/arm-none-eabi/4.8.4/../../../../arm-none-eabi/lib/armv6-m/libc.a(lib_a-impure.o)
 *fill*         0x2000200c        0x4 
 .data.impure_data
                0x20002010      0x428 /afs/inf.ed.ac.uk/user/s11/s1119414/INF4/SLIP/gcc-arm-none-eabi-4_8-2014q2/bin/../lib/gcc/arm-none-eabi/4.8.4/../../../../arm-none-eabi/lib/armv6-m/libc.a(lib_a-impure.o)
 .data._impure_ptr
                0x20002438        0x4 /afs/inf.ed.ac.uk/user/s11/s1119414/INF4/SLIP/gcc-arm-none-eabi-4_8-2014q2/bin/../lib/gcc/arm-none-eabi/4.8.4/../../../../arm-none-eabi/lib/armv6-m/libc.a(lib_a-impure.o)
                0x20002438                _impure_ptr
 .data          0x2000243c        0x0 /afs/inf.ed.ac.uk/user/s11/s1119414/INF4/SLIP/gcc-arm-none-eabi-4_8-2014q2/bin/../lib/gcc/arm-none-eabi/4.8.4/../../../../arm-none-eabi/lib/armv6-m/libc.a(lib_a-init.o)
 .data          0x2000243c        0x0 /afs/inf.ed.ac.uk/user/s11/s1119414/INF4/SLIP/gcc-arm-none-eabi-4_8-2014q2/bin/../lib/gcc/arm-none-eabi/4.8.4/../../../../arm-none-eabi/lib/armv6-m/libc.a(lib_a-memcmp.o)
 .data          0x2000243c        0x0 /afs/inf.ed.ac.uk/user/s11/s1119414/INF4/SLIP/gcc-arm-none-eabi-4_8-2014q2/bin/../lib/gcc/arm-none-eabi/4.8.4/../../../../arm-none-eabi/lib/armv6-m/libc.a(lib_a-memcpy-stub.o)
 .data          0x2000243c        0x0 /afs/inf.ed.ac.uk/user/s11/s1119414/INF4/SLIP/gcc-arm-none-eabi-4_8-2014q2/bin/../lib/gcc/arm-none-eabi/4.8.4/../../../../arm-none-eabi/lib/armv6-m/libc.a(lib_a-memmove.o)
 .data          0x2000243c        0x0 /afs/inf.ed.ac.uk/user/s11/s1119414/INF4/SLIP/gcc-arm-none-eabi-4_8-2014q2/bin/../lib/gcc/arm-none-eabi/4.8.4/../../../../arm-none-eabi/lib/armv6-m/libc.a(lib_a-memset.o)
 .data          0x2000243c        0x0 /afs/inf.ed.ac.uk/user/s11/s1119414/INF4/SLIP/gcc-arm-none-eabi-4_8-2014q2/bin/../lib/gcc/arm-none-eabi/4.8.4/../../../../arm-none-eabi/lib/armv6-m/libc.a(lib_a-sprintf.o)
 .data          0x2000243c        0x0 /afs/inf.ed.ac.uk/user/s11/s1119414/INF4/SLIP/gcc-arm-none-eabi-4_8-2014q2/bin/../lib/gcc/arm-none-eabi/4.8.4/../../../../arm-none-eabi/lib/armv6-m/libc.a(lib_a-strlen.o)
 .data          0x2000243c        0x0 /afs/inf.ed.ac.uk/user/s11/s1119414/INF4/SLIP/gcc-arm-none-eabi-4_8-2014q2/bin/../lib/gcc/arm-none-eabi/4.8.4/../../../../arm-none-eabi/lib/armv6-m/libc.a(lib_a-svfprintf.o)
 .data          0x2000243c        0x0 /afs/inf.ed.ac.uk/user/s11/s1119414/INF4/SLIP/gcc-arm-none-eabi-4_8-2014q2/bin/../lib/gcc/arm-none-eabi/4.8.4/../../../../arm-none-eabi/lib/armv6-m/libc.a(lib_a-__call_atexit.o)
 .data          0x2000243c        0x0 /afs/inf.ed.ac.uk/user/s11/s1119414/INF4/SLIP/gcc-arm-none-eabi-4_8-2014q2/bin/../lib/gcc/arm-none-eabi/4.8.4/../../../../arm-none-eabi/lib/armv6-m/libc.a(lib_a-atexit.o)
 .data          0x2000243c        0x0 /afs/inf.ed.ac.uk/user/s11/s1119414/INF4/SLIP/gcc-arm-none-eabi-4_8-2014q2/bin/../lib/gcc/arm-none-eabi/4.8.4/../../../../arm-none-eabi/lib/armv6-m/libc.a(lib_a-dtoa.o)
 .data          0x2000243c        0x0 /afs/inf.ed.ac.uk/user/s11/s1119414/INF4/SLIP/gcc-arm-none-eabi-4_8-2014q2/bin/../lib/gcc/arm-none-eabi/4.8.4/../../../../arm-none-eabi/lib/armv6-m/libc.a(lib_a-fini.o)
 .data          0x2000243c        0x0 /afs/inf.ed.ac.uk/user/s11/s1119414/INF4/SLIP/gcc-arm-none-eabi-4_8-2014q2/bin/../lib/gcc/arm-none-eabi/4.8.4/../../../../arm-none-eabi/lib/armv6-m/libc.a(lib_a-locale.o)
 .data.lc_message_charset
                0x2000243c       0x20 /afs/inf.ed.ac.uk/user/s11/s1119414/INF4/SLIP/gcc-arm-none-eabi-4_8-2014q2/bin/../lib/gcc/arm-none-eabi/4.8.4/../../../../arm-none-eabi/lib/armv6-m/libc.a(lib_a-locale.o)
 .data.lconv    0x2000245c       0x38 /afs/inf.ed.ac.uk/user/s11/s1119414/INF4/SLIP/gcc-arm-none-eabi-4_8-2014q2/bin/../lib/gcc/arm-none-eabi/4.8.4/../../../../arm-none-eabi/lib/armv6-m/libc.a(lib_a-locale.o)
 .data.lc_ctype_charset
                0x20002494       0x20 /afs/inf.ed.ac.uk/user/s11/s1119414/INF4/SLIP/gcc-arm-none-eabi-4_8-2014q2/bin/../lib/gcc/arm-none-eabi/4.8.4/../../../../arm-none-eabi/lib/armv6-m/libc.a(lib_a-locale.o)
 .data.__mb_cur_max
                0x200024b4        0x4 /afs/inf.ed.ac.uk/user/s11/s1119414/INF4/SLIP/gcc-arm-none-eabi-4_8-2014q2/bin/../lib/gcc/arm-none-eabi/4.8.4/../../../../arm-none-eabi/lib/armv6-m/libc.a(lib_a-locale.o)
                0x200024b4                __mb_cur_max
 .data          0x200024b8        0x0 /afs/inf.ed.ac.uk/user/s11/s1119414/INF4/SLIP/gcc-arm-none-eabi-4_8-2014q2/bin/../lib/gcc/arm-none-eabi/4.8.4/../../../../arm-none-eabi/lib/armv6-m/libc.a(lib_a-mallocr.o)
 .data.__malloc_av_
                0x200024b8      0x408 /afs/inf.ed.ac.uk/user/s11/s1119414/INF4/SLIP/gcc-arm-none-eabi-4_8-2014q2/bin/../lib/gcc/arm-none-eabi/4.8.4/../../../../arm-none-eabi/lib/armv6-m/libc.a(lib_a-mallocr.o)
                0x200024b8                __malloc_av_
 .data.__malloc_trim_threshold
                0x200028c0        0x4 /afs/inf.ed.ac.uk/user/s11/s1119414/INF4/SLIP/gcc-arm-none-eabi-4_8-2014q2/bin/../lib/gcc/arm-none-eabi/4.8.4/../../../../arm-none-eabi/lib/armv6-m/libc.a(lib_a-mallocr.o)
                0x200028c0                __malloc_trim_threshold
 .data.__malloc_sbrk_base
                0x200028c4        0x4 /afs/inf.ed.ac.uk/user/s11/s1119414/INF4/SLIP/gcc-arm-none-eabi-4_8-2014q2/bin/../lib/gcc/arm-none-eabi/4.8.4/../../../../arm-none-eabi/lib/armv6-m/libc.a(lib_a-mallocr.o)
                0x200028c4                __malloc_sbrk_base
 .data          0x200028c8        0x0 /afs/inf.ed.ac.uk/user/s11/s1119414/INF4/SLIP/gcc-arm-none-eabi-4_8-2014q2/bin/../lib/gcc/arm-none-eabi/4.8.4/../../../../arm-none-eabi/lib/armv6-m/libc.a(lib_a-memchr-stub.o)
 .data          0x200028c8        0x0 /afs/inf.ed.ac.uk/user/s11/s1119414/INF4/SLIP/gcc-arm-none-eabi-4_8-2014q2/bin/../lib/gcc/arm-none-eabi/4.8.4/../../../../arm-none-eabi/lib/armv6-m/libc.a(lib_a-mlock.o)
 .data          0x200028c8        0x0 /afs/inf.ed.ac.uk/user/s11/s1119414/INF4/SLIP/gcc-arm-none-eabi-4_8-2014q2/bin/../lib/gcc/arm-none-eabi/4.8.4/../../../../arm-none-eabi/lib/armv6-m/libc.a(lib_a-mprec.o)
 .data          0x200028c8        0x0 /afs/inf.ed.ac.uk/user/s11/s1119414/INF4/SLIP/gcc-arm-none-eabi-4_8-2014q2/bin/../lib/gcc/arm-none-eabi/4.8.4/../../../../arm-none-eabi/lib/armv6-m/libc.a(lib_a-s_fpclassify.o)
 .data          0x200028c8        0x0 /afs/inf.ed.ac.uk/user/s11/s1119414/INF4/SLIP/gcc-arm-none-eabi-4_8-2014q2/bin/../lib/gcc/arm-none-eabi/4.8.4/../../../../arm-none-eabi/lib/armv6-m/libc.a(lib_a-sbrkr.o)
 .data          0x200028c8        0x0 /afs/inf.ed.ac.uk/user/s11/s1119414/INF4/SLIP/gcc-arm-none-eabi-4_8-2014q2/bin/../lib/gcc/arm-none-eabi/4.8.4/../../../../arm-none-eabi/lib/armv6-m/libc.a(lib_a-strcmp.o)
 .data          0x200028c8        0x0 /afs/inf.ed.ac.uk/user/s11/s1119414/INF4/SLIP/gcc-arm-none-eabi-4_8-2014q2/bin/../lib/gcc/arm-none-eabi/4.8.4/../../../../arm-none-eabi/lib/armv6-m/libc.a(lib_a-svfiprintf.o)
 .data          0x200028c8        0x0 /afs/inf.ed.ac.uk/user/s11/s1119414/INF4/SLIP/gcc-arm-none-eabi-4_8-2014q2/bin/../lib/gcc/arm-none-eabi/4.8.4/../../../../arm-none-eabi/lib/armv6-m/libc.a(lib_a-__atexit.o)
 .data          0x200028c8        0x0 /afs/inf.ed.ac.uk/user/s11/s1119414/INF4/SLIP/gcc-arm-none-eabi-4_8-2014q2/bin/../lib/gcc/arm-none-eabi/4.8.4/../../../../arm-none-eabi/lib/armv6-m/libc.a(lib_a-callocr.o)
 .data          0x200028c8        0x0 /afs/inf.ed.ac.uk/user/s11/s1119414/INF4/SLIP/gcc-arm-none-eabi-4_8-2014q2/bin/../lib/gcc/arm-none-eabi/4.8.4/../../../../arm-none-eabi/lib/armv6-m/libc.a(lib_a-freer.o)
 .data          0x200028c8        0x0 /afs/inf.ed.ac.uk/user/s11/s1119414/INF4/SLIP/gcc-arm-none-eabi-4_8-2014q2/bin/../lib/gcc/arm-none-eabi/4.8.4/../../../../arm-none-eabi/lib/armv6-m/libc.a(lib_a-reallocr.o)
 .data          0x200028c8        0x0 /afs/inf.ed.ac.uk/user/s11/s1119414/INF4/SLIP/gcc-arm-none-eabi-4_8-2014q2/bin/../lib/gcc/arm-none-eabi/4.8.4/../../../../arm-none-eabi/lib/armv6-m/libc.a(lib_a-reent.o)
 .data          0x200028c8        0x0 /afs/inf.ed.ac.uk/user/s11/s1119414/INF4/SLIP/gcc-arm-none-eabi-4_8-2014q2/bin/../lib/gcc/arm-none-eabi/4.8.4/armv6-m/libgcc.a(_divsi3.o)
 .data          0x200028c8        0x0 /afs/inf.ed.ac.uk/user/s11/s1119414/INF4/SLIP/gcc-arm-none-eabi-4_8-2014q2/bin/../lib/gcc/arm-none-eabi/4.8.4/armv6-m/libgcc.a(_arm_cmpdf2.o)
 .data          0x200028c8        0x0 /afs/inf.ed.ac.uk/user/s11/s1119414/INF4/SLIP/gcc-arm-none-eabi-4_8-2014q2/bin/../lib/gcc/arm-none-eabi/4.8.4/armv6-m/libgcc.a(_aeabi_uldivmod.o)
 .data          0x200028c8        0x0 /afs/inf.ed.ac.uk/user/s11/s1119414/INF4/SLIP/gcc-arm-none-eabi-4_8-2014q2/bin/../lib/gcc/arm-none-eabi/4.8.4/armv6-m/libgcc.a(bpabi.o)
 .data          0x200028c8        0x0 /afs/inf.ed.ac.uk/user/s11/s1119414/INF4/SLIP/gcc-arm-none-eabi-4_8-2014q2/bin/../lib/gcc/arm-none-eabi/4.8.4/armv6-m/libgcc.a(adddf3.o)
 .data          0x200028c8        0x0 /afs/inf.ed.ac.uk/user/s11/s1119414/INF4/SLIP/gcc-arm-none-eabi-4_8-2014q2/bin/../lib/gcc/arm-none-eabi/4.8.4/armv6-m/libgcc.a(divdf3.o)
 .data          0x200028c8        0x0 /afs/inf.ed.ac.uk/user/s11/s1119414/INF4/SLIP/gcc-arm-none-eabi-4_8-2014q2/bin/../lib/gcc/arm-none-eabi/4.8.4/armv6-m/libgcc.a(eqdf2.o)
 .data          0x200028c8        0x0 /afs/inf.ed.ac.uk/user/s11/s1119414/INF4/SLIP/gcc-arm-none-eabi-4_8-2014q2/bin/../lib/gcc/arm-none-eabi/4.8.4/armv6-m/libgcc.a(gedf2.o)
 .data          0x200028c8        0x0 /afs/inf.ed.ac.uk/user/s11/s1119414/INF4/SLIP/gcc-arm-none-eabi-4_8-2014q2/bin/../lib/gcc/arm-none-eabi/4.8.4/armv6-m/libgcc.a(ledf2.o)
 .data          0x200028c8        0x0 /afs/inf.ed.ac.uk/user/s11/s1119414/INF4/SLIP/gcc-arm-none-eabi-4_8-2014q2/bin/../lib/gcc/arm-none-eabi/4.8.4/armv6-m/libgcc.a(subdf3.o)
 .data          0x200028c8        0x0 /afs/inf.ed.ac.uk/user/s11/s1119414/INF4/SLIP/gcc-arm-none-eabi-4_8-2014q2/bin/../lib/gcc/arm-none-eabi/4.8.4/armv6-m/libgcc.a(fixdfsi.o)
 .data          0x200028c8        0x0 /afs/inf.ed.ac.uk/user/s11/s1119414/INF4/SLIP/gcc-arm-none-eabi-4_8-2014q2/bin/../lib/gcc/arm-none-eabi/4.8.4/armv6-m/libgcc.a(floatsidf.o)
 .data          0x200028c8        0x0 /afs/inf.ed.ac.uk/user/s11/s1119414/INF4/SLIP/gcc-arm-none-eabi-4_8-2014q2/bin/../lib/gcc/arm-none-eabi/4.8.4/armv6-m/libgcc.a(floatunsidf.o)
 .data          0x200028c8        0x0 /afs/inf.ed.ac.uk/user/s11/s1119414/INF4/SLIP/gcc-arm-none-eabi-4_8-2014q2/bin/../lib/gcc/arm-none-eabi/4.8.4/armv6-m/libgcc.a(_muldi3.o)
 .data          0x200028c8        0x0 /afs/inf.ed.ac.uk/user/s11/s1119414/INF4/SLIP/gcc-arm-none-eabi-4_8-2014q2/bin/../lib/gcc/arm-none-eabi/4.8.4/armv6-m/libgcc.a(_divdi3.o)
 .data          0x200028c8        0x0 /afs/inf.ed.ac.uk/user/s11/s1119414/INF4/SLIP/gcc-arm-none-eabi-4_8-2014q2/bin/../lib/gcc/arm-none-eabi/4.8.4/armv6-m/libgcc.a(_udivdi3.o)
 .data          0x200028c8        0x0 /afs/inf.ed.ac.uk/user/s11/s1119414/INF4/SLIP/gcc-arm-none-eabi-4_8-2014q2/bin/../lib/gcc/arm-none-eabi/4.8.4/armv6-m/crtend.o
 .data          0x200028c8        0x0 /afs/inf.ed.ac.uk/user/s11/s1119414/INF4/SLIP/gcc-arm-none-eabi-4_8-2014q2/bin/../lib/gcc/arm-none-eabi/4.8.4/armv6-m/crtn.o
 .data          0x200028c8        0x0 /afs/inf.ed.ac.uk/user/s11/s1119414/INF4/SLIP/gcc-arm-none-eabi-4_8-2014q2/bin/../lib/gcc/arm-none-eabi/4.8.4/../../../../arm-none-eabi/lib/armv6-m/libm.a(lib_a-s_cos.o)
 .data          0x200028c8        0x0 /afs/inf.ed.ac.uk/user/s11/s1119414/INF4/SLIP/gcc-arm-none-eabi-4_8-2014q2/bin/../lib/gcc/arm-none-eabi/4.8.4/../../../../arm-none-eabi/lib/armv6-m/libm.a(lib_a-e_rem_pio2.o)
 .data          0x200028c8        0x0 /afs/inf.ed.ac.uk/user/s11/s1119414/INF4/SLIP/gcc-arm-none-eabi-4_8-2014q2/bin/../lib/gcc/arm-none-eabi/4.8.4/../../../../arm-none-eabi/lib/armv6-m/libm.a(lib_a-k_cos.o)
 .data          0x200028c8        0x0 /afs/inf.ed.ac.uk/user/s11/s1119414/INF4/SLIP/gcc-arm-none-eabi-4_8-2014q2/bin/../lib/gcc/arm-none-eabi/4.8.4/../../../../arm-none-eabi/lib/armv6-m/libm.a(lib_a-k_rem_pio2.o)
 .data          0x200028c8        0x0 /afs/inf.ed.ac.uk/user/s11/s1119414/INF4/SLIP/gcc-arm-none-eabi-4_8-2014q2/bin/../lib/gcc/arm-none-eabi/4.8.4/../../../../arm-none-eabi/lib/armv6-m/libm.a(lib_a-k_sin.o)
 .data          0x200028c8        0x0 /afs/inf.ed.ac.uk/user/s11/s1119414/INF4/SLIP/gcc-arm-none-eabi-4_8-2014q2/bin/../lib/gcc/arm-none-eabi/4.8.4/../../../../arm-none-eabi/lib/armv6-m/libm.a(lib_a-s_fabs.o)
 .data          0x200028c8        0x0 /afs/inf.ed.ac.uk/user/s11/s1119414/INF4/SLIP/gcc-arm-none-eabi-4_8-2014q2/bin/../lib/gcc/arm-none-eabi/4.8.4/../../../../arm-none-eabi/lib/armv6-m/libm.a(lib_a-s_floor.o)
 .data          0x200028c8        0x0 /afs/inf.ed.ac.uk/user/s11/s1119414/INF4/SLIP/gcc-arm-none-eabi-4_8-2014q2/bin/../lib/gcc/arm-none-eabi/4.8.4/../../../../arm-none-eabi/lib/armv6-m/libm.a(lib_a-s_scalbn.o)
 .data          0x200028c8        0x0 /afs/inf.ed.ac.uk/user/s11/s1119414/INF4/SLIP/gcc-arm-none-eabi-4_8-2014q2/bin/../lib/gcc/arm-none-eabi/4.8.4/../../../../arm-none-eabi/lib/armv6-m/libm.a(lib_a-s_copysign.o)
 .data          0x200028c8        0x0 /afs/inf.ed.ac.uk/user/s11/s1119414/INF4/SLIP/gcc-arm-none-eabi-4_8-2014q2/bin/../lib/gcc/arm-none-eabi/4.8.4/../../../../arm-none-eabi/lib/armv6-m/libnosys.a(sbrk.o)
 .data          0x200028c8        0x0 /afs/inf.ed.ac.uk/user/s11/s1119414/INF4/SLIP/gcc-arm-none-eabi-4_8-2014q2/bin/../lib/gcc/arm-none-eabi/4.8.4/../../../../arm-none-eabi/lib/armv6-m/libnosys.a(_exit.o)
                0x200028c8                . = ALIGN (0x4)
                0x200028c8                PROVIDE (__preinit_array_start, .)
 *(.preinit_array)
                0x200028c8                PROVIDE (__preinit_array_end, .)
                0x200028c8                . = ALIGN (0x4)
                0x200028c8                PROVIDE (__init_array_start, .)
 *(SORT(.init_array.*))
 .init_array.00000
                0x200028c8        0x4 /afs/inf.ed.ac.uk/user/s11/s1119414/INF4/SLIP/gcc-arm-none-eabi-4_8-2014q2/bin/../lib/gcc/arm-none-eabi/4.8.4/../../../../arm-none-eabi/lib/armv6-m/libc.a(lib_a-__call_atexit.o)
 *(.init_array)
 .init_array    0x200028cc        0x4 /afs/inf.ed.ac.uk/user/s11/s1119414/INF4/SLIP/gcc-arm-none-eabi-4_8-2014q2/bin/../lib/gcc/arm-none-eabi/4.8.4/armv6-m/crtbegin.o
                0x200028d0                PROVIDE (__init_array_end, .)
                0x200028d0                . = ALIGN (0x4)
                0x200028d0                PROVIDE (__fini_array_start, .)
 *(SORT(.fini_array.*))
 *(.fini_array)
 .fini_array    0x200028d0        0x4 /afs/inf.ed.ac.uk/user/s11/s1119414/INF4/SLIP/gcc-arm-none-eabi-4_8-2014q2/bin/../lib/gcc/arm-none-eabi/4.8.4/armv6-m/crtbegin.o
                0x200028d4                PROVIDE (__fini_array_end, .)
                0x200028d4                . = ALIGN (0x4)
                0x200028d4                __data_end__ = .

.jcr            0x200028d4        0x4 load address 0x0002a260
 .jcr           0x200028d4        0x0 /afs/inf.ed.ac.uk/user/s11/s1119414/INF4/SLIP/gcc-arm-none-eabi-4_8-2014q2/bin/../lib/gcc/arm-none-eabi/4.8.4/armv6-m/crtbegin.o
 .jcr           0x200028d4        0x4 /afs/inf.ed.ac.uk/user/s11/s1119414/INF4/SLIP/gcc-arm-none-eabi-4_8-2014q2/bin/../lib/gcc/arm-none-eabi/4.8.4/armv6-m/crtend.o

.igot.plt       0x200028d8        0x0 load address 0x0002a264
 .igot.plt      0x00000000        0x0 /afs/inf.ed.ac.uk/user/s11/s1119414/INF4/SLIP/gcc-arm-none-eabi-4_8-2014q2/bin/../lib/gcc/arm-none-eabi/4.8.4/armv6-m/crtbegin.o

.bss            0x200028d8      0x820 load address 0x0002a264
                0x200028d8                __bss_start__ = .
 *(.bss*)
 .bss           0x200028d8        0x0 /afs/inf.ed.ac.uk/user/s11/s1119414/INF4/SLIP/gcc-arm-none-eabi-4_8-2014q2/bin/../lib/gcc/arm-none-eabi/4.8.4/armv6-m/crti.o
 .bss           0x200028d8       0x1c /afs/inf.ed.ac.uk/user/s11/s1119414/INF4/SLIP/gcc-arm-none-eabi-4_8-2014q2/bin/../lib/gcc/arm-none-eabi/4.8.4/armv6-m/crtbegin.o
 .bss           0x200028f4        0x0 /afs/inf.ed.ac.uk/user/s11/s1119414/INF4/SLIP/gcc-arm-none-eabi-4_8-2014q2/bin/../lib/gcc/arm-none-eabi/4.8.4/../../../../arm-none-eabi/lib/armv6-m/crt0.o
 .bss           0x200028f4        0x0 _build/startup_nrf51.os
 .bss           0x200028f4        0x0 _build/system_nrf51.o
 .bss           0x200028f4      0x3f0 _build/main.o
 .bss           0x20002ce4        0xc _build/app_gpiote.o
 .bss           0x20002cf0       0x20 _build/app_button.o
 .bss           0x20002d10       0x2c _build/app_timer.o
 .bss           0x20002d3c        0x0 _build/app_trace.o
 .bss           0x20002d3c        0x0 _build/ble_advdata.o
 .bss           0x20002d3c       0x38 _build/ble_conn_params.o
 .bss           0x20002d74        0x0 _build/ble_sensorsim.o
 .bss           0x20002d74       0xe8 _build/pstorage.o
 .bss           0x20002e5c      0x124 _build/device_manager_peripheral.o
 .bss           0x20002f80        0x0 _build/ble_bas.o
 .bss           0x20002f80       0x4c _build/ble_dis.o
 .bss           0x20002fcc        0x0 _build/ble_hrs.o
 .bss           0x20002fcc        0x0 _build/ble_srv_common.o
 .bss           0x20002fcc        0x0 _build/crc16.o
 .bss           0x20002fcc       0x14 _build/softdevice_handler.o
 .bss           0x20002fe0        0x0 _build/simple_uart.o
 .bss           0x20002fe0        0x0 /afs/inf.ed.ac.uk/user/s11/s1119414/INF4/SLIP/gcc-arm-none-eabi-4_8-2014q2/bin/../lib/gcc/arm-none-eabi/4.8.4/armv6-m/libgcc.a(_udivsi3.o)
 .bss           0x20002fe0        0x0 /afs/inf.ed.ac.uk/user/s11/s1119414/INF4/SLIP/gcc-arm-none-eabi-4_8-2014q2/bin/../lib/gcc/arm-none-eabi/4.8.4/armv6-m/libgcc.a(_dvmd_tls.o)
 .bss           0x20002fe0        0x0 /afs/inf.ed.ac.uk/user/s11/s1119414/INF4/SLIP/gcc-arm-none-eabi-4_8-2014q2/bin/../lib/gcc/arm-none-eabi/4.8.4/armv6-m/libgcc.a(muldf3.o)
 .bss           0x20002fe0        0x0 /afs/inf.ed.ac.uk/user/s11/s1119414/INF4/SLIP/gcc-arm-none-eabi-4_8-2014q2/bin/../lib/gcc/arm-none-eabi/4.8.4/armv6-m/libgcc.a(_clzsi2.o)
 .bss           0x20002fe0        0x0 /afs/inf.ed.ac.uk/user/s11/s1119414/INF4/SLIP/gcc-arm-none-eabi-4_8-2014q2/bin/../lib/gcc/arm-none-eabi/4.8.4/../../../../arm-none-eabi/lib/armv6-m/libc.a(lib_a-exit.o)
 .bss           0x20002fe0        0x0 /afs/inf.ed.ac.uk/user/s11/s1119414/INF4/SLIP/gcc-arm-none-eabi-4_8-2014q2/bin/../lib/gcc/arm-none-eabi/4.8.4/../../../../arm-none-eabi/lib/armv6-m/libc.a(lib_a-impure.o)
 .bss           0x20002fe0        0x0 /afs/inf.ed.ac.uk/user/s11/s1119414/INF4/SLIP/gcc-arm-none-eabi-4_8-2014q2/bin/../lib/gcc/arm-none-eabi/4.8.4/../../../../arm-none-eabi/lib/armv6-m/libc.a(lib_a-init.o)
 .bss           0x20002fe0        0x0 /afs/inf.ed.ac.uk/user/s11/s1119414/INF4/SLIP/gcc-arm-none-eabi-4_8-2014q2/bin/../lib/gcc/arm-none-eabi/4.8.4/../../../../arm-none-eabi/lib/armv6-m/libc.a(lib_a-memcmp.o)
 .bss           0x20002fe0        0x0 /afs/inf.ed.ac.uk/user/s11/s1119414/INF4/SLIP/gcc-arm-none-eabi-4_8-2014q2/bin/../lib/gcc/arm-none-eabi/4.8.4/../../../../arm-none-eabi/lib/armv6-m/libc.a(lib_a-memcpy-stub.o)
 .bss           0x20002fe0        0x0 /afs/inf.ed.ac.uk/user/s11/s1119414/INF4/SLIP/gcc-arm-none-eabi-4_8-2014q2/bin/../lib/gcc/arm-none-eabi/4.8.4/../../../../arm-none-eabi/lib/armv6-m/libc.a(lib_a-memmove.o)
 .bss           0x20002fe0        0x0 /afs/inf.ed.ac.uk/user/s11/s1119414/INF4/SLIP/gcc-arm-none-eabi-4_8-2014q2/bin/../lib/gcc/arm-none-eabi/4.8.4/../../../../arm-none-eabi/lib/armv6-m/libc.a(lib_a-memset.o)
 .bss           0x20002fe0        0x0 /afs/inf.ed.ac.uk/user/s11/s1119414/INF4/SLIP/gcc-arm-none-eabi-4_8-2014q2/bin/../lib/gcc/arm-none-eabi/4.8.4/../../../../arm-none-eabi/lib/armv6-m/libc.a(lib_a-sprintf.o)
 .bss           0x20002fe0        0x0 /afs/inf.ed.ac.uk/user/s11/s1119414/INF4/SLIP/gcc-arm-none-eabi-4_8-2014q2/bin/../lib/gcc/arm-none-eabi/4.8.4/../../../../arm-none-eabi/lib/armv6-m/libc.a(lib_a-strlen.o)
 .bss           0x20002fe0        0x0 /afs/inf.ed.ac.uk/user/s11/s1119414/INF4/SLIP/gcc-arm-none-eabi-4_8-2014q2/bin/../lib/gcc/arm-none-eabi/4.8.4/../../../../arm-none-eabi/lib/armv6-m/libc.a(lib_a-svfprintf.o)
 .bss           0x20002fe0        0x0 /afs/inf.ed.ac.uk/user/s11/s1119414/INF4/SLIP/gcc-arm-none-eabi-4_8-2014q2/bin/../lib/gcc/arm-none-eabi/4.8.4/../../../../arm-none-eabi/lib/armv6-m/libc.a(lib_a-__call_atexit.o)
 .bss           0x20002fe0        0x0 /afs/inf.ed.ac.uk/user/s11/s1119414/INF4/SLIP/gcc-arm-none-eabi-4_8-2014q2/bin/../lib/gcc/arm-none-eabi/4.8.4/../../../../arm-none-eabi/lib/armv6-m/libc.a(lib_a-atexit.o)
 .bss           0x20002fe0        0x0 /afs/inf.ed.ac.uk/user/s11/s1119414/INF4/SLIP/gcc-arm-none-eabi-4_8-2014q2/bin/../lib/gcc/arm-none-eabi/4.8.4/../../../../arm-none-eabi/lib/armv6-m/libc.a(lib_a-dtoa.o)
 .bss           0x20002fe0        0x0 /afs/inf.ed.ac.uk/user/s11/s1119414/INF4/SLIP/gcc-arm-none-eabi-4_8-2014q2/bin/../lib/gcc/arm-none-eabi/4.8.4/../../../../arm-none-eabi/lib/armv6-m/libc.a(lib_a-fini.o)
 .bss           0x20002fe0        0x0 /afs/inf.ed.ac.uk/user/s11/s1119414/INF4/SLIP/gcc-arm-none-eabi-4_8-2014q2/bin/../lib/gcc/arm-none-eabi/4.8.4/../../../../arm-none-eabi/lib/armv6-m/libc.a(lib_a-locale.o)
 .bss._PathLocale
                0x20002fe0        0x4 /afs/inf.ed.ac.uk/user/s11/s1119414/INF4/SLIP/gcc-arm-none-eabi-4_8-2014q2/bin/../lib/gcc/arm-none-eabi/4.8.4/../../../../arm-none-eabi/lib/armv6-m/libc.a(lib_a-locale.o)
                0x20002fe0                _PathLocale
 .bss.__nlocale_changed
                0x20002fe4        0x4 /afs/inf.ed.ac.uk/user/s11/s1119414/INF4/SLIP/gcc-arm-none-eabi-4_8-2014q2/bin/../lib/gcc/arm-none-eabi/4.8.4/../../../../arm-none-eabi/lib/armv6-m/libc.a(lib_a-locale.o)
                0x20002fe4                __nlocale_changed
 .bss.__mlocale_changed
                0x20002fe8        0x4 /afs/inf.ed.ac.uk/user/s11/s1119414/INF4/SLIP/gcc-arm-none-eabi-4_8-2014q2/bin/../lib/gcc/arm-none-eabi/4.8.4/../../../../arm-none-eabi/lib/armv6-m/libc.a(lib_a-locale.o)
                0x20002fe8                __mlocale_changed
 .bss           0x20002fec        0x0 /afs/inf.ed.ac.uk/user/s11/s1119414/INF4/SLIP/gcc-arm-none-eabi-4_8-2014q2/bin/../lib/gcc/arm-none-eabi/4.8.4/../../../../arm-none-eabi/lib/armv6-m/libc.a(lib_a-mallocr.o)
 .bss.__malloc_max_total_mem
                0x20002fec        0x4 /afs/inf.ed.ac.uk/user/s11/s1119414/INF4/SLIP/gcc-arm-none-eabi-4_8-2014q2/bin/../lib/gcc/arm-none-eabi/4.8.4/../../../../arm-none-eabi/lib/armv6-m/libc.a(lib_a-mallocr.o)
                0x20002fec                __malloc_max_total_mem
 .bss.__malloc_max_sbrked_mem
                0x20002ff0        0x4 /afs/inf.ed.ac.uk/user/s11/s1119414/INF4/SLIP/gcc-arm-none-eabi-4_8-2014q2/bin/../lib/gcc/arm-none-eabi/4.8.4/../../../../arm-none-eabi/lib/armv6-m/libc.a(lib_a-mallocr.o)
                0x20002ff0                __malloc_max_sbrked_mem
 .bss.__malloc_top_pad
                0x20002ff4        0x4 /afs/inf.ed.ac.uk/user/s11/s1119414/INF4/SLIP/gcc-arm-none-eabi-4_8-2014q2/bin/../lib/gcc/arm-none-eabi/4.8.4/../../../../arm-none-eabi/lib/armv6-m/libc.a(lib_a-mallocr.o)
                0x20002ff4                __malloc_top_pad
 .bss.__malloc_current_mallinfo
                0x20002ff8       0x28 /afs/inf.ed.ac.uk/user/s11/s1119414/INF4/SLIP/gcc-arm-none-eabi-4_8-2014q2/bin/../lib/gcc/arm-none-eabi/4.8.4/../../../../arm-none-eabi/lib/armv6-m/libc.a(lib_a-mallocr.o)
                0x20002ff8                __malloc_current_mallinfo
 .bss           0x20003020        0x0 /afs/inf.ed.ac.uk/user/s11/s1119414/INF4/SLIP/gcc-arm-none-eabi-4_8-2014q2/bin/../lib/gcc/arm-none-eabi/4.8.4/../../../../arm-none-eabi/lib/armv6-m/libc.a(lib_a-memchr-stub.o)
 .bss           0x20003020        0x0 /afs/inf.ed.ac.uk/user/s11/s1119414/INF4/SLIP/gcc-arm-none-eabi-4_8-2014q2/bin/../lib/gcc/arm-none-eabi/4.8.4/../../../../arm-none-eabi/lib/armv6-m/libc.a(lib_a-mlock.o)
 .bss           0x20003020        0x0 /afs/inf.ed.ac.uk/user/s11/s1119414/INF4/SLIP/gcc-arm-none-eabi-4_8-2014q2/bin/../lib/gcc/arm-none-eabi/4.8.4/../../../../arm-none-eabi/lib/armv6-m/libc.a(lib_a-mprec.o)
 .bss           0x20003020        0x0 /afs/inf.ed.ac.uk/user/s11/s1119414/INF4/SLIP/gcc-arm-none-eabi-4_8-2014q2/bin/../lib/gcc/arm-none-eabi/4.8.4/../../../../arm-none-eabi/lib/armv6-m/libc.a(lib_a-s_fpclassify.o)
 .bss           0x20003020        0x0 /afs/inf.ed.ac.uk/user/s11/s1119414/INF4/SLIP/gcc-arm-none-eabi-4_8-2014q2/bin/../lib/gcc/arm-none-eabi/4.8.4/../../../../arm-none-eabi/lib/armv6-m/libc.a(lib_a-sbrkr.o)
 .bss           0x20003020        0x0 /afs/inf.ed.ac.uk/user/s11/s1119414/INF4/SLIP/gcc-arm-none-eabi-4_8-2014q2/bin/../lib/gcc/arm-none-eabi/4.8.4/../../../../arm-none-eabi/lib/armv6-m/libc.a(lib_a-strcmp.o)
 .bss           0x20003020        0x0 /afs/inf.ed.ac.uk/user/s11/s1119414/INF4/SLIP/gcc-arm-none-eabi-4_8-2014q2/bin/../lib/gcc/arm-none-eabi/4.8.4/../../../../arm-none-eabi/lib/armv6-m/libc.a(lib_a-svfiprintf.o)
 .bss           0x20003020        0x0 /afs/inf.ed.ac.uk/user/s11/s1119414/INF4/SLIP/gcc-arm-none-eabi-4_8-2014q2/bin/../lib/gcc/arm-none-eabi/4.8.4/../../../../arm-none-eabi/lib/armv6-m/libc.a(lib_a-__atexit.o)
 .bss           0x20003020        0x0 /afs/inf.ed.ac.uk/user/s11/s1119414/INF4/SLIP/gcc-arm-none-eabi-4_8-2014q2/bin/../lib/gcc/arm-none-eabi/4.8.4/../../../../arm-none-eabi/lib/armv6-m/libc.a(lib_a-callocr.o)
 .bss           0x20003020        0x0 /afs/inf.ed.ac.uk/user/s11/s1119414/INF4/SLIP/gcc-arm-none-eabi-4_8-2014q2/bin/../lib/gcc/arm-none-eabi/4.8.4/../../../../arm-none-eabi/lib/armv6-m/libc.a(lib_a-freer.o)
 .bss           0x20003020        0x0 /afs/inf.ed.ac.uk/user/s11/s1119414/INF4/SLIP/gcc-arm-none-eabi-4_8-2014q2/bin/../lib/gcc/arm-none-eabi/4.8.4/../../../../arm-none-eabi/lib/armv6-m/libc.a(lib_a-reallocr.o)
 .bss           0x20003020        0x0 /afs/inf.ed.ac.uk/user/s11/s1119414/INF4/SLIP/gcc-arm-none-eabi-4_8-2014q2/bin/../lib/gcc/arm-none-eabi/4.8.4/../../../../arm-none-eabi/lib/armv6-m/libc.a(lib_a-reent.o)
 .bss           0x20003020        0x0 /afs/inf.ed.ac.uk/user/s11/s1119414/INF4/SLIP/gcc-arm-none-eabi-4_8-2014q2/bin/../lib/gcc/arm-none-eabi/4.8.4/armv6-m/libgcc.a(_divsi3.o)
 .bss           0x20003020        0x0 /afs/inf.ed.ac.uk/user/s11/s1119414/INF4/SLIP/gcc-arm-none-eabi-4_8-2014q2/bin/../lib/gcc/arm-none-eabi/4.8.4/armv6-m/libgcc.a(_arm_cmpdf2.o)
 .bss           0x20003020        0x0 /afs/inf.ed.ac.uk/user/s11/s1119414/INF4/SLIP/gcc-arm-none-eabi-4_8-2014q2/bin/../lib/gcc/arm-none-eabi/4.8.4/armv6-m/libgcc.a(_aeabi_uldivmod.o)
 .bss           0x20003020        0x0 /afs/inf.ed.ac.uk/user/s11/s1119414/INF4/SLIP/gcc-arm-none-eabi-4_8-2014q2/bin/../lib/gcc/arm-none-eabi/4.8.4/armv6-m/libgcc.a(bpabi.o)
 .bss           0x20003020        0x0 /afs/inf.ed.ac.uk/user/s11/s1119414/INF4/SLIP/gcc-arm-none-eabi-4_8-2014q2/bin/../lib/gcc/arm-none-eabi/4.8.4/armv6-m/libgcc.a(adddf3.o)
 .bss           0x20003020        0x0 /afs/inf.ed.ac.uk/user/s11/s1119414/INF4/SLIP/gcc-arm-none-eabi-4_8-2014q2/bin/../lib/gcc/arm-none-eabi/4.8.4/armv6-m/libgcc.a(divdf3.o)
 .bss           0x20003020        0x0 /afs/inf.ed.ac.uk/user/s11/s1119414/INF4/SLIP/gcc-arm-none-eabi-4_8-2014q2/bin/../lib/gcc/arm-none-eabi/4.8.4/armv6-m/libgcc.a(eqdf2.o)
 .bss           0x20003020        0x0 /afs/inf.ed.ac.uk/user/s11/s1119414/INF4/SLIP/gcc-arm-none-eabi-4_8-2014q2/bin/../lib/gcc/arm-none-eabi/4.8.4/armv6-m/libgcc.a(gedf2.o)
 .bss           0x20003020        0x0 /afs/inf.ed.ac.uk/user/s11/s1119414/INF4/SLIP/gcc-arm-none-eabi-4_8-2014q2/bin/../lib/gcc/arm-none-eabi/4.8.4/armv6-m/libgcc.a(ledf2.o)
 .bss           0x20003020        0x0 /afs/inf.ed.ac.uk/user/s11/s1119414/INF4/SLIP/gcc-arm-none-eabi-4_8-2014q2/bin/../lib/gcc/arm-none-eabi/4.8.4/armv6-m/libgcc.a(subdf3.o)
 .bss           0x20003020        0x0 /afs/inf.ed.ac.uk/user/s11/s1119414/INF4/SLIP/gcc-arm-none-eabi-4_8-2014q2/bin/../lib/gcc/arm-none-eabi/4.8.4/armv6-m/libgcc.a(fixdfsi.o)
 .bss           0x20003020        0x0 /afs/inf.ed.ac.uk/user/s11/s1119414/INF4/SLIP/gcc-arm-none-eabi-4_8-2014q2/bin/../lib/gcc/arm-none-eabi/4.8.4/armv6-m/libgcc.a(floatsidf.o)
 .bss           0x20003020        0x0 /afs/inf.ed.ac.uk/user/s11/s1119414/INF4/SLIP/gcc-arm-none-eabi-4_8-2014q2/bin/../lib/gcc/arm-none-eabi/4.8.4/armv6-m/libgcc.a(floatunsidf.o)
 .bss           0x20003020        0x0 /afs/inf.ed.ac.uk/user/s11/s1119414/INF4/SLIP/gcc-arm-none-eabi-4_8-2014q2/bin/../lib/gcc/arm-none-eabi/4.8.4/armv6-m/libgcc.a(_muldi3.o)
 .bss           0x20003020        0x0 /afs/inf.ed.ac.uk/user/s11/s1119414/INF4/SLIP/gcc-arm-none-eabi-4_8-2014q2/bin/../lib/gcc/arm-none-eabi/4.8.4/armv6-m/libgcc.a(_divdi3.o)
 .bss           0x20003020        0x0 /afs/inf.ed.ac.uk/user/s11/s1119414/INF4/SLIP/gcc-arm-none-eabi-4_8-2014q2/bin/../lib/gcc/arm-none-eabi/4.8.4/armv6-m/libgcc.a(_udivdi3.o)
 .bss           0x20003020        0x0 /afs/inf.ed.ac.uk/user/s11/s1119414/INF4/SLIP/gcc-arm-none-eabi-4_8-2014q2/bin/../lib/gcc/arm-none-eabi/4.8.4/armv6-m/crtend.o
 .bss           0x20003020        0x0 /afs/inf.ed.ac.uk/user/s11/s1119414/INF4/SLIP/gcc-arm-none-eabi-4_8-2014q2/bin/../lib/gcc/arm-none-eabi/4.8.4/armv6-m/crtn.o
 .bss           0x20003020        0x0 /afs/inf.ed.ac.uk/user/s11/s1119414/INF4/SLIP/gcc-arm-none-eabi-4_8-2014q2/bin/../lib/gcc/arm-none-eabi/4.8.4/../../../../arm-none-eabi/lib/armv6-m/libm.a(lib_a-s_cos.o)
 .bss           0x20003020        0x0 /afs/inf.ed.ac.uk/user/s11/s1119414/INF4/SLIP/gcc-arm-none-eabi-4_8-2014q2/bin/../lib/gcc/arm-none-eabi/4.8.4/../../../../arm-none-eabi/lib/armv6-m/libm.a(lib_a-e_rem_pio2.o)
 .bss           0x20003020        0x0 /afs/inf.ed.ac.uk/user/s11/s1119414/INF4/SLIP/gcc-arm-none-eabi-4_8-2014q2/bin/../lib/gcc/arm-none-eabi/4.8.4/../../../../arm-none-eabi/lib/armv6-m/libm.a(lib_a-k_cos.o)
 .bss           0x20003020        0x0 /afs/inf.ed.ac.uk/user/s11/s1119414/INF4/SLIP/gcc-arm-none-eabi-4_8-2014q2/bin/../lib/gcc/arm-none-eabi/4.8.4/../../../../arm-none-eabi/lib/armv6-m/libm.a(lib_a-k_rem_pio2.o)
 .bss           0x20003020        0x0 /afs/inf.ed.ac.uk/user/s11/s1119414/INF4/SLIP/gcc-arm-none-eabi-4_8-2014q2/bin/../lib/gcc/arm-none-eabi/4.8.4/../../../../arm-none-eabi/lib/armv6-m/libm.a(lib_a-k_sin.o)
 .bss           0x20003020        0x0 /afs/inf.ed.ac.uk/user/s11/s1119414/INF4/SLIP/gcc-arm-none-eabi-4_8-2014q2/bin/../lib/gcc/arm-none-eabi/4.8.4/../../../../arm-none-eabi/lib/armv6-m/libm.a(lib_a-s_fabs.o)
 .bss           0x20003020        0x0 /afs/inf.ed.ac.uk/user/s11/s1119414/INF4/SLIP/gcc-arm-none-eabi-4_8-2014q2/bin/../lib/gcc/arm-none-eabi/4.8.4/../../../../arm-none-eabi/lib/armv6-m/libm.a(lib_a-s_floor.o)
 .bss           0x20003020        0x0 /afs/inf.ed.ac.uk/user/s11/s1119414/INF4/SLIP/gcc-arm-none-eabi-4_8-2014q2/bin/../lib/gcc/arm-none-eabi/4.8.4/../../../../arm-none-eabi/lib/armv6-m/libm.a(lib_a-s_scalbn.o)
 .bss           0x20003020        0x0 /afs/inf.ed.ac.uk/user/s11/s1119414/INF4/SLIP/gcc-arm-none-eabi-4_8-2014q2/bin/../lib/gcc/arm-none-eabi/4.8.4/../../../../arm-none-eabi/lib/armv6-m/libm.a(lib_a-s_copysign.o)
 .bss           0x20003020        0x0 /afs/inf.ed.ac.uk/user/s11/s1119414/INF4/SLIP/gcc-arm-none-eabi-4_8-2014q2/bin/../lib/gcc/arm-none-eabi/4.8.4/../../../../arm-none-eabi/lib/armv6-m/libnosys.a(sbrk.o)
 .bss.heap_end.4246
                0x20003020        0x4 /afs/inf.ed.ac.uk/user/s11/s1119414/INF4/SLIP/gcc-arm-none-eabi-4_8-2014q2/bin/../lib/gcc/arm-none-eabi/4.8.4/../../../../arm-none-eabi/lib/armv6-m/libnosys.a(sbrk.o)
 .bss           0x20003024        0x0 /afs/inf.ed.ac.uk/user/s11/s1119414/INF4/SLIP/gcc-arm-none-eabi-4_8-2014q2/bin/../lib/gcc/arm-none-eabi/4.8.4/../../../../arm-none-eabi/lib/armv6-m/libnosys.a(_exit.o)
 *(COMMON)
 COMMON         0x20003024       0xd0 _build/app_trace.o
                0x20003024                __stdin
                0x2000308c                __stdout
 COMMON         0x200030f4        0x4 /afs/inf.ed.ac.uk/user/s11/s1119414/INF4/SLIP/gcc-arm-none-eabi-4_8-2014q2/bin/../lib/gcc/arm-none-eabi/4.8.4/../../../../arm-none-eabi/lib/armv6-m/libc.a(lib_a-reent.o)
                0x200030f4                errno
                0x200030f8                __bss_end__ = .

.heap           0x200030f8      0x100
                0x200030f8                __end__ = .
                0x200030f8                end = __end__
 *(.heap*)
 .heap          0x200030f8      0x100 _build/startup_nrf51.os
                0x200030f8                __HeapBase
                0x200031f8                __HeapLimit = .

.stack_dummy    0x200030f8      0xc00
 *(.stack)
 .stack         0x200030f8      0xc00 _build/startup_nrf51.os
                0x20004000                __StackTop = (ORIGIN (RAM) + 0x2000)
                0x20003400                __StackLimit = (__StackTop - SIZEOF (.stack_dummy))
                0x20004000                PROVIDE (__stack, __StackTop)
                0x00000001                ASSERT ((__StackLimit >= __HeapLimit), region RAM overflowed with stack)
OUTPUT(_build/Prospeckz_s110.elf elf32-littlearm)

.ARM.attributes
                0x00000000       0x28
 .ARM.attributes
                0x00000000       0x1e /afs/inf.ed.ac.uk/user/s11/s1119414/INF4/SLIP/gcc-arm-none-eabi-4_8-2014q2/bin/../lib/gcc/arm-none-eabi/4.8.4/armv6-m/crti.o
 .ARM.attributes
                0x0000001e       0x2c /afs/inf.ed.ac.uk/user/s11/s1119414/INF4/SLIP/gcc-arm-none-eabi-4_8-2014q2/bin/../lib/gcc/arm-none-eabi/4.8.4/armv6-m/crtbegin.o
 .ARM.attributes
                0x0000004a       0x1b /afs/inf.ed.ac.uk/user/s11/s1119414/INF4/SLIP/gcc-arm-none-eabi-4_8-2014q2/bin/../lib/gcc/arm-none-eabi/4.8.4/../../../../arm-none-eabi/lib/armv6-m/crt0.o
 .ARM.attributes
                0x00000065       0x1b _build/startup_nrf51.os
 .ARM.attributes
                0x00000080       0x31 _build/system_nrf51.o
 .ARM.attributes
                0x000000b1       0x31 _build/main.o
 .ARM.attributes
                0x000000e2       0x31 _build/app_gpiote.o
 .ARM.attributes
                0x00000113       0x31 _build/app_button.o
 .ARM.attributes
                0x00000144       0x31 _build/app_timer.o
 .ARM.attributes
                0x00000175       0x31 _build/app_trace.o
 .ARM.attributes
                0x000001a6       0x31 _build/ble_advdata.o
 .ARM.attributes
                0x000001d7       0x31 _build/ble_conn_params.o
 .ARM.attributes
                0x00000208       0x31 _build/ble_sensorsim.o
 .ARM.attributes
                0x00000239       0x31 _build/pstorage.o
 .ARM.attributes
                0x0000026a       0x31 _build/device_manager_peripheral.o
 .ARM.attributes
                0x0000029b       0x31 _build/ble_bas.o
 .ARM.attributes
                0x000002cc       0x31 _build/ble_dis.o
 .ARM.attributes
                0x000002fd       0x31 _build/ble_hrs.o
 .ARM.attributes
                0x0000032e       0x31 _build/ble_srv_common.o
 .ARM.attributes
                0x0000035f       0x31 _build/crc16.o
 .ARM.attributes
                0x00000390       0x31 _build/softdevice_handler.o
 .ARM.attributes
                0x000003c1       0x31 _build/simple_uart.o
 .ARM.attributes
                0x000003f2       0x1e /afs/inf.ed.ac.uk/user/s11/s1119414/INF4/SLIP/gcc-arm-none-eabi-4_8-2014q2/bin/../lib/gcc/arm-none-eabi/4.8.4/armv6-m/libgcc.a(_udivsi3.o)
 .ARM.attributes
                0x00000410       0x1e /afs/inf.ed.ac.uk/user/s11/s1119414/INF4/SLIP/gcc-arm-none-eabi-4_8-2014q2/bin/../lib/gcc/arm-none-eabi/4.8.4/armv6-m/libgcc.a(_dvmd_tls.o)
 .ARM.attributes
                0x0000042e       0x2c /afs/inf.ed.ac.uk/user/s11/s1119414/INF4/SLIP/gcc-arm-none-eabi-4_8-2014q2/bin/../lib/gcc/arm-none-eabi/4.8.4/armv6-m/libgcc.a(muldf3.o)
 .ARM.attributes
                0x0000045a       0x1e /afs/inf.ed.ac.uk/user/s11/s1119414/INF4/SLIP/gcc-arm-none-eabi-4_8-2014q2/bin/../lib/gcc/arm-none-eabi/4.8.4/armv6-m/libgcc.a(_clzsi2.o)
 .ARM.attributes
                0x00000478       0x2c /afs/inf.ed.ac.uk/user/s11/s1119414/INF4/SLIP/gcc-arm-none-eabi-4_8-2014q2/bin/../lib/gcc/arm-none-eabi/4.8.4/../../../../arm-none-eabi/lib/armv6-m/libc.a(lib_a-exit.o)
 .ARM.attributes
                0x000004a4       0x2c /afs/inf.ed.ac.uk/user/s11/s1119414/INF4/SLIP/gcc-arm-none-eabi-4_8-2014q2/bin/../lib/gcc/arm-none-eabi/4.8.4/../../../../arm-none-eabi/lib/armv6-m/libc.a(lib_a-impure.o)
 .ARM.attributes
                0x000004d0       0x2c /afs/inf.ed.ac.uk/user/s11/s1119414/INF4/SLIP/gcc-arm-none-eabi-4_8-2014q2/bin/../lib/gcc/arm-none-eabi/4.8.4/../../../../arm-none-eabi/lib/armv6-m/libc.a(lib_a-init.o)
 .ARM.attributes
                0x000004fc       0x2c /afs/inf.ed.ac.uk/user/s11/s1119414/INF4/SLIP/gcc-arm-none-eabi-4_8-2014q2/bin/../lib/gcc/arm-none-eabi/4.8.4/../../../../arm-none-eabi/lib/armv6-m/libc.a(lib_a-memcmp.o)
 .ARM.attributes
                0x00000528       0x2c /afs/inf.ed.ac.uk/user/s11/s1119414/INF4/SLIP/gcc-arm-none-eabi-4_8-2014q2/bin/../lib/gcc/arm-none-eabi/4.8.4/../../../../arm-none-eabi/lib/armv6-m/libc.a(lib_a-memcpy-stub.o)
 .ARM.attributes
                0x00000554       0x2c /afs/inf.ed.ac.uk/user/s11/s1119414/INF4/SLIP/gcc-arm-none-eabi-4_8-2014q2/bin/../lib/gcc/arm-none-eabi/4.8.4/../../../../arm-none-eabi/lib/armv6-m/libc.a(lib_a-memmove.o)
 .ARM.attributes
                0x00000580       0x2c /afs/inf.ed.ac.uk/user/s11/s1119414/INF4/SLIP/gcc-arm-none-eabi-4_8-2014q2/bin/../lib/gcc/arm-none-eabi/4.8.4/../../../../arm-none-eabi/lib/armv6-m/libc.a(lib_a-memset.o)
 .ARM.attributes