Archive member included because of file (symbol)

/afs/inf.ed.ac.uk/user/s11/s1119414/INF4/SLIP/gcc-arm-none-eabi-4_8-2014q2/bin/../lib/gcc/arm-none-eabi/4.8.4/armv6-m/libgcc.a(_udivsi3.o)
                              _build/pstorage.o (__aeabi_uidiv)
/afs/inf.ed.ac.uk/user/s11/s1119414/INF4/SLIP/gcc-arm-none-eabi-4_8-2014q2/bin/../lib/gcc/arm-none-eabi/4.8.4/armv6-m/libgcc.a(_dvmd_tls.o)
                              /afs/inf.ed.ac.uk/user/s11/s1119414/INF4/SLIP/gcc-arm-none-eabi-4_8-2014q2/bin/../lib/gcc/arm-none-eabi/4.8.4/armv6-m/libgcc.a(_udivsi3.o) (__aeabi_idiv0)
/afs/inf.ed.ac.uk/user/s11/s1119414/INF4/SLIP/gcc-arm-none-eabi-4_8-2014q2/bin/../lib/gcc/arm-none-eabi/4.8.4/armv6-m/libgcc.a(muldf3.o)
                              _build/main.o (__aeabi_dmul)
/afs/inf.ed.ac.uk/user/s11/s1119414/INF4/SLIP/gcc-arm-none-eabi-4_8-2014q2/bin/../lib/gcc/arm-none-eabi/4.8.4/armv6-m/libgcc.a(_clzsi2.o)
                              /afs/inf.ed.ac.uk/user/s11/s1119414/INF4/SLIP/gcc-arm-none-eabi-4_8-2014q2/bin/../lib/gcc/arm-none-eabi/4.8.4/armv6-m/libgcc.a(muldf3.o) (__clzsi2)
/afs/inf.ed.ac.uk/user/s11/s1119414/INF4/SLIP/gcc-arm-none-eabi-4_8-2014q2/bin/../lib/gcc/arm-none-eabi/4.8.4/../../../../arm-none-eabi/lib/armv6-m/libc.a(lib_a-exit.o)
                              /afs/inf.ed.ac.uk/user/s11/s1119414/INF4/SLIP/gcc-arm-none-eabi-4_8-2014q2/bin/../lib/gcc/arm-none-eabi/4.8.4/../../../../arm-none-eabi/lib/armv6-m/crt0.o (exit)
/afs/inf.ed.ac.uk/user/s11/s1119414/INF4/SLIP/gcc-arm-none-eabi-4_8-2014q2/bin/../lib/gcc/arm-none-eabi/4.8.4/../../../../arm-none-eabi/lib/armv6-m/libc.a(lib_a-impure.o)
                              /afs/inf.ed.ac.uk/user/s11/s1119414/INF4/SLIP/gcc-arm-none-eabi-4_8-2014q2/bin/../lib/gcc/arm-none-eabi/4.8.4/../../../../arm-none-eabi/lib/armv6-m/libc.a(lib_a-exit.o) (_global_impure_ptr)
/afs/inf.ed.ac.uk/user/s11/s1119414/INF4/SLIP/gcc-arm-none-eabi-4_8-2014q2/bin/../lib/gcc/arm-none-eabi/4.8.4/../../../../arm-none-eabi/lib/armv6-m/libc.a(lib_a-init.o)
                              /afs/inf.ed.ac.uk/user/s11/s1119414/INF4/SLIP/gcc-arm-none-eabi-4_8-2014q2/bin/../lib/gcc/arm-none-eabi/4.8.4/../../../../arm-none-eabi/lib/armv6-m/crt0.o (__libc_init_array)
/afs/inf.ed.ac.uk/user/s11/s1119414/INF4/SLIP/gcc-arm-none-eabi-4_8-2014q2/bin/../lib/gcc/arm-none-eabi/4.8.4/../../../../arm-none-eabi/lib/armv6-m/libc.a(lib_a-memcmp.o)
                              _build/device_manager_peripheral.o (memcmp)
/afs/inf.ed.ac.uk/user/s11/s1119414/INF4/SLIP/gcc-arm-none-eabi-4_8-2014q2/bin/../lib/gcc/arm-none-eabi/4.8.4/../../../../arm-none-eabi/lib/armv6-m/libc.a(lib_a-memcpy-stub.o)
                              _build/main.o (memcpy)
/afs/inf.ed.ac.uk/user/s11/s1119414/INF4/SLIP/gcc-arm-none-eabi-4_8-2014q2/bin/../lib/gcc/arm-none-eabi/4.8.4/../../../../arm-none-eabi/lib/armv6-m/libc.a(lib_a-memmove.o)
                              _build/ble_hrs.o (memmove)
/afs/inf.ed.ac.uk/user/s11/s1119414/INF4/SLIP/gcc-arm-none-eabi-4_8-2014q2/bin/../lib/gcc/arm-none-eabi/4.8.4/../../../../arm-none-eabi/lib/armv6-m/libc.a(lib_a-memset.o)
                              /afs/inf.ed.ac.uk/user/s11/s1119414/INF4/SLIP/gcc-arm-none-eabi-4_8-2014q2/bin/../lib/gcc/arm-none-eabi/4.8.4/../../../../arm-none-eabi/lib/armv6-m/crt0.o (memset)
/afs/inf.ed.ac.uk/user/s11/s1119414/INF4/SLIP/gcc-arm-none-eabi-4_8-2014q2/bin/../lib/gcc/arm-none-eabi/4.8.4/../../../../arm-none-eabi/lib/armv6-m/libc.a(lib_a-sprintf.o)
                              _build/main.o (sprintf)
/afs/inf.ed.ac.uk/user/s11/s1119414/INF4/SLIP/gcc-arm-none-eabi-4_8-2014q2/bin/../lib/gcc/arm-none-eabi/4.8.4/../../../../arm-none-eabi/lib/armv6-m/libc.a(lib_a-strlen.o)
                              _build/ble_srv_common.o (strlen)
/afs/inf.ed.ac.uk/user/s11/s1119414/INF4/SLIP/gcc-arm-none-eabi-4_8-2014q2/bin/../lib/gcc/arm-none-eabi/4.8.4/../../../../arm-none-eabi/lib/armv6-m/libc.a(lib_a-svfprintf.o)
                              /afs/inf.ed.ac.uk/user/s11/s1119414/INF4/SLIP/gcc-arm-none-eabi-4_8-2014q2/bin/../lib/gcc/arm-none-eabi/4.8.4/../../../../arm-none-eabi/lib/armv6-m/libc.a(lib_a-sprintf.o) (_svfprintf_r)
/afs/inf.ed.ac.uk/user/s11/s1119414/INF4/SLIP/gcc-arm-none-eabi-4_8-2014q2/bin/../lib/gcc/arm-none-eabi/4.8.4/../../../../arm-none-eabi/lib/armv6-m/libc.a(lib_a-__call_atexit.o)
                              /afs/inf.ed.ac.uk/user/s11/s1119414/INF4/SLIP/gcc-arm-none-eabi-4_8-2014q2/bin/../lib/gcc/arm-none-eabi/4.8.4/../../../../arm-none-eabi/lib/armv6-m/libc.a(lib_a-exit.o) (__call_exitprocs)
/afs/inf.ed.ac.uk/user/s11/s1119414/INF4/SLIP/gcc-arm-none-eabi-4_8-2014q2/bin/../lib/gcc/arm-none-eabi/4.8.4/../../../../arm-none-eabi/lib/armv6-m/libc.a(lib_a-atexit.o)
                              /afs/inf.ed.ac.uk/user/s11/s1119414/INF4/SLIP/gcc-arm-none-eabi-4_8-2014q2/bin/../lib/gcc/arm-none-eabi/4.8.4/../../../../arm-none-eabi/lib/armv6-m/libc.a(lib_a-__call_atexit.o) (atexit)
[...]
Memory Configuration

Name             Origin             Length             Attributes
FLASH            0x00016000         0x0002a000         xr
RAM              0x20002000         0x00002000         xrw
*default*        0x00000000         0xffffffff

Linker script and memory map

LOAD /afs/inf.ed.ac.uk/user/s11/s1119414/INF4/SLIP/gcc-arm-none-eabi-4_8-2014q2/bin/../lib/gcc/arm-none-eabi/4.8.4/armv6-m/crti.o
LOAD /afs/inf.ed.ac.uk/user/s11/s1119414/INF4/SLIP/gcc-arm-none-eabi-4_8-2014q2/bin/../lib/gcc/arm-none-eabi/4.8.4/armv6-m/crtbegin.o
LOAD /afs/inf.ed.ac.uk/user/s11/s1119414/INF4/SLIP/gcc-arm-none-eabi-4_8-2014q2/bin/../lib/gcc/arm-none-eabi/4.8.4/../../../../arm-none-eabi/lib/armv6-m/crt0.o
LOAD _build/startup_nrf51.os
LOAD _build/system_nrf51.o
LOAD _build/main.o
LOAD _build/app_gpiote.o
LOAD _build/app_button.o
LOAD _build/app_timer.o
LOAD _build/app_trace.o
LOAD _build/ble_advdata.o
LOAD _build/ble_conn_params.o
LOAD _build/ble_sensorsim.o
LOAD _build/pstorage.o
LOAD _build/device_manager_peripheral.o
LOAD _build/ble_bas.o
LOAD _build/ble_dis.o
LOAD _build/ble_hrs.o
LOAD _build/ble_srv_common.o
LOAD _build/crc16.o
LOAD _build/softdevice_handler.o
LOAD _build/simple_uart.o
START GROUP
LOAD /afs/inf.ed.ac.uk/user/s11/s1119414/INF4/SLIP/gcc-arm-none-eabi-4_8-2014q2/bin/../lib/gcc/arm-none-eabi/4.8.4/armv6-m/libgcc.a
LOAD /afs/inf.ed.ac.uk/user/s11/s1119414/INF4/SLIP/gcc-arm-none-eabi-4_8-2014q2/bin/../lib/gcc/arm-none-eabi/4.8.4/../../../../arm-none-eabi/lib/armv6-m/libc.a
END GROUP
LOAD /afs/inf.ed.ac.uk/user/s11/s1119414/INF4/SLIP/gcc-arm-none-eabi-4_8-2014q2/bin/../lib/gcc/arm-none-eabi/4.8.4/armv6-m/crtend.o
LOAD /afs/inf.ed.ac.uk/user/s11/s1119414/INF4/SLIP/gcc-arm-none-eabi-4_8-2014q2/bin/../lib/gcc/arm-none-eabi/4.8.4/armv6-m/crtn.o
START GROUP
LOAD /afs/inf.ed.ac.uk/user/s11/s1119414/INF4/SLIP/gcc-arm-none-eabi-4_8-2014q2/bin/../lib/gcc/arm-none-eabi/4.8.4/armv6-m/libgcc.a
LOAD /afs/inf.ed.ac.uk/user/s11/s1119414/INF4/SLIP/gcc-arm-none-eabi-4_8-2014q2/bin/../lib/gcc/arm-none-eabi/4.8.4/../../../../arm-none-eabi/lib/armv6-m/libc.a
LOAD /afs/inf.ed.ac.uk/user/s11/s1119414/INF4/SLIP/gcc-arm-none-eabi-4_8-2014q2/bin/../lib/gcc/arm-none-eabi/4.8.4/../../../../arm-none-eabi/lib/armv6-m/libm.a
LOAD /afs/inf.ed.ac.uk/user/s11/s1119414/INF4/SLIP/gcc-arm-none-eabi-4_8-2014q2/bin/../lib/gcc/arm-none-eabi/4.8.4/../../../../arm-none-eabi/lib/armv6-m/libnosys.a
END GROUP

.text           0x00016000    0x1380c
 *(.isr_vector)
 .isr_vector    0x00016000       0xc0 _build/startup_nrf51.os
                0x00016000                __Vectors
 *(.text*)
 .text          0x000160c0        0x0 /afs/inf.ed.ac.uk/user/s11/s1119414/INF4/SLIP/gcc-arm-none-eabi-4_8-2014q2/bin/../lib/gcc/arm-none-eabi/4.8.4/armv6-m/crti.o
 .text          0x000160c0       0x60 /afs/inf.ed.ac.uk/user/s11/s1119414/INF4/SLIP/gcc-arm-none-eabi-4_8-2014q2/bin/../lib/gcc/arm-none-eabi/4.8.4/armv6-m/crtbegin.o
 .text          0x00016120       0x78 /afs/inf.ed.ac.uk/user/s11/s1119414/INF4/SLIP/gcc-arm-none-eabi-4_8-2014q2/bin/../lib/gcc/arm-none-eabi/4.8.4/../../../../arm-none-eabi/lib/armv6-m/crt0.o
                0x00016120                _mainCRTStartup
                0x00016120                _start
 .text          0x00016198       0x7c _build/startup_nrf51.os
                0x00016198                Reset_Handler
                0x000161d8                NMI_Handler
                0x000161da                HardFault_Handler
                0x000161dc                SVC_Handler
                0x000161de                PendSV_Handler
                0x000161e0                SysTick_Handler
                0x000161e2                Default_Handler
                0x000161e2                DEF_IRQHandler
                0x000161e4                POWER_CLOCK_IRQHandler
                0x000161e6                RADIO_IRQHandler
                0x000161e8                UART0_IRQHandler
                0x000161ea                SPI0_TWI0_IRQHandler
                0x000161ec                SPI1_TWI1_IRQHandler
                0x000161f0                ADC_IRQHandler
                0x000161f2                TIMER0_IRQHandler
                0x000161f4                TIMER1_IRQHandler
                0x000161f6                TIMER2_IRQHandler
                0x000161f8                RTC0_IRQHandler
                0x000161fa                TEMP_IRQHandler
                0x000161fc                RNG_IRQHandler
                0x000161fe                ECB_IRQHandler
                0x00016200                CCM_AAR_IRQHandler
                0x00016202                WDT_IRQHandler
                0x00016206                QDEC_IRQHandler
                0x0001620a                SWI1_IRQHandler
                0x0001620e                SWI3_IRQHandler
                0x00016210                SWI4_IRQHandler
                0x00016212                SWI5_IRQHandler
 .text          0x00016214      0x128 _build/system_nrf51.o
                0x00016214                SystemCoreClockUpdate
                0x0001622c                SystemInit
 *fill*         0x0001633c        0x4 
 .text          0x00016340     0x1498 _build/main.o
                0x00016814                app_error_handler
                0x000168c8                assert_nrf_callback
                0x0001777c                main
 .text          0x000177d8      0x750 _build/app_gpiote.o
                0x000179e0                GPIOTE_IRQHandler
                0x00017b88                app_gpiote_init
                0x00017c2c                app_gpiote_user_register
                0x00017cf4                app_gpiote_user_enable
                0x00017e4c                app_gpiote_user_disable
                0x00017ec4                app_gpiote_pins_state_get
 .text          0x00017f28      0x3f8 _build/app_button.o
                0x00018118                app_button_init
                0x000181f0                app_button_enable
                0x0001821c                app_button_disable
                0x00018268                app_button_is_pushed
 .text          0x00018320     0x13ec _build/app_timer.o
                0x000192fc                RTC1_IRQHandler
                0x00019348                SWI0_IRQHandler
                0x00019354                app_timer_init
                0x000194c4                app_timer_create
                0x000195b4                app_timer_start
                0x00019640                app_timer_stop
                0x000196a0                app_timer_stop_all
                0x000196c8                app_timer_cnt_get
                0x000196e4                app_timer_cnt_diff_compute
 .text          0x0001970c        0x0 _build/app_trace.o
 .text          0x0001970c      0xc50 _build/ble_advdata.o
                0x0001a290                ble_advdata_set
 .text          0x0001a35c      0x6b0 _build/ble_conn_params.o
                0x0001a65c                ble_conn_params_init
                0x0001a708                ble_conn_params_stop
                0x0001a918                ble_conn_params_on_ble_evt
                0x0001a968                ble_conn_params_change_conn_params
 .text          0x0001aa0c       0xb8 _build/ble_sensorsim.o
                0x0001aa0c                ble_sensorsim_init
                0x0001aa44                ble_sensorsim_measure
 .text          0x0001aac4     0x145c _build/pstorage.o
                0x0001af48                pstorage_sys_event_handler
                0x0001b600                pstorage_init
                0x0001b728                pstorage_register
                0x0001b928                pstorage_block_identifier_get
                0x0001ba08                pstorage_store
                0x0001bb48                pstorage_update
                0x0001bc88                pstorage_load
                0x0001bdec                pstorage_clear
                0x0001bee0                pstorage_access_status_get
 .text          0x0001bf20     0x22b0 _build/device_manager_peripheral.o
                0x0001cbbc                dm_init
                0x0001cd28                dm_register
                0x0001cdc0                dm_security_setup_req
                0x0001ce98                dm_security_status_req
                0x0001cf84                dm_whitelist_create
                0x0001d0d8                dm_device_add
                0x0001d0f0                dm_device_delete
                0x0001d18c                dm_device_delete_all
                0x0001d228                dm_service_context_set
                0x0001d374                dm_service_context_get
                0x0001d4c0                dm_service_context_delete
                0x0001d554                dm_application_context_set
                0x0001d56c                dm_application_context_get
                0x0001d584                dm_application_context_delete
                0x0001d59c                dm_application_instance_set
                0x0001d610                dm_handle_initialize
                0x0001d7a4                dm_peer_addr_set
                0x0001d898                dm_peer_addr_get
                0x0001da00                bond_data_load
                0x0001da80                dm_ble_evt_handler
 .text          0x0001e1d0      0x6f0 _build/ble_bas.o
                0x0001e474                ble_bas_on_ble_evt
                0x0001e780                ble_bas_init
                0x0001e7f4                ble_bas_battery_level_update
 .text          0x0001e8c0      0x7b0 _build/ble_dis.o
                0x0001ee28                ble_dis_init
 .text          0x0001f070      0x9d8 _build/ble_hrs.o
                0x0001f360                ble_hrs_on_ble_evt
                0x0001f7c4                ble_hrs_init
                0x0001f87c                ble_hrs_heart_rate_measurement_send
                0x0001f940                ble_hrs_rr_interval_add
                0x0001f9a0                ble_hrs_rr_interval_buffer_is_full
                0x0001f9c0                ble_hrs_sensor_contact_supported_set
                0x0001f9f4                ble_hrs_sensor_contact_detected_update
                0x0001fa14                ble_hrs_body_sensor_location_set
 .text          0x0001fa48      0x154 _build/ble_srv_common.o
                0x0001faf0                ble_srv_report_ref_encode
                0x0001fb74                ble_srv_ascii_to_utf8
 .text          0x0001fb9c       0xd4 _build/crc16.o
                0x0001fb9c                crc16_compute
 .text          0x0001fc70      0x610 _build/softdevice_handler.o
                0x0001fff4                softdevice_assertion_handler
                0x0002001c                intern_softdevice_events_execute
                0x00020130                softdevice_handler_init
                0x000201bc                softdevice_handler_sd_disable
                0x000201e4                softdevice_ble_evt_handler_set
                0x0002020c                softdevice_sys_evt_handler_set
                0x00020234                SWI2_IRQHandler
 .text          0x00020280      0x27c _build/simple_uart.o
                0x00020300                simple_uart_get
                0x00020330                simple_uart_get_with_timeout
                0x000203a0                simple_uart_put
                0x000203dc                simple_uart_putstring
                0x0002042c                simple_uart_config
 .text          0x000204fc       0x9c /afs/inf.ed.ac.uk/user/s11/s1119414/INF4/SLIP/gcc-arm-none-eabi-4_8-2014q2/bin/../lib/gcc/arm-none-eabi/4.8.4/armv6-m/libgcc.a(_udivsi3.o)
                0x000204fc                __udivsi3
                0x000204fc                __aeabi_uidiv
                0x00020584                __aeabi_uidivmod
 .text          0x00020598        0x4 /afs/inf.ed.ac.uk/user/s11/s1119414/INF4/SLIP/gcc-arm-none-eabi-4_8-2014q2/bin/../lib/gcc/arm-none-eabi/4.8.4/armv6-m/libgcc.a(_dvmd_tls.o)
                0x00020598                __aeabi_ldiv0
                0x00020598                __aeabi_idiv0
 .text          0x0002059c      0x520 /afs/inf.ed.ac.uk/user/s11/s1119414/INF4/SLIP/gcc-arm-none-eabi-4_8-2014q2/bin/../lib/gcc/arm-none-eabi/4.8.4/armv6-m/libgcc.a(muldf3.o)
                0x0002059c                __aeabi_dmul
 .text          0x00020abc       0x3c /afs/inf.ed.ac.uk/user/s11/s1119414/INF4/SLIP/gcc-arm-none-eabi-4_8-2014q2/bin/../lib/gcc/arm-none-eabi/4.8.4/armv6-m/libgcc.a(_clzsi2.o)
                0x00020abc                __clzsi2
 .text          0x00020af8        0x0 /afs/inf.ed.ac.uk/user/s11/s1119414/INF4/SLIP/gcc-arm-none-eabi-4_8-2014q2/bin/../lib/gcc/arm-none-eabi/4.8.4/../../../../arm-none-eabi/lib/armv6-m/libc.a(lib_a-exit.o)
 .text.exit     0x00020af8       0x20 /afs/inf.ed.ac.uk/user/s11/s1119414/INF4/SLIP/gcc-arm-none-eabi-4_8-2014q2/bin/../lib/gcc/arm-none-eabi/4.8.4/../../../../arm-none-eabi/lib/armv6-m/libc.a(lib_a-exit.o)
                0x00020af8                exit
 .text          0x00020b18        0x0 /afs/inf.ed.ac.uk/user/s11/s1119414/INF4/SLIP/gcc-arm-none-eabi-4_8-2014q2/bin/../lib/gcc/arm-none-eabi/4.8.4/../../../../arm-none-eabi/lib/armv6-m/libc.a(lib_a-impure.o)
 .text          0x00020b18        0x0 /afs/inf.ed.ac.uk/user/s11/s1119414/INF4/SLIP/gcc-arm-none-eabi-4_8-2014q2/bin/../lib/gcc/arm-none-eabi/4.8.4/../../../../arm-none-eabi/lib/armv6-m/libc.a(lib_a-init.o)
 .text.__libc_init_array
                0x00020b18       0x48 /afs/inf.ed.ac.uk/user/s11/s1119414/INF4/SLIP/gcc-arm-none-eabi-4_8-2014q2/bin/../lib/gcc/arm-none-eabi/4.8.4/../../../../arm-none-eabi/lib/armv6-m/libc.a(lib_a-init.o)
                0x00020b18                __libc_init_array
 .text          0x00020b60        0x0 /afs/inf.ed.ac.uk/user/s11/s1119414/INF4/SLIP/gcc-arm-none-eabi-4_8-2014q2/bin/../lib/gcc/arm-none-eabi/4.8.4/../../../../arm-none-eabi/lib/armv6-m/libc.a(lib_a-memcmp.o)
 .text.memcmp   0x00020b60       0x4c /afs/inf.ed.ac.uk/user/s11/s1119414/INF4/SLIP/gcc-arm-none-eabi-4_8-2014q2/bin/../lib/gcc/arm-none-eabi/4.8.4/../../../../arm-none-eabi/lib/armv6-m/libc.a(lib_a-memcmp.o)
                0x00020b60                memcmp
 .text          0x00020bac        0x0 /afs/inf.ed.ac.uk/user/s11/s1119414/INF4/SLIP/gcc-arm-none-eabi-4_8-2014q2/bin/../lib/gcc/arm-none-eabi/4.8.4/../../../../arm-none-eabi/lib/armv6-m/libc.a(lib_a-memcpy-stub.o)
 .text.memcpy   0x00020bac       0x84 /afs/inf.ed.ac.uk/user/s11/s1119414/INF4/SLIP/gcc-arm-none-eabi-4_8-2014q2/bin/../lib/gcc/arm-none-eabi/4.8.4/../../../../arm-none-eabi/lib/armv6-m/libc.a(lib_a-memcpy-stub.o)
                0x00020bac                memcpy
 .text          0x00020c30        0x0 /afs/inf.ed.ac.uk/user/s11/s1119414/INF4/SLIP/gcc-arm-none-eabi-4_8-2014q2/bin/../lib/gcc/arm-none-eabi/4.8.4/../../../../arm-none-eabi/lib/armv6-m/libc.a(lib_a-memmove.o)
 .text.memmove  0x00020c30       0xa4 /afs/inf.ed.ac.uk/user/s11/s1119414/INF4/SLIP/gcc-arm-none-eabi-4_8-2014q2/bin/../lib/gcc/arm-none-eabi/4.8.4/../../../../arm-none-eabi/lib/armv6-m/libc.a(lib_a-memmove.o)
                0x00020c30                memmove
 .text          0x00020cd4        0x0 /afs/inf.ed.ac.uk/user/s11/s1119414/INF4/SLIP/gcc-arm-none-eabi-4_8-2014q2/bin/../lib/gcc/arm-none-eabi/4.8.4/../../../../arm-none-eabi/lib/armv6-m/libc.a(lib_a-memset.o)
 .text.memset   0x00020cd4       0x9c /afs/inf.ed.ac.uk/user/s11/s1119414/INF4/SLIP/gcc-arm-none-eabi-4_8-2014q2/bin/../lib/gcc/arm-none-eabi/4.8.4/../../../../arm-none-eabi/lib/armv6-m/libc.a(lib_a-memset.o)
                0x00020cd4                memset
 .text          0x00020d70        0x0 /afs/inf.ed.ac.uk/user/s11/s1119414/INF4/SLIP/gcc-arm-none-eabi-4_8-2014q2/bin/../lib/gcc/arm-none-eabi/4.8.4/../../../../arm-none-eabi/lib/armv6-m/libc.a(lib_a-sprintf.o)
 .text._sprintf_r
                0x00020d70       0x40 /afs/inf.ed.ac.uk/user/s11/s1119414/INF4/SLIP/gcc-arm-none-eabi-4_8-2014q2/bin/../lib/gcc/arm-none-eabi/4.8.4/../../../../arm-none-eabi/lib/armv6-m/libc.a(lib_a-sprintf.o)
                0x00020d70                _sprintf_r
 .text.sprintf  0x00020db0       0x44 /afs/inf.ed.ac.uk/user/s11/s1119414/INF4/SLIP/gcc-arm-none-eabi-4_8-2014q2/bin/../lib/gcc/arm-none-eabi/4.8.4/../../../../arm-none-eabi/lib/armv6-m/libc.a(lib_a-sprintf.o)
                0x00020db0                sprintf
 .text          0x00020df4        0x0 /afs/inf.ed.ac.uk/user/s11/s1119414/INF4/SLIP/gcc-arm-none-eabi-4_8-2014q2/bin/../lib/gcc/arm-none-eabi/4.8.4/../../../../arm-none-eabi/lib/armv6-m/libc.a(lib_a-strlen.o)
 .text.strlen   0x00020df4       0x10 /afs/inf.ed.ac.uk/user/s11/s1119414/INF4/SLIP/gcc-arm-none-eabi-4_8-2014q2/bin/../lib/gcc/arm-none-eabi/4.8.4/../../../../arm-none-eabi/lib/armv6-m/libc.a(lib_a-strlen.o)
                0x00020df4                strlen
 .text          0x00020e04        0x0 /afs/inf.ed.ac.uk/user/s11/s1119414/INF4/SLIP/gcc-arm-none-eabi-4_8-2014q2/bin/../lib/gcc/arm-none-eabi/4.8.4/../../../../arm-none-eabi/lib/armv6-m/libc.a(lib_a-svfprintf.o)
 *fill*         0x00020e04        0x4 
 .text._svfprintf_r
                0x00020e08     0x15c8 /afs/inf.ed.ac.uk/user/s11/s1119414/INF4/SLIP/gcc-arm-none-eabi-4_8-2014q2/bin/../lib/gcc/arm-none-eabi/4.8.4/../../../../arm-none-eabi/lib/armv6-m/libc.a(lib_a-svfprintf.o)
                0x00020e08                _svfprintf_r
 .text          0x000223d0        0x0 /afs/inf.ed.ac.uk/user/s11/s1119414/INF4/SLIP/gcc-arm-none-eabi-4_8-2014q2/bin/../lib/gcc/arm-none-eabi/4.8.4/../../../../arm-none-eabi/lib/armv6-m/libc.a(lib_a-__call_atexit.o)
 .text.startup.register_fini
                0x000223d0       0x18 /afs/inf.ed.ac.uk/user/s11/s1119414/INF4/SLIP/gcc-arm-none-eabi-4_8-2014q2/bin/../lib/gcc/arm-none-eabi/4.8.4/../../../../arm-none-eabi/lib/armv6-m/libc.a(lib_a-__call_atexit.o)
 .text.__call_exitprocs
                0x000223e8      0x118 /afs/inf.ed.ac.uk/user/s11/s1119414/INF4/SLIP/gcc-arm-none-eabi-4_8-2014q2/bin/../lib/gcc/arm-none-eabi/4.8.4/../../../../arm-none-eabi/lib/armv6-m/libc.a(lib_a-__call_atexit.o)
                0x000223e8                __call_exitprocs
 .text          0x00022500        0x0 /afs/inf.ed.ac.uk/user/s11/s1119414/INF4/SLIP/gcc-arm-none-eabi-4_8-2014q2/bin/../lib/gcc/arm-none-eabi/4.8.4/../../../../arm-none-eabi/lib/armv6-m/libc.a(lib_a-atexit.o)
 .text.atexit   0x00022500       0x10 /afs/inf.ed.ac.uk/user/s11/s1119414/INF4/SLIP/gcc-arm-none-eabi-4_8-2014q2/bin/../lib/gcc/arm-none-eabi/4.8.4/../../../../arm-none-eabi/lib/armv6-m/libc.a(lib_a-atexit.o)
                0x00022500                atexit
 .text          0x00022510        0x0 /afs/inf.ed.ac.uk/user/s11/s1119414/INF4/SLIP/gcc-arm-none-eabi-4_8-2014q2/bin/../lib/gcc/arm-none-eabi/4.8.4/../../../../arm-none-eabi/lib/armv6-m/libc.a(lib_a-dtoa.o)
 .text.quorem   0x00022510      0x150 /afs/inf.ed.ac.uk/user/s11/s1119414/INF4/SLIP/gcc-arm-none-eabi-4_8-2014q2/bin/../lib/gcc/arm-none-eabi/4.8.4/../../../../arm-none-eabi/lib/armv6-m/libc.a(lib_a-dtoa.o)
 .text._dtoa_r  0x00022660      0xf38 /afs/inf.ed.ac.uk/user/s11/s1119414/INF4/SLIP/gcc-arm-none-eabi-4_8-2014q2/bin/../lib/gcc/arm-none-eabi/4.8.4/../../../../arm-none-eabi/lib/armv6-m/libc.a(lib_a-dtoa.o)
                0x00022660                _dtoa_r
 .text          0x00023598        0x0 /afs/inf.ed.ac.uk/user/s11/s1119414/INF4/SLIP/gcc-arm-none-eabi-4_8-2014q2/bin/../lib/gcc/arm-none-eabi/4.8.4/../../../../arm-none-eabi/lib/armv6-m/libc.a(lib_a-fini.o)
 .text.__libc_fini_array
                0x00023598       0x30 /afs/inf.ed.ac.uk/user/s11/s1119414/INF4/SLIP/gcc-arm-none-eabi-4_8-2014q2/bin/../lib/gcc/arm-none-eabi/4.8.4/../../../../arm-none-eabi/lib/armv6-m/libc.a(lib_a-fini.o)
                0x00023598                __libc_fini_array
 .text          0x000235c8        0x0 /afs/inf.ed.ac.uk/user/s11/s1119414/INF4/SLIP/gcc-arm-none-eabi-4_8-2014q2/bin/../lib/gcc/arm-none-eabi/4.8.4/../../../../arm-none-eabi/lib/armv6-m/libc.a(lib_a-locale.o)
 .text._setlocale_r
                0x000235c8       0x44 /afs/inf.ed.ac.uk/user/s11/s1119414/INF4/SLIP/gcc-arm-none-eabi-4_8-2014q2/bin/../lib/gcc/arm-none-eabi/4.8.4/../../../../arm-none-eabi/lib/armv6-m/libc.a(lib_a-locale.o)
                0x000235c8                _setlocale_r
 .text.__locale_charset
                0x0002360c        0x8 /afs/inf.ed.ac.uk/user/s11/s1119414/INF4/SLIP/gcc-arm-none-eabi-4_8-2014q2/bin/../lib/gcc/arm-none-eabi/4.8.4/../../../../arm-none-eabi/lib/armv6-m/libc.a(lib_a-locale.o)
                0x0002360c                __locale_charset
 .text.__locale_mb_cur_max
                0x00023614        0xc /afs/inf.ed.ac.uk/user/s11/s1119414/INF4/SLIP/gcc-arm-none-eabi-4_8-2014q2/bin/../lib/gcc/arm-none-eabi/4.8.4/../../../../arm-none-eabi/lib/armv6-m/libc.a(lib_a-locale.o)
                0x00023614                __locale_mb_cur_max
 .text.__locale_msgcharset
                0x00023620        0x8 /afs/inf.ed.ac.uk/user/s11/s1119414/INF4/SLIP/gcc-arm-none-eabi-4_8-2014q2/bin/../lib/gcc/arm-none-eabi/4.8.4/../../../../arm-none-eabi/lib/armv6-m/libc.a(lib_a-locale.o)
                0x00023620                __locale_msgcharset
 .text.__locale_cjk_lang
                0x00023628        0x4 /afs/inf.ed.ac.uk/user/s11/s1119414/INF4/SLIP/gcc-arm-none-eabi-4_8-2014q2/bin/../lib/gcc/arm-none-eabi/4.8.4/../../../../arm-none-eabi/lib/armv6-m/libc.a(lib_a-locale.o)
                0x00023628                __locale_cjk_lang
 .text._localeconv_r
                0x0002362c        0x8 /afs/inf.ed.ac.uk/user/s11/s1119414/INF4/SLIP/gcc-arm-none-eabi-4_8-2014q2/bin/../lib/gcc/arm-none-eabi/4.8.4/../../../../arm-none-eabi/lib/armv6-m/libc.a(lib_a-locale.o)
                0x0002362c                _localeconv_r
 .text.setlocale
                0x00023634       0x18 /afs/inf.ed.ac.uk/user/s11/s1119414/INF4/SLIP/gcc-arm-none-eabi-4_8-2014q2/bin/../lib/gcc/arm-none-eabi/4.8.4/../../../../arm-none-eabi/lib/armv6-m/libc.a(lib_a-locale.o)
                0x00023634                setlocale
 .text.localeconv
                0x0002364c        0x8 /afs/inf.ed.ac.uk/user/s11/s1119414/INF4/SLIP/gcc-arm-none-eabi-4_8-2014q2/bin/../lib/gcc/arm-none-eabi/4.8.4/../../../../arm-none-eabi/lib/armv6-m/libc.a(lib_a-locale.o)
                0x0002364c                localeconv
 .text          0x00023654        0x0 /afs/inf.ed.ac.uk/user/s11/s1119414/INF4/SLIP/gcc-arm-none-eabi-4_8-2014q2/bin/../lib/gcc/arm-none-eabi/4.8.4/../../../../arm-none-eabi/lib/armv6-m/libc.a(lib_a-mallocr.o)
 .text._malloc_r
                0x00023654      0x50c /afs/inf.ed.ac.uk/user/s11/s1119414/INF4/SLIP/gcc-arm-none-eabi-4_8-2014q2/bin/../lib/gcc/arm-none-eabi/4.8.4/../../../../arm-none-eabi/lib/armv6-m/libc.a(lib_a-mallocr.o)
                0x00023654                _malloc_r
 .text          0x00023b60        0x0 /afs/inf.ed.ac.uk/user/s11/s1119414/INF4/SLIP/gcc-arm-none-eabi-4_8-2014q2/bin/../lib/gcc/arm-none-eabi/4.8.4/../../../../arm-none-eabi/lib/armv6-m/libc.a(lib_a-memchr-stub.o)
 .text.memchr   0x00023b60       0x84 /afs/inf.ed.ac.uk/user/s11/s1119414/INF4/SLIP/gcc-arm-none-eabi-4_8-2014q2/bin/../lib/gcc/arm-none-eabi/4.8.4/../../../../arm-none-eabi/lib/armv6-m/libc.a(lib_a-memchr-stub.o)
                0x00023b60                memchr
 .text          0x00023be4        0x0 /afs/inf.ed.ac.uk/user/s11/s1119414/INF4/SLIP/gcc-arm-none-eabi-4_8-2014q2/bin/../lib/gcc/arm-none-eabi/4.8.4/../../../../arm-none-eabi/lib/armv6-m/libc.a(lib_a-mlock.o)
 .text.__malloc_lock
                0x00023be4        0x4 /afs/inf.ed.ac.uk/user/s11/s1119414/INF4/SLIP/gcc-arm-none-eabi-4_8-2014q2/bin/../lib/gcc/arm-none-eabi/4.8.4/../../../../arm-none-eabi/lib/armv6-m/libc.a(lib_a-mlock.o)
                0x00023be4                __malloc_lock
 .text.__malloc_unlock
                0x00023be8        0x4 /afs/inf.ed.ac.uk/user/s11/s1119414/INF4/SLIP/gcc-arm-none-eabi-4_8-2014q2/bin/../lib/gcc/arm-none-eabi/4.8.4/../../../../arm-none-eabi/lib/armv6-m/libc.a(lib_a-mlock.o)
                0x00023be8                __malloc_unlock
 .text          0x00023bec        0x0 /afs/inf.ed.ac.uk/user/s11/s1119414/INF4/SLIP/gcc-arm-none-eabi-4_8-2014q2/bin/../lib/gcc/arm-none-eabi/4.8.4/../../../../arm-none-eabi/lib/armv6-m/libc.a(lib_a-mprec.o)
 .text._Balloc  0x00023bec       0x50 /afs/inf.ed.ac.uk/user/s11/s1119414/INF4/SLIP/gcc-arm-none-eabi-4_8-2014q2/bin/../lib/gcc/arm-none-eabi/4.8.4/../../../../arm-none-eabi/lib/armv6-m/libc.a(lib_a-mprec.o)
                0x00023bec                _Balloc
 .text._Bfree   0x00023c3c       0x14 /afs/inf.ed.ac.uk/user/s11/s1119414/INF4/SLIP/gcc-arm-none-eabi-4_8-2014q2/bin/../lib/gcc/arm-none-eabi/4.8.4/../../../../arm-none-eabi/lib/armv6-m/libc.a(lib_a-mprec.o)
                0x00023c3c                _Bfree
 .text.__multadd
                0x00023c50       0xa8 /afs/inf.ed.ac.uk/user/s11/s1119414/INF4/SLIP/gcc-arm-none-eabi-4_8-2014q2/bin/../lib/gcc/arm-none-eabi/4.8.4/../../../../arm-none-eabi/lib/armv6-m/libc.a(lib_a-mprec.o)
                0x00023c50                __multadd
 .text.__s2b    0x00023cf8       0x98 /afs/inf.ed.ac.uk/user/s11/s1119414/INF4/SLIP/gcc-arm-none-eabi-4_8-2014q2/bin/../lib/gcc/arm-none-eabi/4.8.4/../../../../arm-none-eabi/lib/armv6-m/libc.a(lib_a-mprec.o)
                0x00023cf8                __s2b
 .text.__hi0bits
                0x00023d90       0x3c /afs/inf.ed.ac.uk/user/s11/s1119414/INF4/SLIP/gcc-arm-none-eabi-4_8-2014q2/bin/../lib/gcc/arm-none-eabi/4.8.4/../../../../arm-none-eabi/lib/armv6-m/libc.a(lib_a-mprec.o)
                0x00023d90                __hi0bits
 .text.__lo0bits
                0x00023dcc       0x5c /afs/inf.ed.ac.uk/user/s11/s1119414/INF4/SLIP/gcc-arm-none-eabi-4_8-2014q2/bin/../lib/gcc/arm-none-eabi/4.8.4/../../../../arm-none-eabi/lib/armv6-m/libc.a(lib_a-mprec.o)
                0x00023dcc                __lo0bits
 .text.__i2b    0x00023e28       0x14 /afs/inf.ed.ac.uk/user/s11/s1119414/INF4/SLIP/gcc-arm-none-eabi-4_8-2014q2/bin/../lib/gcc/arm-none-eabi/4.8.4/../../../../arm-none-eabi/lib/armv6-m/libc.a(lib_a-mprec.o)
                0x00023e28                __i2b
 .text.__multiply
                0x00023e3c      0x144 /afs/inf.ed.ac.uk/user/s11/s1119414/INF4/SLIP/gcc-arm-none-eabi-4_8-2014q2/bin/../lib/gcc/arm-none-eabi/4.8.4/../../../../arm-none-eabi/lib/armv6-m/libc.a(lib_a-mprec.o)
                0x00023e3c                __multiply
 .text.__pow5mult
                0x00023f80       0xb8 /afs/inf.ed.ac.uk/user/s11/s1119414/INF4/SLIP/gcc-arm-none-eabi-4_8-2014q2/bin/../lib/gcc/arm-none-eabi/4.8.4/../../../../arm-none-eabi/lib/armv6-m/libc.a(lib_a-mprec.o)
                0x00023f80                __pow5mult
 .text.__lshift
                0x00024038       0xc0 /afs/inf.ed.ac.uk/user/s11/s1119414/INF4/SLIP/gcc-arm-none-eabi-4_8-2014q2/bin/../lib/gcc/arm-none-eabi/4.8.4/../../../../arm-none-eabi/lib/armv6-m/libc.a(lib_a-mprec.o)
                0x00024038                __lshift
 .text.__mcmp   0x000240f8       0x38 /afs/inf.ed.ac.uk/user/s11/s1119414/INF4/SLIP/gcc-arm-none-eabi-4_8-2014q2/bin/../lib/gcc/arm-none-eabi/4.8.4/../../../../arm-none-eabi/lib/armv6-m/libc.a(lib_a-mprec.o)
                0x000240f8                __mcmp
 .text.__mdiff  0x00024130       0xe8 /afs/inf.ed.ac.uk/user/s11/s1119414/INF4/SLIP/gcc-arm-none-eabi-4_8-2014q2/bin/../lib/gcc/arm-none-eabi/4.8.4/../../../../arm-none-eabi/lib/armv6-m/libc.a(lib_a-mprec.o)
                0x00024130                __mdiff
 .text.__ulp    0x00024218       0x44 /afs/inf.ed.ac.uk/user/s11/s1119414/INF4/SLIP/gcc-arm-none-eabi-4_8-2014q2/bin/../lib/gcc/arm-none-eabi/4.8.4/../../../../arm-none-eabi/lib/armv6-m/libc.a(lib_a-mprec.o)
                0x00024218                __ulp
 .text.__b2d    0x0002425c       0xac /afs/inf.ed.ac.uk/user/s11/s1119414/INF4/SLIP/gcc-arm-none-eabi-4_8-2014q2/bin/../lib/gcc/arm-none-eabi/4.8.4/../../../../arm-none-eabi/lib/armv6-m/libc.a(lib_a-mprec.o)
                0x0002425c                __b2d
 .text.__d2b    0x00024308       0xbc /afs/inf.ed.ac.uk/user/s11/s1119414/INF4/SLIP/gcc-arm-none-eabi-4_8-2014q2/bin/../lib/gcc/arm-none-eabi/4.8.4/../../../../arm-none-eabi/lib/armv6-m/libc.a(lib_a-mprec.o)
                0x00024308                __d2b
 .text.__ratio  0x000243c4       0x70 /afs/inf.ed.ac.uk/user/s11/s1119414/INF4/SLIP/gcc-arm-none-eabi-4_8-2014q2/bin/../lib/gcc/arm-none-eabi/4.8.4/../../../../arm-none-eabi/lib/armv6-m/libc.a(lib_a-mprec.o)
                0x000243c4                __ratio
 *fill*         0x00024434        0x4 
 .text._mprec_log10
                0x00024438       0x40 /afs/inf.ed.ac.uk/user/s11/s1119414/INF4/SLIP/gcc-arm-none-eabi-4_8-2014q2/bin/../lib/gcc/arm-none-eabi/4.8.4/../../../../arm-none-eabi/lib/armv6-m/libc.a(lib_a-mprec.o)
                0x00024438                _mprec_log10
 .text.__copybits
                0x00024478       0x40 /afs/inf.ed.ac.uk/user/s11/s1119414/INF4/SLIP/gcc-arm-none-eabi-4_8-2014q2/bin/../lib/gcc/arm-none-eabi/4.8.4/../../../../arm-none-eabi/lib/armv6-m/libc.a(lib_a-mprec.o)
                0x00024478                __copybits
 .text.__any_on
                0x000244b8       0x60 /afs/inf.ed.ac.uk/user/s11/s1119414/INF4/SLIP/gcc-arm-none-eabi-4_8-2014q2/bin/../lib/gcc/arm-none-eabi/4.8.4/../../../../arm-none-eabi/lib/armv6-m/libc.a(lib_a-mprec.o)
                0x000244b8                __any_on
 .text          0x00024518        0x0 /afs/inf.ed.ac.uk/user/s11/s1119414/INF4/SLIP/gcc-arm-none-eabi-4_8-2014q2/bin/../lib/gcc/arm-none-eabi/4.8.4/../../../../arm-none-eabi/lib/armv6-m/libc.a(lib_a-s_fpclassify.o)
 .text.__fpclassifyd
                0x00024518       0x60 /afs/inf.ed.ac.uk/user/s11/s1119414/INF4/SLIP/gcc-arm-none-eabi-4_8-2014q2/bin/../lib/gcc/arm-none-eabi/4.8.4/../../../../arm-none-eabi/lib/armv6-m/libc.a(lib_a-s_fpclassify.o)
                0x00024518                __fpclassifyd
 .text          0x00024578        0x0 /afs/inf.ed.ac.uk/user/s11/s1119414/INF4/SLIP/gcc-arm-none-eabi-4_8-2014q2/bin/../lib/gcc/arm-none-eabi/4.8.4/../../../../arm-none-eabi/lib/armv6-m/libc.a(lib_a-sbrkr.o)
 .text._sbrk_r  0x00024578       0x24 /afs/inf.ed.ac.uk/user/s11/s1119414/INF4/SLIP/gcc-arm-none-eabi-4_8-2014q2/bin/../lib/gcc/arm-none-eabi/4.8.4/../../../../arm-none-eabi/lib/armv6-m/libc.a(lib_a-sbrkr.o)
                0x00024578                _sbrk_r
 .text          0x0002459c       0x14 /afs/inf.ed.ac.uk/user/s11/s1119414/INF4/SLIP/gcc-arm-none-eabi-4_8-2014q2/bin/../lib/gcc/arm-none-eabi/4.8.4/../../../../arm-none-eabi/lib/armv6-m/libc.a(lib_a-strcmp.o)
                0x0002459c                strcmp
 .text          0x000245b0        0x0 /afs/inf.ed.ac.uk/user/s11/s1119414/INF4/SLIP/gcc-arm-none-eabi-4_8-2014q2/bin/../lib/gcc/arm-none-eabi/4.8.4/../../../../arm-none-eabi/lib/armv6-m/libc.a(lib_a-svfiprintf.o)
 .text.__ssprint_r
                0x000245b0      0x12c /afs/inf.ed.ac.uk/user/s11/s1119414/INF4/SLIP/gcc-arm-none-eabi-4_8-2014q2/bin/../lib/gcc/arm-none-eabi/4.8.4/../../../../arm-none-eabi/lib/armv6-m/libc.a(lib_a-svfiprintf.o)
                0x000245b0                __ssprint_r
 .text._svfiprintf_r
                0x000246dc      0xac4 /afs/inf.ed.ac.uk/user/s11/s1119414/INF4/SLIP/gcc-arm-none-eabi-4_8-2014q2/bin/../lib/gcc/arm-none-eabi/4.8.4/../../../../arm-none-eabi/lib/armv6-m/libc.a(lib_a-svfiprintf.o)
                0x000246dc                _svfiprintf_r
 .text          0x000251a0        0x0 /afs/inf.ed.ac.uk/user/s11/s1119414/INF4/SLIP/gcc-arm-none-eabi-4_8-2014q2/bin/../lib/gcc/arm-none-eabi/4.8.4/../../../../arm-none-eabi/lib/armv6-m/libc.a(lib_a-__atexit.o)
 .text.__register_exitproc
                0x000251a0       0xc0 /afs/inf.ed.ac.uk/user/s11/s1119414/INF4/SLIP/gcc-arm-none-eabi-4_8-2014q2/bin/../lib/gcc/arm-none-eabi/4.8.4/../../../../arm-none-eabi/lib/armv6-m/libc.a(lib_a-__atexit.o)
                0x000251a0                __register_exitproc
 .text          0x00025260        0x0 /afs/inf.ed.ac.uk/user/s11/s1119414/INF4/SLIP/gcc-arm-none-eabi-4_8-2014q2/bin/../lib/gcc/arm-none-eabi/4.8.4/../../../../arm-none-eabi/lib/armv6-m/libc.a(lib_a-callocr.o)
 .text._calloc_r
                0x00025260       0x60 /afs/inf.ed.ac.uk/user/s11/s1119414/INF4/SLIP/gcc-arm-none-eabi-4_8-2014q2/bin/../lib/gcc/arm-none-eabi/4.8.4/../../../../arm-none-eabi/lib/armv6-m/libc.a(lib_a-callocr.o)
                0x00025260                _calloc_r
 .text          0x000252c0        0x0 /afs/inf.ed.ac.uk/user/s11/s1119414/INF4/SLIP/gcc-arm-none-eabi-4_8-2014q2/bin/../lib/gcc/arm-none-eabi/4.8.4/../../../../arm-none-eabi/lib/armv6-m/libc.a(lib_a-freer.o)
 .text._malloc_trim_r
                0x000252c0       0xa0 /afs/inf.ed.ac.uk/user/s11/s1119414/INF4/SLIP/gcc-arm-none-eabi-4_8-2014q2/bin/../lib/gcc/arm-none-eabi/4.8.4/../../../../arm-none-eabi/lib/armv6-m/libc.a(lib_a-freer.o)
                0x000252c0                _malloc_trim_r
 .text._free_r  0x00025360      0x190 /afs/inf.ed.ac.uk/user/s11/s1119414/INF4/SLIP/gcc-arm-none-eabi-4_8-2014q2/bin/../lib/gcc/arm-none-eabi/4.8.4/../../../../arm-none-eabi/lib/armv6-m/libc.a(lib_a-freer.o)
                0x00025360                _free_r
 .text          0x000254f0        0x0 /afs/inf.ed.ac.uk/user/s11/s1119414/INF4/SLIP/gcc-arm-none-eabi-4_8-2014q2/bin/../lib/gcc/arm-none-eabi/4.8.4/../../../../arm-none-eabi/lib/armv6-m/libc.a(lib_a-reallocr.o)
 .text._realloc_r
                0x000254f0      0x360 /afs/inf.ed.ac.uk/user/s11/s1119414/INF4/SLIP/gcc-arm-none-eabi-4_8-2014q2/bin/../lib/gcc/arm-none-eabi/4.8.4/../../../../arm-none-eabi/lib/armv6-m/libc.a(lib_a-reallocr.o)
                0x000254f0                _realloc_r
 .text          0x00025850        0x0 /afs/inf.ed.ac.uk/user/s11/s1119414/INF4/SLIP/gcc-arm-none-eabi-4_8-2014q2/bin/../lib/gcc/arm-none-eabi/4.8.4/../../../../arm-none-eabi/lib/armv6-m/libc.a(lib_a-reent.o)
 .text.cleanup_glue
                0x00025850       0x1c /afs/inf.ed.ac.uk/user/s11/s1119414/INF4/SLIP/gcc-arm-none-eabi-4_8-2014q2/bin/../lib/gcc/arm-none-eabi/4.8.4/../../../../arm-none-eabi/lib/armv6-m/libc.a(lib_a-reent.o)
                0x00025850                cleanup_glue
 .text._reclaim_reent
                0x0002586c       0xa0 /afs/inf.ed.ac.uk/user/s11/s1119414/INF4/SLIP/gcc-arm-none-eabi-4_8-2014q2/bin/../lib/gcc/arm-none-eabi/4.8.4/../../../../arm-none-eabi/lib/armv6-m/libc.a(lib_a-reent.o)
                0x0002586c                _reclaim_reent
 .text          0x0002590c       0xc0 /afs/inf.ed.ac.uk/user/s11/s1119414/INF4/SLIP/gcc-arm-none-eabi-4_8-2014q2/bin/../lib/gcc/arm-none-eabi/4.8.4/armv6-m/libgcc.a(_divsi3.o)
                0x0002590c                __aeabi_idiv
                0x0002590c                __divsi3
                0x000259b8                __aeabi_idivmod
 .text          0x000259cc       0x7c /afs/inf.ed.ac.uk/user/s11/s1119414/INF4/SLIP/gcc-arm-none-eabi-4_8-2014q2/bin/../lib/gcc/arm-none-eabi/4.8.4/armv6-m/libgcc.a(_arm_cmpdf2.o)
                0x000259cc                __aeabi_cdrcmple
                0x000259dc                __aeabi_cdcmple
                0x000259dc                __aeabi_cdcmpeq
                0x000259ec                __aeabi_dcmpeq
                0x000259f8                __aeabi_dcmplt
                0x00025a0c                __aeabi_dcmple
                0x00025a20                __aeabi_dcmpgt
                0x00025a34                __aeabi_dcmpge
 .text          0x00025a48       0x40 /afs/inf.ed.ac.uk/user/s11/s1119414/INF4/SLIP/gcc-arm-none-eabi-4_8-2014q2/bin/../lib/gcc/arm-none-eabi/4.8.4/armv6-m/libgcc.a(_aeabi_uldivmod.o)
                0x00025a48                __aeabi_uldivmod
 .text          0x00025a88       0x6c /afs/inf.ed.ac.uk/user/s11/s1119414/INF4/SLIP/gcc-arm-none-eabi-4_8-2014q2/bin/../lib/gcc/arm-none-eabi/4.8.4/armv6-m/libgcc.a(bpabi.o)
                0x00025a88                __gnu_ldivmod_helper
                0x00025ac0                __gnu_uldivmod_helper
 .text          0x00025af4      0x644 /afs/inf.ed.ac.uk/user/s11/s1119414/INF4/SLIP/gcc-arm-none-eabi-4_8-2014q2/bin/../lib/gcc/arm-none-eabi/4.8.4/armv6-m/libgcc.a(adddf3.o)
                0x00025af4                __aeabi_dadd
 .text          0x00026138      0x648 /afs/inf.ed.ac.uk/user/s11/s1119414/INF4/SLIP/gcc-arm-none-eabi-4_8-2014q2/bin/../lib/gcc/arm-none-eabi/4.8.4/armv6-m/libgcc.a(divdf3.o)
                0x00026138                __aeabi_ddiv
 .text          0x00026780       0x94 /afs/inf.ed.ac.uk/user/s11/s1119414/INF4/SLIP/gcc-arm-none-eabi-4_8-2014q2/bin/../lib/gcc/arm-none-eabi/4.8.4/armv6-m/libgcc.a(eqdf2.o)
                0x00026780                __eqdf2
                0x00026780                __nedf2
 .text          0x00026814       0xfc /afs/inf.ed.ac.uk/user/s11/s1119414/INF4/SLIP/gcc-arm-none-eabi-4_8-2014q2/bin/../lib/gcc/arm-none-eabi/4.8.4/armv6-m/libgcc.a(gedf2.o)
                0x00026814                __gtdf2
                0x00026814                __gedf2
 .text          0x00026910       0xfc /afs/inf.ed.ac.uk/user/s11/s1119414/INF4/SLIP/gcc-arm-none-eabi-4_8-2014q2/bin/../lib/gcc/arm-none-eabi/4.8.4/armv6-m/libgcc.a(ledf2.o)
                0x00026910                __ltdf2
                0x00026910                __ledf2
 .text          0x00026a0c      0x668 /afs/inf.ed.ac.uk/user/s11/s1119414/INF4/SLIP/gcc-arm-none-eabi-4_8-2014q2/bin/../lib/gcc/arm-none-eabi/4.8.4/armv6-m/libgcc.a(subdf3.o)
                0x00026a0c                __aeabi_dsub
 .text          0x00027074       0x68 /afs/inf.ed.ac.uk/user/s11/s1119414/INF4/SLIP/gcc-arm-none-eabi-4_8-2014q2/bin/../lib/gcc/arm-none-eabi/4.8.4/armv6-m/libgcc.a(fixdfsi.o)
                0x00027074                __aeabi_d2iz
 .text          0x000270dc       0x7c /afs/inf.ed.ac.uk/user/s11/s1119414/INF4/SLIP/gcc-arm-none-eabi-4_8-2014q2/bin/../lib/gcc/arm-none-eabi/4.8.4/armv6-m/libgcc.a(floatsidf.o)
                0x000270dc                __aeabi_i2d
 .text          0x00027158       0x68 /afs/inf.ed.ac.uk/user/s11/s1119414/INF4/SLIP/gcc-arm-none-eabi-4_8-2014q2/bin/../lib/gcc/arm-none-eabi/4.8.4/armv6-m/libgcc.a(floatunsidf.o)
                0x00027158                __aeabi_ui2d
 .text          0x000271c0       0x44 /afs/inf.ed.ac.uk/user/s11/s1119414/INF4/SLIP/gcc-arm-none-eabi-4_8-2014q2/bin/../lib/gcc/arm-none-eabi/4.8.4/armv6-m/libgcc.a(_muldi3.o)
                0x000271c0                __aeabi_lmul
                0x000271c0                __muldi3
 .text          0x00027204      0x3b8 /afs/inf.ed.ac.uk/user/s11/s1119414/INF4/SLIP/gcc-arm-none-eabi-4_8-2014q2/bin/../lib/gcc/arm-none-eabi/4.8.4/armv6-m/libgcc.a(_divdi3.o)
                0x00027204                __divdi3
 .text          0x000275bc      0x384 /afs/inf.ed.ac.uk/user/s11/s1119414/INF4/SLIP/gcc-arm-none-eabi-4_8-2014q2/bin/../lib/gcc/arm-none-eabi/4.8.4/armv6-m/libgcc.a(_udivdi3.o)
                0x000275bc                __udivdi3
 .text          0x00027940        0x0 /afs/inf.ed.ac.uk/user/s11/s1119414/INF4/SLIP/gcc-arm-none-eabi-4_8-2014q2/bin/../lib/gcc/arm-none-eabi/4.8.4/armv6-m/crtend.o
 .text          0x00027940        0x0 /afs/inf.ed.ac.uk/user/s11/s1119414/INF4/SLIP/gcc-arm-none-eabi-4_8-2014q2/bin/../lib/gcc/arm-none-eabi/4.8.4/armv6-m/crtn.o
 .text          0x00027940        0x0 /afs/inf.ed.ac.uk/user/s11/s1119414/INF4/SLIP/gcc-arm-none-eabi-4_8-2014q2/bin/../lib/gcc/arm-none-eabi/4.8.4/../../../../arm-none-eabi/lib/armv6-m/libm.a(lib_a-s_cos.o)
 .text.cos      0x00027940       0xa8 /afs/inf.ed.ac.uk/user/s11/s1119414/INF4/SLIP/gcc-arm-none-eabi-4_8-2014q2/bin/../lib/gcc/arm-none-eabi/4.8.4/../../../../arm-none-eabi/lib/armv6-m/libm.a(lib_a-s_cos.o)
                0x00027940                cos
 .text          0x000279e8        0x0 /afs/inf.ed.ac.uk/user/s11/s1119414/INF4/SLIP/gcc-arm-none-eabi-4_8-2014q2/bin/../lib/gcc/arm-none-eabi/4.8.4/../../../../arm-none-eabi/lib/armv6-m/libm.a(lib_a-e_rem_pio2.o)
 .text.__ieee754_rem_pio2
                0x000279e8      0x478 /afs/inf.ed.ac.uk/user/s11/s1119414/INF4/SLIP/gcc-arm-none-eabi-4_8-2014q2/bin/../lib/gcc/arm-none-eabi/4.8.4/../../../../arm-none-eabi/lib/armv6-m/libm.a(lib_a-e_rem_pio2.o)
                0x000279e8                __ieee754_rem_pio2
 .text          0x00027e60        0x0 /afs/inf.ed.ac.uk/user/s11/s1119414/INF4/SLIP/gcc-arm-none-eabi-4_8-2014q2/bin/../lib/gcc/arm-none-eabi/4.8.4/../../../../arm-none-eabi/lib/armv6-m/libm.a(lib_a-k_cos.o)
 .text.__kernel_cos
                0x00027e60      0x248 /afs/inf.ed.ac.uk/user/s11/s1119414/INF4/SLIP/gcc-arm-none-eabi-4_8-2014q2/bin/../lib/gcc/arm-none-eabi/4.8.4/../../../../arm-none-eabi/lib/armv6-m/libm.a(lib_a-k_cos.o)
                0x00027e60                __kernel_cos
 .text          0x000280a8        0x0 /afs/inf.ed.ac.uk/user/s11/s1119414/INF4/SLIP/gcc-arm-none-eabi-4_8-2014q2/bin/../lib/gcc/arm-none-eabi/4.8.4/../../../../arm-none-eabi/lib/armv6-m/libm.a(lib_a-k_rem_pio2.o)
 .text.__kernel_rem_pio2
                0x000280a8      0x830 /afs/inf.ed.ac.uk/user/s11/s1119414/INF4/SLIP/gcc-arm-none-eabi-4_8-2014q2/bin/../lib/gcc/arm-none-eabi/4.8.4/../../../../arm-none-eabi/lib/armv6-m/libm.a(lib_a-k_rem_pio2.o)
                0x000280a8                __kernel_rem_pio2
 .text          0x000288d8        0x0 /afs/inf.ed.ac.uk/user/s11/s1119414/INF4/SLIP/gcc-arm-none-eabi-4_8-2014q2/bin/../lib/gcc/arm-none-eabi/4.8.4/../../../../arm-none-eabi/lib/armv6-m/libm.a(lib_a-k_sin.o)
 .text.__kernel_sin
                0x000288d8      0x158 /afs/inf.ed.ac.uk/user/s11/s1119414/INF4/SLIP/gcc-arm-none-eabi-4_8-2014q2/bin/../lib/gcc/arm-none-eabi/4.8.4/../../../../arm-none-eabi/lib/armv6-m/libm.a(lib_a-k_sin.o)
                0x000288d8                __kernel_sin
 .text          0x00028a30        0x0 /afs/inf.ed.ac.uk/user/s11/s1119414/INF4/SLIP/gcc-arm-none-eabi-4_8-2014q2/bin/../lib/gcc/arm-none-eabi/4.8.4/../../../../arm-none-eabi/lib/armv6-m/libm.a(lib_a-s_fabs.o)
 .text.fabs     0x00028a30        0x8 /afs/inf.ed.ac.uk/user/s11/s1119414/INF4/SLIP/gcc-arm-none-eabi-4_8-2014q2/bin/../lib/gcc/arm-none-eabi/4.8.4/../../../../arm-none-eabi/lib/armv6-m/libm.a(lib_a-s_fabs.o)
                0x00028a30                fabs
 .text          0x00028a38        0x0 /afs/inf.ed.ac.uk/user/s11/s1119414/INF4/SLIP/gcc-arm-none-eabi-4_8-2014q2/bin/../lib/gcc/arm-none-eabi/4.8.4/../../../../arm-none-eabi/lib/armv6-m/libm.a(lib_a-s_floor.o)
 .text.floor    0x00028a38      0x170 /afs/inf.ed.ac.uk/user/s11/s1119414/INF4/SLIP/gcc-arm-none-eabi-4_8-2014q2/bin/../lib/gcc/arm-none-eabi/4.8.4/../../../../arm-none-eabi/lib/armv6-m/libm.a(lib_a-s_floor.o)
                0x00028a38                floor
 .text          0x00028ba8        0x0 /afs/inf.ed.ac.uk/user/s11/s1119414/INF4/SLIP/gcc-arm-none-eabi-4_8-2014q2/bin/../lib/gcc/arm-none-eabi/4.8.4/../../../../arm-none-eabi/lib/armv6-m/libm.a(lib_a-s_scalbn.o)
 .text.scalbn   0x00028ba8      0x110 /afs/inf.ed.ac.uk/user/s11/s1119414/INF4/SLIP/gcc-arm-none-eabi-4_8-2014q2/bin/../lib/gcc/arm-none-eabi/4.8.4/../../../../arm-none-eabi/lib/armv6-m/libm.a(lib_a-s_scalbn.o)
                0x00028ba8                scalbn
 .text          0x00028cb8        0x0 /afs/inf.ed.ac.uk/user/s11/s1119414/INF4/SLIP/gcc-arm-none-eabi-4_8-2014q2/bin/../lib/gcc/arm-none-eabi/4.8.4/../../../../arm-none-eabi/lib/armv6-m/libm.a(lib_a-s_copysign.o)
 .text.copysign
                0x00028cb8       0x10 /afs/inf.ed.ac.uk/user/s11/s1119414/INF4/SLIP/gcc-arm-none-eabi-4_8-2014q2/bin/../lib/gcc/arm-none-eabi/4.8.4/../../../../arm-none-eabi/lib/armv6-m/libm.a(lib_a-s_copysign.o)
                0x00028cb8                copysign
 .text          0x00028cc8        0x0 /afs/inf.ed.ac.uk/user/s11/s1119414/INF4/SLIP/gcc-arm-none-eabi-4_8-2014q2/bin/../lib/gcc/arm-none-eabi/4.8.4/../../../../arm-none-eabi/lib/armv6-m/libnosys.a(sbrk.o)
 .text._sbrk    0x00028cc8       0x34 /afs/inf.ed.ac.uk/user/s11/s1119414/INF4/SLIP/gcc-arm-none-eabi-4_8-2014q2/bin/../lib/gcc/arm-none-eabi/4.8.4/../../../../arm-none-eabi/lib/armv6-m/libnosys.a(sbrk.o)
                0x00028cc8                _sbrk
 .text          0x00028cfc        0x0 /afs/inf.ed.ac.uk/user/s11/s1119414/INF4/SLIP/gcc-arm-none-eabi-4_8-2014q2/bin/../lib/gcc/arm-none-eabi/4.8.4/../../../../arm-none-eabi/lib/armv6-m/libnosys.a(_exit.o)
 .text._exit    0x00028cfc        0x4 /afs/inf.ed.ac.uk/user/s11/s1119414/INF4/SLIP/gcc-arm-none-eabi-4_8-2014q2/bin/../lib/gcc/arm-none-eabi/4.8.4/../../../../arm-none-eabi/lib/armv6-m/libnosys.a(_exit.o)
                0x00028cfc                _exit
 *(.init)
 .init          0x00028d00        0x4 /afs/inf.ed.ac.uk/user/s11/s1119414/INF4/SLIP/gcc-arm-none-eabi-4_8-2014q2/bin/../lib/gcc/arm-none-eabi/4.8.4/armv6-m/crti.o
                0x00028d00                _init
 .init          0x00028d04        0x8 /afs/inf.ed.ac.uk/user/s11/s1119414/INF4/SLIP/gcc-arm-none-eabi-4_8-2014q2/bin/../lib/gcc/arm-none-eabi/4.8.4/armv6-m/crtn.o
 *(.fini)
 .fini          0x00028d0c        0x4 /afs/inf.ed.ac.uk/user/s11/s1119414/INF4/SLIP/gcc-arm-none-eabi-4_8-2014q2/bin/../lib/gcc/arm-none-eabi/4.8.4/armv6-m/crti.o
                0x00028d0c                _fini
 .fini          0x00028d10        0x8 /afs/inf.ed.ac.uk/user/s11/s1119414/INF4/SLIP/gcc-arm-none-eabi-4_8-2014q2/bin/../lib/gcc/arm-none-eabi/4.8.4/armv6-m/crtn.o
 *crtbegin.o(.ctors)
 *crtbegin?.o(.ctors)
 *(EXCLUDE_FILE(*crtend.o *crtend?.o) .ctors)
 *(SORT(.ctors.*))
 *(.ctors)
 *crtbegin.o(.dtors)
 *crtbegin?.o(.dtors)
 *(EXCLUDE_FILE(*crtend.o *crtend?.o) .dtors)
 *(SORT(.dtors.*))
 *(.dtors)
 *(.rodata*)
 .rodata        0x00028d18      0x100 _build/main.o
 .rodata        0x00028e18       0x38 _build/app_button.o
 .rodata        0x00028e50       0x34 _build/app_timer.o
 .rodata        0x00028e84       0x1c _build/pstorage.o
 .rodata        0x00028ea0      0x18c _build/device_manager_peripheral.o
                0x00028ea0                m_service_context_store
                0x00028eb0                m_service_context_load
                0x00028ec0                m_service_context_apply
                0x00028ed0                m_context_init_len
 .rodata        0x0002902c       0x38 _build/ble_dis.o
 .rodata        0x00029064       0x3c _build/ble_hrs.o
 .rodata        0x000290a0       0x40 _build/ble_srv_common.o
 .rodata        0x000290e0       0x3c _build/softdevice_handler.o
 .rodata        0x0002911c       0x40 /afs/inf.ed.ac.uk/user/s11/s1119414/INF4/SLIP/gcc-arm-none-eabi-4_8-2014q2/bin/../lib/gcc/arm-none-eabi/4.8.4/armv6-m/libgcc.a(muldf3.o)
 .rodata.str1.4
                0x0002915c        0x2 /afs/inf.ed.ac.uk/user/s11/s1119414/INF4/SLIP/gcc-arm-none-eabi-4_8-2014q2/bin/../lib/gcc/arm-none-eabi/4.8.4/../../../../arm-none-eabi/lib/armv6-m/libc.a(lib_a-impure.o)
                                  0x4 (size before relaxing)
 *fill*         0x0002915e        0x2 
 .rodata._global_impure_ptr
                0x00029160        0x4 /afs/inf.ed.ac.uk/user/s11/s1119414/INF4/SLIP/gcc-arm-none-eabi-4_8-2014q2/bin/../lib/gcc/arm-none-eabi/4.8.4/../../../../arm-none-eabi/lib/armv6-m/libc.a(lib_a-impure.o)
                0x00029160                _global_impure_ptr
 .rodata._svfprintf_r
                0x00029164      0x164 /afs/inf.ed.ac.uk/user/s11/s1119414/INF4/SLIP/gcc-arm-none-eabi-4_8-2014q2/bin/../lib/gcc/arm-none-eabi/4.8.4/../../../../arm-none-eabi/lib/armv6-m/libc.a(lib_a-svfprintf.o)
 .rodata.zeroes.6763
                0x000292c8       0x10 /afs/inf.ed.ac.uk/user/s11/s1119414/INF4/SLIP/gcc-arm-none-eabi-4_8-2014q2/bin/../lib/gcc/arm-none-eabi/4.8.4/../../../../arm-none-eabi/lib/armv6-m/libc.a(lib_a-svfprintf.o)
 .rodata.str1.4
                0x000292d8       0x42 /afs/inf.ed.ac.uk/user/s11/s1119414/INF4/SLIP/gcc-arm-none-eabi-4_8-2014q2/bin/../lib/gcc/arm-none-eabi/4.8.4/../../../../arm-none-eabi/lib/armv6-m/libc.a(lib_a-svfprintf.o)
                                 0x44 (size before relaxing)
 *fill*         0x0002931a        0x2 
 .rodata.blanks.6762
                0x0002931c       0x10 /afs/inf.ed.ac.uk/user/s11/s1119414/INF4/SLIP/gcc-arm-none-eabi-4_8-2014q2/bin/../lib/gcc/arm-none-eabi/4.8.4/../../../../arm-none-eabi/lib/armv6-m/libc.a(lib_a-svfprintf.o)
 .rodata.str1.4
                0x0002932c       0x10 /afs/inf.ed.ac.uk/user/s11/s1119414/INF4/SLIP/gcc-arm-none-eabi-4_8-2014q2/bin/../lib/gcc/arm-none-eabi/4.8.4/../../../../arm-none-eabi/lib/armv6-m/libc.a(lib_a-dtoa.o)
                                 0x14 (size before relaxing)
 .rodata.str1.4
                0x0002933c        0xc /afs/inf.ed.ac.uk/user/s11/s1119414/INF4/SLIP/gcc-arm-none-eabi-4_8-2014q2/bin/../lib/gcc/arm-none-eabi/4.8.4/../../../../arm-none-eabi/lib/armv6-m/libc.a(lib_a-locale.o)
                                 0x14 (size before relaxing)
 .rodata.__mprec_tens
                0x00029348       0xc8 /afs/inf.ed.ac.uk/user/s11/s1119414/INF4/SLIP/gcc-arm-none-eabi-4_8-2014q2/bin/../lib/gcc/arm-none-eabi/4.8.4/../../../../arm-none-eabi/lib/armv6-m/libc.a(lib_a-mprec.o)
                0x00029348                __mprec_tens
 .rodata.__mprec_bigtens
                0x00029410       0x28 /afs/inf.ed.ac.uk/user/s11/s1119414/INF4/SLIP/gcc-arm-none-eabi-4_8-2014q2/bin/../lib/gcc/arm-none-eabi/4.8.4/../../../../arm-none-eabi/lib/armv6-m/libc.a(lib_a-mprec.o)
                0x00029410                __mprec_bigtens
 .rodata.__mprec_tinytens
                0x00029438       0x28 /afs/inf.ed.ac.uk/user/s11/s1119414/INF4/SLIP/gcc-arm-none-eabi-4_8-2014q2/bin/../lib/gcc/arm-none-eabi/4.8.4/../../../../arm-none-eabi/lib/armv6-m/libc.a(lib_a-mprec.o)
                0x00029438                __mprec_tinytens
 .rodata.p05.5269
                0x00029460        0xc /afs/inf.ed.ac.uk/user/s11/s1119414/INF4/SLIP/gcc-arm-none-eabi-4_8-2014q2/bin/../lib/gcc/arm-none-eabi/4.8.4/../../../../arm-none-eabi/lib/armv6-m/libc.a(lib_a-mprec.o)
 .rodata._svfiprintf_r
                0x0002946c      0x164 /afs/inf.ed.ac.uk/user/s11/s1119414/INF4/SLIP/gcc-arm-none-eabi-4_8-2014q2/bin/../lib/gcc/arm-none-eabi/4.8.4/../../../../arm-none-eabi/lib/armv6-m/libc.a(lib_a-svfiprintf.o)
 .rodata.zeroes.6707
                0x000295d0       0x10 /afs/inf.ed.ac.uk/user/s11/s1119414/INF4/SLIP/gcc-arm-none-eabi-4_8-2014q2/bin/../lib/gcc/arm-none-eabi/4.8.4/../../../../arm-none-eabi/lib/armv6-m/libc.a(lib_a-svfiprintf.o)
 .rodata.str1.4
                0x00000000       0x30 /afs/inf.ed.ac.uk/user/s11/s1119414/INF4/SLIP/gcc-arm-none-eabi-4_8-2014q2/bin/../lib/gcc/arm-none-eabi/4.8.4/../../../../arm-none-eabi/lib/armv6-m/libc.a(lib_a-svfiprintf.o)
 .rodata.blanks.6706
                0x000295e0       0x10 /afs/inf.ed.ac.uk/user/s11/s1119414/INF4/SLIP/gcc-arm-none-eabi-4_8-2014q2/bin/../lib/gcc/arm-none-eabi/4.8.4/../../../../arm-none-eabi/lib/armv6-m/libc.a(lib_a-svfiprintf.o)
 .rodata        0x000295f0       0x40 /afs/inf.ed.ac.uk/user/s11/s1119414/INF4/SLIP/gcc-arm-none-eabi-4_8-2014q2/bin/../lib/gcc/arm-none-eabi/4.8.4/armv6-m/libgcc.a(divdf3.o)
 .rodata.npio2_hw
                0x00029630       0x80 /afs/inf.ed.ac.uk/user/s11/s1119414/INF4/SLIP/gcc-arm-none-eabi-4_8-2014q2/bin/../lib/gcc/arm-none-eabi/4.8.4/../../../../arm-none-eabi/lib/armv6-m/libm.a(lib_a-e_rem_pio2.o)
 .rodata.two_over_pi
                0x000296b0      0x108 /afs/inf.ed.ac.uk/user/s11/s1119414/INF4/SLIP/gcc-arm-none-eabi-4_8-2014q2/bin/../lib/gcc/arm-none-eabi/4.8.4/../../../../arm-none-eabi/lib/armv6-m/libm.a(lib_a-e_rem_pio2.o)
 .rodata.init_jk
                0x000297b8       0x10 /afs/inf.ed.ac.uk/user/s11/s1119414/INF4/SLIP/gcc-arm-none-eabi-4_8-2014q2/bin/../lib/gcc/arm-none-eabi/4.8.4/../../../../arm-none-eabi/lib/armv6-m/libm.a(lib_a-k_rem_pio2.o)
 .rodata.PIo2   0x000297c8       0x40 /afs/inf.ed.ac.uk/user/s11/s1119414/INF4/SLIP/gcc-arm-none-eabi-4_8-2014q2/bin/../lib/gcc/arm-none-eabi/4.8.4/../../../../arm-none-eabi/lib/armv6-m/libm.a(lib_a-k_rem_pio2.o)
 *(.eh_frame*)
 .eh_frame      0x00029808        0x0 /afs/inf.ed.ac.uk/user/s11/s1119414/INF4/SLIP/gcc-arm-none-eabi-4_8-2014q2/bin/../lib/gcc/arm-none-eabi/4.8.4/armv6-m/crtbegin.o
 .eh_frame      0x00029808        0x4 /afs/inf.ed.ac.uk/user/s11/s1119414/INF4/SLIP/gcc-arm-none-eabi-4_8-2014q2/bin/../lib/gcc/arm-none-eabi/4.8.4/armv6-m/crtend.o

.glue_7         0x0002980c        0x0
 .glue_7        0x00000000        0x0 linker stubs

.glue_7t        0x0002980c        0x0
 .glue_7t       0x00000000        0x0 linker stubs

.vfp11_veneer   0x0002980c        0x0
 .vfp11_veneer  0x00000000        0x0 linker stubs

.v4_bx          0x0002980c        0x0
 .v4_bx         0x00000000        0x0 linker stubs

.iplt           0x0002980c        0x0
 .iplt          0x00000000        0x0 /afs/inf.ed.ac.uk/user/s11/s1119414/INF4/SLIP/gcc-arm-none-eabi-4_8-2014q2/bin/../lib/gcc/arm-none-eabi/4.8.4/armv6-m/crtbegin.o

.ARM.extab      0x0002980c        0x0
 *(.ARM.extab* .gnu.linkonce.armextab.*)
 .ARM.extab     0x0002980c        0x0 /afs/inf.ed.ac.uk/user/s11/s1119414/INF4/SLIP/gcc-arm-none-eabi-4_8-2014q2/bin/../lib/gcc/arm-none-eabi/4.8.4/../../../../arm-none-eabi/lib/armv6-m/crt0.o
 .ARM.extab     0x0002980c        0x0 /afs/inf.ed.ac.uk/user/s11/s1119414/INF4/SLIP/gcc-arm-none-eabi-4_8-2014q2/bin/../lib/gcc/arm-none-eabi/4.8.4/armv6-m/libgcc.a(_divdi3.o)
 .ARM.extab     0x0002980c        0x0 /afs/inf.ed.ac.uk/user/s11/s1119414/INF4/SLIP/gcc-arm-none-eabi-4_8-2014q2/bin/../lib/gcc/arm-none-eabi/4.8.4/armv6-m/libgcc.a(_udivdi3.o)
                0x0002980c                __exidx_start = .

.ARM.exidx      0x0002980c        0x8
 *(.ARM.exidx* .gnu.linkonce.armexidx.*)
 .ARM.exidx     0x0002980c        0x8 /afs/inf.ed.ac.uk/user/s11/s1119414/INF4/SLIP/gcc-arm-none-eabi-4_8-2014q2/bin/../lib/gcc/arm-none-eabi/4.8.4/../../../../arm-none-eabi/lib/armv6-m/crt0.o
 .ARM.exidx     0x00029814        0x0 /afs/inf.ed.ac.uk/user/s11/s1119414/INF4/SLIP/gcc-arm-none-eabi-4_8-2014q2/bin/../lib/gcc/arm-none-eabi/4.8.4/armv6-m/libgcc.a(_divdi3.o)
                                  0x8 (size before relaxing)
 .ARM.exidx     0x00029814        0x0 /afs/inf.ed.ac.uk/user/s11/s1119414/INF4/SLIP/gcc-arm-none-eabi-4_8-2014q2/bin/../lib/gcc/arm-none-eabi/4.8.4/armv6-m/libgcc.a(_udivdi3.o)
                                  0x8 (size before relaxing)
                0x00029814                __exidx_end = .
                0x00029814                __etext = .

.rel.dyn        0x00029814        0x0
 .rel.iplt      0x00000000        0x0 /afs/inf.ed.ac.uk/user/s11/s1119414/INF4/SLIP/gcc-arm-none-eabi-4_8-2014q2/bin/../lib/gcc/arm-none-eabi/4.8.4/armv6-m/crtbegin.o

.data           0x20002000      0x8d4 load address 0x00029814
                0x20002000                __data_start__ = .
 *(vtable)
 *(.data*)
 .data          0x20002000        0x0 /afs/inf.ed.ac.uk/user/s11/s1119414/INF4/SLIP/gcc-arm-none-eabi-4_8-2014q2/bin/../lib/gcc/arm-none-eabi/4.8.4/armv6-m/crti.o
 .data          0x20002000        0x4 /afs/inf.ed.ac.uk/user/s11/s1119414/INF4/SLIP/gcc-arm-none-eabi-4_8-2014q2/bin/../lib/gcc/arm-none-eabi/4.8.4/armv6-m/crtbegin.o
                0x20002000                __dso_handle
 .data          0x20002004        0x0 /afs/inf.ed.ac.uk/user/s11/s1119414/INF4/SLIP/gcc-arm-none-eabi-4_8-2014q2/bin/../lib/gcc/arm-none-eabi/4.8.4/../../../../arm-none-eabi/lib/armv6-m/crt0.o
 .data          0x20002004        0x0 _build/startup_nrf51.os
 .data          0x20002004        0x4 _build/system_nrf51.o
                0x20002004                SystemCoreClock
 .data          0x20002008        0x4 _build/main.o
 .data          0x2000200c        0x0 _build/app_gpiote.o
 .data          0x2000200c        0x0 _build/app_button.o
 .data          0x2000200c        0x0 _build/app_timer.o
 .data          0x2000200c        0x0 _build/app_trace.o
 .data          0x2000200c        0x0 _build/ble_advdata.o
 .data          0x2000200c        0x0 _build/ble_conn_params.o
 .data          0x2000200c        0x0 _build/ble_sensorsim.o
 .data          0x2000200c        0x0 _build/pstorage.o
 .data          0x2000200c        0x0 _build/device_manager_peripheral.o
 .data          0x2000200c        0x0 _build/ble_bas.o
 .data          0x2000200c        0x0 _build/ble_dis.o
 .data          0x2000200c        0x0 _build/ble_hrs.o
 .data          0x2000200c        0x0 _build/ble_srv_common.o
 .data          0x2000200c        0x0 _build/crc16.o
 .data          0x2000200c        0x0 _build/softdevice_handler.o
 .data          0x2000200c        0x0 _build/simple_uart.o
 .data          0x2000200c        0x0 /afs/inf.ed.ac.uk/user/s11/s1119414/INF4/SLIP/gcc-arm-none-eabi-4_8-2014q2/bin/../lib/gcc/arm-none-eabi/4.8.4/armv6-m/libgcc.a(_udivsi3.o)
 .data          0x2000200c        0x0 /afs/inf.ed.ac.uk/user/s11/s1119414/INF4/SLIP/gcc-arm-none-eabi-4_8-2014q2/bin/../lib/gcc/arm-none-eabi/4.8.4/armv6-m/libgcc.a(_dvmd_tls.o)
 .data          0x2000200c        0x0 /afs/inf.ed.ac.uk/user/s11/s1119414/INF4/SLIP/gcc-arm-none-eabi-4_8-2014q2/bin/../lib/gcc/arm-none-eabi/4.8.4/armv6-m/libgcc.a(muldf3.o)
 .data          0x2000200c        0x0 /afs/inf.ed.ac.uk/user/s11/s1119414/INF4/SLIP/gcc-arm-none-eabi-4_8-2014q2/bin/../lib/gcc/arm-none-eabi/4.8.4/armv6-m/libgcc.a(_clzsi2.o)
 .data          0x2000200c        0x0 /afs/inf.ed.ac.uk/user/s11/s1119414/INF4/SLIP/gcc-arm-none-eabi-4_8-2014q2/bin/../lib/gcc/arm-none-eabi/4.8.4/../../../../arm-none-eabi/lib/armv6-m/libc.a(lib_a-exit.o)
 .data          0x2000200c        0x0 /afs/inf.ed.ac.uk/user/s11/s1119414/INF4/SLIP/gcc-arm-none-eabi-4_8-2014q2/bin/../lib/gcc/arm-none-eabi/4.8.4/../../../../arm-none-eabi/lib/armv6-m/libc.a(lib_a-impure.o)
 *fill*         0x2000200c        0x4 
 .data.impure_data
                0x20002010      0x428 /afs/inf.ed.ac.uk/user/s11/s1119414/INF4/SLIP/gcc-arm-none-eabi-4_8-2014q2/bin/../lib/gcc/arm-none-eabi/4.8.4/../../../../arm-none-eabi/lib/armv6-m/libc.a(lib_a-impure.o)
 .data._impure_ptr
                0x20002438        0x4 /afs/inf.ed.ac.uk/user/s11/s1119414/INF4/SLIP/gcc-arm-none-eabi-4_8-2014q2/bin/../lib/gcc/arm-none-eabi/4.8.4/../../../../arm-none-eabi/lib/armv6-m/libc.a(lib_a-impure.o)
                0x20002438                _impure_ptr
 .data          0x2000243c        0x0 /afs/inf.ed.ac.uk/user/s11/s1119414/INF4/SLIP/gcc-arm-none-eabi-4_8-2014q2/bin/../lib/gcc/arm-none-eabi/4.8.4/../../../../arm-none-eabi/lib/armv6-m/libc.a(lib_a-init.o)
 .data          0x2000243c        0x0 /afs/inf.ed.ac.uk/user/s11/s1119414/INF4/SLIP/gcc-arm-none-eabi-4_8-2014q2/bin/../lib/gcc/arm-none-eabi/4.8.4/../../../../arm-none-eabi/lib/armv6-m/libc.a(lib_a-memcmp.o)
 .data          0x2000243c        0x0 /afs/inf.ed.ac.uk/user/s11/s1119414/INF4/SLIP/gcc-arm-none-eabi-4_8-2014q2/bin/../lib/gcc/arm-none-eabi/4.8.4/../../../../arm-none-eabi/lib/armv6-m/libc.a(lib_a-memcpy-stub.o)
 .data          0x2000243c        0x0 /afs/inf.ed.ac.uk/user/s11/s1119414/INF4/SLIP/gcc-arm-none-eabi-4_8-2014q2/bin/../lib/gcc/arm-none-eabi/4.8.4/../../../../arm-none-eabi/lib/armv6-m/libc.a(lib_a-memmove.o)
 .data          0x2000243c        0x0 /afs/inf.ed.ac.uk/user/s11/s1119414/INF4/SLIP/gcc-arm-none-eabi-4_8-2014q2/bin/../lib/gcc/arm-none-eabi/4.8.4/../../../../arm-none-eabi/lib/armv6-m/libc.a(lib_a-memset.o)
 .data          0x2000243c        0x0 /afs/inf.ed.ac.uk/user/s11/s1119414/INF4/SLIP/gcc-arm-none-eabi-4_8-2014q2/bin/../lib/gcc/arm-none-eabi/4.8.4/../../../../arm-none-eabi/lib/armv6-m/libc.a(lib_a-sprintf.o)
 .data          0x2000243c        0x0 /afs/inf.ed.ac.uk/user/s11/s1119414/INF4/SLIP/gcc-arm-none-eabi-4_8-2014q2/bin/../lib/gcc/arm-none-eabi/4.8.4/../../../../arm-none-eabi/lib/armv6-m/libc.a(lib_a-strlen.o)
 .data          0x2000243c        0x0 /afs/inf.ed.ac.uk/user/s11/s1119414/INF4/SLIP/gcc-arm-none-eabi-4_8-2014q2/bin/../lib/gcc/arm-none-eabi/4.8.4/../../../../arm-none-eabi/lib/armv6-m/libc.a(lib_a-svfprintf.o)
 .data          0x2000243c        0x0 /afs/inf.ed.ac.uk/user/s11/s1119414/INF4/SLIP/gcc-arm-none-eabi-4_8-2014q2/bin/../lib/gcc/arm-none-eabi/4.8.4/../../../../arm-none-eabi/lib/armv6-m/libc.a(lib_a-__call_atexit.o)
 .data          0x2000243c        0x0 /afs/inf.ed.ac.uk/user/s11/s1119414/INF4/SLIP/gcc-arm-none-eabi-4_8-2014q2/bin/../lib/gcc/arm-none-eabi/4.8.4/../../../../arm-none-eabi/lib/armv6-m/libc.a(lib_a-atexit.o)
 .data          0x2000243c        0x0 /afs/inf.ed.ac.uk/user/s11/s1119414/INF4/SLIP/gcc-arm-none-eabi-4_8-2014q2/bin/../lib/gcc/arm-none-eabi/4.8.4/../../../../arm-none-eabi/lib/armv6-m/libc.a(lib_a-dtoa.o)
 .data          0x2000243c        0x0 /afs/inf.ed.ac.uk/user/s11/s1119414/INF4/SLIP/gcc-arm-none-eabi-4_8-2014q2/bin/../lib/gcc/arm-none-eabi/4.8.4/../../../../arm-none-eabi/lib/armv6-m/libc.a(lib_a-fini.o)
 .data          0x2000243c        0x0 /afs/inf.ed.ac.uk/user/s11/s1119414/INF4/SLIP/gcc-arm-none-eabi-4_8-2014q2/bin/../lib/gcc/arm-none-eabi/4.8.4/../../../../arm-none-eabi/lib/armv6-m/libc.a(lib_a-locale.o)
 .data.lc_message_charset
                0x2000243c       0x20 /afs/inf.ed.ac.uk/user/s11/s1119414/INF4/SLIP/gcc-arm-none-eabi-4_8-2014q2/bin/../lib/gcc/arm-none-eabi/4.8.4/../../../../arm-none-eabi/lib/armv6-m/libc.a(lib_a-locale.o)
 .data.lconv    0x2000245c       0x38 /afs/inf.ed.ac.uk/user/s11/s1119414/INF4/SLIP/gcc-arm-none-eabi-4_8-2014q2/bin/../lib/gcc/arm-none-eabi/4.8.4/../../../../arm-none-eabi/lib/armv6-m/libc.a(lib_a-locale.o)
 .data.lc_ctype_charset
                0x20002494       0x20 /afs/inf.ed.ac.uk/user/s11/s1119414/INF4/SLIP/gcc-arm-none-eabi-4_8-2014q2/bin/../lib/gcc/arm-none-eabi/4.8.4/../../../../arm-none-eabi/lib/armv6-m/libc.a(lib_a-locale.o)
 .data.__mb_cur_max
                0x200024b4        0x4 /afs/inf.ed.ac.uk/user/s11/s1119414/INF4/SLIP/gcc-arm-none-eabi-4_8-2014q2/bin/../lib/gcc/arm-none-eabi/4.8.4/../../../../arm-none-eabi/lib/armv6-m/libc.a(lib_a-locale.o)
                0x200024b4                __mb_cur_max
 .data          0x200024b8        0x0 /afs/inf.ed.ac.uk/user/s11/s1119414/INF4/SLIP/gcc-arm-none-eabi-4_8-2014q2/bin/../lib/gcc/arm-none-eabi/4.8.4/../../../../arm-none-eabi/lib/armv6-m/libc.a(lib_a-mallocr.o)
 .data.__malloc_av_
                0x200024b8      0x408 /afs/inf.ed.ac.uk/user/s11/s1119414/INF4/SLIP/gcc-arm-none-eabi-4_8-2014q2/bin/../lib/gcc/arm-none-eabi/4.8.4/../../../../arm-none-eabi/lib/armv6-m/libc.a(lib_a-mallocr.o)
                0x200024b8                __malloc_av_
 .data.__malloc_trim_threshold
                0x200028c0        0x4 /afs/inf.ed.ac.uk/user/s11/s1119414/INF4/SLIP/gcc-arm-none-eabi-4_8-2014q2/bin/../lib/gcc/arm-none-eabi/4.8.4/../../../../arm-none-eabi/lib/armv6-m/libc.a(lib_a-mallocr.o)
                0x200028c0                __malloc_trim_threshold
 .data.__malloc_sbrk_base
                0x200028c4        0x4 /afs/inf.ed.ac.uk/user/s11/s1119414/INF4/SLIP/gcc-arm-none-eabi-4_8-2014q2/bin/../lib/gcc/arm-none-eabi/4.8.4/../../../../arm-none-eabi/lib/armv6-m/libc.a(lib_a-mallocr.o)
                0x200028c4                __malloc_sbrk_base
 .data          0x200028c8        0x0 /afs/inf.ed.ac.uk/user/s11/s1119414/INF4/SLIP/gcc-arm-none-eabi-4_8-2014q2/bin/../lib/gcc/arm-none-eabi/4.8.4/../../../../arm-none-eabi/lib/armv6-m/libc.a(lib_a-memchr-stub.o)
 .data          0x200028c8        0x0 /afs/inf.ed.ac.uk/user/s11/s1119414/INF4/SLIP/gcc-arm-none-eabi-4_8-2014q2/bin/../lib/gcc/arm-none-eabi/4.8.4/../../../../arm-none-eabi/lib/armv6-m/libc.a(lib_a-mlock.o)
 .data          0x200028c8        0x0 /afs/inf.ed.ac.uk/user/s11/s1119414/INF4/SLIP/gcc-arm-none-eabi-4_8-2014q2/bin/../lib/gcc/arm-none-eabi/4.8.4/../../../../arm-none-eabi/lib/armv6-m/libc.a(lib_a-mprec.o)
 .data          0x200028c8        0x0 /afs/inf.ed.ac.uk/user/s11/s1119414/INF4/SLIP/gcc-arm-none-eabi-4_8-2014q2/bin/../lib/gcc/arm-none-eabi/4.8.4/../../../../arm-none-eabi/lib/armv6-m/libc.a(lib_a-s_fpclassify.o)
 .data          0x200028c8        0x0 /afs/inf.ed.ac.uk/user/s11/s1119414/INF4/SLIP/gcc-arm-none-eabi-4_8-2014q2/bin/../lib/gcc/arm-none-eabi/4.8.4/../../../../arm-none-eabi/lib/armv6-m/libc.a(lib_a-sbrkr.o)
 .data          0x200028c8        0x0 /afs/inf.ed.ac.uk/user/s11/s1119414/INF4/SLIP/gcc-arm-none-eabi-4_8-2014q2/bin/../lib/gcc/arm-none-eabi/4.8.4/../../../../arm-none-eabi/lib/armv6-m/libc.a(lib_a-strcmp.o)
 .data          0x200028c8        0x0 /afs/inf.ed.ac.uk/user/s11/s1119414/INF4/SLIP/gcc-arm-none-eabi-4_8-2014q2/bin/../lib/gcc/arm-none-eabi/4.8.4/../../../../arm-none-eabi/lib/armv6-m/libc.a(lib_a-svfiprintf.o)
 .data          0x200028c8        0x0 /afs/inf.ed.ac.uk/user/s11/s1119414/INF4/SLIP/gcc-arm-none-eabi-4_8-2014q2/bin/../lib/gcc/arm-none-eabi/4.8.4/../../../../arm-none-eabi/lib/armv6-m/libc.a(lib_a-__atexit.o)
 .data          0x200028c8        0x0 /afs/inf.ed.ac.uk/user/s11/s1119414/INF4/SLIP/gcc-arm-none-eabi-4_8-2014q2/bin/../lib/gcc/arm-none-eabi/4.8.4/../../../../arm-none-eabi/lib/armv6-m/libc.a(lib_a-callocr.o)
 .data          0x200028c8        0x0 /afs/inf.ed.ac.uk/user/s11/s1119414/INF4/SLIP/gcc-arm-none-eabi-4_8-2014q2/bin/../lib/gcc/arm-none-eabi/4.8.4/../../../../arm-none-eabi/lib/armv6-m/libc.a(lib_a-freer.o)
 .data          0x200028c8        0x0 /afs/inf.ed.ac.uk/user/s11/s1119414/INF4/SLIP/gcc-arm-none-eabi-4_8-2014q2/bin/../lib/gcc/arm-none-eabi/4.8.4/../../../../arm-none-eabi/lib/armv6-m/libc.a(lib_a-reallocr.o)
 .data          0x200028c8        0x0 /afs/inf.ed.ac.uk/user/s11/s1119414/INF4/SLIP/gcc-arm-none-eabi-4_8-2014q2/bin/../lib/gcc/arm-none-eabi/4.8.4/../../../../arm-none-eabi/lib/armv6-m/libc.a(lib_a-reent.o)
 .data          0x200028c8        0x0 /afs/inf.ed.ac.uk/user/s11/s1119414/INF4/SLIP/gcc-arm-none-eabi-4_8-2014q2/bin/../lib/gcc/arm-none-eabi/4.8.4/armv6-m/libgcc.a(_divsi3.o)
 .data          0x200028c8        0x0 /afs/inf.ed.ac.uk/user/s11/s1119414/INF4/SLIP/gcc-arm-none-eabi-4_8-2014q2/bin/../lib/gcc/arm-none-eabi/4.8.4/armv6-m/libgcc.a(_arm_cmpdf2.o)
 .data          0x200028c8        0x0 /afs/inf.ed.ac.uk/user/s11/s1119414/INF4/SLIP/gcc-arm-none-eabi-4_8-2014q2/bin/../lib/gcc/arm-none-eabi/4.8.4/armv6-m/libgcc.a(_aeabi_uldivmod.o)
 .data          0x200028c8        0x0 /afs/inf.ed.ac.uk/user/s11/s1119414/INF4/SLIP/gcc-arm-none-eabi-4_8-2014q2/bin/../lib/gcc/arm-none-eabi/4.8.4/armv6-m/libgcc.a(bpabi.o)
 .data          0x200028c8        0x0 /afs/inf.ed.ac.uk/user/s11/s1119414/INF4/SLIP/gcc-arm-none-eabi-4_8-2014q2/bin/../lib/gcc/arm-none-eabi/4.8.4/armv6-m/libgcc.a(adddf3.o)
 .data          0x200028c8        0x0 /afs/inf.ed.ac.uk/user/s11/s1119414/INF4/SLIP/gcc-arm-none-eabi-4_8-2014q2/bin/../lib/gcc/arm-none-eabi/4.8.4/armv6-m/libgcc.a(divdf3.o)
 .data          0x200028c8        0x0 /afs/inf.ed.ac.uk/user/s11/s1119414/INF4/SLIP/gcc-arm-none-eabi-4_8-2014q2/bin/../lib/gcc/arm-none-eabi/4.8.4/armv6-m/libgcc.a(eqdf2.o)
 .data          0x200028c8        0x0 /afs/inf.ed.ac.uk/user/s11/s1119414/INF4/SLIP/gcc-arm-none-eabi-4_8-2014q2/bin/../lib/gcc/arm-none-eabi/4.8.4/armv6-m/libgcc.a(gedf2.o)
 .data          0x200028c8        0x0 /afs/inf.ed.ac.uk/user/s11/s1119414/INF4/SLIP/gcc-arm-none-eabi-4_8-2014q2/bin/../lib/gcc/arm-none-eabi/4.8.4/armv6-m/libgcc.a(ledf2.o)
 .data          0x200028c8        0x0 /afs/inf.ed.ac.uk/user/s11/s1119414/INF4/SLIP/gcc-arm-none-eabi-4_8-2014q2/bin/../lib/gcc/arm-none-eabi/4.8.4/armv6-m/libgcc.a(subdf3.o)
 .data          0x200028c8        0x0 /afs/inf.ed.ac.uk/user/s11/s1119414/INF4/SLIP/gcc-arm-none-eabi-4_8-2014q2/bin/../lib/gcc/arm-none-eabi/4.8.4/armv6-m/libgcc.a(fixdfsi.o)
 .data          0x200028c8        0x0 /afs/inf.ed.ac.uk/user/s11/s1119414/INF4/SLIP/gcc-arm-none-eabi-4_8-2014q2/bin/../lib/gcc/arm-none-eabi/4.8.4/armv6-m/libgcc.a(floatsidf.o)
 .data          0x200028c8        0x0 /afs/inf.ed.ac.uk/user/s11/s1119414/INF4/SLIP/gcc-arm-none-eabi-4_8-2014q2/bin/../lib/gcc/arm-none-eabi/4.8.4/armv6-m/libgcc.a(floatunsidf.o)
 .data          0x200028c8        0x0 /afs/inf.ed.ac.uk/user/s11/s1119414/INF4/SLIP/gcc-arm-none-eabi-4_8-2014q2/bin/../lib/gcc/arm-none-eabi/4.8.4/armv6-m/libgcc.a(_muldi3.o)
 .data          0x200028c8        0x0 /afs/inf.ed.ac.uk/user/s11/s1119414/INF4/SLIP/gcc-arm-none-eabi-4_8-2014q2/bin/../lib/gcc/arm-none-eabi/4.8.4/armv6-m/libgcc.a(_divdi3.o)
 .data          0x200028c8        0x0 /afs/inf.ed.ac.uk/user/s11/s1119414/INF4/SLIP/gcc-arm-none-eabi-4_8-2014q2/bin/../lib/gcc/arm-none-eabi/4.8.4/armv6-m/libgcc.a(_udivdi3.o)
 .data          0x200028c8        0x0 /afs/inf.ed.ac.uk/user/s11/s1119414/INF4/SLIP/gcc-arm-none-eabi-4_8-2014q2/bin/../lib/gcc/arm-none-eabi/4.8.4/armv6-m/crtend.o
 .data          0x200028c8        0x0 /afs/inf.ed.ac.uk/user/s11/s1119414/INF4/SLIP/gcc-arm-none-eabi-4_8-2014q2/bin/../lib/gcc/arm-none-eabi/4.8.4/armv6-m/crtn.o
 .data          0x200028c8        0x0 /afs/inf.ed.ac.uk/user/s11/s1119414/INF4/SLIP/gcc-arm-none-eabi-4_8-2014q2/bin/../lib/gcc/arm-none-eabi/4.8.4/../../../../arm-none-eabi/lib/armv6-m/libm.a(lib_a-s_cos.o)
 .data          0x200028c8        0x0 /afs/inf.ed.ac.uk/user/s11/s1119414/INF4/SLIP/gcc-arm-none-eabi-4_8-2014q2/bin/../lib/gcc/arm-none-eabi/4.8.4/../../../../arm-none-eabi/lib/armv6-m/libm.a(lib_a-e_rem_pio2.o)
 .data          0x200028c8        0x0 /afs/inf.ed.ac.uk/user/s11/s1119414/INF4/SLIP/gcc-arm-none-eabi-4_8-2014q2/bin/../lib/gcc/arm-none-eabi/4.8.4/../../../../arm-none-eabi/lib/armv6-m/libm.a(lib_a-k_cos.o)
 .data          0x200028c8        0x0 /afs/inf.ed.ac.uk/user/s11/s1119414/INF4/SLIP/gcc-arm-none-eabi-4_8-2014q2/bin/../lib/gcc/arm-none-eabi/4.8.4/../../../../arm-none-eabi/lib/armv6-m/libm.a(lib_a-k_rem_pio2.o)
 .data          0x200028c8        0x0 /afs/inf.ed.ac.uk/user/s11/s1119414/INF4/SLIP/gcc-arm-none-eabi-4_8-2014q2/bin/../lib/gcc/arm-none-eabi/4.8.4/../../../../arm-none-eabi/lib/armv6-m/libm.a(lib_a-k_sin.o)
 .data          0x200028c8        0x0 /afs/inf.ed.ac.uk/user/s11/s1119414/INF4/SLIP/gcc-arm-none-eabi-4_8-2014q2/bin/../lib/gcc/arm-none-eabi/4.8.4/../../../../arm-none-eabi/lib/armv6-m/libm.a(lib_a-s_fabs.o)
 .data          0x200028c8        0x0 /afs/inf.ed.ac.uk/user/s11/s1119414/INF4/SLIP/gcc-arm-none-eabi-4_8-2014q2/bin/../lib/gcc/arm-none-eabi/4.8.4/../../../../arm-none-eabi/lib/armv6-m/libm.a(lib_a-s_floor.o)
 .data          0x200028c8        0x0 /afs/inf.ed.ac.uk/user/s11/s1119414/INF4/SLIP/gcc-arm-none-eabi-4_8-2014q2/bin/../lib/gcc/arm-none-eabi/4.8.4/../../../../arm-none-eabi/lib/armv6-m/libm.a(lib_a-s_scalbn.o)
 .data          0x200028c8        0x0 /afs/inf.ed.ac.uk/user/s11/s1119414/INF4/SLIP/gcc-arm-none-eabi-4_8-2014q2/bin/../lib/gcc/arm-none-eabi/4.8.4/../../../../arm-none-eabi/lib/armv6-m/libm.a(lib_a-s_copysign.o)
 .data          0x200028c8        0x0 /afs/inf.ed.ac.uk/user/s11/s1119414/INF4/SLIP/gcc-arm-none-eabi-4_8-2014q2/bin/../lib/gcc/arm-none-eabi/4.8.4/../../../../arm-none-eabi/lib/armv6-m/libnosys.a(sbrk.o)
 .data          0x200028c8        0x0 /afs/inf.ed.ac.uk/user/s11/s1119414/INF4/SLIP/gcc-arm-none-eabi-4_8-2014q2/bin/../lib/gcc/arm-none-eabi/4.8.4/../../../../arm-none-eabi/lib/armv6-m/libnosys.a(_exit.o)
                0x200028c8                . = ALIGN (0x4)
                0x200028c8                PROVIDE (__preinit_array_start, .)
 *(.preinit_array)
                0x200028c8                PROVIDE (__preinit_array_end, .)
                0x200028c8                . = ALIGN (0x4)
                0x200028c8                PROVIDE (__init_array_start, .)
 *(SORT(.init_array.*))
 .init_array.00000
                0x200028c8        0x4 /afs/inf.ed.ac.uk/user/s11/s1119414/INF4/SLIP/gcc-arm-none-eabi-4_8-2014q2/bin/../lib/gcc/arm-none-eabi/4.8.4/../../../../arm-none-eabi/lib/armv6-m/libc.a(lib_a-__call_atexit.o)
 *(.init_array)
 .init_array    0x200028cc        0x4 /afs/inf.ed.ac.uk/user/s11/s1119414/INF4/SLIP/gcc-arm-none-eabi-4_8-2014q2/bin/../lib/gcc/arm-none-eabi/4.8.4/armv6-m/crtbegin.o
                0x200028d0                PROVIDE (__init_array_end, .)
                0x200028d0                . = ALIGN (0x4)
                0x200028d0                PROVIDE (__fini_array_start, .)
 *(SORT(.fini_array.*))
 *(.fini_array)
 .fini_array    0x200028d0        0x4 /afs/inf.ed.ac.uk/user/s11/s1119414/INF4/SLIP/gcc-arm-none-eabi-4_8-2014q2/bin/../lib/gcc/arm-none-eabi/4.8.4/armv6-m/crtbegin.o
                0x200028d4                PROVIDE (__fini_array_end, .)
                0x200028d4                . = ALIGN (0x4)
                0x200028d4                __data_end__ = .

.jcr            0x200028d4        0x4 load address 0x0002a0e8
 .jcr           0x200028d4        0x0 /afs/inf.ed.ac.uk/user/s11/s1119414/INF4/SLIP/gcc-arm-none-eabi-4_8-2014q2/bin/../lib/gcc/arm-none-eabi/4.8.4/armv6-m/crtbegin.o
 .jcr           0x200028d4        0x4 /afs/inf.ed.ac.uk/user/s11/s1119414/INF4/SLIP/gcc-arm-none-eabi-4_8-2014q2/bin/../lib/gcc/arm-none-eabi/4.8.4/armv6-m/crtend.o

.igot.plt       0x200028d8        0x0 load address 0x0002a0ec
 .igot.plt      0x00000000        0x0 /afs/inf.ed.ac.uk/user/s11/s1119414/INF4/SLIP/gcc-arm-none-eabi-4_8-2014q2/bin/../lib/gcc/arm-none-eabi/4.8.4/armv6-m/crtbegin.o

.bss            0x200028d8      0x81c load address 0x0002a0ec
                0x200028d8                __bss_start__ = .
 *(.bss*)
 .bss           0x200028d8        0x0 /afs/inf.ed.ac.uk/user/s11/s1119414/INF4/SLIP/gcc-arm-none-eabi-4_8-2014q2/bin/../lib/gcc/arm-none-eabi/4.8.4/armv6-m/crti.o
 .bss           0x200028d8       0x1c /afs/inf.ed.ac.uk/user/s11/s1119414/INF4/SLIP/gcc-arm-none-eabi-4_8-2014q2/bin/../lib/gcc/arm-none-eabi/4.8.4/armv6-m/crtbegin.o
 .bss           0x200028f4        0x0 /afs/inf.ed.ac.uk/user/s11/s1119414/INF4/SLIP/gcc-arm-none-eabi-4_8-2014q2/bin/../lib/gcc/arm-none-eabi/4.8.4/../../../../arm-none-eabi/lib/armv6-m/crt0.o
 .bss           0x200028f4        0x0 _build/startup_nrf51.os
 .bss           0x200028f4        0x0 _build/system_nrf51.o
 .bss           0x200028f4      0x3ec _build/main.o
 .bss           0x20002ce0        0xc _build/app_gpiote.o
 .bss           0x20002cec       0x20 _build/app_button.o
 .bss           0x20002d0c       0x2c _build/app_timer.o
 .bss           0x20002d38        0x0 _build/app_trace.o
 .bss           0x20002d38        0x0 _build/ble_advdata.o
 .bss           0x20002d38       0x38 _build/ble_conn_params.o
 .bss           0x20002d70        0x0 _build/ble_sensorsim.o
 .bss           0x20002d70       0xe8 _build/pstorage.o
 .bss           0x20002e58      0x124 _build/device_manager_peripheral.o
 .bss           0x20002f7c        0x0 _build/ble_bas.o
 .bss           0x20002f7c       0x4c _build/ble_dis.o
 .bss           0x20002fc8        0x0 _build/ble_hrs.o
 .bss           0x20002fc8        0x0 _build/ble_srv_common.o
 .bss           0x20002fc8        0x0 _build/crc16.o
 .bss           0x20002fc8       0x14 _build/softdevice_handler.o
 .bss           0x20002fdc        0x0 _build/simple_uart.o
 .bss           0x20002fdc        0x0 /afs/inf.ed.ac.uk/user/s11/s1119414/INF4/SLIP/gcc-arm-none-eabi-4_8-2014q2/bin/../lib/gcc/arm-none-eabi/4.8.4/armv6-m/libgcc.a(_udivsi3.o)
 .bss           0x20002fdc        0x0 /afs/inf.ed.ac.uk/user/s11/s1119414/INF4/SLIP/gcc-arm-none-eabi-4_8-2014q2/bin/../lib/gcc/arm-none-eabi/4.8.4/armv6-m/libgcc.a(_dvmd_tls.o)
 .bss           0x20002fdc        0x0 /afs/inf.ed.ac.uk/user/s11/s1119414/INF4/SLIP/gcc-arm-none-eabi-4_8-2014q2/bin/../lib/gcc/arm-none-eabi/4.8.4/armv6-m/libgcc.a(muldf3.o)
 .bss           0x20002fdc        0x0 /afs/inf.ed.ac.uk/user/s11/s1119414/INF4/SLIP/gcc-arm-none-eabi-4_8-2014q2/bin/../lib/gcc/arm-none-eabi/4.8.4/armv6-m/libgcc.a(_clzsi2.o)
 .bss           0x20002fdc        0x0 /afs/inf.ed.ac.uk/user/s11/s1119414/INF4/SLIP/gcc-arm-none-eabi-4_8-2014q2/bin/../lib/gcc/arm-none-eabi/4.8.4/../../../../arm-none-eabi/lib/armv6-m/libc.a(lib_a-exit.o)
 .bss           0x20002fdc        0x0 /afs/inf.ed.ac.uk/user/s11/s1119414/INF4/SLIP/gcc-arm-none-eabi-4_8-2014q2/bin/../lib/gcc/arm-none-eabi/4.8.4/../../../../arm-none-eabi/lib/armv6-m/libc.a(lib_a-impure.o)
 .bss           0x20002fdc        0x0 /afs/inf.ed.ac.uk/user/s11/s1119414/INF4/SLIP/gcc-arm-none-eabi-4_8-2014q2/bin/../lib/gcc/arm-none-eabi/4.8.4/../../../../arm-none-eabi/lib/armv6-m/libc.a(lib_a-init.o)
 .bss           0x20002fdc        0x0 /afs/inf.ed.ac.uk/user/s11/s1119414/INF4/SLIP/gcc-arm-none-eabi-4_8-2014q2/bin/../lib/gcc/arm-none-eabi/4.8.4/../../../../arm-none-eabi/lib/armv6-m/libc.a(lib_a-memcmp.o)
 .bss           0x20002fdc        0x0 /afs/inf.ed.ac.uk/user/s11/s1119414/INF4/SLIP/gcc-arm-none-eabi-4_8-2014q2/bin/../lib/gcc/arm-none-eabi/4.8.4/../../../../arm-none-eabi/lib/armv6-m/libc.a(lib_a-memcpy-stub.o)
 .bss           0x20002fdc        0x0 /afs/inf.ed.ac.uk/user/s11/s1119414/INF4/SLIP/gcc-arm-none-eabi-4_8-2014q2/bin/../lib/gcc/arm-none-eabi/4.8.4/../../../../arm-none-eabi/lib/armv6-m/libc.a(lib_a-memmove.o)
 .bss           0x20002fdc        0x0 /afs/inf.ed.ac.uk/user/s11/s1119414/INF4/SLIP/gcc-arm-none-eabi-4_8-2014q2/bin/../lib/gcc/arm-none-eabi/4.8.4/../../../../arm-none-eabi/lib/armv6-m/libc.a(lib_a-memset.o)
 .bss           0x20002fdc        0x0 /afs/inf.ed.ac.uk/user/s11/s1119414/INF4/SLIP/gcc-arm-none-eabi-4_8-2014q2/bin/../lib/gcc/arm-none-eabi/4.8.4/../../../../arm-none-eabi/lib/armv6-m/libc.a(lib_a-sprintf.o)
 .bss           0x20002fdc        0x0 /afs/inf.ed.ac.uk/user/s11/s1119414/INF4/SLIP/gcc-arm-none-eabi-4_8-2014q2/bin/../lib/gcc/arm-none-eabi/4.8.4/../../../../arm-none-eabi/lib/armv6-m/libc.a(lib_a-strlen.o)
 .bss           0x20002fdc        0x0 /afs/inf.ed.ac.uk/user/s11/s1119414/INF4/SLIP/gcc-arm-none-eabi-4_8-2014q2/bin/../lib/gcc/arm-none-eabi/4.8.4/../../../../arm-none-eabi/lib/armv6-m/libc.a(lib_a-svfprintf.o)
 .bss           0x20002fdc        0x0 /afs/inf.ed.ac.uk/user/s11/s1119414/INF4/SLIP/gcc-arm-none-eabi-4_8-2014q2/bin/../lib/gcc/arm-none-eabi/4.8.4/../../../../arm-none-eabi/lib/armv6-m/libc.a(lib_a-__call_atexit.o)
 .bss           0x20002fdc        0x0 /afs/inf.ed.ac.uk/user/s11/s1119414/INF4/SLIP/gcc-arm-none-eabi-4_8-2014q2/bin/../lib/gcc/arm-none-eabi/4.8.4/../../../../arm-none-eabi/lib/armv6-m/libc.a(lib_a-atexit.o)
 .bss           0x20002fdc        0x0 /afs/inf.ed.ac.uk/user/s11/s1119414/INF4/SLIP/gcc-arm-none-eabi-4_8-2014q2/bin/../lib/gcc/arm-none-eabi/4.8.4/../../../../arm-none-eabi/lib/armv6-m/libc.a(lib_a-dtoa.o)
 .bss           0x20002fdc        0x0 /afs/inf.ed.ac.uk/user/s11/s1119414/INF4/SLIP/gcc-arm-none-eabi-4_8-2014q2/bin/../lib/gcc/arm-none-eabi/4.8.4/../../../../arm-none-eabi/lib/armv6-m/libc.a(lib_a-fini.o)
 .bss           0x20002fdc        0x0 /afs/inf.ed.ac.uk/user/s11/s1119414/INF4/SLIP/gcc-arm-none-eabi-4_8-2014q2/bin/../lib/gcc/arm-none-eabi/4.8.4/../../../../arm-none-eabi/lib/armv6-m/libc.a(lib_a-locale.o)
 .bss._PathLocale
                0x20002fdc        0x4 /afs/inf.ed.ac.uk/user/s11/s1119414/INF4/SLIP/gcc-arm-none-eabi-4_8-2014q2/bin/../lib/gcc/arm-none-eabi/4.8.4/../../../../arm-none-eabi/lib/armv6-m/libc.a(lib_a-locale.o)
                0x20002fdc                _PathLocale
 .bss.__nlocale_changed
                0x20002fe0        0x4 /afs/inf.ed.ac.uk/user/s11/s1119414/INF4/SLIP/gcc-arm-none-eabi-4_8-2014q2/bin/../lib/gcc/arm-none-eabi/4.8.4/../../../../arm-none-eabi/lib/armv6-m/libc.a(lib_a-locale.o)
                0x20002fe0                __nlocale_changed
 .bss.__mlocale_changed
                0x20002fe4        0x4 /afs/inf.ed.ac.uk/user/s11/s1119414/INF4/SLIP/gcc-arm-none-eabi-4_8-2014q2/bin/../lib/gcc/arm-none-eabi/4.8.4/../../../../arm-none-eabi/lib/armv6-m/libc.a(lib_a-locale.o)
                0x20002fe4                __mlocale_changed
 .bss           0x20002fe8        0x0 /afs/inf.ed.ac.uk/user/s11/s1119414/INF4/SLIP/gcc-arm-none-eabi-4_8-2014q2/bin/../lib/gcc/arm-none-eabi/4.8.4/../../../../arm-none-eabi/lib/armv6-m/libc.a(lib_a-mallocr.o)
 .bss.__malloc_max_total_mem
                0x20002fe8        0x4 /afs/inf.ed.ac.uk/user/s11/s1119414/INF4/SLIP/gcc-arm-none-eabi-4_8-2014q2/bin/../lib/gcc/arm-none-eabi/4.8.4/../../../../arm-none-eabi/lib/armv6-m/libc.a(lib_a-mallocr.o)
                0x20002fe8                __malloc_max_total_mem
 .bss.__malloc_max_sbrked_mem
                0x20002fec        0x4 /afs/inf.ed.ac.uk/user/s11/s1119414/INF4/SLIP/gcc-arm-none-eabi-4_8-2014q2/bin/../lib/gcc/arm-none-eabi/4.8.4/../../../../arm-none-eabi/lib/armv6-m/libc.a(lib_a-mallocr.o)
                0x20002fec                __malloc_max_sbrked_mem
 .bss.__malloc_top_pad
                0x20002ff0        0x4 /afs/inf.ed.ac.uk/user/s11/s1119414/INF4/SLIP/gcc-arm-none-eabi-4_8-2014q2/bin/../lib/gcc/arm-none-eabi/4.8.4/../../../../arm-none-eabi/lib/armv6-m/libc.a(lib_a-mallocr.o)
                0x20002ff0                __malloc_top_pad
 .bss.__malloc_current_mallinfo
                0x20002ff4       0x28 /afs/inf.ed.ac.uk/user/s11/s1119414/INF4/SLIP/gcc-arm-none-eabi-4_8-2014q2/bin/../lib/gcc/arm-none-eabi/4.8.4/../../../../arm-none-eabi/lib/armv6-m/libc.a(lib_a-mallocr.o)
                0x20002ff4                __malloc_current_mallinfo
 .bss           0x2000301c        0x0 /afs/inf.ed.ac.uk/user/s11/s1119414/INF4/SLIP/gcc-arm-none-eabi-4_8-2014q2/bin/../lib/gcc/arm-none-eabi/4.8.4/../../../../arm-none-eabi/lib/armv6-m/libc.a(lib_a-memchr-stub.o)
 .bss           0x2000301c        0x0 /afs/inf.ed.ac.uk/user/s11/s1119414/INF4/SLIP/gcc-arm-none-eabi-4_8-2014q2/bin/../lib/gcc/arm-none-eabi/4.8.4/../../../../arm-none-eabi/lib/armv6-m/libc.a(lib_a-mlock.o)
 .bss           0x2000301c        0x0 /afs/inf.ed.ac.uk/user/s11/s1119414/INF4/SLIP/gcc-arm-none-eabi-4_8-2014q2/bin/../lib/gcc/arm-none-eabi/4.8.4/../../../../arm-none-eabi/lib/armv6-m/libc.a(lib_a-mprec.o)
 .bss           0x2000301c        0x0 /afs/inf.ed.ac.uk/user/s11/s1119414/INF4/SLIP/gcc-arm-none-eabi-4_8-2014q2/bin/../lib/gcc/arm-none-eabi/4.8.4/../../../../arm-none-eabi/lib/armv6-m/libc.a(lib_a-s_fpclassify.o)
 .bss           0x2000301c        0x0 /afs/inf.ed.ac.uk/user/s11/s1119414/INF4/SLIP/gcc-arm-none-eabi-4_8-2014q2/bin/../lib/gcc/arm-none-eabi/4.8.4/../../../../arm-none-eabi/lib/armv6-m/libc.a(lib_a-sbrkr.o)
 .bss           0x2000301c        0x0 /afs/inf.ed.ac.uk/user/s11/s1119414/INF4/SLIP/gcc-arm-none-eabi-4_8-2014q2/bin/../lib/gcc/arm-none-eabi/4.8.4/../../../../arm-none-eabi/lib/armv6-m/libc.a(lib_a-strcmp.o)
 .bss           0x2000301c        0x0 /afs/inf.ed.ac.uk/user/s11/s1119414/INF4/SLIP/gcc-arm-none-eabi-4_8-2014q2/bin/../lib/gcc/arm-none-eabi/4.8.4/../../../../arm-none-eabi/lib/armv6-m/libc.a(lib_a-svfiprintf.o)
 .bss           0x2000301c        0x0 /afs/inf.ed.ac.uk/user/s11/s1119414/INF4/SLIP/gcc-arm-none-eabi-4_8-2014q2/bin/../lib/gcc/arm-none-eabi/4.8.4/../../../../arm-none-eabi/lib/armv6-m/libc.a(lib_a-__atexit.o)
 .bss           0x2000301c        0x0 /afs/inf.ed.ac.uk/user/s11/s1119414/INF4/SLIP/gcc-arm-none-eabi-4_8-2014q2/bin/../lib/gcc/arm-none-eabi/4.8.4/../../../../arm-none-eabi/lib/armv6-m/libc.a(lib_a-callocr.o)
 .bss           0x2000301c        0x0 /afs/inf.ed.ac.uk/user/s11/s1119414/INF4/SLIP/gcc-arm-none-eabi-4_8-2014q2/bin/../lib/gcc/arm-none-eabi/4.8.4/../../../../arm-none-eabi/lib/armv6-m/libc.a(lib_a-freer.o)
 .bss           0x2000301c        0x0 /afs/inf.ed.ac.uk/user/s11/s1119414/INF4/SLIP/gcc-arm-none-eabi-4_8-2014q2/bin/../lib/gcc/arm-none-eabi/4.8.4/../../../../arm-none-eabi/lib/armv6-m/libc.a(lib_a-reallocr.o)
 .bss           0x2000301c        0x0 /afs/inf.ed.ac.uk/user/s11/s1119414/INF4/SLIP/gcc-arm-none-eabi-4_8-2014q2/bin/../lib/gcc/arm-none-eabi/4.8.4/../../../../arm-none-eabi/lib/armv6-m/libc.a(lib_a-reent.o)
 .bss           0x2000301c        0x0 /afs/inf.ed.ac.uk/user/s11/s1119414/INF4/SLIP/gcc-arm-none-eabi-4_8-2014q2/bin/../lib/gcc/arm-none-eabi/4.8.4/armv6-m/libgcc.a(_divsi3.o)
 .bss           0x2000301c        0x0 /afs/inf.ed.ac.uk/user/s11/s1119414/INF4/SLIP/gcc-arm-none-eabi-4_8-2014q2/bin/../lib/gcc/arm-none-eabi/4.8.4/armv6-m/libgcc.a(_arm_cmpdf2.o)
 .bss           0x2000301c        0x0 /afs/inf.ed.ac.uk/user/s11/s1119414/INF4/SLIP/gcc-arm-none-eabi-4_8-2014q2/bin/../lib/gcc/arm-none-eabi/4.8.4/armv6-m/libgcc.a(_aeabi_uldivmod.o)
 .bss           0x2000301c        0x0 /afs/inf.ed.ac.uk/user/s11/s1119414/INF4/SLIP/gcc-arm-none-eabi-4_8-2014q2/bin/../lib/gcc/arm-none-eabi/4.8.4/armv6-m/libgcc.a(bpabi.o)
 .bss           0x2000301c        0x0 /afs/inf.ed.ac.uk/user/s11/s1119414/INF4/SLIP/gcc-arm-none-eabi-4_8-2014q2/bin/../lib/gcc/arm-none-eabi/4.8.4/armv6-m/libgcc.a(adddf3.o)
 .bss           0x2000301c        0x0 /afs/inf.ed.ac.uk/user/s11/s1119414/INF4/SLIP/gcc-arm-none-eabi-4_8-2014q2/bin/../lib/gcc/arm-none-eabi/4.8.4/armv6-m/libgcc.a(divdf3.o)
 .bss           0x2000301c        0x0 /afs/inf.ed.ac.uk/user/s11/s1119414/INF4/SLIP/gcc-arm-none-eabi-4_8-2014q2/bin/../lib/gcc/arm-none-eabi/4.8.4/armv6-m/libgcc.a(eqdf2.o)
 .bss           0x2000301c        0x0 /afs/inf.ed.ac.uk/user/s11/s1119414/INF4/SLIP/gcc-arm-none-eabi-4_8-2014q2/bin/../lib/gcc/arm-none-eabi/4.8.4/armv6-m/libgcc.a(gedf2.o)
 .bss           0x2000301c        0x0 /afs/inf.ed.ac.uk/user/s11/s1119414/INF4/SLIP/gcc-arm-none-eabi-4_8-2014q2/bin/../lib/gcc/arm-none-eabi/4.8.4/armv6-m/libgcc.a(ledf2.o)
 .bss           0x2000301c        0x0 /afs/inf.ed.ac.uk/user/s11/s1119414/INF4/SLIP/gcc-arm-none-eabi-4_8-2014q2/bin/../lib/gcc/arm-none-eabi/4.8.4/armv6-m/libgcc.a(subdf3.o)
 .bss           0x2000301c        0x0 /afs/inf.ed.ac.uk/user/s11/s1119414/INF4/SLIP/gcc-arm-none-eabi-4_8-2014q2/bin/../lib/gcc/arm-none-eabi/4.8.4/armv6-m/libgcc.a(fixdfsi.o)
 .bss           0x2000301c        0x0 /afs/inf.ed.ac.uk/user/s11/s1119414/INF4/SLIP/gcc-arm-none-eabi-4_8-2014q2/bin/../lib/gcc/arm-none-eabi/4.8.4/armv6-m/libgcc.a(floatsidf.o)
 .bss           0x2000301c        0x0 /afs/inf.ed.ac.uk/user/s11/s1119414/INF4/SLIP/gcc-arm-none-eabi-4_8-2014q2/bin/../lib/gcc/arm-none-eabi/4.8.4/armv6-m/libgcc.a(floatunsidf.o)
 .bss           0x2000301c        0x0 /afs/inf.ed.ac.uk/user/s11/s1119414/INF4/SLIP/gcc-arm-none-eabi-4_8-2014q2/bin/../lib/gcc/arm-none-eabi/4.8.4/armv6-m/libgcc.a(_muldi3.o)
 .bss           0x2000301c        0x0 /afs/inf.ed.ac.uk/user/s11/s1119414/INF4/SLIP/gcc-arm-none-eabi-4_8-2014q2/bin/../lib/gcc/arm-none-eabi/4.8.4/armv6-m/libgcc.a(_divdi3.o)
 .bss           0x2000301c        0x0 /afs/inf.ed.ac.uk/user/s11/s1119414/INF4/SLIP/gcc-arm-none-eabi-4_8-2014q2/bin/../lib/gcc/arm-none-eabi/4.8.4/armv6-m/libgcc.a(_udivdi3.o)
 .bss           0x2000301c        0x0 /afs/inf.ed.ac.uk/user/s11/s1119414/INF4/SLIP/gcc-arm-none-eabi-4_8-2014q2/bin/../lib/gcc/arm-none-eabi/4.8.4/armv6-m/crtend.o
 .bss           0x2000301c        0x0 /afs/inf.ed.ac.uk/user/s11/s1119414/INF4/SLIP/gcc-arm-none-eabi-4_8-2014q2/bin/../lib/gcc/arm-none-eabi/4.8.4/armv6-m/crtn.o
 .bss           0x2000301c        0x0 /afs/inf.ed.ac.uk/user/s11/s1119414/INF4/SLIP/gcc-arm-none-eabi-4_8-2014q2/bin/../lib/gcc/arm-none-eabi/4.8.4/../../../../arm-none-eabi/lib/armv6-m/libm.a(lib_a-s_cos.o)
 .bss           0x2000301c        0x0 /afs/inf.ed.ac.uk/user/s11/s1119414/INF4/SLIP/gcc-arm-none-eabi-4_8-2014q2/bin/../lib/gcc/arm-none-eabi/4.8.4/../../../../arm-none-eabi/lib/armv6-m/libm.a(lib_a-e_rem_pio2.o)
 .bss           0x2000301c        0x0 /afs/inf.ed.ac.uk/user/s11/s1119414/INF4/SLIP/gcc-arm-none-eabi-4_8-2014q2/bin/../lib/gcc/arm-none-eabi/4.8.4/../../../../arm-none-eabi/lib/armv6-m/libm.a(lib_a-k_cos.o)
 .bss           0x2000301c        0x0 /afs/inf.ed.ac.uk/user/s11/s1119414/INF4/SLIP/gcc-arm-none-eabi-4_8-2014q2/bin/../lib/gcc/arm-none-eabi/4.8.4/../../../../arm-none-eabi/lib/armv6-m/libm.a(lib_a-k_rem_pio2.o)
 .bss           0x2000301c        0x0 /afs/inf.ed.ac.uk/user/s11/s1119414/INF4/SLIP/gcc-arm-none-eabi-4_8-2014q2/bin/../lib/gcc/arm-none-eabi/4.8.4/../../../../arm-none-eabi/lib/armv6-m/libm.a(lib_a-k_sin.o)
 .bss           0x2000301c        0x0 /afs/inf.ed.ac.uk/user/s11/s1119414/INF4/SLIP/gcc-arm-none-eabi-4_8-2014q2/bin/../lib/gcc/arm-none-eabi/4.8.4/../../../../arm-none-eabi/lib/armv6-m/libm.a(lib_a-s_fabs.o)
 .bss           0x2000301c        0x0 /afs/inf.ed.ac.uk/user/s11/s1119414/INF4/SLIP/gcc-arm-none-eabi-4_8-2014q2/bin/../lib/gcc/arm-none-eabi/4.8.4/../../../../arm-none-eabi/lib/armv6-m/libm.a(lib_a-s_floor.o)
 .bss           0x2000301c        0x0 /afs/inf.ed.ac.uk/user/s11/s1119414/INF4/SLIP/gcc-arm-none-eabi-4_8-2014q2/bin/../lib/gcc/arm-none-eabi/4.8.4/../../../../arm-none-eabi/lib/armv6-m/libm.a(lib_a-s_scalbn.o)
 .bss           0x2000301c        0x0 /afs/inf.ed.ac.uk/user/s11/s1119414/INF4/SLIP/gcc-arm-none-eabi-4_8-2014q2/bin/../lib/gcc/arm-none-eabi/4.8.4/../../../../arm-none-eabi/lib/armv6-m/libm.a(lib_a-s_copysign.o)
 .bss           0x2000301c        0x0 /afs/inf.ed.ac.uk/user/s11/s1119414/INF4/SLIP/gcc-arm-none-eabi-4_8-2014q2/bin/../lib/gcc/arm-none-eabi/4.8.4/../../../../arm-none-eabi/lib/armv6-m/libnosys.a(sbrk.o)
 .bss.heap_end.4246
                0x2000301c        0x4 /afs/inf.ed.ac.uk/user/s11/s1119414/INF4/SLIP/gcc-arm-none-eabi-4_8-2014q2/bin/../lib/gcc/arm-none-eabi/4.8.4/../../../../arm-none-eabi/lib/armv6-m/libnosys.a(sbrk.o)
 .bss           0x20003020        0x0 /afs/inf.ed.ac.uk/user/s11/s1119414/INF4/SLIP/gcc-arm-none-eabi-4_8-2014q2/bin/../lib/gcc/arm-none-eabi/4.8.4/../../../../arm-none-eabi/lib/armv6-m/libnosys.a(_exit.o)
 *(COMMON)
 COMMON         0x20003020       0xd0 _build/app_trace.o
                0x20003020                __stdin
                0x20003088                __stdout
 COMMON         0x200030f0        0x4 /afs/inf.ed.ac.uk/user/s11/s1119414/INF4/SLIP/gcc-arm-none-eabi-4_8-2014q2/bin/../lib/gcc/arm-none-eabi/4.8.4/../../../../arm-none-eabi/lib/armv6-m/libc.a(lib_a-reent.o)
                0x200030f0                errno
                0x200030f4                __bss_end__ = .

.heap           0x200030f8      0x100
                0x200030f8                __end__ = .
                0x200030f8                end = __end__
 *(.heap*)
 .heap          0x200030f8      0x100 _build/startup_nrf51.os
                0x200030f8                __HeapBase
                0x200031f8                __HeapLimit = .

.stack_dummy    0x200030f8      0xc00
 *(.stack)
 .stack         0x200030f8      0xc00 _build/startup_nrf51.os
                0x20004000                __StackTop = (ORIGIN (RAM) + 0x2000)
                0x20003400                __StackLimit = (__StackTop - SIZEOF (.stack_dummy))
                0x20004000                PROVIDE (__stack, __StackTop)
                0x00000001                ASSERT ((__StackLimit >= __HeapLimit), region RAM overflowed with stack)
OUTPUT(_build/Prospeckz_s110.elf elf32-littlearm)

.ARM.attributes
                0x00000000       0x28
 .ARM.attributes
                0x00000000       0x1e /afs/inf.ed.ac.uk/user/s11/s1119414/INF4/SLIP/gcc-arm-none-eabi-4_8-2014q2/bin/../lib/gcc/arm-none-eabi/4.8.4/armv6-m/crti.o
 .ARM.attributes
                0x0000001e       0x2c /afs/inf.ed.ac.uk/user/s11/s1119414/INF4/SLIP/gcc-arm-none-eabi-4_8-2014q2/bin/../lib/gcc/arm-none-eabi/4.8.4/armv6-m/crtbegin.o
 .ARM.attributes
                0x0000004a       0x1b /afs/inf.ed.ac.uk/user/s11/s1119414/INF4/SLIP/gcc-arm-none-eabi-4_8-2014q2/bin/../lib/gcc/arm-none-eabi/4.8.4/../../../../arm-none-eabi/lib/armv6-m/crt0.o
 .ARM.attributes
                0x00000065       0x1b _build/startup_nrf51.os
 .ARM.attributes
                0x00000080       0x31 _build/system_nrf51.o
 .ARM.attributes
                0x000000b1       0x31 _build/main.o
 .ARM.attributes
                0x000000e2       0x31 _build/app_gpiote.o
 .ARM.attributes
                0x00000113       0x31 _build/app_button.o
 .ARM.attributes
                0x00000144       0x31 _build/app_timer.o
 .ARM.attributes
                0x00000175       0x31 _build/app_trace.o
 .ARM.attributes
                0x000001a6       0x31 _build/ble_advdata.o
 .ARM.attributes
                0x000001d7       0x31 _build/ble_conn_params.o
 .ARM.attributes
                0x00000208       0x31 _build/ble_sensorsim.o
 .ARM.attributes
                0x00000239       0x31 _build/pstorage.o
 .ARM.attributes
                0x0000026a       0x31 _build/device_manager_peripheral.o
 .ARM.attributes
                0x0000029b       0x31 _build/ble_bas.o
 .ARM.attributes
                0x000002cc       0x31 _build/ble_dis.o
 .ARM.attributes
                0x000002fd       0x31 _build/ble_hrs.o
 .ARM.attributes
                0x0000032e       0x31 _build/ble_srv_common.o
 .ARM.attributes
                0x0000035f       0x31 _build/crc16.o
 .ARM.attributes
                0x00000390       0x31 _build/softdevice_handler.o
 .ARM.attributes
                0x000003c1       0x31 _build/simple_uart.o
 .ARM.attributes
                0x000003f2       0x1e /afs/inf.ed.ac.uk/user/s11/s1119414/INF4/SLIP/gcc-arm-none-eabi-4_8-2014q2/bin/../lib/gcc/arm-none-eabi/4.8.4/armv6-m/libgcc.a(_udivsi3.o)
 .ARM.attributes
                0x00000410       0x1e /afs/inf.ed.ac.uk/user/s11/s1119414/INF4/SLIP/gcc-arm-none-eabi-4_8-2014q2/bin/../lib/gcc/arm-none-eabi/4.8.4/armv6-m/libgcc.a(_dvmd_tls.o)
 .ARM.attributes
                0x0000042e       0x2c /afs/inf.ed.ac.uk/user/s11/s1119414/INF4/SLIP/gcc-arm-none-eabi-4_8-2014q2/bin/../lib/gcc/arm-none-eabi/4.8.4/armv6-m/libgcc.a(muldf3.o)
 .ARM.attributes
                0x0000045a       0x1e /afs/inf.ed.ac.uk/user/s11/s1119414/INF4/SLIP/gcc-arm-none-eabi-4_8-2014q2/bin/../lib/gcc/arm-none-eabi/4.8.4/armv6-m/libgcc.a(_clzsi2.o)
 .ARM.attributes
                0x00000478       0x2c /afs/inf.ed.ac.uk/user/s11/s1119414/INF4/SLIP/gcc-arm-none-eabi-4_8-2014q2/bin/../lib/gcc/arm-none-eabi/4.8.4/../../../../arm-none-eabi/lib/armv6-m/libc.a(lib_a-exit.o)
 .ARM.attributes
                0x000004a4       0x2c /afs/inf.ed.ac.uk/user/s11/s1119414/INF4/SLIP/gcc-arm-none-eabi-4_8-2014q2/bin/../lib/gcc/arm-none-eabi/4.8.4/../../../../arm-none-eabi/lib/armv6-m/libc.a(lib_a-impure.o)
 .ARM.attributes
                0x000004d0       0x2c /afs/inf.ed.ac.uk/user/s11/s1119414/INF4/SLIP/gcc-arm-none-eabi-4_8-2014q2/bin/../lib/gcc/arm-none-eabi/4.8.4/../../../../arm-none-eabi/lib/armv6-m/libc.a(lib_a-init.o)
 .ARM.attributes
                0x000004fc       0x2c /afs/inf.ed.ac.uk/user/s11/s1119414/INF4/SLIP/gcc-arm-none-eabi-4_8-2014q2/bin/../lib/gcc/arm-none-eabi/4.8.4/../../../../arm-none-eabi/lib/armv6-m/libc.a(lib_a-memcmp.o)
 .ARM.attributes
                0x00000528       0x2c /afs/inf.ed.ac.uk/user/s11/s1119414/INF4/SLIP/gcc-arm-none-eabi-4_8-2014q2/bin/../lib/gcc/arm-none-eabi/4.8.4/../../../../arm-none-eabi/lib/armv6-m/libc.a(lib_a-memcpy-stub.o)
 .ARM.attributes
                0x00000554       0x2c /afs/inf.ed.ac.uk/user/s11/s1119414/INF4/SLIP/gcc-arm-none-eabi-4_8-2014q2/bin/../lib/gcc/arm-none-eabi/4.8.4/../../../../arm-none-eabi/lib/armv6-m/libc.a(lib_a-memmove.o)
 .ARM.attributes
                0x00000580       0x2c /afs/inf.ed.ac.uk/user/s11/s1119414/INF4/SLIP/gcc-arm-none-eabi-4_8-2014q2/bin/../lib/gcc/arm-none-eabi/4.8.4/../../../../arm-none-eabi/lib/armv6-m/libc.a(lib_a-memset.o)
 .ARM.attributes